Creating test database for alias 'default' ('/workspace/scratch/c7b51e996a9f/tmp/c03_candidate/check_duplicate_before.sqlite3_django_test')...
Destroying old test database for alias 'default' ('/workspace/scratch/c7b51e996a9f/tmp/c03_candidate/check_duplicate_before.sqlite3_django_test')...
Found 1 test(s).
Operations to perform:
  Synchronize unmigrated apps: django_filters, messages, rest_framework, staticfiles
  Apply all migrations: admin, ai_assistant, auth, branches, contenttypes, employees, erp, finance, operations, sessions, tasks
Synchronizing apps without migrations:
  Creating tables...
    Running deferred SQL...
Running migrations:
  Applying contenttypes.0001_initial... OK
  Applying auth.0001_initial... OK
  Applying admin.0001_initial... OK
  Applying admin.0002_logentry_remove_auto_add... OK
  Applying admin.0003_logentry_add_action_flag_choices... OK
  Applying ai_assistant.0001_initial... OK
  Applying ai_assistant.0002_taskchangelog... OK
  Applying ai_assistant.0003_claudeusagelog... OK
  Applying ai_assistant.0004_employeechangelog... OK
  Applying ai_assistant.0005_chatfile... OK
  Applying ai_assistant.0006_alter_chatmessage_created_at_and_more... OK
  Applying ai_assistant.0007_employeechangelog_undone_at... OK
  Applying ai_assistant.0008_chatmessage_archived_at_chatmessage_user_and_more... OK
  Applying ai_assistant.0009_private_documents... OK
  Applying contenttypes.0002_remove_content_type_name... OK
  Applying auth.0002_alter_permission_name_max_length... OK
  Applying auth.0003_alter_user_email_max_length... OK
  Applying auth.0004_alter_user_username_opts... OK
  Applying auth.0005_alter_user_last_login_null... OK
  Applying auth.0006_require_contenttypes_0002... OK
  Applying auth.0007_alter_validators_add_error_messages... OK
  Applying auth.0008_alter_user_username_max_length... OK
  Applying auth.0009_alter_user_last_name_max_length... OK
  Applying auth.0010_alter_group_name_max_length... OK
  Applying auth.0011_update_proxy_permissions... OK
  Applying auth.0012_alter_user_first_name_max_length... OK
  Applying branches.0001_initial... OK
  Applying branches.0002_branch_short_name... OK
  Applying branches.0003_fill_short_names... OK
  Applying employees.0001_initial... OK
  Applying employees.0002_alter_employee_department... OK
  Applying employees.0003_employee_branch... OK
  Applying employees.0004_employee_archived_at... OK
  Applying employees.0005_employee_user... OK
  Applying tasks.0001_initial... OK
  Applying tasks.0002_alter_task_priority... OK
  Applying tasks.0003_alter_task_deadline_alter_task_priority_and_more... OK
  Applying tasks.0004_task_branch... OK
  Applying finance.0001_initial... OK
  Applying finance.0002_alter_salary_unique_together_alter_contract_status_and_more... OK
  Applying finance.0003_transaction_branch... OK
  Applying operations.0001_initial... OK
  Applying operations.0002_actionproposal_user... OK
  Applying operations.0003_loginattempt... OK
  Applying operations.0004_alter_document_options_document_access_level... OK
  Applying operations.0005_invoice_boundaries... OK
  Applying operations.0006_private_documents... OK
  Applying finance.0004_salary_archived_at_transaction_archived_at_and_more... OK
  Applying finance.0005_alter_transaction_branch_alter_transaction_contract_and_more... OK
  Applying finance.0006_financialintent... OK
  Applying finance.0007_money_boundaries... OK
  Applying erp.0001_initial... OK
  Applying erp.0002_row_boundaries... OK
  Applying erp.0003_purchase_source... OK
  Applying erp.0004_initial_import_ledger... OK
  Applying erp.0005_source_corrections... OK
  Applying finance.0008_statement_ledgers... OK
  Applying sessions.0001_initial... OK
  Applying tasks.0005_controlled_tasks...test_same_existing_payment_twice_is_rejected_before_proposal (finance.test_statement_integrity.StatementIntegrityTests.test_same_existing_payment_twice_is_rejected_before_proposal) ... FAIL

======================================================================
FAIL: test_same_existing_payment_twice_is_rejected_before_proposal (finance.test_statement_integrity.StatementIntegrityTests.test_same_existing_payment_twice_is_rejected_before_proposal)
----------------------------------------------------------------------
Traceback (most recent call last):
  File "/workspace/scratch/c7b51e996a9f/tmp/c03_candidate/source/finance/test_statement_integrity.py", line 106, in test_same_existing_payment_twice_is_rejected_before_proposal
    self.assertEqual(r.status_code,422,r.content);self.assertEqual(self.counts(),before);self.assertFalse(StatementAllocation.objects.exists())
    ^^^^^^^^^^^^^^^^^^^^^^^^^^^^^^^^^^^^^^^^^^^^^
AssertionError: 200 != 422 : b'{"id": "e21623a6-025b-4a5a-8f19-6adc17f8d52f", "payload": {"action": "erp_statement_reconcile", "line_id": "e92943da-9d6b-4ac9-b561-131b800e3bd1", "transaction": {"mode": "create_transaction", "category": "customer", "description": "\\u0422\\u043e\\u0447\\u043d\\u0438\\u0439 \\u0433\\u0440\\u043e\\u0448\\u043e\\u0432\\u0438\\u0439 \\u0437\\u0430\\u043f\\u0438\\u0441 \\u0432\\u0438\\u043f\\u0438\\u0441\\u043a\\u0438"}, "matching": {"kind": "manual", "counterparty_id": 1, "counterparty_external_id": "client-1"}, "reason": "\\u042f\\u0432\\u043d\\u0435 \\u043f\\u043e\\u0433\\u043e\\u0434\\u0436\\u0435\\u043d\\u043d\\u044f \\u043f\\u0435\\u0440\\u0448\\u043e\\u0433\\u043e \\u0437\\u0456\\u0441\\u0442\\u0430\\u0432\\u043b\\u0435\\u043d\\u043d\\u044f", "allocations": [{"allocation_key": "5eaaa72f-4469-4cb2-ad6e-2d172cc3c577", "mode": "existing_payment", "invoice_id": 1, "amount": "10.00", "currency": "EUR", "invoice_match": "exact_reference", "reason": "\\u041f\\u043e\\u0433\\u043e\\u0434\\u0436\\u0435\\u043d\\u0430 \\u043f\\u0435\\u0440\\u0432\\u0438\\u043d\\u043d\\u0430 \\u043e\\u043f\\u043b\\u0430\\u0442\\u0430 \\u0440\\u0430\\u0445\\u0443\\u043d\\u043a\\u0443", "payment_event_id": 1}, {"allocation_key": "09951061-90af-41a1-9dba-48ecaab0af78", "mode": "existing_payment", "invoice_id": 1, "amount": "10.00", "currency": "EUR", "invoice_match": "exact_reference", "reason": "\\u041f\\u043e\\u0433\\u043e\\u0434\\u0436\\u0435\\u043d\\u0430 \\u043f\\u0435\\u0440\\u0432\\u0438\\u043d\\u043d\\u0430 \\u043e\\u043f\\u043b\\u0430\\u0442\\u0430 \\u0440\\u0430\\u0445\\u0443\\u043d\\u043a\\u0443", "payment_event_id": 1}]}, "expires_at": "2026-09-12T15:33:09.613544+00:00", "effect": {"schema": "bos.statement-reconcile.v1", "line_id": "e92943da-9d6b-4ac9-b561-131b800e3bd1", "amount": "20.00", "currency": "EUR", "transaction": {"mode": "create_transaction", "transaction_id": null, "created": true, "fields": {"direction": "in", "amount": "20.00", "currency": "EUR", "date": "2026-09-01", "description": "\\u0422\\u043e\\u0447\\u043d\\u0438\\u0439 \\u0433\\u0440\\u043e\\u0448\\u043e\\u0432\\u0438\\u0439 \\u0437\\u0430\\u043f\\u0438\\u0441 \\u0432\\u0438\\u043f\\u0438\\u0441\\u043a\\u0438", "category": "customer", "counterparty_id": 1, "contract_id": null, "branch_id": null, "archived_at": null}}, "binding_created": true, "allocations": [{"allocation_key": "5eaaa72f-4469-4cb2-ad6e-2d172cc3c577", "decision": "create", "allocation_id": null, "mode": "existing_payment", "invoice_id": 1, "payment_event_id": 1, "amount": "10.00", "currency": "EUR", "reference": "C03-ONE-OLD-PAY"}, {"allocation_key": "09951061-90af-41a1-9dba-48ecaab0af78", "decision": "create", "allocation_id": null, "mode": "existing_payment", "invoice_id": 1, "payment_event_id": 1, "amount": "10.00", "currency": "EUR", "reference": "C03-ONE-OLD-PAY"}], "allocated": "20.00", "unallocated": "0.00", "invoices": [{"invoice_id": 1, "code": "C03-INV", "before": {"effective_credit": "0.00", "net_amount": "10.00", "receivable": "0.00", "customer_credit": "0.00", "amount": "10.00", "paid": "10.00", "currency": "EUR"}, "after": {"effective_credit": "0.00", "net_amount": "10.00", "receivable": "0.00", "customer_credit": "0.00", "amount": "10.00", "paid": "10.00", "currency": "EUR"}}], "deltas": {"transactions": 1, "financial_intents": 1, "finance_audits": 1, "allocations": 2, "payment_events": 0, "reconcile_events": 1}}, "impact": []}'

----------------------------------------------------------------------
Ran 1 test in 0.215s

FAILED (failures=1)
Destroying test database for alias 'default' ('/workspace/scratch/c7b51e996a9f/tmp/c03_candidate/check_duplicate_before.sqlite3_django_test')...
 OK
System check identified no issues (0 silenced).
