Creating test database for alias 'default' ('/workspace/scratch/c7b51e996a9f/tmp/c03_candidate/check_integrity_before.sqlite3_django_test')...
Destroying old test database for alias 'default' ('/workspace/scratch/c7b51e996a9f/tmp/c03_candidate/check_integrity_before.sqlite3_django_test')...
Found 18 test(s).
Operations to perform:
  Synchronize unmigrated apps: django_filters, messages, rest_framework, staticfiles
  Apply all migrations: admin, ai_assistant, auth, branches, contenttypes, employees, erp, finance, operations, sessions, tasks
Synchronizing apps without migrations:
  Creating tables...
    Running deferred SQL...
Running migrations:
  Applying contenttypes.0001_initial... OK
  Applying auth.0001_initial... OK
  Applying admin.0001_initial... OK
  Applying admin.0002_logentry_remove_auto_add... OK
  Applying admin.0003_logentry_add_action_flag_choices... OK
  Applying ai_assistant.0001_initial... OK
  Applying ai_assistant.0002_taskchangelog... OK
  Applying ai_assistant.0003_claudeusagelog... OK
  Applying ai_assistant.0004_employeechangelog... OK
  Applying ai_assistant.0005_chatfile... OK
  Applying ai_assistant.0006_alter_chatmessage_created_at_and_more... OK
  Applying ai_assistant.0007_employeechangelog_undone_at... OK
  Applying ai_assistant.0008_chatmessage_archived_at_chatmessage_user_and_more... OK
  Applying ai_assistant.0009_private_documents... OK
  Applying contenttypes.0002_remove_content_type_name... OK
  Applying auth.0002_alter_permission_name_max_length... OK
  Applying auth.0003_alter_user_email_max_length... OK
  Applying auth.0004_alter_user_username_opts... OK
  Applying auth.0005_alter_user_last_login_null... OK
  Applying auth.0006_require_contenttypes_0002... OK
  Applying auth.0007_alter_validators_add_error_messages... OK
  Applying auth.0008_alter_user_username_max_length... OK
  Applying auth.0009_alter_user_last_name_max_length... OK
  Applying auth.0010_alter_group_name_max_length... OK
  Applying auth.0011_update_proxy_permissions... OK
  Applying auth.0012_alter_user_first_name_max_length... OK
  Applying branches.0001_initial... OK
  Applying branches.0002_branch_short_name... OK
  Applying branches.0003_fill_short_names... OK
  Applying employees.0001_initial... OK
  Applying employees.0002_alter_employee_department... OK
  Applying employees.0003_employee_branch... OK
  Applying employees.0004_employee_archived_at... OK
  Applying employees.0005_employee_user... OK
  Applying tasks.0001_initial... OK
  Applying tasks.0002_alter_task_priority... OK
  Applying tasks.0003_alter_task_deadline_alter_task_priority_and_more... OK
  Applying tasks.0004_task_branch... OK
  Applying finance.0001_initial... OK
  Applying finance.0002_alter_salary_unique_together_alter_contract_status_and_more... OK
  Applying finance.0003_transaction_branch... OK
  Applying operations.0001_initial... OK
  Applying operations.0002_actionproposal_user... OK
  Applying operations.0003_loginattempt... OK
  Applying operations.0004_alter_document_options_document_access_level... OK
  Applying operations.0005_invoice_boundaries... OK
  Applying operations.0006_private_documents... OK
  Applying finance.0004_salary_archived_at_transaction_archived_at_and_more... OK
  Applying finance.0005_alter_transaction_branch_alter_transaction_contract_and_more... OK
  Applying finance.0006_financialintent... OK
  Applying finance.0007_money_boundaries... OK
  Applying erp.0001_initial... OK
  Applying erp.0002_row_boundaries... OK
  Applying erp.0003_purchase_source... OK
  Applying erp.0004_initial_import_ledger... OK
  Applying erp.0005_source_corrections... OK
  Applying finance.0008_statement_ledgers... OK
  Applying sessions.0001_initial... OK
  Applying tasks.0005_controlled_tasks...test_actual_import_identity_mapping_uses_exact_namespace_and_target (finance.test_statement_integrity.StatementIntegrityTests.test_actual_import_identity_mapping_uses_exact_namespace_and_target) ... ERROR
test_actual_original_bytes_tamper_invalidates_confirmation_and_replay (finance.test_statement_integrity.StatementIntegrityTests.test_actual_original_bytes_tamper_invalidates_confirmation_and_replay) ... ok
test_actual_postwrite_transaction_drift_rolls_back_every_effect (finance.test_statement_integrity.StatementIntegrityTests.test_actual_postwrite_transaction_drift_rolls_back_every_effect) ... FAIL
test_cross_actor_identical_import_and_allocation_are_global_no_change (finance.test_statement_integrity.StatementIntegrityTests.test_cross_actor_identical_import_and_allocation_are_global_no_change) ... ok
test_historical_existing_transaction_allows_inactive_counterparty_but_protects_fields (finance.test_statement_integrity.StatementIntegrityTests.test_historical_existing_transaction_allows_inactive_counterparty_but_protects_fields) ... ok
test_import_current_summary_status_filter_and_export_links (finance.test_statement_integrity.StatementIntegrityTests.test_import_current_summary_status_filter_and_export_links) ... FAIL
test_later_existing_same_bound_transaction_preserves_first_binding (finance.test_statement_integrity.StatementIntegrityTests.test_later_existing_same_bound_transaction_preserves_first_binding) ... FAIL
test_low_decimal_context_and_three_currencies_remain_separate (finance.test_statement_integrity.StatementIntegrityTests.test_low_decimal_context_and_three_currencies_remain_separate) ... ok
test_malformed_quote_reports_actual_logical_record (finance.test_statement_integrity.StatementIntegrityTests.test_malformed_quote_reports_actual_logical_record) ... FAIL
test_salary_source_links_only_exact_paid_transaction_without_new_money (finance.test_statement_integrity.StatementIntegrityTests.test_salary_source_links_only_exact_paid_transaction_without_new_money) ... ok
test_candidates_signed_scope_and_complete_invoice_choices (finance.test_statements.StatementTests.test_candidates_signed_scope_and_complete_invoice_choices) ... ok
test_existing_payment_binding_never_increments_paid_or_makes_second_payment (finance.test_statements.StatementTests.test_existing_payment_binding_never_increments_paid_or_makes_second_payment) ... ok
test_import_commits_sources_only_and_exact_byte_replay_has_no_proposal (finance.test_statements.StatementTests.test_import_commits_sources_only_and_exact_byte_replay_has_no_proposal) ... ok
test_overlap_and_changed_identity_preserve_original_fields_and_first_source (finance.test_statements.StatementTests.test_overlap_and_changed_identity_preserve_original_fields_and_first_source) ... ok
test_private_upload_parser_rejects_record_error_without_bytes_or_history (finance.test_statements.StatementTests.test_private_upload_parser_rejects_record_error_without_bytes_or_history) ... ok
test_reconcile_cash_and_payment_are_distinct_and_replay_exact (finance.test_statements.StatementTests.test_reconcile_cash_and_payment_are_distinct_and_replay_exact) ... ok
test_source_marker_stays_private_after_access_label_change_and_search_works (finance.test_statements.StatementTests.test_source_marker_stays_private_after_access_label_change_and_search_works) ... ok
test_unallocated_cash_then_allocation_and_archived_cash_summary (finance.test_statements.StatementTests.test_unallocated_cash_then_allocation_and_archived_cash_summary) ... ok

======================================================================
ERROR: test_actual_import_identity_mapping_uses_exact_namespace_and_target (finance.test_statement_integrity.StatementIntegrityTests.test_actual_import_identity_mapping_uses_exact_namespace_and_target)
----------------------------------------------------------------------
Traceback (most recent call last):
  File "/workspace/scratch/c7b51e996a9f/tmp/c03_candidate/source/finance/test_statement_integrity.py", line 84, in test_actual_import_identity_mapping_uses_exact_namespace_and_target
    batch=ImportBatch.objects.create(batch_id=uuid4(),namespace='c03-existing',cutover=date(2026,9,1),source_sha256='1'*64,source_parts=[],canonical_source={},actor=self.user,receipt={})
          ^^^^^^^^^^^^^^^^^^^^^^^^^^^^^^^^^^^^^^^^^^^^^^^^^^^^^^^^^^^^^^^^^^^^^^^^^^^^^^^^^^^^^^^^^^^^^^^^^^^^^^^^^^^^^^^^^^^^^^^^^^^^^^^^^^^^^^^^^^^^^^^^^^^^^^^^^^^^^^^^^^^^^^^^^^^^^^^^
  File "/workspace/scratch/c7b51e996a9f/demo-check-env/lib/python3.12/site-packages/django/db/models/manager.py", line 87, in manager_method
    return getattr(self.get_queryset(), name)(*args, **kwargs)
           ^^^^^^^^^^^^^^^^^^^^^^^^^^^^^^^^^^^^^^^^^^^^^^^^^^^
  File "/workspace/scratch/c7b51e996a9f/demo-check-env/lib/python3.12/site-packages/django/db/models/query.py", line 667, in create
    obj = self.model(**kwargs)
          ^^^^^^^^^^^^^^^^^^^^
  File "/workspace/scratch/c7b51e996a9f/demo-check-env/lib/python3.12/site-packages/django/db/models/base.py", line 590, in __init__
    raise TypeError(
TypeError: ImportBatch() got unexpected keyword arguments: 'batch_id', 'source_sha256', 'source_parts'

======================================================================
FAIL: test_actual_postwrite_transaction_drift_rolls_back_every_effect (finance.test_statement_integrity.StatementIntegrityTests.test_actual_postwrite_transaction_drift_rolls_back_every_effect)
----------------------------------------------------------------------
Traceback (most recent call last):
  File "/workspace/scratch/c7b51e996a9f/tmp/c03_candidate/source/finance/test_statement_integrity.py", line 52, in test_actual_postwrite_transaction_drift_rolls_back_every_effect
    self.assertEqual(r.status_code,409,r.content);self.assertEqual(self.counts(),before);self.invoice.refresh_from_db();self.assertEqual(self.invoice.paid,D(0));self.assertFalse(StatementAllocation.objects.exists());self.assertIsNone(ActionProposal.objects.get(pk=p.json()['id']).receipt)
    ^^^^^^^^^^^^^^^^^^^^^^^^^^^^^^^^^^^^^^^^^^^^^
AssertionError: 200 != 409 : b'{"state": "succeeded", "schema": "bos.statement-reconcile.v1", "line_id": "e67689df-6f86-4a1d-810d-e0e2beef1166", "transaction_id": 1, "transaction_created": true, "binding_created": true, "new_allocation_ids": ["d7c9c078-1b39-40b3-982c-d74190e11f47"], "reused_allocation_ids": [], "created_payment_event_ids": [3], "reused_payment_event_ids": [], "amount": "10.00", "currency": "EUR", "allocated": "10.00", "unallocated": "0.00", "invoices": [{"invoice_id": 3, "code": "C03-INV", "before": {"effective_credit": "0.00", "net_amount": "10.00", "receivable": "10.00", "customer_credit": "0.00", "amount": "10.00", "paid": "0.00", "currency": "EUR"}, "after": {"effective_credit": "0.00", "net_amount": "10.00", "receivable": "0.00", "customer_credit": "0.00", "amount": "10.00", "paid": "10.00", "currency": "EUR"}}], "actor_id": 3, "impact": [], "erp_event_id": 4}'

======================================================================
FAIL: test_import_current_summary_status_filter_and_export_links (finance.test_statement_integrity.StatementIntegrityTests.test_import_current_summary_status_filter_and_export_links)
----------------------------------------------------------------------
Traceback (most recent call last):
  File "/workspace/scratch/c7b51e996a9f/tmp/c03_candidate/source/finance/test_statement_integrity.py", line 34, in test_import_current_summary_status_filter_and_export_links
    summary=self.http.get('/api/statements/summary/?status=unallocated');self.assertEqual(summary.status_code,200,summary.content)
                                                                         ^^^^^^^^^^^^^^^^^^^^^^^^^^^^^^^^^^^^^^^^^^^^^^^^^^^^^^^^^
AssertionError: 400 != 200 : b'{"error": "\\u041d\\u0435\\u0432\\u0456\\u0434\\u043e\\u043c\\u0438\\u0439 \\u0444\\u0456\\u043b\\u044c\\u0442\\u0440.", "code": "statement_invalid"}'

======================================================================
FAIL: test_later_existing_same_bound_transaction_preserves_first_binding (finance.test_statement_integrity.StatementIntegrityTests.test_later_existing_same_bound_transaction_preserves_first_binding)
----------------------------------------------------------------------
Traceback (most recent call last):
  File "/workspace/scratch/c7b51e996a9f/tmp/c03_candidate/source/finance/test_statement_integrity.py", line 30, in test_later_existing_same_bound_transaction_preserves_first_binding
    _,r=self.commit(d);line.refresh_from_db();self.assertEqual(line.binding_snapshot,snapshot)
        ^^^^^^^^^^^^^^
  File "/workspace/scratch/c7b51e996a9f/tmp/c03_candidate/source/finance/test_statements.py", line 51, in commit
    p=self.post('/api/erp/preview/',payload);self.assertEqual(p.status_code,200,p.content)
                                             ^^^^^^^^^^^^^^^^^^^^^^^^^^^^^^^^^^^^^^^^^^^^^
AssertionError: 409 != 200 : b'{"error": "\\u041f\\u0435\\u0440\\u0448\\u0435 \\u043f\\u043e\\u0433\\u043e\\u0434\\u0436\\u0435\\u043d\\u0435 \\u0437\\u0456\\u0441\\u0442\\u0430\\u0432\\u043b\\u0435\\u043d\\u043d\\u044f \\u0454 \\u043d\\u0435\\u0437\\u043c\\u0456\\u043d\\u043d\\u0438\\u043c.", "code": "statement_binding_conflict"}'

======================================================================
FAIL: test_malformed_quote_reports_actual_logical_record (finance.test_statement_integrity.StatementIntegrityTests.test_malformed_quote_reports_actual_logical_record)
----------------------------------------------------------------------
Traceback (most recent call last):
  File "/workspace/scratch/c7b51e996a9f/tmp/c03_candidate/source/finance/test_statement_integrity.py", line 43, in test_malformed_quote_reports_actual_logical_record
    r=self.upload(raw);self.assertEqual(r.status_code,422,r.content);self.assertEqual(r.json()['errors'][0]['record'],3)
                                                                     ^^^^^^^^^^^^^^^^^^^^^^^^^^^^^^^^^^^^^^^^^^^^^^^^^^^
AssertionError: 1 != 3

----------------------------------------------------------------------
Ran 18 tests in 2.552s

FAILED (failures=4, errors=1)
Destroying test database for alias 'default' ('/workspace/scratch/c7b51e996a9f/tmp/c03_candidate/check_integrity_before.sqlite3_django_test')...
 OK
System check identified no issues (0 silenced).
