Creating test database for alias 'default'...
Destroying old test database for alias 'default'...
F.FFF...F.F
======================================================================
FAIL: test_full_model_transfer_preserves_money_stock_files_ids_and_replays (erp.test_full_data_transfer.FullDataTransferTests.test_full_model_transfer_preserves_money_stock_files_ids_and_replays)
----------------------------------------------------------------------
Traceback (most recent call last):
  File "/workspace/scratch/c7b51e996a9f/tmp/c03_candidate/source/erp/test_full_data_transfer.py", line 32, in test_full_model_transfer_preserves_money_stock_files_ids_and_replays
    self.assertEqual(report['table_count'], 53)
AssertionError: 56 != 53

======================================================================
FAIL: test_populated_ledger_full_typed_transfer_preserves_source_receipts_and_ids (erp.test_import_preservation.ImportPreservationTests.test_populated_ledger_full_typed_transfer_preserves_source_receipts_and_ids)
----------------------------------------------------------------------
Traceback (most recent call last):
  File "/workspace/scratch/c7b51e996a9f/tmp/c03_candidate/source/erp/test_import_preservation.py", line 53, in test_populated_ledger_full_typed_transfer_preserves_source_receipts_and_ids
    self.assertEqual(set(manifest['tables']),set(B03_TABLES))
AssertionError: Items in the first set but not the second:
'finance_statementline'
'finance_statementimport'
'finance_statementallocation'

======================================================================
FAIL: test_all_six_populated_ledgers_typed_transfer_preserves_exact_ids_hashes_and_receipts (erp.test_correction_preservation.CorrectionPreservationTests.test_all_six_populated_ledgers_typed_transfer_preserves_exact_ids_hashes_and_receipts)
----------------------------------------------------------------------
Traceback (most recent call last):
  File "/workspace/scratch/c7b51e996a9f/tmp/c03_candidate/source/erp/test_correction_preservation.py", line 75, in test_all_six_populated_ledgers_typed_transfer_preserves_exact_ids_hashes_and_receipts
    bundle=work/'typed';manifest=transfer.export_snapshot(snapshot,settings.MEDIA_ROOT,bundle,inspect_schema=inspect_schema);self.assertEqual(set(manifest['tables']),set(B03_TABLES))
                                                                                                                             ^^^^^^^^^^^^^^^^^^^^^^^^^^^^^^^^^^^^^^^^^^^^^^^^^^^^^^^^^
AssertionError: Items in the first set but not the second:
'finance_statementline'
'finance_statementimport'
'finance_statementallocation'

======================================================================
FAIL: test_populated_corrections_refuse_lossy_backward_before_any_schema_or_row_change (erp.test_correction_preservation.CorrectionPreservationTests.test_populated_corrections_refuse_lossy_backward_before_any_schema_or_row_change)
----------------------------------------------------------------------
Traceback (most recent call last):
  File "/workspace/scratch/c7b51e996a9f/tmp/c03_candidate/source/erp/test_correction_preservation.py", line 52, in test_populated_corrections_refuse_lossy_backward_before_any_schema_or_row_change
    if isolated_case(self,task_boundary='0004_task_branch'):return
       ^^^^^^^^^^^^^^^^^^^^^^^^^^^^^^^^^^^^^^^^^^^^^^^^^^^^
  File "/workspace/scratch/c7b51e996a9f/tmp/c03_candidate/source/fixtures/synthetic/task_schema_isolation.py", line 39, in isolated_case
    case.assertEqual(result.returncode,0,result.stdout+result.stderr);case.assertIn('Ran 1 test',result.stderr);case.assertIn('OK',result.stderr)
    ^^^^^^^^^^^^^^^^^^^^^^^^^^^^^^^^^^^^^^^^^^^^^^^^^^^^^^^^^^^^^^^^^
AssertionError: 1 != 0 : Found 1 test(s).
Operations to perform:
  Synchronize unmigrated apps: django_filters, messages, rest_framework, staticfiles
  Apply all migrations: admin, ai_assistant, auth, branches, contenttypes, employees, erp, finance, operations, sessions, tasks
Synchronizing apps without migrations:
  Creating tables...
    Running deferred SQL...
Running migrations:
  Applying contenttypes.0001_initial... OK
  Applying auth.0001_initial... OK
  Applying admin.0001_initial... OK
  Applying admin.0002_logentry_remove_auto_add... OK
  Applying admin.0003_logentry_add_action_flag_choices... OK
  Applying ai_assistant.0001_initial... OK
  Applying ai_assistant.0002_taskchangelog... OK
  Applying ai_assistant.0003_claudeusagelog... OK
  Applying ai_assistant.0004_employeechangelog... OK
  Applying ai_assistant.0005_chatfile... OK
  Applying ai_assistant.0006_alter_chatmessage_created_at_and_more... OK
  Applying ai_assistant.0007_employeechangelog_undone_at... OK
  Applying ai_assistant.0008_chatmessage_archived_at_chatmessage_user_and_more... OK
  Applying ai_assistant.0009_private_documents... OK
  Applying contenttypes.0002_remove_content_type_name... OK
  Applying auth.0002_alter_permission_name_max_length... OK
  Applying auth.0003_alter_user_email_max_length... OK
  Applying auth.0004_alter_user_username_opts... OK
  Applying auth.0005_alter_user_last_login_null... OK
  Applying auth.0006_require_contenttypes_0002... OK
  Applying auth.0007_alter_validators_add_error_messages... OK
  Applying auth.0008_alter_user_username_max_length... OK
  Applying auth.0009_alter_user_last_name_max_length... OK
  Applying auth.0010_alter_group_name_max_length... OK
  Applying auth.0011_update_proxy_permissions... OK
  Applying auth.0012_alter_user_first_name_max_length... OK
  Applying branches.0001_initial... OK
  Applying branches.0002_branch_short_name... OK
  Applying branches.0003_fill_short_names... OK
  Applying employees.0001_initial... OK
  Applying employees.0002_alter_employee_department... OK
  Applying employees.0003_employee_branch... OK
  Applying employees.0004_employee_archived_at... OK
  Applying employees.0005_employee_user... OK
  Applying tasks.0001_initial... OK
  Applying tasks.0002_alter_task_priority... OK
  Applying tasks.0003_alter_task_deadline_alter_task_priority_and_more... OK
  Applying tasks.0004_task_branch... OK
  Applying finance.0001_initial... OK
  Applying finance.0002_alter_salary_unique_together_alter_contract_status_and_more... OK
  Applying finance.0003_transaction_branch... OK
  Applying operations.0001_initial... OK
  Applying operations.0002_actionproposal_user... OK
  Applying operations.0003_loginattempt... OK
  Applying operations.0004_alter_document_options_document_access_level... OK
  Applying operations.0005_invoice_boundaries... OK
  Applying operations.0006_private_documents... OK
  Applying finance.0004_salary_archived_at_transaction_archived_at_and_more... OK
  Applying finance.0005_alter_transaction_branch_alter_transaction_contract_and_more... OK
  Applying finance.0006_financialintent... OK
  Applying finance.0007_money_boundaries... OK
  Applying erp.0001_initial... OK
  Applying erp.0002_row_boundaries... OK
  Applying erp.0003_purchase_source... OK
  Applying erp.0004_initial_import_ledger... OK
  Applying erp.0005_source_corrections... OK
  Applying finance.0008_statement_ledgers... OK
  Applying sessions.0001_initial... OK
  Applying tasks.0005_controlled_tasks... OK
System check identified no issues (0 silenced).
Creating test database for alias 'default' ('/tmp/bos-c01-schema-case-fzqeffhy/check_1571baee69a743fba098699eaa2a6412.sqlite3_django_test')...
Destroying old test database for alias 'default' ('/tmp/bos-c01-schema-case-fzqeffhy/check_1571baee69a743fba098699eaa2a6412.sqlite3_django_test')...
test_populated_corrections_refuse_lossy_backward_before_any_schema_or_row_change (erp.test_correction_preservation.CorrectionPreservationTests.test_populated_corrections_refuse_lossy_backward_before_any_schema_or_row_change) ... FAIL

======================================================================
FAIL: test_populated_corrections_refuse_lossy_backward_before_any_schema_or_row_change (erp.test_correction_preservation.CorrectionPreservationTests.test_populated_corrections_refuse_lossy_backward_before_any_schema_or_row_change)
----------------------------------------------------------------------
Traceback (most recent call last):
  File "/workspace/scratch/c7b51e996a9f/tmp/c03_candidate/source/erp/test_correction_preservation.py", line 56, in test_populated_corrections_refuse_lossy_backward_before_any_schema_or_row_change
    self.assertEqual(self.database_state(),before)
AssertionError: {'sch[43309 chars]ance_transaction', 'CREATE TABLE "finance_tran[45554 chars]'}]}} != {'sch[43309 chars]ance_statementallocation', 'CREATE TABLE "fina[50433 chars]'}]}}
Diff is 173490 characters long. Set self.maxDiff to None to see it.

----------------------------------------------------------------------
Ran 1 test in 3.390s

FAILED (failures=1)
Destroying test database for alias 'default' ('/tmp/bos-c01-schema-case-fzqeffhy/check_1571baee69a743fba098699eaa2a6412.sqlite3_django_test')...


======================================================================
FAIL: test_mixed_tasks_and_receipts_typed_transfer_preserve_full_native_columns (tasks.test_preservation.TaskPreservationTests.test_mixed_tasks_and_receipts_typed_transfer_preserve_full_native_columns)
----------------------------------------------------------------------
Traceback (most recent call last):
  File "/workspace/scratch/c7b51e996a9f/tmp/c03_candidate/source/tasks/test_preservation.py", line 43, in test_mixed_tasks_and_receipts_typed_transfer_preserve_full_native_columns
    bundle=work/'typed';manifest=transfer.export_snapshot(snapshot,settings.MEDIA_ROOT,bundle,inspect_schema=inspect_schema);self.assertEqual(set(manifest['tables']),set(B03_TABLES));self.assertEqual(manifest['tables']['tasks_task']['count'],2)
                                                                                                                             ^^^^^^^^^^^^^^^^^^^^^^^^^^^^^^^^^^^^^^^^^^^^^^^^^^^^^^^^^
AssertionError: Items in the first set but not the second:
'finance_statementline'
'finance_statementimport'
'finance_statementallocation'

======================================================================
FAIL: test_nullable_schema_upgrade_preserves_highwater_and_existing_rows (operations.test_document_migration.A08DocumentMigrationTests.test_nullable_schema_upgrade_preserves_highwater_and_existing_rows)
----------------------------------------------------------------------
Traceback (most recent call last):
  File "/workspace/scratch/c7b51e996a9f/tmp/c03_candidate/source/operations/test_document_migration.py", line 61, in test_nullable_schema_upgrade_preserves_highwater_and_existing_rows
    self._case('highwater')
  File "/workspace/scratch/c7b51e996a9f/tmp/c03_candidate/source/operations/test_document_migration.py", line 37, in _case
    self.assertEqual(run.returncode, 0, run.stdout + '\n' + run.stderr)
AssertionError: 1 != 0 : 
Traceback (most recent call last):
  File "<frozen runpy>", line 198, in _run_module_as_main
  File "<frozen runpy>", line 88, in _run_code
  File "/workspace/scratch/c7b51e996a9f/tmp/c03_candidate/source/operations/test_document_migration.py", line 370, in <module>
    print(json.dumps(run_case(args.case, args.source_db, args.source_media, args.work), ensure_ascii=False))
                     ^^^^^^^^^^^^^^^^^^^^^^^^^^^^^^^^^^^^^^^^^^^^^^^^^^^^^^^^^^^^^^^^^
  File "/workspace/scratch/c7b51e996a9f/tmp/c03_candidate/source/operations/test_document_migration.py", line 157, in run_case
    return historical_highwater_case(source_db, source_media, work)
           ^^^^^^^^^^^^^^^^^^^^^^^^^^^^^^^^^^^^^^^^^^^^^^^^^^^^^^^^
  File "/workspace/scratch/c7b51e996a9f/tmp/c03_candidate/source/operations/test_document_migration.py", line 97, in historical_highwater_case
    executor.migrate(targets)
  File "/workspace/scratch/c7b51e996a9f/demo-check-env/lib/python3.12/site-packages/django/db/migrations/executor.py", line 127, in migrate
    raise InvalidMigrationPlan(
django.db.migrations.exceptions.InvalidMigrationPlan: ('Migration plans with both forwards and backwards migrations are not supported. Please split your migration process into separate plans of only forwards OR backwards migrations.', [(<Migration contenttypes.0001_initial>, False), (<Migration auth.0001_initial>, False), (<Migration admin.0001_initial>, False), (<Migration admin.0002_logentry_remove_auto_add>, False), (<Migration admin.0003_logentry_add_action_flag_choices>, False), (<Migration ai_assistant.0001_initial>, False), (<Migration ai_assistant.0002_taskchangelog>, False), (<Migration ai_assistant.0003_claudeusagelog>, False), (<Migration ai_assistant.0004_employeechangelog>, False), (<Migration ai_assistant.0005_chatfile>, False), (<Migration ai_assistant.0006_alter_chatmessage_created_at_and_more>, False), (<Migration ai_assistant.0007_employeechangelog_undone_at>, False), (<Migration ai_assistant.0008_chatmessage_archived_at_chatmessage_user_and_more>, False), (<Migration contenttypes.0002_remove_content_type_name>, False), (<Migration auth.0002_alter_permission_name_max_length>, False), (<Migration auth.0003_alter_user_email_max_length>, False), (<Migration auth.0004_alter_user_username_opts>, False), (<Migration auth.0005_alter_user_last_login_null>, False), (<Migration auth.0006_require_contenttypes_0002>, False), (<Migration auth.0007_alter_validators_add_error_messages>, False), (<Migration auth.0008_alter_user_username_max_length>, False), (<Migration auth.0009_alter_user_last_name_max_length>, False), (<Migration auth.0010_alter_group_name_max_length>, False), (<Migration auth.0011_update_proxy_permissions>, False), (<Migration auth.0012_alter_user_first_name_max_length>, False), (<Migration branches.0001_initial>, False), (<Migration branches.0002_branch_short_name>, False), (<Migration branches.0003_fill_short_names>, False), (<Migration employees.0001_initial>, False), (<Migration employees.0002_alter_employee_department>, False), (<Migration employees.0003_employee_branch>, False), (<Migration employees.0004_employee_archived_at>, False), (<Migration employees.0005_employee_user>, False), (<Migration tasks.0001_initial>, False), (<Migration tasks.0002_alter_task_priority>, False), (<Migration tasks.0003_alter_task_deadline_alter_task_priority_and_more>, False), (<Migration tasks.0004_task_branch>, False), (<Migration finance.0001_initial>, False), (<Migration finance.0002_alter_salary_unique_together_alter_contract_status_and_more>, False), (<Migration finance.0003_transaction_branch>, False), (<Migration operations.0001_initial>, False), (<Migration erp.0001_initial>, False), (<Migration erp.0002_row_boundaries>, False), (<Migration operations.0002_actionproposal_user>, False), (<Migration operations.0003_loginattempt>, False), (<Migration operations.0004_alter_document_options_document_access_level>, False), (<Migration operations.0005_invoice_boundaries>, False), (<Migration operations.0006_private_documents>, False), (<Migration finance.0004_salary_archived_at_transaction_archived_at_and_more>, False), (<Migration finance.0005_alter_transaction_branch_alter_transaction_contract_and_more>, False), (<Migration finance.0006_financialintent>, False), (<Migration finance.0007_money_boundaries>, False), (<Migration erp.0003_purchase_source>, False), (<Migration erp.0004_initial_import_ledger>, False), (<Migration erp.0005_source_corrections>, False), (<Migration finance.0008_statement_ledgers>, False), (<Migration finance.0008_statement_ledgers>, True), (<Migration erp.0005_source_corrections>, True), (<Migration erp.0004_initial_import_ledger>, True), (<Migration erp.0003_purchase_source>, True), (<Migration operations.0006_private_documents>, True), (<Migration sessions.0001_initial>, False)])


----------------------------------------------------------------------
Ran 11 tests in 38.661s

FAILED (failures=6)
Destroying test database for alias 'default'...
Found 11 test(s).
System check identified no issues (0 silenced).
C01_SCHEMA_ISOLATED {"case": "erp.test_import_preservation.ImportPreservationTests.test_populated_import_history_refuses_backward_migration_unchanged", "actual_child_exit": 0, "historical_task_boundary": null}
C01_LEGACY {"exact_old_rows": true, "all_new_fields_null": true, "highwater": 80001, "next_id": 80002}
