2026-09-20T10:02:46.8563956Z Current runner version: '2.337.0'
2026-09-20T10:02:46.8604053Z ##[group]Runner Image Provisioner
2026-09-20T10:02:46.8605583Z Hosted Compute Agent
2026-09-20T10:02:46.8606635Z Version: 20260828.587
2026-09-20T10:02:46.8608051Z Commit: abac92662cab4cc7352de4f9f9d2e2419aad9c29
2026-09-20T10:02:46.8609562Z Build Date: 2026-08-28T16:44:25Z
2026-09-20T10:02:46.8610997Z Worker ID: {23f5deb4-61a1-48bb-b655-247813d5ca49}
2026-09-20T10:02:46.8612406Z Azure Region: eastus
2026-09-20T10:02:46.8613505Z ##[endgroup]
2026-09-20T10:02:46.8616366Z ##[group]Operating System
2026-09-20T10:02:46.8617509Z Ubuntu
2026-09-20T10:02:46.8618551Z 24.04.5
2026-09-20T10:02:46.8619482Z LTS
2026-09-20T10:02:46.8620262Z ##[endgroup]
2026-09-20T10:02:46.8621409Z ##[group]Runner Image
2026-09-20T10:02:46.8622501Z Image: ubuntu-24.04
2026-09-20T10:02:46.8623969Z Version: 20260907.300.1
2026-09-20T10:02:46.8626251Z Included Software: https://github.com/actions/runner-images/blob/ubuntu24/20260907.300/images/ubuntu/Ubuntu2404-Readme.md
2026-09-20T10:02:46.8629264Z Image Release: https://github.com/actions/runner-images/releases/tag/ubuntu24%2F20260907.300
2026-09-20T10:02:46.8631284Z ##[endgroup]
2026-09-20T10:02:46.8633458Z ##[group]GITHUB_TOKEN Permissions
2026-09-20T10:02:46.8637133Z Contents: read
2026-09-20T10:02:46.8638291Z Metadata: read
2026-09-20T10:02:46.8639393Z ##[endgroup]
2026-09-20T10:02:46.8642930Z Secret source: Actions
2026-09-20T10:02:46.8645031Z Cache mode: write
2026-09-20T10:02:46.8646308Z Prepare workflow directory
2026-09-20T10:02:46.9798293Z Prepare all required actions
2026-09-20T10:02:46.9873366Z Getting action download info
2026-09-20T10:02:47.1928724Z Download action repository 'actions/checkout@d23441a48e516b6c34aea4fa41551a30e30af803' (SHA:d23441a48e516b6c34aea4fa41551a30e30af803)
2026-09-20T10:02:48.7213369Z Download action repository 'actions/setup-python@ece7cb06caefa5fff74198d8649806c4678c61a1' (SHA:ece7cb06caefa5fff74198d8649806c4678c61a1)
2026-09-20T10:02:48.8141014Z Download action repository 'actions/upload-artifact@ea165f8d65b6e75b540449e92b4886f43607fa02' (SHA:ea165f8d65b6e75b540449e92b4886f43607fa02)
2026-09-20T10:02:49.0887553Z Complete job name: targeted
2026-09-20T10:02:49.1417369Z ##[group]Checking docker version
2026-09-20T10:02:49.1431216Z ##[command]/usr/bin/docker version --format '{{.Server.APIVersion}}'
2026-09-20T10:02:49.2434723Z '1.48'
2026-09-20T10:02:49.2445814Z Docker daemon API version: '1.48'
2026-09-20T10:02:49.2447130Z ##[command]/usr/bin/docker version --format '{{.Client.APIVersion}}'
2026-09-20T10:02:49.2656773Z '1.48'
2026-09-20T10:02:49.2668804Z Docker client API version: '1.48'
2026-09-20T10:02:49.2676517Z ##[endgroup]
2026-09-20T10:02:49.2679756Z ##[group]Clean up resources from previous jobs
2026-09-20T10:02:49.2686177Z ##[command]/usr/bin/docker ps --all --quiet --no-trunc --filter "label=1a3705"
2026-09-20T10:02:49.2860256Z ##[command]/usr/bin/docker network prune --force --filter "label=1a3705"
2026-09-20T10:02:49.3023530Z ##[endgroup]
2026-09-20T10:02:49.3024632Z ##[group]Create local container network
2026-09-20T10:02:49.3036875Z ##[command]/usr/bin/docker network create --label 1a3705 github_network_bf24bd3fcc634178afb6c68351abf641
2026-09-20T10:02:49.3750240Z 54ddb6275d8ee3ea085bd1e3fc147df8b906b2e6833404cd2cfa468b349840cf
2026-09-20T10:02:49.3768385Z ##[endgroup]
2026-09-20T10:02:49.3795559Z ##[group]Starting postgres service container
2026-09-20T10:02:49.3819874Z ##[command]/usr/bin/docker pull postgres:16
2026-09-20T10:02:49.6329137Z 16: Pulling from library/postgres
2026-09-20T10:02:49.7182009Z 6b37362b3da7: Pulling fs layer
2026-09-20T10:02:49.7184341Z b1fdda8975a0: Pulling fs layer
2026-09-20T10:02:49.7187793Z 106e7e3cf19a: Pulling fs layer
2026-09-20T10:02:49.7188774Z ba0e979d0818: Pulling fs layer
2026-09-20T10:02:49.7190433Z ad29720ebbb9: Pulling fs layer
2026-09-20T10:02:49.7192172Z 3a749597affc: Pulling fs layer
2026-09-20T10:02:49.7194027Z 483fb6941c15: Pulling fs layer
2026-09-20T10:02:49.7194828Z 359ae0fc975d: Pulling fs layer
2026-09-20T10:02:49.7195563Z 56d4d190ef07: Pulling fs layer
2026-09-20T10:02:49.7196583Z 74156cf9f063: Pulling fs layer
2026-09-20T10:02:49.7197632Z f7c7d4dd80ba: Pulling fs layer
2026-09-20T10:02:49.7198538Z 749acf6dc637: Pulling fs layer
2026-09-20T10:02:49.7199442Z 4d848243a73e: Pulling fs layer
2026-09-20T10:02:49.7200866Z 6ad4758748c1: Pulling fs layer
2026-09-20T10:02:49.7204662Z 359ae0fc975d: Waiting
2026-09-20T10:02:49.7206241Z 56d4d190ef07: Waiting
2026-09-20T10:02:49.7207432Z 74156cf9f063: Waiting
2026-09-20T10:02:49.7208872Z f7c7d4dd80ba: Waiting
2026-09-20T10:02:49.7209909Z 749acf6dc637: Waiting
2026-09-20T10:02:49.7211341Z 4d848243a73e: Waiting
2026-09-20T10:02:49.7212315Z 6ad4758748c1: Waiting
2026-09-20T10:02:49.7212796Z ba0e979d0818: Waiting
2026-09-20T10:02:49.7213288Z ad29720ebbb9: Waiting
2026-09-20T10:02:49.7214336Z 3a749597affc: Waiting
2026-09-20T10:02:49.7216878Z 483fb6941c15: Waiting
2026-09-20T10:02:49.7451310Z b1fdda8975a0: Verifying Checksum
2026-09-20T10:02:49.7452133Z b1fdda8975a0: Download complete
2026-09-20T10:02:49.7779342Z 106e7e3cf19a: Verifying Checksum
2026-09-20T10:02:49.7781924Z 106e7e3cf19a: Download complete
2026-09-20T10:02:49.8076268Z ba0e979d0818: Verifying Checksum
2026-09-20T10:02:49.8225202Z ba0e979d0818: Download complete
2026-09-20T10:02:49.9669517Z ad29720ebbb9: Verifying Checksum
2026-09-20T10:02:49.9670158Z ad29720ebbb9: Download complete
2026-09-20T10:02:49.9670817Z 3a749597affc: Verifying Checksum
2026-09-20T10:02:49.9671253Z 3a749597affc: Download complete
2026-09-20T10:02:49.9671676Z 483fb6941c15: Verifying Checksum
2026-09-20T10:02:49.9672106Z 483fb6941c15: Download complete
2026-09-20T10:02:49.9672522Z 6b37362b3da7: Download complete
2026-09-20T10:02:49.9673017Z 359ae0fc975d: Verifying Checksum
2026-09-20T10:02:49.9673484Z 359ae0fc975d: Download complete
2026-09-20T10:02:49.9748413Z 74156cf9f063: Verifying Checksum
2026-09-20T10:02:49.9751899Z 74156cf9f063: Download complete
2026-09-20T10:02:49.9819797Z f7c7d4dd80ba: Verifying Checksum
2026-09-20T10:02:49.9820356Z f7c7d4dd80ba: Download complete
2026-09-20T10:02:50.0185236Z 749acf6dc637: Verifying Checksum
2026-09-20T10:02:50.0270066Z 749acf6dc637: Download complete
2026-09-20T10:02:50.0271785Z 4d848243a73e: Verifying Checksum
2026-09-20T10:02:50.0272523Z 4d848243a73e: Download complete
2026-09-20T10:02:50.0650238Z 6ad4758748c1: Verifying Checksum
2026-09-20T10:02:50.0651295Z 6ad4758748c1: Download complete
2026-09-20T10:02:50.7715274Z 56d4d190ef07: Verifying Checksum
2026-09-20T10:02:50.7730997Z 56d4d190ef07: Download complete
2026-09-20T10:02:51.6648556Z 6b37362b3da7: Pull complete
2026-09-20T10:02:54.0555141Z b1fdda8975a0: Pull complete
2026-09-20T10:02:54.2863954Z 106e7e3cf19a: Pull complete
2026-09-20T10:02:54.3407704Z ba0e979d0818: Pull complete
2026-09-20T10:02:54.7064480Z ad29720ebbb9: Pull complete
2026-09-20T10:02:54.8105248Z 3a749597affc: Pull complete
2026-09-20T10:02:54.8218313Z 483fb6941c15: Pull complete
2026-09-20T10:02:54.8342480Z 359ae0fc975d: Pull complete
2026-09-20T10:02:59.1957920Z 56d4d190ef07: Pull complete
2026-09-20T10:02:59.2179159Z 74156cf9f063: Pull complete
2026-09-20T10:02:59.2339687Z f7c7d4dd80ba: Pull complete
2026-09-20T10:02:59.2468879Z 749acf6dc637: Pull complete
2026-09-20T10:02:59.2613417Z 4d848243a73e: Pull complete
2026-09-20T10:02:59.2726979Z 6ad4758748c1: Pull complete
2026-09-20T10:02:59.2773405Z Digest: sha256:a3b7f434b2dc57ce85a67e171163eb8ab1a1ebcb39d27484661f26b1dfbe30d6
2026-09-20T10:02:59.2788741Z Status: Downloaded newer image for postgres:16
2026-09-20T10:02:59.2803194Z docker.io/library/postgres:16
2026-09-20T10:02:59.2867454Z ##[command]/usr/bin/docker create --name 08f8fc3f6e7040feb8e25e282c964769_postgres16_e14797 --label 1a3705 --network github_network_bf24bd3fcc634178afb6c68351abf641 --network-alias postgres -p 5432/tcp --health-cmd "pg_isready -U bos_ci -d postgres" --health-interval 5s --health-timeout 5s --health-retries 12 --tmpfs /var/lib/postgresql/data:rw -e "POSTGRES_USER=bos_ci" -e "POSTGRES_PASSWORD=bos_synthetic_ci_only" -e "POSTGRES_DB=postgres" -e GITHUB_ACTIONS=true -e CI=true postgres:16
2026-09-20T10:02:59.3154673Z 74475f79ab9cf270af0266323c3fba908f35eb2f3b39d7e9bb7f8f4bf33eb708
2026-09-20T10:02:59.3181084Z ##[command]/usr/bin/docker start 74475f79ab9cf270af0266323c3fba908f35eb2f3b39d7e9bb7f8f4bf33eb708
2026-09-20T10:02:59.5761804Z 74475f79ab9cf270af0266323c3fba908f35eb2f3b39d7e9bb7f8f4bf33eb708
2026-09-20T10:02:59.5903133Z ##[command]/usr/bin/docker ps --all --filter id=74475f79ab9cf270af0266323c3fba908f35eb2f3b39d7e9bb7f8f4bf33eb708 --filter status=running --no-trunc --format "{{.ID}} {{.Status}}"
2026-09-20T10:02:59.6118911Z 74475f79ab9cf270af0266323c3fba908f35eb2f3b39d7e9bb7f8f4bf33eb708 Up Less than a second (health: starting)
2026-09-20T10:02:59.6151630Z ##[command]/usr/bin/docker port 74475f79ab9cf270af0266323c3fba908f35eb2f3b39d7e9bb7f8f4bf33eb708
2026-09-20T10:02:59.6344433Z 5432/tcp -> 0.0.0.0:32768
2026-09-20T10:02:59.6360579Z 5432/tcp -> [::]:32768
2026-09-20T10:02:59.6417613Z ##[endgroup]
2026-09-20T10:02:59.6430482Z ##[group]Waiting for all services to be ready
2026-09-20T10:02:59.6450477Z ##[command]/usr/bin/docker inspect --format="{{if .Config.Healthcheck}}{{print .State.Health.Status}}{{end}}" 74475f79ab9cf270af0266323c3fba908f35eb2f3b39d7e9bb7f8f4bf33eb708
2026-09-20T10:02:59.6677687Z starting
2026-09-20T10:02:59.6710437Z postgres service is starting, waiting 2 seconds before checking again.
2026-09-20T10:03:01.6709649Z ##[command]/usr/bin/docker inspect --format="{{if .Config.Healthcheck}}{{print .State.Health.Status}}{{end}}" 74475f79ab9cf270af0266323c3fba908f35eb2f3b39d7e9bb7f8f4bf33eb708
2026-09-20T10:03:01.6849100Z starting
2026-09-20T10:03:01.6862524Z postgres service is starting, waiting 3 seconds before checking again.
2026-09-20T10:03:05.3726979Z ##[command]/usr/bin/docker inspect --format="{{if .Config.Healthcheck}}{{print .State.Health.Status}}{{end}}" 74475f79ab9cf270af0266323c3fba908f35eb2f3b39d7e9bb7f8f4bf33eb708
2026-09-20T10:03:05.3861726Z healthy
2026-09-20T10:03:05.3880502Z postgres service is healthy.
2026-09-20T10:03:05.3880977Z ##[endgroup]
2026-09-20T10:03:05.4150618Z ##[group]Run actions/checkout@d23441a48e516b6c34aea4fa41551a30e30af803
2026-09-20T10:03:05.4151309Z with:
2026-09-20T10:03:05.4151617Z   ref: aecf8ee1f556b60f3fa34b66a001372e332d02ab
2026-09-20T10:03:05.4151933Z   path: candidate
2026-09-20T10:03:05.4152164Z   persist-credentials: false
2026-09-20T10:03:05.4152414Z   fetch-depth: 2
2026-09-20T10:03:05.4152640Z   repository: vladduk-A-W-F/BOS
2026-09-20T10:03:05.4155251Z   token: ***
2026-09-20T10:03:05.4155479Z   ssh-strict: true
2026-09-20T10:03:05.4155702Z   ssh-user: git
2026-09-20T10:03:05.4155907Z   clean: true
2026-09-20T10:03:05.4156134Z   sparse-checkout-cone-mode: true
2026-09-20T10:03:05.4156397Z   fetch-tags: false
2026-09-20T10:03:05.4156616Z   show-progress: true
2026-09-20T10:03:05.4156833Z   lfs: false
2026-09-20T10:03:05.4157031Z   submodules: false
2026-09-20T10:03:05.4157250Z   set-safe-directory: true
2026-09-20T10:03:05.4157514Z   allow-unsafe-pr-checkout: false
2026-09-20T10:03:05.4158022Z env:
2026-09-20T10:03:05.4158296Z   PYTHONUTF8: 1
2026-09-20T10:03:05.4158525Z   PYTHONDONTWRITEBYTECODE: 1
2026-09-20T10:03:05.4158775Z   BOS_DATA_MODE: demo
2026-09-20T10:03:05.4159004Z   BOS_PG_DISPOSABLE: 1
2026-09-20T10:03:05.4159230Z   BOS_PGHOST: 127.0.0.1
2026-09-20T10:03:05.4159452Z   BOS_PGUSER: bos_ci
2026-09-20T10:03:05.4159686Z   BOS_PGPASSWORD: bos_synthetic_ci_only
2026-09-20T10:03:05.4160051Z   BOS_BATCH_CANDIDATE_SHA: aecf8ee1f556b60f3fa34b66a001372e332d02ab
2026-09-20T10:03:05.4160417Z ##[endgroup]
2026-09-20T10:03:05.5306947Z Syncing repository: vladduk-A-W-F/BOS
2026-09-20T10:03:05.5378213Z ##[group]Getting Git version info
2026-09-20T10:03:05.5394525Z Working directory is '/home/runner/work/BOS/BOS/candidate'
2026-09-20T10:03:05.5396013Z [command]/usr/bin/git version
2026-09-20T10:03:05.5500053Z git version 2.55.0
2026-09-20T10:03:05.5650853Z ##[endgroup]
2026-09-20T10:03:05.5662006Z Temporarily overriding HOME='/home/runner/work/_temp/80177579-fed8-4389-9d41-657ec89f5267' before making global git config changes
2026-09-20T10:03:05.5665112Z Adding repository directory to the temporary git global config as a safe directory
2026-09-20T10:03:05.5666453Z [command]/usr/bin/git config --global --add safe.directory /home/runner/work/BOS/BOS/candidate
2026-09-20T10:03:05.5733110Z ##[group]Determining repository object format
2026-09-20T10:03:05.5734372Z ##[endgroup]
2026-09-20T10:03:05.5735110Z ##[group]Initializing the repository
2026-09-20T10:03:05.5735845Z [command]/usr/bin/git init /home/runner/work/BOS/BOS/candidate
2026-09-20T10:03:05.5870213Z hint: Using 'master' as the name for the initial branch. This default branch name
2026-09-20T10:03:05.5904697Z hint: will change to "main" in Git 3.0. To configure the initial branch name
2026-09-20T10:03:05.5915819Z hint: to use in all of your new repositories, which will suppress this warning,
2026-09-20T10:03:05.5933159Z hint: call:
2026-09-20T10:03:05.5941696Z hint:
2026-09-20T10:03:05.5942387Z hint: 	git config --global init.defaultBranch <name>
2026-09-20T10:03:05.5943053Z hint:
2026-09-20T10:03:05.5943936Z hint: Names commonly chosen instead of 'master' are 'main', 'trunk' and
2026-09-20T10:03:05.5946599Z hint: 'development'. The just-created branch can be renamed via this command:
2026-09-20T10:03:05.5947445Z hint:
2026-09-20T10:03:05.5947884Z hint: 	git branch -m <name>
2026-09-20T10:03:05.5951398Z hint:
2026-09-20T10:03:05.5952399Z hint: Disable this message with "git config set advice.defaultBranchName false"
2026-09-20T10:03:05.5973445Z Initialized empty Git repository in /home/runner/work/BOS/BOS/candidate/.git/
2026-09-20T10:03:05.5984828Z [command]/usr/bin/git remote add origin https://github.com/vladduk-A-W-F/BOS
2026-09-20T10:03:05.5986654Z ##[endgroup]
2026-09-20T10:03:05.5987450Z ##[group]Disabling automatic garbage collection
2026-09-20T10:03:05.5988153Z [command]/usr/bin/git config --local gc.auto 0
2026-09-20T10:03:05.6068042Z ##[endgroup]
2026-09-20T10:03:05.6077334Z ##[group]Setting up auth
2026-09-20T10:03:05.6078321Z Removing SSH command configuration
2026-09-20T10:03:05.6079652Z [command]/usr/bin/git config --local --name-only --get-regexp core\.sshCommand
2026-09-20T10:03:05.6132324Z [command]/usr/bin/git submodule foreach --recursive sh -c "git config --local --name-only --get-regexp 'core\.sshCommand' && git config --local --unset-all 'core.sshCommand' || :"
2026-09-20T10:03:05.6711327Z Removing HTTP extra header
2026-09-20T10:03:05.6720530Z [command]/usr/bin/git config --local --name-only --get-regexp http\.https\:\/\/github\.com\/\.extraheader
2026-09-20T10:03:05.6762576Z [command]/usr/bin/git submodule foreach --recursive sh -c "git config --local --name-only --get-regexp 'http\.https\:\/\/github\.com\/\.extraheader' && git config --local --unset-all 'http.https://github.com/.extraheader' || :"
2026-09-20T10:03:05.7121211Z Removing includeIf entries pointing to credentials config files
2026-09-20T10:03:05.7122398Z [command]/usr/bin/git config --local --name-only --get-regexp ^includeIf\.gitdir:
2026-09-20T10:03:05.7201028Z [command]/usr/bin/git submodule foreach --recursive git config --local --show-origin --name-only --get-regexp remote.origin.url
2026-09-20T10:03:05.7615228Z [command]/usr/bin/git config --file /home/runner/work/_temp/git-credentials-595ca1a8-0e73-46f8-afd9-eb4062a8367e.config http.https://github.com/.extraheader AUTHORIZATION: basic ***
2026-09-20T10:03:05.7658156Z [command]/usr/bin/git config --local includeIf.gitdir:/home/runner/work/BOS/BOS/candidate/.git.path /home/runner/work/_temp/git-credentials-595ca1a8-0e73-46f8-afd9-eb4062a8367e.config
2026-09-20T10:03:05.7745651Z [command]/usr/bin/git config --local includeIf.gitdir:/home/runner/work/BOS/BOS/candidate/.git/worktrees/*.path /home/runner/work/_temp/git-credentials-595ca1a8-0e73-46f8-afd9-eb4062a8367e.config
2026-09-20T10:03:05.7835308Z [command]/usr/bin/git config --local includeIf.gitdir:/github/workspace/candidate/.git.path /github/runner_temp/git-credentials-595ca1a8-0e73-46f8-afd9-eb4062a8367e.config
2026-09-20T10:03:05.7914865Z [command]/usr/bin/git config --local includeIf.gitdir:/github/workspace/candidate/.git/worktrees/*.path /github/runner_temp/git-credentials-595ca1a8-0e73-46f8-afd9-eb4062a8367e.config
2026-09-20T10:03:05.7986357Z ##[endgroup]
2026-09-20T10:03:05.7987278Z ##[group]Fetching the repository
2026-09-20T10:03:05.7988680Z [command]/usr/bin/git -c protocol.version=2 fetch --no-tags --prune --no-recurse-submodules --depth=2 origin aecf8ee1f556b60f3fa34b66a001372e332d02ab
2026-09-20T10:03:08.6118633Z From https://github.com/vladduk-A-W-F/BOS
2026-09-20T10:03:08.6125136Z  * branch            aecf8ee1f556b60f3fa34b66a001372e332d02ab -> FETCH_HEAD
2026-09-20T10:03:08.6132861Z [command]/usr/bin/git rev-parse --verify --quiet aecf8ee1f556b60f3fa34b66a001372e332d02ab^{object}
2026-09-20T10:03:08.6174069Z aecf8ee1f556b60f3fa34b66a001372e332d02ab
2026-09-20T10:03:08.6182979Z ##[endgroup]
2026-09-20T10:03:08.6184345Z ##[group]Determining the checkout info
2026-09-20T10:03:08.6185460Z ##[endgroup]
2026-09-20T10:03:08.6194559Z [command]/usr/bin/git sparse-checkout disable
2026-09-20T10:03:08.6254873Z [command]/usr/bin/git config --local --unset-all extensions.worktreeConfig
2026-09-20T10:03:08.6291855Z ##[group]Checking out the ref
2026-09-20T10:03:08.6296578Z [command]/usr/bin/git checkout --progress --force aecf8ee1f556b60f3fa34b66a001372e332d02ab
2026-09-20T10:03:08.8319336Z Note: switching to 'aecf8ee1f556b60f3fa34b66a001372e332d02ab'.
2026-09-20T10:03:08.8320200Z 
2026-09-20T10:03:08.8320785Z You are in 'detached HEAD' state. You can look around, make experimental
2026-09-20T10:03:08.8322011Z changes and commit them, and you can discard any commits you make in this
2026-09-20T10:03:08.8323318Z state without impacting any branches by switching back to a branch.
2026-09-20T10:03:08.8327630Z 
2026-09-20T10:03:08.8328152Z If you want to create a new branch to retain commits you create, you may
2026-09-20T10:03:08.8329106Z do so (now or later) by using -c with the switch command. Example:
2026-09-20T10:03:08.8329714Z 
2026-09-20T10:03:08.8330372Z   git switch -c <new-branch-name>
2026-09-20T10:03:08.8330869Z 
2026-09-20T10:03:08.8331192Z Or undo this operation with:
2026-09-20T10:03:08.8332412Z 
2026-09-20T10:03:08.8332814Z   git switch -
2026-09-20T10:03:08.8333239Z 
2026-09-20T10:03:08.8340190Z Turn off this advice by setting config variable advice.detachedHead to false
2026-09-20T10:03:08.8340973Z 
2026-09-20T10:03:08.8349158Z HEAD is now at aecf8ee fix(ci): resolve evidence path in supported step contexts
2026-09-20T10:03:08.8369465Z ##[endgroup]
2026-09-20T10:03:08.8444577Z [command]/usr/bin/git log -1 --format=%H
2026-09-20T10:03:08.8469314Z aecf8ee1f556b60f3fa34b66a001372e332d02ab
2026-09-20T10:03:08.8486970Z ##[group]Removing auth
2026-09-20T10:03:08.8487452Z Removing SSH command configuration
2026-09-20T10:03:08.8488176Z [command]/usr/bin/git config --local --name-only --get-regexp core\.sshCommand
2026-09-20T10:03:08.8528967Z [command]/usr/bin/git submodule foreach --recursive sh -c "git config --local --name-only --get-regexp 'core\.sshCommand' && git config --local --unset-all 'core.sshCommand' || :"
2026-09-20T10:03:08.8804698Z Removing HTTP extra header
2026-09-20T10:03:08.8805658Z [command]/usr/bin/git config --local --name-only --get-regexp http\.https\:\/\/github\.com\/\.extraheader
2026-09-20T10:03:08.8855096Z [command]/usr/bin/git submodule foreach --recursive sh -c "git config --local --name-only --get-regexp 'http\.https\:\/\/github\.com\/\.extraheader' && git config --local --unset-all 'http.https://github.com/.extraheader' || :"
2026-09-20T10:03:08.9106159Z Removing includeIf entries pointing to credentials config files
2026-09-20T10:03:08.9111792Z [command]/usr/bin/git config --local --name-only --get-regexp ^includeIf\.gitdir:
2026-09-20T10:03:08.9149627Z includeif.gitdir:/home/runner/work/BOS/BOS/candidate/.git.path
2026-09-20T10:03:08.9152486Z includeif.gitdir:/home/runner/work/BOS/BOS/candidate/.git/worktrees/*.path
2026-09-20T10:03:08.9154867Z includeif.gitdir:/github/workspace/candidate/.git.path
2026-09-20T10:03:08.9156056Z includeif.gitdir:/github/workspace/candidate/.git/worktrees/*.path
2026-09-20T10:03:08.9165967Z [command]/usr/bin/git config --local --get-all includeif.gitdir:/home/runner/work/BOS/BOS/candidate/.git.path
2026-09-20T10:03:08.9220830Z /home/runner/work/_temp/git-credentials-595ca1a8-0e73-46f8-afd9-eb4062a8367e.config
2026-09-20T10:03:08.9238080Z [command]/usr/bin/git config --local --unset includeif.gitdir:/home/runner/work/BOS/BOS/candidate/.git.path /home/runner/work/_temp/git-credentials-595ca1a8-0e73-46f8-afd9-eb4062a8367e.config
2026-09-20T10:03:08.9282360Z [command]/usr/bin/git config --local --get-all includeif.gitdir:/home/runner/work/BOS/BOS/candidate/.git/worktrees/*.path
2026-09-20T10:03:08.9329207Z /home/runner/work/_temp/git-credentials-595ca1a8-0e73-46f8-afd9-eb4062a8367e.config
2026-09-20T10:03:08.9342442Z [command]/usr/bin/git config --local --unset includeif.gitdir:/home/runner/work/BOS/BOS/candidate/.git/worktrees/*.path /home/runner/work/_temp/git-credentials-595ca1a8-0e73-46f8-afd9-eb4062a8367e.config
2026-09-20T10:03:08.9403554Z [command]/usr/bin/git config --local --get-all includeif.gitdir:/github/workspace/candidate/.git.path
2026-09-20T10:03:08.9434812Z /github/runner_temp/git-credentials-595ca1a8-0e73-46f8-afd9-eb4062a8367e.config
2026-09-20T10:03:08.9446526Z [command]/usr/bin/git config --local --unset includeif.gitdir:/github/workspace/candidate/.git.path /github/runner_temp/git-credentials-595ca1a8-0e73-46f8-afd9-eb4062a8367e.config
2026-09-20T10:03:08.9507670Z [command]/usr/bin/git config --local --get-all includeif.gitdir:/github/workspace/candidate/.git/worktrees/*.path
2026-09-20T10:03:08.9550468Z /github/runner_temp/git-credentials-595ca1a8-0e73-46f8-afd9-eb4062a8367e.config
2026-09-20T10:03:08.9595423Z [command]/usr/bin/git config --local --unset includeif.gitdir:/github/workspace/candidate/.git/worktrees/*.path /github/runner_temp/git-credentials-595ca1a8-0e73-46f8-afd9-eb4062a8367e.config
2026-09-20T10:03:08.9620860Z [command]/usr/bin/git submodule foreach --recursive git config --local --show-origin --name-only --get-regexp remote.origin.url
2026-09-20T10:03:08.9872781Z Removing credentials config '/home/runner/work/_temp/git-credentials-595ca1a8-0e73-46f8-afd9-eb4062a8367e.config'
2026-09-20T10:03:08.9886836Z ##[endgroup]
2026-09-20T10:03:09.0142578Z ##[group]Run actions/checkout@d23441a48e516b6c34aea4fa41551a30e30af803
2026-09-20T10:03:09.0142990Z with:
2026-09-20T10:03:09.0143241Z   ref: 7d46dced3bcf06d44755cf53366c9e16bd465582
2026-09-20T10:03:09.0143546Z   path: baseline
2026-09-20T10:03:09.0143992Z   persist-credentials: false
2026-09-20T10:03:09.0144250Z   fetch-depth: 1
2026-09-20T10:03:09.0144473Z   repository: vladduk-A-W-F/BOS
2026-09-20T10:03:09.0146803Z   token: ***
2026-09-20T10:03:09.0147031Z   ssh-strict: true
2026-09-20T10:03:09.0147249Z   ssh-user: git
2026-09-20T10:03:09.0147460Z   clean: true
2026-09-20T10:03:09.0147692Z   sparse-checkout-cone-mode: true
2026-09-20T10:03:09.0147955Z   fetch-tags: false
2026-09-20T10:03:09.0148178Z   show-progress: true
2026-09-20T10:03:09.0148396Z   lfs: false
2026-09-20T10:03:09.0148609Z   submodules: false
2026-09-20T10:03:09.0148829Z   set-safe-directory: true
2026-09-20T10:03:09.0149086Z   allow-unsafe-pr-checkout: false
2026-09-20T10:03:09.0149341Z env:
2026-09-20T10:03:09.0149577Z   PYTHONUTF8: 1
2026-09-20T10:03:09.0149807Z   PYTHONDONTWRITEBYTECODE: 1
2026-09-20T10:03:09.0150063Z   BOS_DATA_MODE: demo
2026-09-20T10:03:09.0150288Z   BOS_PG_DISPOSABLE: 1
2026-09-20T10:03:09.0150590Z   BOS_PGHOST: 127.0.0.1
2026-09-20T10:03:09.0150840Z   BOS_PGUSER: bos_ci
2026-09-20T10:03:09.0151082Z   BOS_PGPASSWORD: bos_synthetic_ci_only
2026-09-20T10:03:09.0151445Z   BOS_BATCH_CANDIDATE_SHA: aecf8ee1f556b60f3fa34b66a001372e332d02ab
2026-09-20T10:03:09.0151801Z ##[endgroup]
2026-09-20T10:03:09.1129366Z Syncing repository: vladduk-A-W-F/BOS
2026-09-20T10:03:09.1130633Z ##[group]Getting Git version info
2026-09-20T10:03:09.1131620Z Working directory is '/home/runner/work/BOS/BOS/baseline'
2026-09-20T10:03:09.1221557Z [command]/usr/bin/git version
2026-09-20T10:03:09.1274367Z git version 2.55.0
2026-09-20T10:03:09.1428279Z ##[endgroup]
2026-09-20T10:03:09.1433081Z Temporarily overriding HOME='/home/runner/work/_temp/156abf6b-63a6-4525-9e08-b1d8f5a6ee81' before making global git config changes
2026-09-20T10:03:09.1435085Z Adding repository directory to the temporary git global config as a safe directory
2026-09-20T10:03:09.1436447Z [command]/usr/bin/git config --global --add safe.directory /home/runner/work/BOS/BOS/baseline
2026-09-20T10:03:09.1445604Z ##[group]Determining repository object format
2026-09-20T10:03:09.1449312Z ##[endgroup]
2026-09-20T10:03:09.1450305Z ##[group]Initializing the repository
2026-09-20T10:03:09.1467620Z [command]/usr/bin/git init /home/runner/work/BOS/BOS/baseline
2026-09-20T10:03:09.1547164Z hint: Using 'master' as the name for the initial branch. This default branch name
2026-09-20T10:03:09.1563924Z hint: will change to "main" in Git 3.0. To configure the initial branch name
2026-09-20T10:03:09.1574122Z hint: to use in all of your new repositories, which will suppress this warning,
2026-09-20T10:03:09.1575102Z hint: call:
2026-09-20T10:03:09.1575565Z hint:
2026-09-20T10:03:09.1576151Z hint: 	git config --global init.defaultBranch <name>
2026-09-20T10:03:09.1576907Z hint:
2026-09-20T10:03:09.1577592Z hint: Names commonly chosen instead of 'master' are 'main', 'trunk' and
2026-09-20T10:03:09.1578644Z hint: 'development'. The just-created branch can be renamed via this command:
2026-09-20T10:03:09.1579521Z hint:
2026-09-20T10:03:09.1580068Z hint: 	git branch -m <name>
2026-09-20T10:03:09.1580693Z hint:
2026-09-20T10:03:09.1581472Z hint: Disable this message with "git config set advice.defaultBranchName false"
2026-09-20T10:03:09.1582623Z Initialized empty Git repository in /home/runner/work/BOS/BOS/baseline/.git/
2026-09-20T10:03:09.1585075Z [command]/usr/bin/git remote add origin https://github.com/vladduk-A-W-F/BOS
2026-09-20T10:03:09.1690315Z ##[endgroup]
2026-09-20T10:03:09.1691131Z ##[group]Disabling automatic garbage collection
2026-09-20T10:03:09.1691871Z [command]/usr/bin/git config --local gc.auto 0
2026-09-20T10:03:09.1745760Z ##[endgroup]
2026-09-20T10:03:09.1746511Z ##[group]Setting up auth
2026-09-20T10:03:09.1747087Z Removing SSH command configuration
2026-09-20T10:03:09.1748235Z [command]/usr/bin/git config --local --name-only --get-regexp core\.sshCommand
2026-09-20T10:03:09.1825233Z [command]/usr/bin/git submodule foreach --recursive sh -c "git config --local --name-only --get-regexp 'core\.sshCommand' && git config --local --unset-all 'core.sshCommand' || :"
2026-09-20T10:03:09.2164453Z Removing HTTP extra header
2026-09-20T10:03:09.2170164Z [command]/usr/bin/git config --local --name-only --get-regexp http\.https\:\/\/github\.com\/\.extraheader
2026-09-20T10:03:09.2229516Z [command]/usr/bin/git submodule foreach --recursive sh -c "git config --local --name-only --get-regexp 'http\.https\:\/\/github\.com\/\.extraheader' && git config --local --unset-all 'http.https://github.com/.extraheader' || :"
2026-09-20T10:03:09.2675323Z Removing includeIf entries pointing to credentials config files
2026-09-20T10:03:09.2698142Z [command]/usr/bin/git config --local --name-only --get-regexp ^includeIf\.gitdir:
2026-09-20T10:03:09.2716166Z [command]/usr/bin/git submodule foreach --recursive git config --local --show-origin --name-only --get-regexp remote.origin.url
2026-09-20T10:03:09.3094015Z [command]/usr/bin/git config --file /home/runner/work/_temp/git-credentials-451248fc-8d09-4567-9d00-992b0ea656f3.config http.https://github.com/.extraheader AUTHORIZATION: basic ***
2026-09-20T10:03:09.3165325Z [command]/usr/bin/git config --local includeIf.gitdir:/home/runner/work/BOS/BOS/baseline/.git.path /home/runner/work/_temp/git-credentials-451248fc-8d09-4567-9d00-992b0ea656f3.config
2026-09-20T10:03:09.3240503Z [command]/usr/bin/git config --local includeIf.gitdir:/home/runner/work/BOS/BOS/baseline/.git/worktrees/*.path /home/runner/work/_temp/git-credentials-451248fc-8d09-4567-9d00-992b0ea656f3.config
2026-09-20T10:03:09.3312127Z [command]/usr/bin/git config --local includeIf.gitdir:/github/workspace/baseline/.git.path /github/runner_temp/git-credentials-451248fc-8d09-4567-9d00-992b0ea656f3.config
2026-09-20T10:03:09.3368028Z [command]/usr/bin/git config --local includeIf.gitdir:/github/workspace/baseline/.git/worktrees/*.path /github/runner_temp/git-credentials-451248fc-8d09-4567-9d00-992b0ea656f3.config
2026-09-20T10:03:09.3454366Z ##[endgroup]
2026-09-20T10:03:09.3455198Z ##[group]Fetching the repository
2026-09-20T10:03:09.3456375Z [command]/usr/bin/git -c protocol.version=2 fetch --no-tags --prune --no-recurse-submodules --depth=1 origin 7d46dced3bcf06d44755cf53366c9e16bd465582
2026-09-20T10:03:11.8585735Z From https://github.com/vladduk-A-W-F/BOS
2026-09-20T10:03:11.8586621Z  * branch            7d46dced3bcf06d44755cf53366c9e16bd465582 -> FETCH_HEAD
2026-09-20T10:03:11.8595434Z [command]/usr/bin/git rev-parse --verify --quiet 7d46dced3bcf06d44755cf53366c9e16bd465582^{object}
2026-09-20T10:03:11.8622115Z 7d46dced3bcf06d44755cf53366c9e16bd465582
2026-09-20T10:03:11.8626771Z ##[endgroup]
2026-09-20T10:03:11.8627766Z ##[group]Determining the checkout info
2026-09-20T10:03:11.8628899Z ##[endgroup]
2026-09-20T10:03:11.8636256Z [command]/usr/bin/git sparse-checkout disable
2026-09-20T10:03:11.8682366Z [command]/usr/bin/git config --local --unset-all extensions.worktreeConfig
2026-09-20T10:03:11.8718912Z ##[group]Checking out the ref
2026-09-20T10:03:11.8723978Z [command]/usr/bin/git checkout --progress --force 7d46dced3bcf06d44755cf53366c9e16bd465582
2026-09-20T10:03:12.0691366Z Note: switching to '7d46dced3bcf06d44755cf53366c9e16bd465582'.
2026-09-20T10:03:12.0704338Z 
2026-09-20T10:03:12.0704933Z You are in 'detached HEAD' state. You can look around, make experimental
2026-09-20T10:03:12.0706048Z changes and commit them, and you can discard any commits you make in this
2026-09-20T10:03:12.0707140Z state without impacting any branches by switching back to a branch.
2026-09-20T10:03:12.0707834Z 
2026-09-20T10:03:12.0708332Z If you want to create a new branch to retain commits you create, you may
2026-09-20T10:03:12.0709295Z do so (now or later) by using -c with the switch command. Example:
2026-09-20T10:03:12.0709922Z 
2026-09-20T10:03:12.0710287Z   git switch -c <new-branch-name>
2026-09-20T10:03:12.0711085Z 
2026-09-20T10:03:12.0711470Z Or undo this operation with:
2026-09-20T10:03:12.0711933Z 
2026-09-20T10:03:12.0712270Z   git switch -
2026-09-20T10:03:12.0712659Z 
2026-09-20T10:03:12.0713205Z Turn off this advice by setting config variable advice.detachedHead to false
2026-09-20T10:03:12.0714200Z 
2026-09-20T10:03:12.0714757Z HEAD is now at 7d46dce fix(P10-002): advance Task sequence after fresh demo seed
2026-09-20T10:03:12.0732523Z ##[endgroup]
2026-09-20T10:03:12.0778767Z [command]/usr/bin/git log -1 --format=%H
2026-09-20T10:03:12.0810765Z 7d46dced3bcf06d44755cf53366c9e16bd465582
2026-09-20T10:03:12.0825798Z ##[group]Removing auth
2026-09-20T10:03:12.0826430Z Removing SSH command configuration
2026-09-20T10:03:12.0828781Z [command]/usr/bin/git config --local --name-only --get-regexp core\.sshCommand
2026-09-20T10:03:12.0869734Z [command]/usr/bin/git submodule foreach --recursive sh -c "git config --local --name-only --get-regexp 'core\.sshCommand' && git config --local --unset-all 'core.sshCommand' || :"
2026-09-20T10:03:12.1144090Z Removing HTTP extra header
2026-09-20T10:03:12.1145121Z [command]/usr/bin/git config --local --name-only --get-regexp http\.https\:\/\/github\.com\/\.extraheader
2026-09-20T10:03:12.1191013Z [command]/usr/bin/git submodule foreach --recursive sh -c "git config --local --name-only --get-regexp 'http\.https\:\/\/github\.com\/\.extraheader' && git config --local --unset-all 'http.https://github.com/.extraheader' || :"
2026-09-20T10:03:12.1443067Z Removing includeIf entries pointing to credentials config files
2026-09-20T10:03:12.1450215Z [command]/usr/bin/git config --local --name-only --get-regexp ^includeIf\.gitdir:
2026-09-20T10:03:12.1482926Z includeif.gitdir:/home/runner/work/BOS/BOS/baseline/.git.path
2026-09-20T10:03:12.1484538Z includeif.gitdir:/home/runner/work/BOS/BOS/baseline/.git/worktrees/*.path
2026-09-20T10:03:12.1486593Z includeif.gitdir:/github/workspace/baseline/.git.path
2026-09-20T10:03:12.1491330Z includeif.gitdir:/github/workspace/baseline/.git/worktrees/*.path
2026-09-20T10:03:12.1496161Z [command]/usr/bin/git config --local --get-all includeif.gitdir:/home/runner/work/BOS/BOS/baseline/.git.path
2026-09-20T10:03:12.1529399Z /home/runner/work/_temp/git-credentials-451248fc-8d09-4567-9d00-992b0ea656f3.config
2026-09-20T10:03:12.1544394Z [command]/usr/bin/git config --local --unset includeif.gitdir:/home/runner/work/BOS/BOS/baseline/.git.path /home/runner/work/_temp/git-credentials-451248fc-8d09-4567-9d00-992b0ea656f3.config
2026-09-20T10:03:12.1589840Z [command]/usr/bin/git config --local --get-all includeif.gitdir:/home/runner/work/BOS/BOS/baseline/.git/worktrees/*.path
2026-09-20T10:03:12.1632002Z /home/runner/work/_temp/git-credentials-451248fc-8d09-4567-9d00-992b0ea656f3.config
2026-09-20T10:03:12.1644707Z [command]/usr/bin/git config --local --unset includeif.gitdir:/home/runner/work/BOS/BOS/baseline/.git/worktrees/*.path /home/runner/work/_temp/git-credentials-451248fc-8d09-4567-9d00-992b0ea656f3.config
2026-09-20T10:03:12.1690510Z [command]/usr/bin/git config --local --get-all includeif.gitdir:/github/workspace/baseline/.git.path
2026-09-20T10:03:12.1730833Z /github/runner_temp/git-credentials-451248fc-8d09-4567-9d00-992b0ea656f3.config
2026-09-20T10:03:12.1738757Z [command]/usr/bin/git config --local --unset includeif.gitdir:/github/workspace/baseline/.git.path /github/runner_temp/git-credentials-451248fc-8d09-4567-9d00-992b0ea656f3.config
2026-09-20T10:03:12.1796239Z [command]/usr/bin/git config --local --get-all includeif.gitdir:/github/workspace/baseline/.git/worktrees/*.path
2026-09-20T10:03:12.1826853Z /github/runner_temp/git-credentials-451248fc-8d09-4567-9d00-992b0ea656f3.config
2026-09-20T10:03:12.1835804Z [command]/usr/bin/git config --local --unset includeif.gitdir:/github/workspace/baseline/.git/worktrees/*.path /github/runner_temp/git-credentials-451248fc-8d09-4567-9d00-992b0ea656f3.config
2026-09-20T10:03:12.1878659Z [command]/usr/bin/git submodule foreach --recursive git config --local --show-origin --name-only --get-regexp remote.origin.url
2026-09-20T10:03:12.2138950Z Removing credentials config '/home/runner/work/_temp/git-credentials-451248fc-8d09-4567-9d00-992b0ea656f3.config'
2026-09-20T10:03:12.2149286Z ##[endgroup]
2026-09-20T10:03:12.2321774Z ##[group]Run actions/setup-python@ece7cb06caefa5fff74198d8649806c4678c61a1
2026-09-20T10:03:12.2322215Z with:
2026-09-20T10:03:12.2322432Z   python-version: 3.12
2026-09-20T10:03:12.2322672Z   check-latest: false
2026-09-20T10:03:12.2325346Z   token: ***
2026-09-20T10:03:12.2325590Z   update-environment: true
2026-09-20T10:03:12.2325846Z   allow-prereleases: false
2026-09-20T10:03:12.2326081Z   freethreaded: false
2026-09-20T10:03:12.2326297Z env:
2026-09-20T10:03:12.2326492Z   PYTHONUTF8: 1
2026-09-20T10:03:12.2326719Z   PYTHONDONTWRITEBYTECODE: 1
2026-09-20T10:03:12.2326979Z   BOS_DATA_MODE: demo
2026-09-20T10:03:12.2327199Z   BOS_PG_DISPOSABLE: 1
2026-09-20T10:03:12.2327419Z   BOS_PGHOST: 127.0.0.1
2026-09-20T10:03:12.2327637Z   BOS_PGUSER: bos_ci
2026-09-20T10:03:12.2327871Z   BOS_PGPASSWORD: bos_synthetic_ci_only
2026-09-20T10:03:12.2328243Z   BOS_BATCH_CANDIDATE_SHA: aecf8ee1f556b60f3fa34b66a001372e332d02ab
2026-09-20T10:03:12.2328603Z ##[endgroup]
2026-09-20T10:03:12.3764792Z ##[group]Installed versions
2026-09-20T10:03:12.3935185Z Successfully set up CPython (3.12.14)
2026-09-20T10:03:12.3945145Z ##[endgroup]
2026-09-20T10:03:12.4143465Z ##[group]Run mkdir -p "$BOS_BATCH_OUTPUT"
2026-09-20T10:03:12.4144479Z [36;1mmkdir -p "$BOS_BATCH_OUTPUT"[0m
2026-09-20T10:03:12.4211906Z shell: /usr/bin/bash -e {0}
2026-09-20T10:03:12.4212337Z env:
2026-09-20T10:03:12.4212712Z   PYTHONUTF8: 1
2026-09-20T10:03:12.4213085Z   PYTHONDONTWRITEBYTECODE: 1
2026-09-20T10:03:12.4213496Z   BOS_DATA_MODE: demo
2026-09-20T10:03:12.4214067Z   BOS_PG_DISPOSABLE: 1
2026-09-20T10:03:12.4214429Z   BOS_PGHOST: 127.0.0.1
2026-09-20T10:03:12.4215069Z   BOS_PGUSER: bos_ci
2026-09-20T10:03:12.4215443Z   BOS_PGPASSWORD: bos_synthetic_ci_only
2026-09-20T10:03:12.4216041Z   BOS_BATCH_CANDIDATE_SHA: aecf8ee1f556b60f3fa34b66a001372e332d02ab
2026-09-20T10:03:12.4216753Z   pythonLocation: /opt/hostedtoolcache/Python/3.12.14/x64
2026-09-20T10:03:12.4217502Z   PKG_CONFIG_PATH: /opt/hostedtoolcache/Python/3.12.14/x64/lib/pkgconfig
2026-09-20T10:03:12.4218226Z   Python_ROOT_DIR: /opt/hostedtoolcache/Python/3.12.14/x64
2026-09-20T10:03:12.4218922Z   Python2_ROOT_DIR: /opt/hostedtoolcache/Python/3.12.14/x64
2026-09-20T10:03:12.4219569Z   Python3_ROOT_DIR: /opt/hostedtoolcache/Python/3.12.14/x64
2026-09-20T10:03:12.4220224Z   LD_LIBRARY_PATH: /opt/hostedtoolcache/Python/3.12.14/x64/lib
2026-09-20T10:03:12.4220940Z   BOS_BATCH_OUTPUT: /home/runner/work/_temp/bos-batch01-35503944302-1
2026-09-20T10:03:12.4221533Z ##[endgroup]
2026-09-20T10:03:12.4459403Z ##[group]Run python -m pip install -r candidate/requirements-ci.txt > "$BOS_BATCH_OUTPUT/dependencies.stdout.log" 2> "$BOS_BATCH_OUTPUT/dependencies.stderr.log"
2026-09-20T10:03:12.4460569Z [36;1mpython -m pip install -r candidate/requirements-ci.txt > "$BOS_BATCH_OUTPUT/dependencies.stdout.log" 2> "$BOS_BATCH_OUTPUT/dependencies.stderr.log"[0m
2026-09-20T10:03:12.4497769Z shell: /usr/bin/bash -e {0}
2026-09-20T10:03:12.4498043Z env:
2026-09-20T10:03:12.4498252Z   PYTHONUTF8: 1
2026-09-20T10:03:12.4498493Z   PYTHONDONTWRITEBYTECODE: 1
2026-09-20T10:03:12.4498752Z   BOS_DATA_MODE: demo
2026-09-20T10:03:12.4498981Z   BOS_PG_DISPOSABLE: 1
2026-09-20T10:03:12.4499220Z   BOS_PGHOST: 127.0.0.1
2026-09-20T10:03:12.4499447Z   BOS_PGUSER: bos_ci
2026-09-20T10:03:12.4499684Z   BOS_PGPASSWORD: bos_synthetic_ci_only
2026-09-20T10:03:12.4500053Z   BOS_BATCH_CANDIDATE_SHA: aecf8ee1f556b60f3fa34b66a001372e332d02ab
2026-09-20T10:03:12.4500531Z   pythonLocation: /opt/hostedtoolcache/Python/3.12.14/x64
2026-09-20T10:03:12.4500974Z   PKG_CONFIG_PATH: /opt/hostedtoolcache/Python/3.12.14/x64/lib/pkgconfig
2026-09-20T10:03:12.4501424Z   Python_ROOT_DIR: /opt/hostedtoolcache/Python/3.12.14/x64
2026-09-20T10:03:12.4501811Z   Python2_ROOT_DIR: /opt/hostedtoolcache/Python/3.12.14/x64
2026-09-20T10:03:12.4502204Z   Python3_ROOT_DIR: /opt/hostedtoolcache/Python/3.12.14/x64
2026-09-20T10:03:12.4502602Z   LD_LIBRARY_PATH: /opt/hostedtoolcache/Python/3.12.14/x64/lib
2026-09-20T10:03:12.4503060Z   BOS_BATCH_OUTPUT: /home/runner/work/_temp/bos-batch01-35503944302-1
2026-09-20T10:03:12.4503428Z ##[endgroup]
2026-09-20T10:03:22.4754279Z ##[group]Run python candidate/.github/ci/batch_01_targeted.py --baseline baseline --output "$BOS_BATCH_OUTPUT" --include-ship
2026-09-20T10:03:22.4755244Z [36;1mpython candidate/.github/ci/batch_01_targeted.py --baseline baseline --output "$BOS_BATCH_OUTPUT" --include-ship[0m
2026-09-20T10:03:22.4792135Z shell: /usr/bin/bash -e {0}
2026-09-20T10:03:22.4792411Z env:
2026-09-20T10:03:22.4792616Z   PYTHONUTF8: 1
2026-09-20T10:03:22.4792854Z   PYTHONDONTWRITEBYTECODE: 1
2026-09-20T10:03:22.4793128Z   BOS_DATA_MODE: demo
2026-09-20T10:03:22.4793360Z   BOS_PG_DISPOSABLE: 1
2026-09-20T10:03:22.4793878Z   BOS_PGHOST: 127.0.0.1
2026-09-20T10:03:22.4794141Z   BOS_PGUSER: bos_ci
2026-09-20T10:03:22.4794387Z   BOS_PGPASSWORD: bos_synthetic_ci_only
2026-09-20T10:03:22.4794762Z   BOS_BATCH_CANDIDATE_SHA: aecf8ee1f556b60f3fa34b66a001372e332d02ab
2026-09-20T10:03:22.4795204Z   pythonLocation: /opt/hostedtoolcache/Python/3.12.14/x64
2026-09-20T10:03:22.4795686Z   PKG_CONFIG_PATH: /opt/hostedtoolcache/Python/3.12.14/x64/lib/pkgconfig
2026-09-20T10:03:22.4796122Z   Python_ROOT_DIR: /opt/hostedtoolcache/Python/3.12.14/x64
2026-09-20T10:03:22.4796521Z   Python2_ROOT_DIR: /opt/hostedtoolcache/Python/3.12.14/x64
2026-09-20T10:03:22.4796920Z   Python3_ROOT_DIR: /opt/hostedtoolcache/Python/3.12.14/x64
2026-09-20T10:03:22.4797316Z   LD_LIBRARY_PATH: /opt/hostedtoolcache/Python/3.12.14/x64/lib
2026-09-20T10:03:22.4797655Z   BOS_PGPORT: 32768
2026-09-20T10:03:22.4797968Z   BOS_BATCH_OUTPUT: /home/runner/work/_temp/bos-batch01-35503944302-1
2026-09-20T10:03:22.4798533Z ##[endgroup]
2026-09-20T10:03:28.7395481Z {"label": "postgres-red-p10-003", "status": "EXPECTED_RED", "accepted": true, "exit_code": 1, "observed_test_counts": [1], "duration_seconds": 5.093}
2026-09-20T10:03:33.8258112Z {"label": "postgres-red-f03", "status": "EXPECTED_RED", "accepted": true, "exit_code": 1, "observed_test_counts": [1], "duration_seconds": 5.088}
2026-09-20T10:03:42.1715634Z {"label": "postgres-red-n1-request", "status": "EXPECTED_RED", "accepted": true, "exit_code": 1, "observed_test_counts": [1], "duration_seconds": 8.346}
2026-09-20T10:03:51.5895834Z {"label": "postgres-green-import", "status": "PASS", "accepted": true, "exit_code": 0, "observed_test_counts": [15], "duration_seconds": 9.415}
2026-09-20T10:04:13.0425610Z {"label": "postgres-green-finance", "status": "PASS", "accepted": true, "exit_code": 0, "observed_test_counts": [5], "duration_seconds": 21.451}
2026-09-20T10:04:34.0429739Z {"label": "postgres-green-request-invoice", "status": "PASS", "accepted": true, "exit_code": 0, "observed_test_counts": [4], "duration_seconds": 20.998}
2026-09-20T10:05:09.0745831Z {"label": "postgres-green-n1-ship", "status": "PASS", "accepted": true, "exit_code": 0, "observed_test_counts": [2], "duration_seconds": 35.031}
2026-09-20T10:05:10.2576293Z {"label": "artifact-unit-f06", "status": "PASS", "accepted": true, "exit_code": 0, "observed_test_counts": [5], "duration_seconds": 1.183}
2026-09-20T10:05:10.5864715Z {"label": "source-unit-digest", "status": "PASS", "accepted": true, "exit_code": 0, "observed_test_counts": [2], "duration_seconds": 0.328}
2026-09-20T10:05:10.7961244Z ##[group]Run python3 - <<'PY'
2026-09-20T10:05:10.7961816Z [36;1mpython3 - <<'PY'[0m
2026-09-20T10:05:10.7962335Z [36;1mimport hashlib, json, os, subprocess, sys[0m
2026-09-20T10:05:10.7962981Z [36;1mfrom pathlib import Path[0m
2026-09-20T10:05:10.7963548Z [36;1moutput = Path(os.environ['BOS_BATCH_OUTPUT'])[0m
2026-09-20T10:05:10.7964498Z [36;1moutput.mkdir(parents=True, exist_ok=True)[0m
2026-09-20T10:05:10.7965229Z [36;1mharness = Path('candidate/.github/ci/batch_01_targeted.py')[0m
2026-09-20T10:05:10.7965909Z [36;1mif harness.is_file():[0m
2026-09-20T10:05:10.7966762Z [36;1m    subprocess.run([sys.executable, str(harness), '--output', str(output), '--finalize-only'], check=True)[0m
2026-09-20T10:05:10.7967711Z [36;1melse:[0m
2026-09-20T10:05:10.7968369Z [36;1m    report = {'status': 'BLOCKED_CHECKOUT_OR_SETUP', 'accepted_scoped': False,[0m
2026-09-20T10:05:10.7969399Z [36;1m              'technical_ready': False, 'pilot_allowed': False, 'full_run': False,[0m
2026-09-20T10:05:10.7970430Z [36;1m              'business_e2e_run': False, 'reason': 'Candidate harness unavailable; tests not run.'}[0m
2026-09-20T10:05:10.7971469Z [36;1m    (output / 'report.json').write_text(json.dumps(report, indent=2) + '\n')[0m
2026-09-20T10:05:10.7972546Z [36;1m    files = {p.relative_to(output).as_posix(): {'sha256': hashlib.sha256(p.read_bytes()).hexdigest(),[0m
2026-09-20T10:05:10.7974077Z [36;1m             'bytes': p.stat().st_size} for p in output.rglob('*') if p.is_file() and p.name != 'sha256-index.json'}[0m
2026-09-20T10:05:10.7975541Z [36;1m    (output / 'sha256-index.json').write_text(json.dumps({'schema': 'bos.batch01.sha256.v1', 'files': files}, indent=2) + '\n')[0m
2026-09-20T10:05:10.7976570Z [36;1mPY[0m
2026-09-20T10:05:10.8029693Z shell: /usr/bin/bash -e {0}
2026-09-20T10:05:10.8030161Z env:
2026-09-20T10:05:10.8030512Z   PYTHONUTF8: 1
2026-09-20T10:05:10.8030930Z   PYTHONDONTWRITEBYTECODE: 1
2026-09-20T10:05:10.8031386Z   BOS_DATA_MODE: demo
2026-09-20T10:05:10.8031809Z   BOS_PG_DISPOSABLE: 1
2026-09-20T10:05:10.8032212Z   BOS_PGHOST: 127.0.0.1
2026-09-20T10:05:10.8032607Z   BOS_PGUSER: bos_ci
2026-09-20T10:05:10.8033030Z   BOS_PGPASSWORD: bos_synthetic_ci_only
2026-09-20T10:05:10.8033941Z   BOS_BATCH_CANDIDATE_SHA: aecf8ee1f556b60f3fa34b66a001372e332d02ab
2026-09-20T10:05:10.8034740Z   pythonLocation: /opt/hostedtoolcache/Python/3.12.14/x64
2026-09-20T10:05:10.8035822Z   PKG_CONFIG_PATH: /opt/hostedtoolcache/Python/3.12.14/x64/lib/pkgconfig
2026-09-20T10:05:10.8036633Z   Python_ROOT_DIR: /opt/hostedtoolcache/Python/3.12.14/x64
2026-09-20T10:05:10.8037376Z   Python2_ROOT_DIR: /opt/hostedtoolcache/Python/3.12.14/x64
2026-09-20T10:05:10.8038110Z   Python3_ROOT_DIR: /opt/hostedtoolcache/Python/3.12.14/x64
2026-09-20T10:05:10.8038883Z   LD_LIBRARY_PATH: /opt/hostedtoolcache/Python/3.12.14/x64/lib
2026-09-20T10:05:10.8039684Z   BOS_BATCH_OUTPUT: /home/runner/work/_temp/bos-batch01-35503944302-1
2026-09-20T10:05:10.8040356Z ##[endgroup]
2026-09-20T10:05:10.9420885Z Node 20 is being deprecated. This workflow is running with Node 24 by default. If you need to temporarily use Node 20, you can set the ACTIONS_ALLOW_USE_UNSECURE_NODE_VERSION=true environment variable. For more information see: https://github.blog/changelog/2025-09-19-deprecation-of-node-20-on-github-actions-runners/
2026-09-20T10:05:10.9422312Z ##[group]Run actions/upload-artifact@ea165f8d65b6e75b540449e92b4886f43607fa02
2026-09-20T10:05:10.9422730Z with:
2026-09-20T10:05:10.9422962Z   name: bos-batch01-targeted-35503944302-1
2026-09-20T10:05:10.9423307Z   path: /home/runner/work/_temp/bos-batch01-35503944302-1
2026-09-20T10:05:10.9423937Z   if-no-files-found: error
2026-09-20T10:05:10.9424185Z   retention-days: 30
2026-09-20T10:05:10.9424409Z   compression-level: 6
2026-09-20T10:05:10.9424630Z   overwrite: false
2026-09-20T10:05:10.9424860Z   include-hidden-files: false
2026-09-20T10:05:10.9425094Z env:
2026-09-20T10:05:10.9425281Z   PYTHONUTF8: 1
2026-09-20T10:05:10.9425538Z   PYTHONDONTWRITEBYTECODE: 1
2026-09-20T10:05:10.9425794Z   BOS_DATA_MODE: demo
2026-09-20T10:05:10.9426009Z   BOS_PG_DISPOSABLE: 1
2026-09-20T10:05:10.9426227Z   BOS_PGHOST: 127.0.0.1
2026-09-20T10:05:10.9426446Z   BOS_PGUSER: bos_ci
2026-09-20T10:05:10.9426677Z   BOS_PGPASSWORD: bos_synthetic_ci_only
2026-09-20T10:05:10.9427031Z   BOS_BATCH_CANDIDATE_SHA: aecf8ee1f556b60f3fa34b66a001372e332d02ab
2026-09-20T10:05:10.9427452Z   pythonLocation: /opt/hostedtoolcache/Python/3.12.14/x64
2026-09-20T10:05:10.9427876Z   PKG_CONFIG_PATH: /opt/hostedtoolcache/Python/3.12.14/x64/lib/pkgconfig
2026-09-20T10:05:10.9428299Z   Python_ROOT_DIR: /opt/hostedtoolcache/Python/3.12.14/x64
2026-09-20T10:05:10.9428686Z   Python2_ROOT_DIR: /opt/hostedtoolcache/Python/3.12.14/x64
2026-09-20T10:05:10.9429077Z   Python3_ROOT_DIR: /opt/hostedtoolcache/Python/3.12.14/x64
2026-09-20T10:05:10.9429463Z   LD_LIBRARY_PATH: /opt/hostedtoolcache/Python/3.12.14/x64/lib
2026-09-20T10:05:10.9429792Z ##[endgroup]
2026-09-20T10:05:11.1324611Z (node:3495) [DEP0040] DeprecationWarning: The `punycode` module is deprecated. Please use a userland alternative instead.
2026-09-20T10:05:11.1326173Z (Use `node --trace-deprecation ...` to show where the warning was created)
2026-09-20T10:05:11.1736780Z With the provided path, there will be 23 files uploaded
2026-09-20T10:05:11.1738083Z Artifact name is valid!
2026-09-20T10:05:11.1738874Z Root directory input is valid!
2026-09-20T10:05:11.3834285Z Beginning upload of artifact content to blob storage
2026-09-20T10:05:11.4633506Z (node:3495) [DEP0169] DeprecationWarning: `url.parse()` behavior is not standardized and prone to errors that have security implications. Use the WHATWG URL API instead. CVEs are not issued for `url.parse()` vulnerabilities.
2026-09-20T10:05:11.4935180Z Uploaded bytes 28579
2026-09-20T10:05:11.5079888Z Finished uploading artifact content to blob storage!
2026-09-20T10:05:11.5081269Z SHA256 digest of uploaded artifact zip is 542a3c5975a0a4e1533f0f744bf3ad57e2f0f111afe232f04fb4efaf28185247
2026-09-20T10:05:11.5082553Z Finalizing artifact upload
2026-09-20T10:05:11.7116899Z Artifact bos-batch01-targeted-35503944302-1.zip successfully finalized. Artifact ID 10603616377
2026-09-20T10:05:11.7118704Z Artifact bos-batch01-targeted-35503944302-1 has been successfully uploaded! Final size is 28579 bytes. Artifact ID is 10603616377
2026-09-20T10:05:11.7120497Z Artifact download URL: https://github.com/vladduk-A-W-F/BOS/actions/runs/35503944302/artifacts/10603616377
2026-09-20T10:05:11.7284301Z Post job cleanup.
2026-09-20T10:05:11.8834936Z Post job cleanup.
2026-09-20T10:05:12.0039416Z [command]/usr/bin/git version
2026-09-20T10:05:12.0103486Z git version 2.55.0
2026-09-20T10:05:12.0177916Z Temporarily overriding HOME='/home/runner/work/_temp/a4196841-57a9-4d37-907c-60563ff183da' before making global git config changes
2026-09-20T10:05:12.0179504Z Adding repository directory to the temporary git global config as a safe directory
2026-09-20T10:05:12.0180609Z [command]/usr/bin/git config --global --add safe.directory /home/runner/work/BOS/BOS/baseline
2026-09-20T10:05:12.0244791Z Removing SSH command configuration
2026-09-20T10:05:12.0245737Z [command]/usr/bin/git config --local --name-only --get-regexp core\.sshCommand
2026-09-20T10:05:12.0340591Z [command]/usr/bin/git submodule foreach --recursive sh -c "git config --local --name-only --get-regexp 'core\.sshCommand' && git config --local --unset-all 'core.sshCommand' || :"
2026-09-20T10:05:12.0691376Z Removing HTTP extra header
2026-09-20T10:05:12.0692503Z [command]/usr/bin/git config --local --name-only --get-regexp http\.https\:\/\/github\.com\/\.extraheader
2026-09-20T10:05:12.0773285Z [command]/usr/bin/git submodule foreach --recursive sh -c "git config --local --name-only --get-regexp 'http\.https\:\/\/github\.com\/\.extraheader' && git config --local --unset-all 'http.https://github.com/.extraheader' || :"
2026-09-20T10:05:12.1116761Z Removing includeIf entries pointing to credentials config files
2026-09-20T10:05:12.1117843Z [command]/usr/bin/git config --local --name-only --get-regexp ^includeIf\.gitdir:
2026-09-20T10:05:12.1209836Z [command]/usr/bin/git submodule foreach --recursive git config --local --show-origin --name-only --get-regexp remote.origin.url
2026-09-20T10:05:12.2216504Z Post job cleanup.
2026-09-20T10:05:12.3269587Z [command]/usr/bin/git version
2026-09-20T10:05:12.3314316Z git version 2.55.0
2026-09-20T10:05:12.3368810Z Temporarily overriding HOME='/home/runner/work/_temp/5661625a-3296-419d-861e-1700716f1619' before making global git config changes
2026-09-20T10:05:12.3371215Z Adding repository directory to the temporary git global config as a safe directory
2026-09-20T10:05:12.3389558Z [command]/usr/bin/git config --global --add safe.directory /home/runner/work/BOS/BOS/candidate
2026-09-20T10:05:12.3465212Z Removing SSH command configuration
2026-09-20T10:05:12.3484740Z [command]/usr/bin/git config --local --name-only --get-regexp core\.sshCommand
2026-09-20T10:05:12.3582750Z [command]/usr/bin/git submodule foreach --recursive sh -c "git config --local --name-only --get-regexp 'core\.sshCommand' && git config --local --unset-all 'core.sshCommand' || :"
2026-09-20T10:05:12.3952958Z Removing HTTP extra header
2026-09-20T10:05:12.3954577Z [command]/usr/bin/git config --local --name-only --get-regexp http\.https\:\/\/github\.com\/\.extraheader
2026-09-20T10:05:12.4035804Z [command]/usr/bin/git submodule foreach --recursive sh -c "git config --local --name-only --get-regexp 'http\.https\:\/\/github\.com\/\.extraheader' && git config --local --unset-all 'http.https://github.com/.extraheader' || :"
2026-09-20T10:05:12.4414543Z Removing includeIf entries pointing to credentials config files
2026-09-20T10:05:12.4444533Z [command]/usr/bin/git config --local --name-only --get-regexp ^includeIf\.gitdir:
2026-09-20T10:05:12.4525275Z [command]/usr/bin/git submodule foreach --recursive git config --local --show-origin --name-only --get-regexp remote.origin.url
2026-09-20T10:05:12.5055539Z Print service container logs: 08f8fc3f6e7040feb8e25e282c964769_postgres16_e14797
2026-09-20T10:05:12.5061235Z ##[command]/usr/bin/docker logs --details 74475f79ab9cf270af0266323c3fba908f35eb2f3b39d7e9bb7f8f4bf33eb708
2026-09-20T10:05:12.5322634Z  initdb: warning: enabling "trust" authentication for local connections
2026-09-20T10:05:12.5324062Z  The files belonging to this database system will be owned by user "postgres".
2026-09-20T10:05:12.5334848Z  initdb: hint: You can change this by editing pg_hba.conf or using the option -A, or --auth-local and --auth-host, the next time you run initdb.
2026-09-20T10:05:12.5336669Z  This user must also own the server process.
2026-09-20T10:05:12.5337428Z  
2026-09-20T10:05:12.5338343Z  The database cluster will be initialized with locale "en_US.utf8".
2026-09-20T10:05:12.5339298Z  The default database encoding has accordingly been set to "UTF8".
2026-09-20T10:05:12.5340214Z  The default text search configuration will be set to "english".
2026-09-20T10:05:12.5341251Z  
2026-09-20T10:05:12.5342561Z  2026-09-20 10:03:00.488 UTC [1] LOG:  starting PostgreSQL 16.15 (Debian 16.15-1.pgdg13+2) on x86_64-pc-linux-gnu, compiled by gcc (Debian 14.2.0-19) 14.2.0, 64-bit
2026-09-20T10:05:12.5343258Z  Data page checksums are disabled.
2026-09-20T10:05:12.5344336Z  2026-09-20 10:03:00.489 UTC [1] LOG:  listening on IPv4 address "0.0.0.0", port 5432
2026-09-20T10:05:12.5345214Z  2026-09-20 10:03:00.489 UTC [1] LOG:  listening on IPv6 address "::", port 5432
2026-09-20T10:05:12.5346211Z  2026-09-20 10:03:00.489 UTC [1] LOG:  listening on Unix socket "/var/run/postgresql/.s.PGSQL.5432"
2026-09-20T10:05:12.5347206Z  2026-09-20 10:03:00.492 UTC [63] LOG:  database system was shut down at 2026-09-20 10:03:00 UTC
2026-09-20T10:05:12.5348106Z  2026-09-20 10:03:00.496 UTC [1] LOG:  database system is ready to accept connections
2026-09-20T10:05:12.5348932Z  2026-09-20 10:03:28.477 UTC [61] LOG:  checkpoint starting: immediate force wait
2026-09-20T10:05:12.5350053Z  2026-09-20 10:03:28.490 UTC [61] LOG:  checkpoint complete: wrote 929 buffers (5.7%); 1 WAL file(s) added, 0 removed, 0 recycled; write=0.006 s, sync=0.001 s, total=0.013 s; sync files=305, longest=0.001 s, average=0.000 s; distance=10794 kB, estimate=10794 kB; lsn=0/1F7D4D0, redo lsn=0/1F7D498
2026-09-20T10:05:12.5351148Z  2026-09-20 10:03:28.728 UTC [61] LOG:  checkpoint starting: immediate force wait
2026-09-20T10:05:12.5352195Z  2026-09-20 10:03:28.729 UTC [61] LOG:  checkpoint complete: wrote 2 buffers (0.0%); 0 WAL file(s) added, 0 removed, 0 recycled; write=0.001 s, sync=0.001 s, total=0.001 s; sync files=2, longest=0.001 s, average=0.001 s; distance=1 kB, estimate=9715 kB; lsn=0/1F7DA38, redo lsn=0/1F7DA00
2026-09-20T10:05:12.5353260Z  2026-09-20 10:03:33.403 UTC [117] ERROR:  value too long for type character varying(30)
2026-09-20T10:05:12.5355111Z  2026-09-20 10:03:33.403 UTC [117] STATEMENT:  INSERT INTO "operations_invoice" ("code", "customer_id", "amount", "paid", "currency", "due_date") VALUES ('C03-RACE-DUP-IMPORT-EUR-80499bd7', 1, 17.39, 0.00, 'EUR', '2026-09-30'::date) RETURNING "operations_invoice"."id"
2026-09-20T10:05:12.5356940Z  2026-09-20 10:03:33.406 UTC [117] ERROR:  value too long for type character varying(30)
2026-09-20T10:05:12.5358777Z  2026-09-20 10:03:33.406 UTC [117] STATEMENT:  INSERT INTO "operations_invoice" ("code", "customer_id", "amount", "paid", "currency", "due_date") VALUES ('C03-RACE-DUP-IMPORT-USD-3c09fd6e', 1, 123.45, 0.00, 'USD', '2026-09-30'::date) RETURNING "operations_invoice"."id"
2026-09-20T10:05:12.5360602Z  2026-09-20 10:03:33.408 UTC [117] ERROR:  value too long for type character varying(30)
2026-09-20T10:05:12.5362417Z  2026-09-20 10:03:33.408 UTC [117] STATEMENT:  INSERT INTO "operations_invoice" ("code", "customer_id", "amount", "paid", "currency", "due_date") VALUES ('C03-RACE-DUP-IMPORT-UAH-7d040532', 1, 9801.07, 0.00, 'UAH', '2026-09-30'::date) RETURNING "operations_invoice"."id"
2026-09-20T10:05:12.5363954Z  2026-09-20 10:03:33.541 UTC [61] LOG:  checkpoint starting: immediate force wait
2026-09-20T10:05:12.5365117Z  2026-09-20 10:03:33.547 UTC [61] LOG:  checkpoint complete: wrote 967 buffers (5.9%); 0 WAL file(s) added, 0 removed, 1 recycled; write=0.006 s, sync=0.001 s, total=0.007 s; sync files=313, longest=0.001 s, average=0.000 s; distance=11427 kB, estimate=11427 kB; lsn=0/2AA6880, redo lsn=0/2AA6848
2026-09-20T10:05:12.5366191Z  2026-09-20 10:03:33.818 UTC [61] LOG:  checkpoint starting: immediate force wait
2026-09-20T10:05:12.5367228Z  2026-09-20 10:03:33.818 UTC [61] LOG:  checkpoint complete: wrote 2 buffers (0.0%); 0 WAL file(s) added, 0 removed, 0 recycled; write=0.001 s, sync=0.001 s, total=0.001 s; sync files=2, longest=0.001 s, average=0.001 s; distance=1 kB, estimate=10284 kB; lsn=0/2AA6F30, redo lsn=0/2AA6EF8
2026-09-20T10:05:12.5368421Z  2026-09-20 10:03:38.681 UTC [131] ERROR:  value too long for type character varying(30)
2026-09-20T10:05:12.5369860Z  2026-09-20 10:03:38.681 UTC [131] STATEMENT:  INSERT INTO "operations_procurementrequest" ("code", "part", "revision", "quantity", "unit", "currency", "required_by", "owner_id", "document_id", "details", "status") VALUES (' AAAAAAAAAAAAAAAAAAAAAAAAAAAAAA', 'Синтетична деталь', 'A', 2, 'шт.', 'EUR', '2026-10-01'::date, 1, 1, '{}'::jsonb, 'review') RETURNING "operations_procurementrequest"."id"
2026-09-20T10:05:12.5371291Z  2026-09-20 10:03:38.960 UTC [131] ERROR:  value too long for type character varying(30)
2026-09-20T10:05:12.5372640Z  2026-09-20 10:03:38.960 UTC [131] STATEMENT:  INSERT INTO "operations_procurementrequest" ("code", "part", "revision", "quantity", "unit", "currency", "required_by", "owner_id", "document_id", "details", "status") VALUES (' ЇЇЇЇЇЇЇЇЇЇЇЇЇЇЇЇЇЇЇЇЇЇЇЇЇЇЇЇЇЇ', 'Синтетична деталь', 'A', 2, 'шт.', 'EUR', '2026-10-01'::date, 1, 1, '{}'::jsonb, 'review') RETURNING "operations_procurementrequest"."id"
2026-09-20T10:05:12.5374433Z  2026-09-20 10:03:39.227 UTC [131] ERROR:  value too long for type character varying(30)
2026-09-20T10:05:12.5375845Z  2026-09-20 10:03:39.227 UTC [131] STATEMENT:  INSERT INTO "operations_procurementrequest" ("code", "part", "revision", "quantity", "unit", "currency", "required_by", "owner_id", "document_id", "details", "status") VALUES (' 🙂🙂🙂🙂🙂🙂🙂🙂🙂🙂🙂🙂🙂🙂🙂🙂🙂🙂🙂🙂🙂🙂🙂🙂🙂🙂🙂🙂🙂🙂', 'Синтетична деталь', 'A', 2, 'шт.', 'EUR', '2026-10-01'::date, 1, 1, '{}'::jsonb, 'review') RETURNING "operations_procurementrequest"."id"
2026-09-20T10:05:12.5377225Z  2026-09-20 10:03:39.494 UTC [131] ERROR:  value too long for type character varying(120)
2026-09-20T10:05:12.5379082Z  2026-09-20 10:03:39.494 UTC [131] STATEMENT:  INSERT INTO "operations_procurementrequest" ("code", "part", "revision", "quantity", "unit", "currency", "required_by", "owner_id", "document_id", "details", "status") VALUES ('N1-R-12', ' AAAAAAAAAAAAAAAAAAAAAAAAAAAAAAAAAAAAAAAAAAAAAAAAAAAAAAAAAAAAAAAAAAAAAAAAAAAAAAAAAAAAAAAAAAAAAAAAAAAAAAAAAAAAAAAAAAAAAAAA', 'A', 2, 'шт.', 'EUR', '2026-10-01'::date, 1, 1, '{}'::jsonb, 'review') RETURNING "operations_procurementrequest"."id"
2026-09-20T10:05:12.5380972Z  2026-09-20 10:03:39.761 UTC [131] ERROR:  value too long for type character varying(120)
2026-09-20T10:05:12.5382459Z  2026-09-20 10:03:39.761 UTC [131] STATEMENT:  INSERT INTO "operations_procurementrequest" ("code", "part", "revision", "quantity", "unit", "currency", "required_by", "owner_id", "document_id", "details", "status") VALUES ('N1-R-15', ' ЇЇЇЇЇЇЇЇЇЇЇЇЇЇЇЇЇЇЇЇЇЇЇЇЇЇЇЇЇЇЇЇЇЇЇЇЇЇЇЇЇЇЇЇЇЇЇЇЇЇЇЇЇЇЇЇЇЇЇЇЇЇЇЇЇЇЇЇЇЇЇЇЇЇЇЇЇЇЇЇЇЇЇЇЇЇЇЇЇЇЇЇЇЇЇЇЇЇЇЇЇЇЇЇЇЇЇЇЇЇЇЇЇЇЇЇЇЇЇЇ', 'A', 2, 'шт.', 'EUR', '2026-10-01'::date, 1, 1, '{}'::jsonb, 'review') RETURNING "operations_procurementrequest"."id"
2026-09-20T10:05:12.5384241Z  2026-09-20 10:03:40.032 UTC [131] ERROR:  value too long for type character varying(120)
2026-09-20T10:05:12.5386895Z  2026-09-20 10:03:40.032 UTC [131] STATEMENT:  INSERT INTO "operations_procurementrequest" ("code", "part", "revision", "quantity", "unit", "currency", "required_by", "owner_id", "document_id", "details", "status") VALUES ('N1-R-18', ' 🙂🙂🙂🙂🙂🙂🙂🙂🙂🙂🙂🙂🙂🙂🙂🙂🙂🙂🙂🙂🙂🙂🙂🙂🙂🙂🙂🙂🙂🙂🙂🙂🙂🙂🙂🙂🙂🙂🙂🙂🙂🙂🙂🙂🙂🙂🙂🙂🙂🙂🙂🙂🙂🙂🙂🙂🙂🙂🙂🙂🙂🙂🙂🙂🙂🙂🙂🙂🙂🙂🙂🙂🙂🙂🙂🙂🙂🙂🙂🙂🙂🙂🙂🙂🙂🙂🙂🙂🙂🙂🙂🙂🙂🙂🙂🙂🙂🙂🙂🙂🙂🙂🙂🙂🙂🙂🙂🙂🙂🙂🙂🙂🙂🙂🙂🙂🙂🙂🙂🙂', 'A', 2, 'шт.', 'EUR', '2026-10-01'::date, 1, 1, '{}'::jsonb, 'review') RETURNING "operations_procurementrequest"."id"
2026-09-20T10:05:12.5388694Z  2026-09-20 10:03:40.342 UTC [131] ERROR:  value too long for type character varying(40)
2026-09-20T10:05:12.5390189Z  2026-09-20 10:03:40.342 UTC [131] STATEMENT:  INSERT INTO "operations_procurementrequest" ("code", "part", "revision", "quantity", "unit", "currency", "required_by", "owner_id", "document_id", "details", "status") VALUES ('N1-R-21', 'Синтетична деталь', ' AAAAAAAAAAAAAAAAAAAAAAAAAAAAAAAAAAAAAAAA', 2, 'шт.', 'EUR', '2026-10-01'::date, 1, 1, '{}'::jsonb, 'review') RETURNING "operations_procurementrequest"."id"
2026-09-20T10:05:12.5392119Z  2026-09-20 10:03:40.643 UTC [131] ERROR:  value too long for type character varying(40)
2026-09-20T10:05:12.5393510Z  2026-09-20 10:03:40.643 UTC [131] STATEMENT:  INSERT INTO "operations_procurementrequest" ("code", "part", "revision", "quantity", "unit", "currency", "required_by", "owner_id", "document_id", "details", "status") VALUES ('N1-R-24', 'Синтетична деталь', ' ЇЇЇЇЇЇЇЇЇЇЇЇЇЇЇЇЇЇЇЇЇЇЇЇЇЇЇЇЇЇЇЇЇЇЇЇЇЇЇЇ', 2, 'шт.', 'EUR', '2026-10-01'::date, 1, 1, '{}'::jsonb, 'review') RETURNING "operations_procurementrequest"."id"
2026-09-20T10:05:12.5395160Z  2026-09-20 10:03:40.957 UTC [131] ERROR:  value too long for type character varying(40)
2026-09-20T10:05:12.5396608Z  2026-09-20 10:03:40.957 UTC [131] STATEMENT:  INSERT INTO "operations_procurementrequest" ("code", "part", "revision", "quantity", "unit", "currency", "required_by", "owner_id", "document_id", "details", "status") VALUES ('N1-R-27', 'Синтетична деталь', ' 🙂🙂🙂🙂🙂🙂🙂🙂🙂🙂🙂🙂🙂🙂🙂🙂🙂🙂🙂🙂🙂🙂🙂🙂🙂🙂🙂🙂🙂🙂🙂🙂🙂🙂🙂🙂🙂🙂🙂🙂', 2, 'шт.', 'EUR', '2026-10-01'::date, 1, 1, '{}'::jsonb, 'review') RETURNING "operations_procurementrequest"."id"
2026-09-20T10:05:12.5398038Z  2026-09-20 10:03:41.268 UTC [131] ERROR:  value too long for type character varying(20)
2026-09-20T10:05:12.5399390Z  2026-09-20 10:03:41.268 UTC [131] STATEMENT:  INSERT INTO "operations_procurementrequest" ("code", "part", "revision", "quantity", "unit", "currency", "required_by", "owner_id", "document_id", "details", "status") VALUES ('N1-R-30', 'Синтетична деталь', 'A', 2, ' AAAAAAAAAAAAAAAAAAAA', 'EUR', '2026-10-01'::date, 1, 1, '{}'::jsonb, 'review') RETURNING "operations_procurementrequest"."id"
2026-09-20T10:05:12.5400754Z  2026-09-20 10:03:41.554 UTC [131] ERROR:  value too long for type character varying(20)
2026-09-20T10:05:12.5402076Z  2026-09-20 10:03:41.554 UTC [131] STATEMENT:  INSERT INTO "operations_procurementrequest" ("code", "part", "revision", "quantity", "unit", "currency", "required_by", "owner_id", "document_id", "details", "status") VALUES ('N1-R-33', 'Синтетична деталь', 'A', 2, ' ЇЇЇЇЇЇЇЇЇЇЇЇЇЇЇЇЇЇЇЇ', 'EUR', '2026-10-01'::date, 1, 1, '{}'::jsonb, 'review') RETURNING "operations_procurementrequest"."id"
2026-09-20T10:05:12.5403388Z  2026-09-20 10:03:41.829 UTC [131] ERROR:  value too long for type character varying(20)
2026-09-20T10:05:12.5405034Z  2026-09-20 10:03:41.829 UTC [131] STATEMENT:  INSERT INTO "operations_procurementrequest" ("code", "part", "revision", "quantity", "unit", "currency", "required_by", "owner_id", "document_id", "details", "status") VALUES ('N1-R-36', 'Синтетична деталь', 'A', 2, ' 🙂🙂🙂🙂🙂🙂🙂🙂🙂🙂🙂🙂🙂🙂🙂🙂🙂🙂🙂🙂', 'EUR', '2026-10-01'::date, 1, 1, '{}'::jsonb, 'review') RETURNING "operations_procurementrequest"."id"
2026-09-20T10:05:12.5406382Z  2026-09-20 10:03:41.881 UTC [61] LOG:  checkpoint starting: immediate force wait
2026-09-20T10:05:12.5407745Z  2026-09-20 10:03:41.887 UTC [61] LOG:  checkpoint complete: wrote 937 buffers (5.7%); 0 WAL file(s) added, 0 removed, 1 recycled; write=0.006 s, sync=0.001 s, total=0.007 s; sync files=304, longest=0.001 s, average=0.000 s; distance=10958 kB, estimate=10958 kB; lsn=0/355AA48, redo lsn=0/355AA10
2026-09-20T10:05:12.5408859Z  2026-09-20 10:03:42.161 UTC [61] LOG:  checkpoint starting: immediate force wait
2026-09-20T10:05:12.5409907Z  2026-09-20 10:03:42.162 UTC [61] LOG:  checkpoint complete: wrote 2 buffers (0.0%); 0 WAL file(s) added, 0 removed, 0 recycled; write=0.001 s, sync=0.001 s, total=0.001 s; sync files=2, longest=0.001 s, average=0.001 s; distance=1 kB, estimate=9863 kB; lsn=0/355B240, redo lsn=0/355B208
2026-09-20T10:05:12.5410950Z  2026-09-20 10:03:51.174 UTC [61] LOG:  checkpoint starting: immediate force wait
2026-09-20T10:05:12.5412139Z  2026-09-20 10:03:51.180 UTC [61] LOG:  checkpoint complete: wrote 937 buffers (5.7%); 0 WAL file(s) added, 0 removed, 1 recycled; write=0.006 s, sync=0.001 s, total=0.007 s; sync files=304, longest=0.001 s, average=0.000 s; distance=12997 kB, estimate=12997 kB; lsn=0/420C710, redo lsn=0/420C6D8
2026-09-20T10:05:12.5413210Z  2026-09-20 10:03:51.580 UTC [61] LOG:  checkpoint starting: immediate force wait
2026-09-20T10:05:12.5414533Z  2026-09-20 10:03:51.581 UTC [61] LOG:  checkpoint complete: wrote 2 buffers (0.0%); 0 WAL file(s) added, 0 removed, 0 recycled; write=0.001 s, sync=0.001 s, total=0.001 s; sync files=2, longest=0.001 s, average=0.001 s; distance=2 kB, estimate=11697 kB; lsn=0/420D050, redo lsn=0/420D018
2026-09-20T10:05:12.5415593Z  2026-09-20 10:04:12.746 UTC [61] LOG:  checkpoint starting: immediate force wait
2026-09-20T10:05:12.5416669Z  2026-09-20 10:04:12.752 UTC [61] LOG:  checkpoint complete: wrote 938 buffers (5.7%); 0 WAL file(s) added, 0 removed, 0 recycled; write=0.006 s, sync=0.001 s, total=0.007 s; sync files=304, longest=0.001 s, average=0.000 s; distance=13143 kB, estimate=13143 kB; lsn=0/4EE2E68, redo lsn=0/4EE2E30
2026-09-20T10:05:12.5417741Z  2026-09-20 10:04:13.034 UTC [61] LOG:  checkpoint starting: immediate force wait
2026-09-20T10:05:12.5418789Z  2026-09-20 10:04:13.034 UTC [61] LOG:  checkpoint complete: wrote 2 buffers (0.0%); 0 WAL file(s) added, 0 removed, 0 recycled; write=0.001 s, sync=0.001 s, total=0.001 s; sync files=2, longest=0.001 s, average=0.001 s; distance=2 kB, estimate=11829 kB; lsn=0/4EE38F0, redo lsn=0/4EE38B8
2026-09-20T10:05:12.5419825Z  2026-09-20 10:04:33.725 UTC [61] LOG:  checkpoint starting: immediate force wait
2026-09-20T10:05:12.5420905Z  2026-09-20 10:04:33.731 UTC [61] LOG:  checkpoint complete: wrote 937 buffers (5.7%); 0 WAL file(s) added, 0 removed, 1 recycled; write=0.006 s, sync=0.001 s, total=0.007 s; sync files=304, longest=0.001 s, average=0.000 s; distance=11960 kB, estimate=11960 kB; lsn=0/5A91A70, redo lsn=0/5A91A38
2026-09-20T10:05:12.5421982Z  2026-09-20 10:04:34.034 UTC [61] LOG:  checkpoint starting: immediate force wait
2026-09-20T10:05:12.5423025Z  2026-09-20 10:04:34.034 UTC [61] LOG:  checkpoint complete: wrote 2 buffers (0.0%); 0 WAL file(s) added, 0 removed, 0 recycled; write=0.001 s, sync=0.001 s, total=0.001 s; sync files=2, longest=0.001 s, average=0.001 s; distance=2 kB, estimate=10764 kB; lsn=0/5A92658, redo lsn=0/5A92620
2026-09-20T10:05:12.5424338Z  2026-09-20 10:05:08.784 UTC [61] LOG:  checkpoint starting: immediate force wait
2026-09-20T10:05:12.5425409Z  2026-09-20 10:05:08.790 UTC [61] LOG:  checkpoint complete: wrote 937 buffers (5.7%); 0 WAL file(s) added, 0 removed, 1 recycled; write=0.006 s, sync=0.001 s, total=0.007 s; sync files=304, longest=0.001 s, average=0.000 s; distance=12410 kB, estimate=12410 kB; lsn=0/66B0FA8, redo lsn=0/66B0F70
2026-09-20T10:05:12.5426482Z  2026-09-20 10:05:09.067 UTC [61] LOG:  checkpoint starting: immediate force wait
2026-09-20T10:05:12.5427525Z  2026-09-20 10:05:09.067 UTC [61] LOG:  checkpoint complete: wrote 2 buffers (0.0%); 0 WAL file(s) added, 0 removed, 0 recycled; write=0.001 s, sync=0.001 s, total=0.001 s; sync files=2, longest=0.001 s, average=0.001 s; distance=3 kB, estimate=11169 kB; lsn=0/66B1CC0, redo lsn=0/66B1C88
2026-09-20T10:05:12.5428507Z  
2026-09-20T10:05:12.5428831Z  fixing permissions on existing directory /var/lib/postgresql/data ... ok
2026-09-20T10:05:12.5429388Z  creating subdirectories ... ok
2026-09-20T10:05:12.5429737Z  selecting dynamic shared memory implementation ... posix
2026-09-20T10:05:12.5430103Z  selecting default max_connections ... 100
2026-09-20T10:05:12.5430417Z  selecting default shared_buffers ... 128MB
2026-09-20T10:05:12.5430724Z  selecting default time zone ... Etc/UTC
2026-09-20T10:05:12.5431031Z  creating configuration files ... ok
2026-09-20T10:05:12.5431317Z  running bootstrap script ... ok
2026-09-20T10:05:12.5431629Z  performing post-bootstrap initialization ... ok
2026-09-20T10:05:12.5432089Z  syncing data to disk ... ok
2026-09-20T10:05:12.5432331Z  
2026-09-20T10:05:12.5432512Z  
2026-09-20T10:05:12.5432758Z  Success. You can now start the database server using:
2026-09-20T10:05:12.5433067Z  
2026-09-20T10:05:12.5433315Z      pg_ctl -D /var/lib/postgresql/data -l logfile start
2026-09-20T10:05:12.5433854Z  
2026-09-20T10:05:12.5434534Z  waiting for server to start....2026-09-20 10:03:00.246 UTC [49] LOG:  starting PostgreSQL 16.15 (Debian 16.15-1.pgdg13+2) on x86_64-pc-linux-gnu, compiled by gcc (Debian 14.2.0-19) 14.2.0, 64-bit
2026-09-20T10:05:12.5435429Z  2026-09-20 10:03:00.247 UTC [49] LOG:  listening on Unix socket "/var/run/postgresql/.s.PGSQL.5432"
2026-09-20T10:05:12.5436015Z  2026-09-20 10:03:00.249 UTC [52] LOG:  database system was shut down at 2026-09-20 10:03:00 UTC
2026-09-20T10:05:12.5436553Z  2026-09-20 10:03:00.252 UTC [49] LOG:  database system is ready to accept connections
2026-09-20T10:05:12.5436946Z   done
2026-09-20T10:05:12.5437150Z  server started
2026-09-20T10:05:12.5437364Z  
2026-09-20T10:05:12.5437695Z  /usr/local/bin/docker-entrypoint.sh: ignoring /docker-entrypoint-initdb.d/*
2026-09-20T10:05:12.5438101Z  
2026-09-20T10:05:12.5438378Z  2026-09-20 10:03:00.366 UTC [49] LOG:  received fast shutdown request
2026-09-20T10:05:12.5438832Z  2026-09-20 10:03:00.366 UTC [49] LOG:  aborting any active transactions
2026-09-20T10:05:12.5439542Z  waiting for server to shut down....2026-09-20 10:03:00.369 UTC [49] LOG:  background worker "logical replication launcher" (PID 55) exited with exit code 1
2026-09-20T10:05:12.5440206Z  2026-09-20 10:03:00.369 UTC [50] LOG:  shutting down
2026-09-20T10:05:12.5440628Z  2026-09-20 10:03:00.369 UTC [50] LOG:  checkpoint starting: shutdown immediate
2026-09-20T10:05:12.5441696Z  2026-09-20 10:03:00.370 UTC [50] LOG:  checkpoint complete: wrote 3 buffers (0.0%); 0 WAL file(s) added, 0 removed, 0 recycled; write=0.001 s, sync=0.001 s, total=0.001 s; sync files=2, longest=0.001 s, average=0.001 s; distance=0 kB, estimate=0 kB; lsn=0/14F2AE0, redo lsn=0/14F2AE0
2026-09-20T10:05:12.5442744Z  2026-09-20 10:03:00.374 UTC [49] LOG:  database system is shut down
2026-09-20T10:05:12.5443098Z   done
2026-09-20T10:05:12.5443305Z  server stopped
2026-09-20T10:05:12.5443517Z  
2026-09-20T10:05:12.5444025Z  PostgreSQL init process complete; ready for start up.
2026-09-20T10:05:12.5444358Z  
2026-09-20T10:05:12.5450330Z Stop and remove container: 08f8fc3f6e7040feb8e25e282c964769_postgres16_e14797
2026-09-20T10:05:12.5456257Z ##[command]/usr/bin/docker rm --force 74475f79ab9cf270af0266323c3fba908f35eb2f3b39d7e9bb7f8f4bf33eb708
2026-09-20T10:05:12.7014762Z 74475f79ab9cf270af0266323c3fba908f35eb2f3b39d7e9bb7f8f4bf33eb708
2026-09-20T10:05:12.7050564Z Remove container network: github_network_bf24bd3fcc634178afb6c68351abf641
2026-09-20T10:05:12.7058554Z ##[command]/usr/bin/docker network rm github_network_bf24bd3fcc634178afb6c68351abf641
2026-09-20T10:05:12.7874901Z github_network_bf24bd3fcc634178afb6c68351abf641
2026-09-20T10:05:12.7934818Z Cleaning up orphan processes
2026-09-20T10:05:12.8270096Z ##[warning]Node.js 20 is deprecated. The following actions target Node.js 20 but are being forced to run on Node.js 24: actions/upload-artifact@ea165f8d65b6e75b540449e92b4886f43607fa02. For more information see: https://github.blog/changelog/2025-09-19-deprecation-of-node-20-on-github-actions-runners/
