Creating test database for alias 'default' ('/workspace/scratch/c7b51e996a9f/tmp/b03_candidate/check_compat_green.sqlite3_django_test')...
Destroying old test database for alias 'default' ('/workspace/scratch/c7b51e996a9f/tmp/b03_candidate/check_compat_green.sqlite3_django_test')...
Found 55 test(s).
Operations to perform:
  Synchronize unmigrated apps: django_filters, messages, rest_framework, staticfiles
  Apply all migrations: admin, ai_assistant, auth, branches, contenttypes, employees, erp, finance, operations, sessions, tasks
Synchronizing apps without migrations:
  Creating tables...
    Running deferred SQL...
Running migrations:
  Applying contenttypes.0001_initial... OK
  Applying auth.0001_initial... OK
  Applying admin.0001_initial... OK
  Applying admin.0002_logentry_remove_auto_add... OK
  Applying admin.0003_logentry_add_action_flag_choices... OK
  Applying ai_assistant.0001_initial... OK
  Applying ai_assistant.0002_taskchangelog... OK
  Applying ai_assistant.0003_claudeusagelog... OK
  Applying ai_assistant.0004_employeechangelog... OK
  Applying ai_assistant.0005_chatfile... OK
  Applying ai_assistant.0006_alter_chatmessage_created_at_and_more... OK
  Applying ai_assistant.0007_employeechangelog_undone_at... OK
  Applying ai_assistant.0008_chatmessage_archived_at_chatmessage_user_and_more... OK
  Applying ai_assistant.0009_private_documents... OK
  Applying contenttypes.0002_remove_content_type_name... OK
  Applying auth.0002_alter_permission_name_max_length... OK
  Applying auth.0003_alter_user_email_max_length... OK
  Applying auth.0004_alter_user_username_opts... OK
  Applying auth.0005_alter_user_last_login_null... OK
  Applying auth.0006_require_contenttypes_0002... OK
  Applying auth.0007_alter_validators_add_error_messages... OK
  Applying auth.0008_alter_user_username_max_length... OK
  Applying auth.0009_alter_user_last_name_max_length... OK
  Applying auth.0010_alter_group_name_max_length... OK
  Applying auth.0011_update_proxy_permissions... OK
  Applying auth.0012_alter_user_first_name_max_length... OK
  Applying branches.0001_initial... OK
  Applying branches.0002_branch_short_name... OK
  Applying branches.0003_fill_short_names... OK
  Applying employees.0001_initial... OK
  Applying employees.0002_alter_employee_department... OK
  Applying employees.0003_employee_branch... OK
  Applying employees.0004_employee_archived_at... OK
  Applying employees.0005_employee_user... OK
  Applying tasks.0001_initial... OK
  Applying tasks.0002_alter_task_priority... OK
  Applying tasks.0003_alter_task_deadline_alter_task_priority_and_more... OK
  Applying tasks.0004_task_branch... OK
  Applying finance.0001_initial... OK
  Applying finance.0002_alter_salary_unique_together_alter_contract_status_and_more... OK
  Applying finance.0003_transaction_branch... OK
  Applying operations.0001_initial... OK
  Applying operations.0002_actionproposal_user... OK
  Applying operations.0003_loginattempt... OK
  Applying operations.0004_alter_document_options_document_access_level... OK
  Applying operations.0005_invoice_boundaries... OK
  Applying operations.0006_private_documents... OK
  Applying finance.0004_salary_archived_at_transaction_archived_at_and_more... OK
  Applying finance.0005_alter_transaction_branch_alter_transaction_contract_and_more... OK
  Applying finance.0006_financialintent... OK
  Applying finance.0007_money_boundaries... OK
  Applying erp.0001_initial... OK
  Applying erp.0002_row_boundaries... OK
  Applying erp.0003_purchase_source... OK
  Applying erp.0004_initial_import_ledger... OK
  Applying erp.0005_source_corrections... OK
  Applying sessions.0001_initial...test_actual_http_correction_under_low_decimal_context_is_exact (erp.test_corrections.CorrectionTests.test_actual_http_correction_under_low_decimal_context_is_exact) ... ok
test_cancel_remaining_releases_newest_own_reserves_without_gross_or_stock_rewrite (erp.test_corrections.CorrectionTests.test_cancel_remaining_releases_newest_own_reserves_without_gross_or_stock_rewrite) ... ok
test_cancelled_component_purchase_does_not_delay_bom_plan (erp.test_corrections.CorrectionTests.test_cancelled_component_purchase_does_not_delay_bom_plan) ... ok
test_cent_invoice_basis_zero_and_nonzero_budgets_return_then_reversal (erp.test_corrections.CorrectionTests.test_cent_invoice_basis_zero_and_nonzero_budgets_return_then_reversal) ... ok
test_commercial_and_physical_credit_share_money_cap_without_silent_clamp (erp.test_corrections.CorrectionTests.test_commercial_and_physical_credit_share_money_cap_without_silent_clamp) ... ok
test_credit_and_full_reversal_share_settlement_without_rewriting_invoice_or_cash (erp.test_corrections.CorrectionTests.test_credit_and_full_reversal_share_settlement_without_rewriting_invoice_or_cash) ... ok
test_exact_customer_return_creates_blocked_lot_and_preserves_legacy_aggregate_cap (erp.test_corrections.CorrectionTests.test_exact_customer_return_creates_blocked_lot_and_preserves_legacy_aggregate_cap) ... ok
test_expired_proposal_new_login_and_old_history_recover_only_original_readonly_result (erp.test_corrections.CorrectionTests.test_expired_proposal_new_login_and_old_history_recover_only_original_readonly_result) ... ok
test_historical_return_source_scope_controls_rows_claims_events_replay_and_outcome (erp.test_corrections.CorrectionTests.test_historical_return_source_scope_controls_rows_claims_events_replay_and_outcome) ... ok
test_imported_po_uses_only_current_quantity_and_keeps_import_receipt (erp.test_corrections.CorrectionTests.test_imported_po_uses_only_current_quantity_and_keeps_import_receipt) ... ok
test_late_sql_failure_rolls_back_return_claim_event_and_same_intent_can_retry (erp.test_corrections.CorrectionTests.test_late_sql_failure_rolls_back_return_claim_event_and_same_intent_can_retry) ... ok
test_manager_next_step_does_not_disclose_financial_return_resolution (erp.test_corrections.CorrectionTests.test_manager_next_step_does_not_disclose_financial_return_resolution) ... ok
test_recent_correction_event_has_one_row_per_visible_event_id (erp.test_corrections.CorrectionTests.test_recent_correction_event_has_one_row_per_visible_event_id) ... ok
test_source_cost_is_conserved_across_three_split_returns_in_every_currency (erp.test_corrections.CorrectionTests.test_source_cost_is_conserved_across_three_split_returns_in_every_currency) ... ok
test_source_return_refuses_reserve_and_extra_origin_and_claim_bad_bytes (erp.test_corrections.CorrectionTests.test_source_return_refuses_reserve_and_extra_origin_and_claim_bad_bytes) ... ok
test_supplier_return_keeps_receipt_gross_pending_claim_and_no_cash (erp.test_corrections.CorrectionTests.test_supplier_return_keeps_receipt_gross_pending_claim_and_no_cash) ... ok
test_supplier_return_preview_keeps_existing_source_lot (erp.test_corrections.CorrectionTests.test_supplier_return_preview_keeps_existing_source_lot) ... ok
test_zero_supplier_confirmation_is_distinct_from_pending_and_has_verified_source (erp.test_corrections.CorrectionTests.test_zero_supplier_confirmation_is_distinct_from_pending_and_has_verified_source) ... ok
test_bound_private_file_bytes_are_rechecked_without_fallback (erp.test_procurement_bridge.ProcurementBridgeTests.test_bound_private_file_bytes_are_rechecked_without_fallback) ... ok
test_changed_request_or_quote_invalidates_old_proposal_without_rewriting_history (erp.test_procurement_bridge.ProcurementBridgeTests.test_changed_request_or_quote_invalidates_old_proposal_without_rewriting_history) ... ok
test_creation_writers_lock_before_reading_source_rows (erp.test_procurement_bridge.ProcurementBridgeTests.test_creation_writers_lock_before_reading_source_rows) ... ok
test_direct_purchase_needs_reason_and_preserves_explicit_reason (erp.test_procurement_bridge.ProcurementBridgeTests.test_direct_purchase_needs_reason_and_preserves_explicit_reason) ... ok
test_direct_request_allocation_and_mapping_are_checked (erp.test_procurement_bridge.ProcurementBridgeTests.test_direct_request_allocation_and_mapping_are_checked) ... ok
test_event_failure_rolls_back_po_and_receipt_then_retry_succeeds (erp.test_procurement_bridge.ProcurementBridgeTests.test_event_failure_rolls_back_po_and_receipt_then_retry_succeeds) ... ok
test_existing_netto_tax_basis_is_preserved_and_unknown_tax_basis_refused (erp.test_procurement_bridge.ProcurementBridgeTests.test_existing_netto_tax_basis_is_preserved_and_unknown_tax_basis_refused) ... ok
test_fractional_allocation_and_item_planning_currency_are_not_extra_restrictions (erp.test_procurement_bridge.ProcurementBridgeTests.test_fractional_allocation_and_item_planning_currency_are_not_extra_restrictions) ... ok
test_historical_snapshot_source_hides_po_not_an_operational_lot_or_partial_aggregate (erp.test_procurement_bridge.ProcurementBridgeTests.test_historical_snapshot_source_hides_po_not_an_operational_lot_or_partial_aggregate) ... ok
test_ineligible_or_unverified_source_is_refused (erp.test_procurement_bridge.ProcurementBridgeTests.test_ineligible_or_unverified_source_is_refused) ... ok
test_original_bytes_and_latest_version_rechecked_at_confirmation (erp.test_procurement_bridge.ProcurementBridgeTests.test_original_bytes_and_latest_version_rechecked_at_confirmation) ... ok
test_quote_bound_fields_and_confirmation_are_not_client_controlled (erp.test_procurement_bridge.ProcurementBridgeTests.test_quote_bound_fields_and_confirmation_are_not_client_controlled) ... ok
test_quote_purchase_and_partial_receipts_in_three_currencies (erp.test_procurement_bridge.ProcurementBridgeTests.test_quote_purchase_and_partial_receipts_in_three_currencies) ... ok
test_source_scope_and_observer_projection_are_enforced (erp.test_procurement_bridge.ProcurementBridgeTests.test_source_scope_and_observer_projection_are_enforced) ... ok
test_split_allocation_and_compare_remainder_preserve_multiple_suppliers (erp.test_procurement_bridge.ProcurementBridgeTests.test_split_allocation_and_compare_remainder_preserve_multiple_suppliers) ... ok
test_actual_three_currency_import_preserves_overdue_origin_and_pending_stock (erp.test_initial_import.InitialImportTests.test_actual_three_currency_import_preserves_overdue_origin_and_pending_stock) ... ok
test_binding_only_mapping_reuse_and_profile_validation (erp.test_initial_import.InitialImportTests.test_binding_only_mapping_reuse_and_profile_validation) ... ok
test_current_targets_include_reused_rows_without_reparenting_identities (erp.test_initial_import.InitialImportTests.test_current_targets_include_reused_rows_without_reparenting_identities) ... ok
test_exact_replay_after_actual_receipt_keeps_source_totals_and_current_rows (erp.test_initial_import.InitialImportTests.test_exact_replay_after_actual_receipt_keeps_source_totals_and_current_rows) ... ok
test_existing_source_document_bytes_and_versions_are_rechecked (erp.test_initial_import.InitialImportTests.test_existing_source_document_bytes_and_versions_are_rechecked) ... ok
test_explicit_multipart_binding_keeps_raw_source_and_rejects_duplicate (erp.test_initial_import.InitialImportTests.test_explicit_multipart_binding_keeps_raw_source_and_rejects_duplicate) ... ok
test_forged_context_and_preview_phase_cannot_commit_historical_purchase (erp.test_initial_import.InitialImportTests.test_forged_context_and_preview_phase_cannot_commit_historical_purchase) ... ok
test_import_does_not_bypass_normal_purchase_and_roles_or_stale_owner (erp.test_initial_import.InitialImportTests.test_import_does_not_bypass_normal_purchase_and_roles_or_stale_owner) ... ok
test_imported_source_projection_hides_commercial_values_from_observer (erp.test_initial_import.InitialImportTests.test_imported_source_projection_hides_commercial_values_from_observer) ... ok
test_json_csv_canonical_identity_and_whole_sales_composition (erp.test_initial_import.InitialImportTests.test_json_csv_canonical_identity_and_whole_sales_composition) ... ok
test_late_real_sql_failure_rolls_back_all_new_rows_and_receipt (erp.test_initial_import.InitialImportTests.test_late_real_sql_failure_rolls_back_all_new_rows_and_receipt) ... ok
test_late_sql_value_tampering_is_detected_before_atomic_commit (erp.test_initial_import.InitialImportTests.test_late_sql_value_tampering_is_detected_before_atomic_commit) ... ok
test_low_ambient_decimal_context_preserves_exact_http_totals (erp.test_initial_import.InitialImportTests.test_low_ambient_decimal_context_preserves_exact_http_totals) ... ok
test_multiple_row_errors_and_totals_mismatch_never_commit (erp.test_initial_import.InitialImportTests.test_multiple_row_errors_and_totals_mismatch_never_commit) ... ok
test_new_rows_recheck_profile_of_reused_bindings (erp.test_initial_import.InitialImportTests.test_new_rows_recheck_profile_of_reused_bindings) ... ok
test_persisted_opening_conflict_and_batch_source_export (erp.test_initial_import.InitialImportTests.test_persisted_opening_conflict_and_batch_source_export) ... ok
test_raw_duplicate_json_oversize_and_server_templates (erp.test_initial_import.InitialImportTests.test_raw_duplicate_json_oversize_and_server_templates) ... ok
test_strict_uuid_text_and_control_count_types_refuse_without_http500 (erp.test_initial_import.InitialImportTests.test_strict_uuid_text_and_control_count_types_refuse_without_http500) ... ok
test_two_confirmations_cannot_overallocate_and_successful_replay_is_identical (erp.test_procurement_bridge.ProcurementBridgeConcurrencyTests.test_two_confirmations_cannot_overallocate_and_successful_replay_is_identical) ... ok
test_historical_rows_ids_and_deleted_highwater_survive_forwards_and_backwards (erp.test_procurement_bridge.PurchaseSourceMigrationTests.test_historical_rows_ids_and_deleted_highwater_survive_forwards_and_backwards) ... ok
test_actual_approved_po_refuses_lossy_rollback_with_schema_and_rows_unchanged (erp.test_procurement_bridge.PurchaseSourceRollbackRefusalTests.test_actual_approved_po_refuses_lossy_rollback_with_schema_and_rows_unchanged) ... ok
test_populated_import_history_refuses_backward_migration_unchanged (erp.test_import_preservation.ImportPreservationTests.test_populated_import_history_refuses_backward_migration_unchanged) ... ok

----------------------------------------------------------------------
Ran 55 tests in 32.056s

OK
Destroying test database for alias 'default' ('/workspace/scratch/c7b51e996a9f/tmp/b03_candidate/check_compat_green.sqlite3_django_test')...
 OK
System check identified no issues (0 silenced).
B01_CONCURRENCY [{"status": 200, "json": {"state": "succeeded", "purchase_id": 1, "code": "B01-PO-8070e3666007", "erp_event_id": 1, "impact": [{"kind": "purchases", "id": 1, "code": "B01-PO-8070e3666007", "field": "quantity", "label": "Замовлено", "before": null, "after": "6.000", "currency": "EUR"}, {"kind": "purchases", "id": 1, "code": "B01-PO-8070e3666007", "field": "price", "label": "Ціна одиниці", "before": null, "after": "12.34", "currency": "EUR"}, {"kind": "purchases", "id": 1, "code": "B01-PO-8070e3666007", "field": "extras", "label": "Додаткові витрати", "before": null, "after": "5.00", "currency": "EUR"}, {"kind": "purchases", "id": 1, "code": "B01-PO-8070e3666007", "field": "received", "label": "Отримано", "before": null, "after": "0.000", "currency": "EUR"}, {"kind": "purchases", "id": 1, "code": "B01-PO-8070e3666007", "field": "status", "label": "Стан поставки", "before": null, "after": "ordered", "currency": "EUR"}, {"kind": "purchases", "id": 1, "code": "B01-PO-8070e3666007", "field": "due_date", "label": "Очікувана дата", "before": null, "after": "2026-10-20", "currency": "EUR"}, {"kind": "purchases", "id": 1, "code": "B01-PO-8070e3666007", "field": "cancelled_quantity", "label": "Скасовано", "before": null, "after": "0.000", "currency": "EUR"}, {"kind": "purchases", "id": 1, "code": "B01-PO-8070e3666007", "field": "open_quantity", "label": "Залишилося прийняти", "before": null, "after": "6.000", "currency": "EUR"}, {"kind": "purchases", "id": 1, "code": "B01-PO-8070e3666007", "field": "returned_quantity", "label": "Повернуто постачальнику", "before": null, "after": "0.000", "currency": "EUR"}, {"kind": "purchases", "id": 1, "code": "B01-PO-8070e3666007", "field": "effective_status", "label": "Фактичний залишковий стан", "before": null, "after": "open", "currency": "EUR"}]}, "proposal": "acdc2cfa-c974-41fd-b658-20d6e9ccde42"}, {"status": 409, "json": {"error": "Дані змінилися або дія вже виконується. Оновіть перегляд."}, "proposal": "4a1e99a2-6a3a-4590-8981-3f0a7cbf304a"}]
B01_SOURCE_ROLLBACK {"refused": true, "changed": [], "purchase_id": 6, "source": "actual HTTP approved quote purchase"}
