Creating test database for alias 'default' ('/workspace/scratch/c7b51e996a9f/tmp/b03_candidate/check_red.sqlite3_django_test')...
Destroying old test database for alias 'default' ('/workspace/scratch/c7b51e996a9f/tmp/b03_candidate/check_red.sqlite3_django_test')...
Found 4 test(s).
Operations to perform:
  Synchronize unmigrated apps: django_filters, messages, rest_framework, staticfiles
  Apply all migrations: admin, ai_assistant, auth, branches, contenttypes, employees, erp, finance, operations, sessions, tasks
Synchronizing apps without migrations:
  Creating tables...
    Running deferred SQL...
Running migrations:
  Applying contenttypes.0001_initial... OK
  Applying auth.0001_initial... OK
  Applying admin.0001_initial... OK
  Applying admin.0002_logentry_remove_auto_add... OK
  Applying admin.0003_logentry_add_action_flag_choices... OK
  Applying ai_assistant.0001_initial... OK
  Applying ai_assistant.0002_taskchangelog... OK
  Applying ai_assistant.0003_claudeusagelog... OK
  Applying ai_assistant.0004_employeechangelog... OK
  Applying ai_assistant.0005_chatfile... OK
  Applying ai_assistant.0006_alter_chatmessage_created_at_and_more... OK
  Applying ai_assistant.0007_employeechangelog_undone_at... OK
  Applying ai_assistant.0008_chatmessage_archived_at_chatmessage_user_and_more... OK
  Applying ai_assistant.0009_private_documents... OK
  Applying contenttypes.0002_remove_content_type_name... OK
  Applying auth.0002_alter_permission_name_max_length... OK
  Applying auth.0003_alter_user_email_max_length... OK
  Applying auth.0004_alter_user_username_opts... OK
  Applying auth.0005_alter_user_last_login_null... OK
  Applying auth.0006_require_contenttypes_0002... OK
  Applying auth.0007_alter_validators_add_error_messages... OK
  Applying auth.0008_alter_user_username_max_length... OK
  Applying auth.0009_alter_user_last_name_max_length... OK
  Applying auth.0010_alter_group_name_max_length... OK
  Applying auth.0011_update_proxy_permissions... OK
  Applying auth.0012_alter_user_first_name_max_length... OK
  Applying branches.0001_initial... OK
  Applying branches.0002_branch_short_name... OK
  Applying branches.0003_fill_short_names... OK
  Applying employees.0001_initial... OK
  Applying employees.0002_alter_employee_department... OK
  Applying employees.0003_employee_branch... OK
  Applying employees.0004_employee_archived_at... OK
  Applying employees.0005_employee_user... OK
  Applying finance.0001_initial... OK
  Applying finance.0002_alter_salary_unique_together_alter_contract_status_and_more... OK
  Applying finance.0003_transaction_branch... OK
  Applying finance.0004_salary_archived_at_transaction_archived_at_and_more... OK
  Applying finance.0005_alter_transaction_branch_alter_transaction_contract_and_more... OK
  Applying finance.0006_financialintent... OK
  Applying finance.0007_money_boundaries... OK
  Applying tasks.0001_initial... OK
  Applying tasks.0002_alter_task_priority... OK
  Applying tasks.0003_alter_task_deadline_alter_task_priority_and_more... OK
  Applying tasks.0004_task_branch... OK
  Applying operations.0001_initial... OK
  Applying operations.0002_actionproposal_user... OK
  Applying operations.0003_loginattempt... OK
  Applying operations.0004_alter_document_options_document_access_level... OK
  Applying operations.0005_invoice_boundaries... OK
  Applying operations.0006_private_documents... OK
  Applying erp.0001_initial... OK
  Applying erp.0002_row_boundaries... OK
  Applying erp.0003_purchase_source... OK
  Applying erp.0004_initial_import_ledger... OK
  Applying sessions.0001_initial...test_cancel_remaining_releases_newest_own_reserves_without_gross_or_stock_rewrite (erp.test_corrections.CorrectionTests.test_cancel_remaining_releases_newest_own_reserves_without_gross_or_stock_rewrite) ... FAIL
test_credit_and_full_reversal_share_settlement_without_rewriting_invoice_or_cash (erp.test_corrections.CorrectionTests.test_credit_and_full_reversal_share_settlement_without_rewriting_invoice_or_cash) ... FAIL
test_exact_customer_return_creates_blocked_lot_and_preserves_legacy_aggregate_cap (erp.test_corrections.CorrectionTests.test_exact_customer_return_creates_blocked_lot_and_preserves_legacy_aggregate_cap) ... FAIL
test_supplier_return_keeps_receipt_gross_pending_claim_and_no_cash (erp.test_corrections.CorrectionTests.test_supplier_return_keeps_receipt_gross_pending_claim_and_no_cash) ... FAIL

======================================================================
FAIL: test_cancel_remaining_releases_newest_own_reserves_without_gross_or_stock_rewrite (erp.test_corrections.CorrectionTests.test_cancel_remaining_releases_newest_own_reserves_without_gross_or_stock_rewrite)
----------------------------------------------------------------------
Traceback (most recent call last):
  File "/workspace/scratch/c7b51e996a9f/tmp/b03_candidate/source/erp/test_corrections.py", line 56, in test_cancel_remaining_releases_newest_own_reserves_without_gross_or_stock_rewrite
    payload=self.command('cancel_remaining',line_id=line.pk,quantity='5.000');proposal,result=self.correction(payload)
                                                                                              ^^^^^^^^^^^^^^^^^^^^^^^^
  File "/workspace/scratch/c7b51e996a9f/tmp/b03_candidate/source/erp/test_corrections.py", line 25, in correction
    p=self.preview(payload);response=self.confirm(p);self.assertEqual(response.status_code,200,response.content)
      ^^^^^^^^^^^^^^^^^^^^^
  File "/workspace/scratch/c7b51e996a9f/tmp/b03_candidate/source/erp/test_procurement_bridge.py", line 82, in preview
    self.assertEqual(response.status_code, 200, response.content)
AssertionError: 422 != 200 : b'{"error": "\\u041d\\u0435\\u0432\\u0456\\u0434\\u043e\\u043c\\u0438\\u0439 \\u0456\\u043d\\u0441\\u0442\\u0440\\u0443\\u043c\\u0435\\u043d\\u0442 ERP."}'

======================================================================
FAIL: test_credit_and_full_reversal_share_settlement_without_rewriting_invoice_or_cash (erp.test_corrections.CorrectionTests.test_credit_and_full_reversal_share_settlement_without_rewriting_invoice_or_cash)
----------------------------------------------------------------------
Traceback (most recent call last):
  File "/workspace/scratch/c7b51e996a9f/tmp/b03_candidate/source/erp/test_corrections.py", line 88, in test_credit_and_full_reversal_share_settlement_without_rewriting_invoice_or_cash
    _,credit=self.correction(payload);self.assertEqual(credit['settlement']['receivable'],'0.00');self.assertEqual(credit['settlement']['customer_credit'],'1.28');self.assertEqual(self.gross(),gross)
             ^^^^^^^^^^^^^^^^^^^^^^^^
  File "/workspace/scratch/c7b51e996a9f/tmp/b03_candidate/source/erp/test_corrections.py", line 25, in correction
    p=self.preview(payload);response=self.confirm(p);self.assertEqual(response.status_code,200,response.content)
      ^^^^^^^^^^^^^^^^^^^^^
  File "/workspace/scratch/c7b51e996a9f/tmp/b03_candidate/source/erp/test_procurement_bridge.py", line 82, in preview
    self.assertEqual(response.status_code, 200, response.content)
AssertionError: 422 != 200 : b'{"error": "\\u041d\\u0435\\u0432\\u0456\\u0434\\u043e\\u043c\\u0438\\u0439 \\u0456\\u043d\\u0441\\u0442\\u0440\\u0443\\u043c\\u0435\\u043d\\u0442 ERP."}'

======================================================================
FAIL: test_exact_customer_return_creates_blocked_lot_and_preserves_legacy_aggregate_cap (erp.test_corrections.CorrectionTests.test_exact_customer_return_creates_blocked_lot_and_preserves_legacy_aggregate_cap)
----------------------------------------------------------------------
Traceback (most recent call last):
  File "/workspace/scratch/c7b51e996a9f/tmp/b03_candidate/source/erp/test_corrections.py", line 76, in test_exact_customer_return_creates_blocked_lot_and_preserves_legacy_aggregate_cap
    _,result=self.correction(self.command('return_from_shipment',shipment_id=shipment.pk,quantity='1.000',location_id=self.location.pk))
             ^^^^^^^^^^^^^^^^^^^^^^^^^^^^^^^^^^^^^^^^^^^^^^^^^^^^^^^^^^^^^^^^^^^^^^^^^^^^^^^^^^^^^^^^^^^^^^^^^^^^^^^^^^^^^^^^^^^^^^^^^^^
  File "/workspace/scratch/c7b51e996a9f/tmp/b03_candidate/source/erp/test_corrections.py", line 25, in correction
    p=self.preview(payload);response=self.confirm(p);self.assertEqual(response.status_code,200,response.content)
      ^^^^^^^^^^^^^^^^^^^^^
  File "/workspace/scratch/c7b51e996a9f/tmp/b03_candidate/source/erp/test_procurement_bridge.py", line 82, in preview
    self.assertEqual(response.status_code, 200, response.content)
AssertionError: 422 != 200 : b'{"error": "\\u041d\\u0435\\u0432\\u0456\\u0434\\u043e\\u043c\\u0438\\u0439 \\u0456\\u043d\\u0441\\u0442\\u0440\\u0443\\u043c\\u0435\\u043d\\u0442 ERP."}'

======================================================================
FAIL: test_supplier_return_keeps_receipt_gross_pending_claim_and_no_cash (erp.test_corrections.CorrectionTests.test_supplier_return_keeps_receipt_gross_pending_claim_and_no_cash)
----------------------------------------------------------------------
Traceback (most recent call last):
  File "/workspace/scratch/c7b51e996a9f/tmp/b03_candidate/source/erp/test_corrections.py", line 67, in test_supplier_return_keeps_receipt_gross_pending_claim_and_no_cash
    _,result=self.correction(self.command('return_supplier',receipt_id=receipt.pk,quantity='1.000'))
             ^^^^^^^^^^^^^^^^^^^^^^^^^^^^^^^^^^^^^^^^^^^^^^^^^^^^^^^^^^^^^^^^^^^^^^^^^^^^^^^^^^^^^^^
  File "/workspace/scratch/c7b51e996a9f/tmp/b03_candidate/source/erp/test_corrections.py", line 25, in correction
    p=self.preview(payload);response=self.confirm(p);self.assertEqual(response.status_code,200,response.content)
      ^^^^^^^^^^^^^^^^^^^^^
  File "/workspace/scratch/c7b51e996a9f/tmp/b03_candidate/source/erp/test_procurement_bridge.py", line 82, in preview
    self.assertEqual(response.status_code, 200, response.content)
AssertionError: 422 != 200 : b'{"error": "\\u041d\\u0435\\u0432\\u0456\\u0434\\u043e\\u043c\\u0438\\u0439 \\u0456\\u043d\\u0441\\u0442\\u0440\\u0443\\u043c\\u0435\\u043d\\u0442 ERP."}'

----------------------------------------------------------------------
Ran 4 tests in 2.036s

FAILED (failures=4)
Destroying test database for alias 'default' ('/workspace/scratch/c7b51e996a9f/tmp/b03_candidate/check_red.sqlite3_django_test')...
 OK
System check identified no issues (0 silenced).
