Creating test database for alias 'default' ('/workspace/scratch/c7b51e996a9f/tmp/b03_candidate/check_projection_red2.sqlite3_django_test')...
Destroying old test database for alias 'default' ('/workspace/scratch/c7b51e996a9f/tmp/b03_candidate/check_projection_red2.sqlite3_django_test')...
Found 4 test(s).
Operations to perform:
  Synchronize unmigrated apps: django_filters, messages, rest_framework, staticfiles
  Apply all migrations: admin, ai_assistant, auth, branches, contenttypes, employees, erp, finance, operations, sessions, tasks
Synchronizing apps without migrations:
  Creating tables...
    Running deferred SQL...
Running migrations:
  Applying contenttypes.0001_initial... OK
  Applying auth.0001_initial... OK
  Applying admin.0001_initial... OK
  Applying admin.0002_logentry_remove_auto_add... OK
  Applying admin.0003_logentry_add_action_flag_choices... OK
  Applying ai_assistant.0001_initial... OK
  Applying ai_assistant.0002_taskchangelog... OK
  Applying ai_assistant.0003_claudeusagelog... OK
  Applying ai_assistant.0004_employeechangelog... OK
  Applying ai_assistant.0005_chatfile... OK
  Applying ai_assistant.0006_alter_chatmessage_created_at_and_more... OK
  Applying ai_assistant.0007_employeechangelog_undone_at... OK
  Applying ai_assistant.0008_chatmessage_archived_at_chatmessage_user_and_more... OK
  Applying ai_assistant.0009_private_documents... OK
  Applying contenttypes.0002_remove_content_type_name... OK
  Applying auth.0002_alter_permission_name_max_length... OK
  Applying auth.0003_alter_user_email_max_length... OK
  Applying auth.0004_alter_user_username_opts... OK
  Applying auth.0005_alter_user_last_login_null... OK
  Applying auth.0006_require_contenttypes_0002... OK
  Applying auth.0007_alter_validators_add_error_messages... OK
  Applying auth.0008_alter_user_username_max_length... OK
  Applying auth.0009_alter_user_last_name_max_length... OK
  Applying auth.0010_alter_group_name_max_length... OK
  Applying auth.0011_update_proxy_permissions... OK
  Applying auth.0012_alter_user_first_name_max_length... OK
  Applying branches.0001_initial... OK
  Applying branches.0002_branch_short_name... OK
  Applying branches.0003_fill_short_names... OK
  Applying employees.0001_initial... OK
  Applying employees.0002_alter_employee_department... OK
  Applying employees.0003_employee_branch... OK
  Applying employees.0004_employee_archived_at... OK
  Applying employees.0005_employee_user... OK
  Applying tasks.0001_initial... OK
  Applying tasks.0002_alter_task_priority... OK
  Applying tasks.0003_alter_task_deadline_alter_task_priority_and_more... OK
  Applying tasks.0004_task_branch... OK
  Applying finance.0001_initial... OK
  Applying finance.0002_alter_salary_unique_together_alter_contract_status_and_more... OK
  Applying finance.0003_transaction_branch... OK
  Applying operations.0001_initial... OK
  Applying operations.0002_actionproposal_user... OK
  Applying operations.0003_loginattempt... OK
  Applying operations.0004_alter_document_options_document_access_level... OK
  Applying operations.0005_invoice_boundaries... OK
  Applying operations.0006_private_documents... OK
  Applying finance.0004_salary_archived_at_transaction_archived_at_and_more... OK
  Applying finance.0005_alter_transaction_branch_alter_transaction_contract_and_more... OK
  Applying finance.0006_financialintent... OK
  Applying finance.0007_money_boundaries... OK
  Applying erp.0001_initial... OK
  Applying erp.0002_row_boundaries... OK
  Applying erp.0003_purchase_source... OK
  Applying erp.0004_initial_import_ledger... OK
  Applying erp.0005_source_corrections... OK
  Applying sessions.0001_initial...test_manager_next_step_does_not_disclose_financial_return_resolution (erp.test_corrections.CorrectionTests.test_manager_next_step_does_not_disclose_financial_return_resolution) ... FAIL
test_source_return_refuses_reserve_and_extra_origin_and_claim_bad_bytes (erp.test_corrections.CorrectionTests.test_source_return_refuses_reserve_and_extra_origin_and_claim_bad_bytes) ... ok
test_actual_approved_po_refuses_lossy_rollback_with_schema_and_rows_unchanged (erp.test_procurement_bridge.PurchaseSourceRollbackRefusalTests.test_actual_approved_po_refuses_lossy_rollback_with_schema_and_rows_unchanged) ... FAIL
test_populated_import_history_refuses_backward_migration_unchanged (erp.test_import_preservation.ImportPreservationTests.test_populated_import_history_refuses_backward_migration_unchanged) ... FAIL

======================================================================
FAIL: test_manager_next_step_does_not_disclose_financial_return_resolution (erp.test_corrections.CorrectionTests.test_manager_next_step_does_not_disclose_financial_return_resolution)
----------------------------------------------------------------------
Traceback (most recent call last):
  File "/workspace/scratch/c7b51e996a9f/tmp/b03_candidate/source/erp/test_corrections.py", line 254, in test_manager_next_step_does_not_disclose_financial_return_resolution
    after=manager.get(url);self.assertEqual(after.status_code,200);self.assertEqual(before.json(),after.json())
                                                                   ^^^^^^^^^^^^^^^^^^^^^^^^^^^^^^^^^^^^^^^^^^^^
AssertionError: {'title': 'Потрібне рішення щодо повернення', 'why':[107 chars]None} != {'title': 'Відвантаження завершено', 'why': 'Перегля[81 chars]None}
  {'payload': None,
-  'title': 'Потрібне рішення щодо повернення',
-  'why': 'Фізичне повернення не змінює рахунок або оплату. Перевірте джерело й '
-         'кредитове коригування.'}
+  'title': 'Відвантаження завершено',
+  'why': 'Перегляньте доступні записи замовлення. Фінансову звірку виконує '
+         'керівник.'}

======================================================================
FAIL: test_actual_approved_po_refuses_lossy_rollback_with_schema_and_rows_unchanged (erp.test_procurement_bridge.PurchaseSourceRollbackRefusalTests.test_actual_approved_po_refuses_lossy_rollback_with_schema_and_rows_unchanged)
----------------------------------------------------------------------
Traceback (most recent call last):
  File "/workspace/scratch/c7b51e996a9f/tmp/b03_candidate/source/erp/test_procurement_bridge.py", line 482, in test_actual_approved_po_refuses_lossy_rollback_with_schema_and_rows_unchanged
    _,_,po=self.buy(self.payload())
           ^^^^^^^^^^^^^^^^^^^^^^^^
  File "/workspace/scratch/c7b51e996a9f/tmp/b03_candidate/source/erp/test_procurement_bridge.py", line 90, in buy
    proposal = self.preview(payload, client)
               ^^^^^^^^^^^^^^^^^^^^^^^^^^^^^
  File "/workspace/scratch/c7b51e996a9f/tmp/b03_candidate/source/erp/test_procurement_bridge.py", line 82, in preview
    self.assertEqual(response.status_code, 200, response.content)
AssertionError: 409 != 200 : b'{"error": "\\u0414\\u0430\\u043d\\u0456 \\u0437\\u043c\\u0456\\u043d\\u0438\\u043b\\u0438\\u0441\\u044f \\u0430\\u0431\\u043e \\u0434\\u0456\\u044f \\u0432\\u0436\\u0435 \\u0432\\u0438\\u043a\\u043e\\u043d\\u0443\\u0454\\u0442\\u044c\\u0441\\u044f. \\u041e\\u043d\\u043e\\u0432\\u0456\\u0442\\u044c \\u043f\\u0435\\u0440\\u0435\\u0433\\u043b\\u044f\\u0434."}'

======================================================================
FAIL: test_populated_import_history_refuses_backward_migration_unchanged (erp.test_import_preservation.ImportPreservationTests.test_populated_import_history_refuses_backward_migration_unchanged)
----------------------------------------------------------------------
Traceback (most recent call last):
  File "/workspace/scratch/c7b51e996a9f/tmp/b03_candidate/source/erp/test_import_preservation.py", line 31, in test_populated_import_history_refuses_backward_migration_unchanged
    c.execute("SELECT name,sql FROM sqlite_master WHERE sql IS NOT NULL ORDER BY name");self.assertEqual(c.fetchall(),schema)
                                                                                        ^^^^^^^^^^^^^^^^^^^^^^^^^^^^^^^^^^^^^
AssertionError: Lists differ: [('ai[6737 chars]'bos_import_target_counterparty', 'CREATE UNIQ[33057 chars]")')] != [('ai[6737 chars]'bos_credit_commercial_line_once', 'CREATE UNI[44428 chars]")')]

First differing element 29:
('bos_import_target_counterparty', 'CREATE UNIQ[131 chars]ULL')
('bos_credit_commercial_line_once', 'CREATE UNI[135 chars]ULL')

Second list contains 28 additional elements.
First extra element 149:
('finance_transaction_branch_id_10e35786', 'CREATE INDEX "finance_transaction_branch_id_10e35786" ON "finance_transaction" ("branch_id")')

Diff is 56266 characters long. Set self.maxDiff to None to see it.

----------------------------------------------------------------------
Ran 4 tests in 5.717s

FAILED (failures=3)
Destroying test database for alias 'default' ('/workspace/scratch/c7b51e996a9f/tmp/b03_candidate/check_projection_red2.sqlite3_django_test')...
 OK
System check identified no issues (0 silenced).
