Creating test database for alias 'default' ('/workspace/scratch/c7b51e996a9f/tmp/b03_candidate/check_projection_red.sqlite3_django_test')...
Destroying old test database for alias 'default' ('/workspace/scratch/c7b51e996a9f/tmp/b03_candidate/check_projection_red.sqlite3_django_test')...
Found 3 test(s).
Operations to perform:
  Synchronize unmigrated apps: django_filters, messages, rest_framework, staticfiles
  Apply all migrations: admin, ai_assistant, auth, branches, contenttypes, employees, erp, finance, operations, sessions, tasks
Synchronizing apps without migrations:
  Creating tables...
    Running deferred SQL...
Running migrations:
  Applying contenttypes.0001_initial... OK
  Applying auth.0001_initial... OK
  Applying admin.0001_initial... OK
  Applying admin.0002_logentry_remove_auto_add... OK
  Applying admin.0003_logentry_add_action_flag_choices... OK
  Applying ai_assistant.0001_initial... OK
  Applying ai_assistant.0002_taskchangelog... OK
  Applying ai_assistant.0003_claudeusagelog... OK
  Applying ai_assistant.0004_employeechangelog... OK
  Applying ai_assistant.0005_chatfile... OK
  Applying ai_assistant.0006_alter_chatmessage_created_at_and_more... OK
  Applying ai_assistant.0007_employeechangelog_undone_at... OK
  Applying ai_assistant.0008_chatmessage_archived_at_chatmessage_user_and_more... OK
  Applying ai_assistant.0009_private_documents... OK
  Applying contenttypes.0002_remove_content_type_name... OK
  Applying auth.0002_alter_permission_name_max_length... OK
  Applying auth.0003_alter_user_email_max_length... OK
  Applying auth.0004_alter_user_username_opts... OK
  Applying auth.0005_alter_user_last_login_null... OK
  Applying auth.0006_require_contenttypes_0002... OK
  Applying auth.0007_alter_validators_add_error_messages... OK
  Applying auth.0008_alter_user_username_max_length... OK
  Applying auth.0009_alter_user_last_name_max_length... OK
  Applying auth.0010_alter_group_name_max_length... OK
  Applying auth.0011_update_proxy_permissions... OK
  Applying auth.0012_alter_user_first_name_max_length... OK
  Applying branches.0001_initial... OK
  Applying branches.0002_branch_short_name... OK
  Applying branches.0003_fill_short_names... OK
  Applying employees.0001_initial... OK
  Applying employees.0002_alter_employee_department... OK
  Applying employees.0003_employee_branch... OK
  Applying employees.0004_employee_archived_at... OK
  Applying employees.0005_employee_user... OK
  Applying tasks.0001_initial... OK
  Applying tasks.0002_alter_task_priority... OK
  Applying tasks.0003_alter_task_deadline_alter_task_priority_and_more... OK
  Applying tasks.0004_task_branch... OK
  Applying finance.0001_initial... OK
  Applying finance.0002_alter_salary_unique_together_alter_contract_status_and_more... OK
  Applying finance.0003_transaction_branch... OK
  Applying operations.0001_initial... OK
  Applying operations.0002_actionproposal_user... OK
  Applying operations.0003_loginattempt... OK
  Applying operations.0004_alter_document_options_document_access_level... OK
  Applying operations.0005_invoice_boundaries... OK
  Applying operations.0006_private_documents... OK
  Applying finance.0004_salary_archived_at_transaction_archived_at_and_more... OK
  Applying finance.0005_alter_transaction_branch_alter_transaction_contract_and_more... OK
  Applying finance.0006_financialintent... OK
  Applying finance.0007_money_boundaries... OK
  Applying erp.0001_initial... OK
  Applying erp.0002_row_boundaries... OK
  Applying erp.0003_purchase_source... OK
  Applying erp.0004_initial_import_ledger... OK
  Applying erp.0005_source_corrections... OK
  Applying sessions.0001_initial...test_recent_correction_event_has_one_row_per_visible_event_id (erp.test_corrections.CorrectionTests.test_recent_correction_event_has_one_row_per_visible_event_id) ... FAIL
test_manager_next_step_does_not_disclose_financial_return_resolution (erp.test_corrections.CorrectionTests.test_manager_next_step_does_not_disclose_financial_return_resolution) ... FAIL
test_source_return_refuses_reserve_and_extra_origin_and_claim_bad_bytes (erp.test_corrections.CorrectionTests.test_source_return_refuses_reserve_and_extra_origin_and_claim_bad_bytes) ... FAIL

======================================================================
FAIL: test_recent_correction_event_has_one_row_per_visible_event_id (erp.test_corrections.CorrectionTests.test_recent_correction_event_has_one_row_per_visible_event_id)
----------------------------------------------------------------------
Traceback (most recent call last):
  File "/workspace/scratch/c7b51e996a9f/tmp/b03_candidate/source/erp/test_corrections.py", line 244, in test_recent_correction_event_has_one_row_per_visible_event_id
    data=manager.get('/api/erp/snapshot/').json();ids=[r['id'] for r in data['events']];self.assertEqual(len(ids),len(set(ids)))
                                                                                        ^^^^^^^^^^^^^^^^^^^^^^^^^^^^^^^^^^^^^^^^
AssertionError: 4 != 3

======================================================================
FAIL: test_manager_next_step_does_not_disclose_financial_return_resolution (erp.test_corrections.CorrectionTests.test_manager_next_step_does_not_disclose_financial_return_resolution)
----------------------------------------------------------------------
Traceback (most recent call last):
  File "/workspace/scratch/c7b51e996a9f/tmp/b03_candidate/source/erp/test_corrections.py", line 252, in test_manager_next_step_does_not_disclose_financial_return_resolution
    url='/api/erp/orders/'+str(order.pk)+'/next-action/';before=manager.get(url);self.assertEqual(before.status_code,200,before.content)
                                                                                 ^^^^^^^^^^^^^^^^^^^^^^^^^^^^^^^^^^^^^^^^^^^^^^^^^^^^^^^
AssertionError: 404 != 200 : b'\n<!doctype html>\n<html lang="en">\n<head>\n  <title>Not Found</title>\n</head>\n<body>\n  <h1>Not Found</h1><p>The requested resource was not found on this server.</p>\n</body>\n</html>\n'

======================================================================
FAIL: test_source_return_refuses_reserve_and_extra_origin_and_claim_bad_bytes (erp.test_corrections.CorrectionTests.test_source_return_refuses_reserve_and_extra_origin_and_claim_bad_bytes)
----------------------------------------------------------------------
Traceback (most recent call last):
  File "/workspace/scratch/c7b51e996a9f/tmp/b03_candidate/source/erp/test_corrections.py", line 262, in test_source_return_refuses_reserve_and_extra_origin_and_claim_bad_bytes
    self.act('adjust',lot_id=lot.pk,quantity='1.000',reason='Synthetic additional positive origin')
  File "/workspace/scratch/c7b51e996a9f/tmp/b03_candidate/source/erp/test_corrections.py", line 16, in act
    p=self.preview({'action':'erp_'+action,**fields});r=self.confirm(p)
      ^^^^^^^^^^^^^^^^^^^^^^^^^^^^^^^^^^^^^^^^^^^^^^^
  File "/workspace/scratch/c7b51e996a9f/tmp/b03_candidate/source/erp/test_procurement_bridge.py", line 82, in preview
    self.assertEqual(response.status_code, 200, response.content)
AssertionError: 422 != 200 : b'{"error": "\\u041f\\u0435\\u0440\\u0435\\u0432\\u0456\\u0440\\u0442\\u0435 \\u043e\\u0431\\u043e\\u0432\\u2019\\u044f\\u0437\\u043a\\u043e\\u0432\\u0456 \\u0442\\u0430 \\u0437\\u0430\\u0439\\u0432\\u0456 \\u043f\\u043e\\u043b\\u044f."}'

----------------------------------------------------------------------
Ran 3 tests in 2.569s

FAILED (failures=3)
Destroying test database for alias 'default' ('/workspace/scratch/c7b51e996a9f/tmp/b03_candidate/check_projection_red.sqlite3_django_test')...
 OK
System check identified no issues (0 silenced).
