Creating test database for alias 'default' ('/workspace/scratch/c7b51e996a9f/tmp/b03_candidate/check_review_red2.sqlite3_django_test')...
Destroying old test database for alias 'default' ('/workspace/scratch/c7b51e996a9f/tmp/b03_candidate/check_review_red2.sqlite3_django_test')...
Found 2 test(s).
Operations to perform:
  Synchronize unmigrated apps: django_filters, messages, rest_framework, staticfiles
  Apply all migrations: admin, ai_assistant, auth, branches, contenttypes, employees, erp, finance, operations, sessions, tasks
Synchronizing apps without migrations:
  Creating tables...
    Running deferred SQL...
Running migrations:
  Applying contenttypes.0001_initial... OK
  Applying auth.0001_initial... OK
  Applying admin.0001_initial... OK
  Applying admin.0002_logentry_remove_auto_add... OK
  Applying admin.0003_logentry_add_action_flag_choices... OK
  Applying ai_assistant.0001_initial... OK
  Applying ai_assistant.0002_taskchangelog... OK
  Applying ai_assistant.0003_claudeusagelog... OK
  Applying ai_assistant.0004_employeechangelog... OK
  Applying ai_assistant.0005_chatfile... OK
  Applying ai_assistant.0006_alter_chatmessage_created_at_and_more... OK
  Applying ai_assistant.0007_employeechangelog_undone_at... OK
  Applying ai_assistant.0008_chatmessage_archived_at_chatmessage_user_and_more... OK
  Applying ai_assistant.0009_private_documents... OK
  Applying contenttypes.0002_remove_content_type_name... OK
  Applying auth.0002_alter_permission_name_max_length... OK
  Applying auth.0003_alter_user_email_max_length... OK
  Applying auth.0004_alter_user_username_opts... OK
  Applying auth.0005_alter_user_last_login_null... OK
  Applying auth.0006_require_contenttypes_0002... OK
  Applying auth.0007_alter_validators_add_error_messages... OK
  Applying auth.0008_alter_user_username_max_length... OK
  Applying auth.0009_alter_user_last_name_max_length... OK
  Applying auth.0010_alter_group_name_max_length... OK
  Applying auth.0011_update_proxy_permissions... OK
  Applying auth.0012_alter_user_first_name_max_length... OK
  Applying branches.0001_initial... OK
  Applying branches.0002_branch_short_name... OK
  Applying branches.0003_fill_short_names... OK
  Applying employees.0001_initial... OK
  Applying employees.0002_alter_employee_department... OK
  Applying employees.0003_employee_branch... OK
  Applying employees.0004_employee_archived_at... OK
  Applying employees.0005_employee_user... OK
  Applying tasks.0001_initial... OK
  Applying tasks.0002_alter_task_priority... OK
  Applying tasks.0003_alter_task_deadline_alter_task_priority_and_more... OK
  Applying tasks.0004_task_branch... OK
  Applying finance.0001_initial... OK
  Applying finance.0002_alter_salary_unique_together_alter_contract_status_and_more... OK
  Applying finance.0003_transaction_branch... OK
  Applying operations.0001_initial... OK
  Applying operations.0002_actionproposal_user... OK
  Applying operations.0003_loginattempt... OK
  Applying operations.0004_alter_document_options_document_access_level... OK
  Applying operations.0005_invoice_boundaries... OK
  Applying operations.0006_private_documents... OK
  Applying finance.0004_salary_archived_at_transaction_archived_at_and_more... OK
  Applying finance.0005_alter_transaction_branch_alter_transaction_contract_and_more... OK
  Applying finance.0006_financialintent... OK
  Applying finance.0007_money_boundaries... OK
  Applying erp.0001_initial... OK
  Applying erp.0002_row_boundaries... OK
  Applying erp.0003_purchase_source... OK
  Applying erp.0004_initial_import_ledger... OK
  Applying erp.0005_source_corrections... OK
  Applying sessions.0001_initial...test_actual_http_correction_under_low_decimal_context_is_exact (erp.test_corrections.CorrectionTests.test_actual_http_correction_under_low_decimal_context_is_exact) ... FAIL
test_cancelled_component_purchase_does_not_delay_bom_plan (erp.test_corrections.CorrectionTests.test_cancelled_component_purchase_does_not_delay_bom_plan) ... ERROR

======================================================================
ERROR: test_cancelled_component_purchase_does_not_delay_bom_plan (erp.test_corrections.CorrectionTests.test_cancelled_component_purchase_does_not_delay_bom_plan)
----------------------------------------------------------------------
Traceback (most recent call last):
  File "/workspace/scratch/c7b51e996a9f/tmp/b03_candidate/source/erp/test_corrections.py", line 143, in test_cancelled_component_purchase_does_not_delay_bom_plan
    plan=plan_line(line);self.assertEqual(plan['estimated_date'],str(date(2026,9,12)+timedelta(days=component.lead_days)))
         ^^^^^^^^^^^^^^^
  File "/workspace/scratch/c7b51e996a9f/tmp/b03_candidate/source/erp/queries.py", line 23, in plan_line
    today=as_of();remaining=sales_open(line)
                            ^^^^^^^^^^^^^^^^
  File "/workspace/scratch/c7b51e996a9f/tmp/b03_candidate/source/erp/balances.py", line 14, in wrapped
    return fn(*args,**kwargs)
           ^^^^^^^^^^^^^^^^^^
  File "/workspace/scratch/c7b51e996a9f/tmp/b03_candidate/source/erp/balances.py", line 36, in sales_open
    value=line.quantity-line.shipped-cancelled_quantity(line)
          ~~~~~~~~~~~~~^~~~~~~~~~~~~
TypeError: unsupported operand type(s) for -: 'str' and 'int'

======================================================================
FAIL: test_actual_http_correction_under_low_decimal_context_is_exact (erp.test_corrections.CorrectionTests.test_actual_http_correction_under_low_decimal_context_is_exact)
----------------------------------------------------------------------
Traceback (most recent call last):
  File "/workspace/scratch/c7b51e996a9f/tmp/b03_candidate/source/erp/test_corrections.py", line 128, in test_actual_http_correction_under_low_decimal_context_is_exact
    self.assertEqual(snapshot.json()['costs'],original_costs)
AssertionError: Lists differ: [{'or[53 chars]': '1.23456E+6', 'shipped_value': '1.23456E+6'[198 chars]о.'}] != [{'or[53 chars]': '1234567.89000', 'shipped_value': '1234567.[207 chars]о.'}]

First differing element 0:
{'ord[52 chars]': '1.23456E+6', 'shipped_value': '1.23456E+6'[197 chars]мо.'}
{'ord[52 chars]': '1234567.89000', 'shipped_value': '1234567.[206 chars]мо.'}

Diff is 672 characters long. Set self.maxDiff to None to see it.

----------------------------------------------------------------------
Ran 2 tests in 1.210s

FAILED (failures=1, errors=1)
Destroying test database for alias 'default' ('/workspace/scratch/c7b51e996a9f/tmp/b03_candidate/check_review_red2.sqlite3_django_test')...
 OK
System check identified no issues (0 silenced).
