test_full_model_transfer_preserves_money_stock_files_ids_and_replays (erp.test_full_data_transfer.FullDataTransferTests.test_full_model_transfer_preserves_money_stock_files_ids_and_replays) ... ok
test_missing_referenced_file_is_a_written_refusal_without_source_changes (erp.test_preflight_missing_media.PreflightMissingMediaTests.test_missing_referenced_file_is_a_written_refusal_without_source_changes) ... ok
test_all_legacy_bytes_remain_charged_to_migration_quota (operations.test_document_migration.A08DocumentMigrationTests.test_all_legacy_bytes_remain_charged_to_migration_quota) ... Found 11 test(s).
Skipping setup of unused database(s): default.
System check identified no issues (0 silenced).
BOS_A07_TRANSFER {"backend": "sqlite", "complete": true, "table_count": 45, "source_sha256": "7dae40bfbdbb046884ccbed7c59c21b378263ed18465b3df6228328cfe6b26aa", "source_unchanged": true, "accounting_totals": {"stock": {"lot_count": 12, "movement_count": 18, "recorded_cost_basis_by_currency": {"EUR": "39", "USD": "39", "UAH": "39"}, "quantity_by_item": {"1": {"stock": "13", "movements": "13"}, "2": {"stock": "2", "movements": "2"}, "3": {"stock": "13", "movements": "13"}, "4": {"stock": "2", "movements": "2"}, "5": {"stock": "13", "movements": "13"}, "6": {"stock": "2", "movements": "2"}}}, "finance": {"salary_rows": 3, "transaction_rows": 6, "salary_amounts": [{"currency": "EUR", "status": "paid", "amount": "100"}, {"currency": "UAH", "status": "paid", "amount": "100"}, {"currency": "USD", "status": "paid", "amount": "100"}], "transaction_amounts": [{"currency": "EUR", "direction": "in", "amount": "200"}, {"currency": "EUR", "direction": "out", "amount": "100"}, {"currency": "UAH", "direction": "in", "amount": "200"}, {"currency": "UAH", "direction": "out", "amount": "100"}, {"currency": "USD", "direction": "in", "amount": "200"}, {"currency": "USD", "direction": "out", "amount": "100"}]}}, "next_ids": [90002, 90003], "http_receipt_equal": true, "not_checked": ["real_customer_data", "postgresql", "production_cutover", "A09_A10_installation_upgrade"]}
BOS_A08_DOCUMENT_CASE {"case": "quota", "passed": true, "input_unchanged": true, "details": {"legacy_bytes_counted": 382, "all_or_nothing": true}}
ok
test_all_source_conflicts_are_reported_before_writing (operations.test_document_migration.A08DocumentMigrationTests.test_all_source_conflicts_are_reported_before_writing) ... BOS_A08_DOCUMENT_CASE {"case": "all_conflicts", "passed": true, "input_unchanged": true, "details": {"findings": [{"model": "operations.Document", "id": 7, "reason": "DOCUMENT_BYTES_SIZE_OR_CHECKSUM_INVALID"}, {"model": "operations.Document", "id": 1001, "reason": "DOCUMENT_BYTES_SIZE_OR_CHECKSUM_INVALID"}, {"model": "ai_assistant.ChatFile", "id": 1, "reason": "CHAT_BYTES_SIZE_OR_CHECKSUM_INVALID"}], "rows_and_files_unchanged": true, "refusal_report_saved": true}}
ok
test_bound_missing_corrupt_and_null_size_never_use_legacy_fallback (operations.test_document_migration.A08DocumentMigrationTests.test_bound_missing_corrupt_and_null_size_never_use_legacy_fallback) ... BOS_A08_DOCUMENT_CASE {"case": "bound_conflicts", "passed": true, "input_unchanged": true, "details": {"bound_missing_corrupt_null_size_ids": [7, 1001, 90001], "legacy_fallback": false}}
ok
test_forged_wrong_copy_attached_and_cross_plan_refused (operations.test_document_migration.A08DocumentMigrationTests.test_forged_wrong_copy_attached_and_cross_plan_refused) ... BOS_A08_DOCUMENT_CASE {"case": "ownership", "passed": true, "input_unchanged": true, "details": {"constructor_forged_wrong_database_wrong_media_attached_cross_plan": "refused"}}
ok
test_known_chat_checksum_deletion_refuses_old_plan (operations.test_document_migration.A08DocumentMigrationTests.test_known_chat_checksum_deletion_refuses_old_plan) ... BOS_A08_DOCUMENT_CASE {"case": "chat_checksum", "passed": true, "input_unchanged": true, "details": {"declared_checksum_deletion_refused_without_repair": true}}
ok
test_late_sql_failure_rolls_back_rows_and_only_new_files (operations.test_document_migration.A08DocumentMigrationTests.test_late_sql_failure_rolls_back_rows_and_only_new_files) ... BOS_A08_DOCUMENT_CASE {"case": "rollback", "passed": true, "input_unchanged": true, "details": {"rows_and_files_unchanged_after_late_sql_failure": true}}
ok
test_missing_mutex_creation_is_the_only_allowed_new_row (operations.test_document_migration.A08DocumentMigrationTests.test_missing_mutex_creation_is_the_only_allowed_new_row) ... BOS_A08_DOCUMENT_CASE {"case": "missing_mutex", "passed": true, "input_unchanged": true, "details": {"full_rehearsal_without_existing_mutex": true, "new_files": 3}}
ok
test_mixed_files_replay_restore_and_typed_transfer (operations.test_document_migration.A08DocumentMigrationTests.test_mixed_files_replay_restore_and_typed_transfer) ... BOS_A08_DOCUMENT_CASE {"case": "mixed", "passed": true, "input_unchanged": true, "details": {"tables": 45, "new_files": 3, "replay_new_files": 0, "restored_exact_bytes": 4, "typed_transfer_exact_bytes": 4}}
ok
test_nullable_schema_upgrade_preserves_highwater_and_existing_rows (operations.test_document_migration.A08DocumentMigrationTests.test_nullable_schema_upgrade_preserves_highwater_and_existing_rows) ... FAIL

======================================================================
FAIL: test_nullable_schema_upgrade_preserves_highwater_and_existing_rows (operations.test_document_migration.A08DocumentMigrationTests.test_nullable_schema_upgrade_preserves_highwater_and_existing_rows)
----------------------------------------------------------------------
Traceback (most recent call last):
  File "/workspace/scratch/c7b51e996a9f/tmp/b01_transfer_fixture_fix/source/operations/test_document_migration.py", line 61, in test_nullable_schema_upgrade_preserves_highwater_and_existing_rows
    self._case('highwater')
  File "/workspace/scratch/c7b51e996a9f/tmp/b01_transfer_fixture_fix/source/operations/test_document_migration.py", line 37, in _case
    self.assertEqual(run.returncode, 0, run.stdout + '\n' + run.stderr)
AssertionError: 1 != 0 : 
Traceback (most recent call last):
  File "<frozen runpy>", line 198, in _run_module_as_main
  File "<frozen runpy>", line 88, in _run_code
  File "/workspace/scratch/c7b51e996a9f/tmp/b01_transfer_fixture_fix/source/operations/test_document_migration.py", line 300, in <module>
    print(json.dumps(run_case(args.case, args.source_db, args.source_media, args.work), ensure_ascii=False))
                     ^^^^^^^^^^^^^^^^^^^^^^^^^^^^^^^^^^^^^^^^^^^^^^^^^^^^^^^^^^^^^^^^^
  File "/workspace/scratch/c7b51e996a9f/tmp/b01_transfer_fixture_fix/source/operations/test_document_migration.py", line 246, in run_case
    call_command('migrate', 'operations', '0005_invoice_boundaries', verbosity=0, interactive=False)
  File "/workspace/scratch/c7b51e996a9f/demo-check-env/lib/python3.12/site-packages/django/core/management/__init__.py", line 195, in call_command
    return command.execute(*args, **defaults)
           ^^^^^^^^^^^^^^^^^^^^^^^^^^^^^^^^^^
  File "/workspace/scratch/c7b51e996a9f/demo-check-env/lib/python3.12/site-packages/django/core/management/base.py", line 464, in execute
    output = self.handle(*args, **options)
             ^^^^^^^^^^^^^^^^^^^^^^^^^^^^^
  File "/workspace/scratch/c7b51e996a9f/demo-check-env/lib/python3.12/site-packages/django/core/management/base.py", line 111, in wrapper
    res = handle_func(*args, **kwargs)
          ^^^^^^^^^^^^^^^^^^^^^^^^^^^^
  File "/workspace/scratch/c7b51e996a9f/demo-check-env/lib/python3.12/site-packages/django/core/management/commands/migrate.py", line 354, in handle
    post_migrate_state = executor.migrate(
                         ^^^^^^^^^^^^^^^^^
  File "/workspace/scratch/c7b51e996a9f/demo-check-env/lib/python3.12/site-packages/django/db/migrations/executor.py", line 143, in migrate
    state = self._migrate_all_backwards(plan, full_plan, fake=fake)
            ^^^^^^^^^^^^^^^^^^^^^^^^^^^^^^^^^^^^^^^^^^^^^^^^^^^^^^^
  File "/workspace/scratch/c7b51e996a9f/demo-check-env/lib/python3.12/site-packages/django/db/migrations/executor.py", line 221, in _migrate_all_backwards
    self.unapply_migration(states[migration], migration, fake=fake)
  File "/workspace/scratch/c7b51e996a9f/demo-check-env/lib/python3.12/site-packages/django/db/migrations/executor.py", line 287, in unapply_migration
    state = migration.unapply(state, schema_editor)
            ^^^^^^^^^^^^^^^^^^^^^^^^^^^^^^^^^^^^^^^
  File "/workspace/scratch/c7b51e996a9f/demo-check-env/lib/python3.12/site-packages/django/db/migrations/migration.py", line 193, in unapply
    operation.database_backwards(
  File "/workspace/scratch/c7b51e996a9f/demo-check-env/lib/python3.12/site-packages/django/db/migrations/operations/special.py", line 207, in database_backwards
    self.reverse_code(from_state.apps, schema_editor)
  File "/workspace/scratch/c7b51e996a9f/tmp/b01_transfer_fixture_fix/source/erp/migrations/0003_purchase_source.py", line 12, in refuse_approved_source_loss
    raise RuntimeError('Відкат B01 зупинено: він видалив би збережені джерела або погодження закупівель.')
RuntimeError: Відкат B01 зупинено: він видалив би збережені джерела або погодження закупівель.


----------------------------------------------------------------------
Ran 11 tests in 19.505s

FAILED (failures=1)
