Creating test database for alias 'default' ('/workspace/scratch/c7b51e996a9f/tmp/b02_candidate/check_red.sqlite3_django_test')...
Destroying old test database for alias 'default' ('/workspace/scratch/c7b51e996a9f/tmp/b02_candidate/check_red.sqlite3_django_test')...
Found 8 test(s).
Operations to perform:
  Synchronize unmigrated apps: django_filters, messages, rest_framework, staticfiles
  Apply all migrations: admin, ai_assistant, auth, branches, contenttypes, employees, erp, finance, operations, sessions, tasks
Synchronizing apps without migrations:
  Creating tables...
    Running deferred SQL...
Running migrations:
  Applying contenttypes.0001_initial... OK
  Applying auth.0001_initial... OK
  Applying admin.0001_initial... OK
  Applying admin.0002_logentry_remove_auto_add... OK
  Applying admin.0003_logentry_add_action_flag_choices... OK
  Applying ai_assistant.0001_initial... OK
  Applying ai_assistant.0002_taskchangelog... OK
  Applying ai_assistant.0003_claudeusagelog... OK
  Applying ai_assistant.0004_employeechangelog... OK
  Applying ai_assistant.0005_chatfile... OK
  Applying ai_assistant.0006_alter_chatmessage_created_at_and_more... OK
  Applying ai_assistant.0007_employeechangelog_undone_at... OK
  Applying ai_assistant.0008_chatmessage_archived_at_chatmessage_user_and_more... OK
  Applying ai_assistant.0009_private_documents... OK
  Applying contenttypes.0002_remove_content_type_name... OK
  Applying auth.0002_alter_permission_name_max_length... OK
  Applying auth.0003_alter_user_email_max_length... OK
  Applying auth.0004_alter_user_username_opts... OK
  Applying auth.0005_alter_user_last_login_null... OK
  Applying auth.0006_require_contenttypes_0002... OK
  Applying auth.0007_alter_validators_add_error_messages... OK
  Applying auth.0008_alter_user_username_max_length... OK
  Applying auth.0009_alter_user_last_name_max_length... OK
  Applying auth.0010_alter_group_name_max_length... OK
  Applying auth.0011_update_proxy_permissions... OK
  Applying auth.0012_alter_user_first_name_max_length... OK
  Applying branches.0001_initial... OK
  Applying branches.0002_branch_short_name... OK
  Applying branches.0003_fill_short_names... OK
  Applying employees.0001_initial... OK
  Applying employees.0002_alter_employee_department... OK
  Applying employees.0003_employee_branch... OK
  Applying employees.0004_employee_archived_at... OK
  Applying employees.0005_employee_user... OK
  Applying tasks.0001_initial... OK
  Applying tasks.0002_alter_task_priority... OK
  Applying tasks.0003_alter_task_deadline_alter_task_priority_and_more... OK
  Applying tasks.0004_task_branch... OK
  Applying finance.0001_initial... OK
  Applying finance.0002_alter_salary_unique_together_alter_contract_status_and_more... OK
  Applying finance.0003_transaction_branch... OK
  Applying operations.0001_initial... OK
  Applying operations.0002_actionproposal_user... OK
  Applying operations.0003_loginattempt... OK
  Applying operations.0004_alter_document_options_document_access_level... OK
  Applying operations.0005_invoice_boundaries... OK
  Applying operations.0006_private_documents... OK
  Applying erp.0001_initial... OK
  Applying erp.0002_row_boundaries... OK
  Applying erp.0003_purchase_source... OK
  Applying finance.0004_salary_archived_at_transaction_archived_at_and_more... OK
  Applying finance.0005_alter_transaction_branch_alter_transaction_contract_and_more... OK
  Applying finance.0006_financialintent... OK
  Applying finance.0007_money_boundaries... OK
  Applying sessions.0001_initial...test_actual_three_currency_import_preserves_overdue_origin_and_pending_stock (erp.test_initial_import.InitialImportTests.test_actual_three_currency_import_preserves_overdue_origin_and_pending_stock) ... 
  test_actual_three_currency_import_preserves_overdue_origin_and_pending_stock (erp.test_initial_import.InitialImportTests.test_actual_three_currency_import_preserves_overdue_origin_and_pending_stock) (currency='EUR') ... FAIL
  test_actual_three_currency_import_preserves_overdue_origin_and_pending_stock (erp.test_initial_import.InitialImportTests.test_actual_three_currency_import_preserves_overdue_origin_and_pending_stock) (currency='UAH') ... FAIL
  test_actual_three_currency_import_preserves_overdue_origin_and_pending_stock (erp.test_initial_import.InitialImportTests.test_actual_three_currency_import_preserves_overdue_origin_and_pending_stock) (currency='USD') ... FAIL
test_exact_replay_after_actual_receipt_keeps_source_totals_and_current_rows (erp.test_initial_import.InitialImportTests.test_exact_replay_after_actual_receipt_keeps_source_totals_and_current_rows) ... FAIL
test_import_does_not_bypass_normal_purchase_and_roles_or_stale_owner (erp.test_initial_import.InitialImportTests.test_import_does_not_bypass_normal_purchase_and_roles_or_stale_owner) ... FAIL
test_json_csv_canonical_identity_and_whole_sales_composition (erp.test_initial_import.InitialImportTests.test_json_csv_canonical_identity_and_whole_sales_composition) ... FAIL
test_late_real_sql_failure_rolls_back_all_new_rows_and_receipt (erp.test_initial_import.InitialImportTests.test_late_real_sql_failure_rolls_back_all_new_rows_and_receipt) ... FAIL
test_multiple_row_errors_and_totals_mismatch_never_commit (erp.test_initial_import.InitialImportTests.test_multiple_row_errors_and_totals_mismatch_never_commit) ... FAIL
test_persisted_opening_conflict_and_batch_source_export (erp.test_initial_import.InitialImportTests.test_persisted_opening_conflict_and_batch_source_export) ... FAIL
test_raw_duplicate_json_oversize_and_server_templates (erp.test_initial_import.InitialImportTests.test_raw_duplicate_json_oversize_and_server_templates) ... FAIL

======================================================================
FAIL: test_actual_three_currency_import_preserves_overdue_origin_and_pending_stock (erp.test_initial_import.InitialImportTests.test_actual_three_currency_import_preserves_overdue_origin_and_pending_stock) (currency='EUR')
----------------------------------------------------------------------
Traceback (most recent call last):
  File "/workspace/scratch/c7b51e996a9f/tmp/b02_candidate/source/erp/test_initial_import.py", line 93, in test_actual_three_currency_import_preserves_overdue_origin_and_pending_stock
    batch=self.batch(currency,currency);p,r=self.commit(batch)
                                            ^^^^^^^^^^^^^^^^^^
  File "/workspace/scratch/c7b51e996a9f/tmp/b02_candidate/source/erp/test_initial_import.py", line 74, in commit
    p=self.preview(batch);r=self.confirm(p);self.assertEqual(r.status_code,200,r.content)
      ^^^^^^^^^^^^^^^^^^^
  File "/workspace/scratch/c7b51e996a9f/tmp/b02_candidate/source/erp/test_initial_import.py", line 66, in preview
    self.assertEqual(r.status_code,200,r.content);self.assertTrue(r.json()['valid'])
    ^^^^^^^^^^^^^^^^^^^^^^^^^^^^^^^^^^^^^^^^^^^^^
AssertionError: 404 != 200 : b'\n<!doctype html>\n<html lang="en">\n<head>\n  <title>Not Found</title>\n</head>\n<body>\n  <h1>Not Found</h1><p>The requested resource was not found on this server.</p>\n</body>\n</html>\n'

======================================================================
FAIL: test_actual_three_currency_import_preserves_overdue_origin_and_pending_stock (erp.test_initial_import.InitialImportTests.test_actual_three_currency_import_preserves_overdue_origin_and_pending_stock) (currency='UAH')
----------------------------------------------------------------------
Traceback (most recent call last):
  File "/workspace/scratch/c7b51e996a9f/tmp/b02_candidate/source/erp/test_initial_import.py", line 93, in test_actual_three_currency_import_preserves_overdue_origin_and_pending_stock
    batch=self.batch(currency,currency);p,r=self.commit(batch)
                                            ^^^^^^^^^^^^^^^^^^
  File "/workspace/scratch/c7b51e996a9f/tmp/b02_candidate/source/erp/test_initial_import.py", line 74, in commit
    p=self.preview(batch);r=self.confirm(p);self.assertEqual(r.status_code,200,r.content)
      ^^^^^^^^^^^^^^^^^^^
  File "/workspace/scratch/c7b51e996a9f/tmp/b02_candidate/source/erp/test_initial_import.py", line 66, in preview
    self.assertEqual(r.status_code,200,r.content);self.assertTrue(r.json()['valid'])
    ^^^^^^^^^^^^^^^^^^^^^^^^^^^^^^^^^^^^^^^^^^^^^
AssertionError: 404 != 200 : b'\n<!doctype html>\n<html lang="en">\n<head>\n  <title>Not Found</title>\n</head>\n<body>\n  <h1>Not Found</h1><p>The requested resource was not found on this server.</p>\n</body>\n</html>\n'

======================================================================
FAIL: test_actual_three_currency_import_preserves_overdue_origin_and_pending_stock (erp.test_initial_import.InitialImportTests.test_actual_three_currency_import_preserves_overdue_origin_and_pending_stock) (currency='USD')
----------------------------------------------------------------------
Traceback (most recent call last):
  File "/workspace/scratch/c7b51e996a9f/tmp/b02_candidate/source/erp/test_initial_import.py", line 93, in test_actual_three_currency_import_preserves_overdue_origin_and_pending_stock
    batch=self.batch(currency,currency);p,r=self.commit(batch)
                                            ^^^^^^^^^^^^^^^^^^
  File "/workspace/scratch/c7b51e996a9f/tmp/b02_candidate/source/erp/test_initial_import.py", line 74, in commit
    p=self.preview(batch);r=self.confirm(p);self.assertEqual(r.status_code,200,r.content)
      ^^^^^^^^^^^^^^^^^^^
  File "/workspace/scratch/c7b51e996a9f/tmp/b02_candidate/source/erp/test_initial_import.py", line 66, in preview
    self.assertEqual(r.status_code,200,r.content);self.assertTrue(r.json()['valid'])
    ^^^^^^^^^^^^^^^^^^^^^^^^^^^^^^^^^^^^^^^^^^^^^
AssertionError: 404 != 200 : b'\n<!doctype html>\n<html lang="en">\n<head>\n  <title>Not Found</title>\n</head>\n<body>\n  <h1>Not Found</h1><p>The requested resource was not found on this server.</p>\n</body>\n</html>\n'

======================================================================
FAIL: test_exact_replay_after_actual_receipt_keeps_source_totals_and_current_rows (erp.test_initial_import.InitialImportTests.test_exact_replay_after_actual_receipt_keeps_source_totals_and_current_rows)
----------------------------------------------------------------------
Traceback (most recent call last):
  File "/workspace/scratch/c7b51e996a9f/tmp/b02_candidate/source/erp/test_initial_import.py", line 118, in test_exact_replay_after_actual_receipt_keeps_source_totals_and_current_rows
    batch=self.batch();p,receipt=self.commit(batch);po=Purchase.objects.get();location=Location.objects.get()
                                 ^^^^^^^^^^^^^^^^^^
  File "/workspace/scratch/c7b51e996a9f/tmp/b02_candidate/source/erp/test_initial_import.py", line 74, in commit
    p=self.preview(batch);r=self.confirm(p);self.assertEqual(r.status_code,200,r.content)
      ^^^^^^^^^^^^^^^^^^^
  File "/workspace/scratch/c7b51e996a9f/tmp/b02_candidate/source/erp/test_initial_import.py", line 66, in preview
    self.assertEqual(r.status_code,200,r.content);self.assertTrue(r.json()['valid'])
    ^^^^^^^^^^^^^^^^^^^^^^^^^^^^^^^^^^^^^^^^^^^^^
AssertionError: 404 != 200 : b'\n<!doctype html>\n<html lang="en">\n<head>\n  <title>Not Found</title>\n</head>\n<body>\n  <h1>Not Found</h1><p>The requested resource was not found on this server.</p>\n</body>\n</html>\n'

======================================================================
FAIL: test_import_does_not_bypass_normal_purchase_and_roles_or_stale_owner (erp.test_initial_import.InitialImportTests.test_import_does_not_bypass_normal_purchase_and_roles_or_stale_owner)
----------------------------------------------------------------------
Traceback (most recent call last):
  File "/workspace/scratch/c7b51e996a9f/tmp/b02_candidate/source/erp/test_initial_import.py", line 149, in test_import_does_not_bypass_normal_purchase_and_roles_or_stale_owner
    batch=self.batch();p=self.preview(batch)
                         ^^^^^^^^^^^^^^^^^^^
  File "/workspace/scratch/c7b51e996a9f/tmp/b02_candidate/source/erp/test_initial_import.py", line 66, in preview
    self.assertEqual(r.status_code,200,r.content);self.assertTrue(r.json()['valid'])
    ^^^^^^^^^^^^^^^^^^^^^^^^^^^^^^^^^^^^^^^^^^^^^
AssertionError: 404 != 200 : b'\n<!doctype html>\n<html lang="en">\n<head>\n  <title>Not Found</title>\n</head>\n<body>\n  <h1>Not Found</h1><p>The requested resource was not found on this server.</p>\n</body>\n</html>\n'

======================================================================
FAIL: test_json_csv_canonical_identity_and_whole_sales_composition (erp.test_initial_import.InitialImportTests.test_json_csv_canonical_identity_and_whole_sales_composition)
----------------------------------------------------------------------
Traceback (most recent call last):
  File "/workspace/scratch/c7b51e996a9f/tmp/b02_candidate/source/erp/test_initial_import.py", line 130, in test_json_csv_canonical_identity_and_whole_sales_composition
    batch=self.batch();batch['rows'][7]['quantity']='2.5';p,receipt=self.commit(batch)
                                                                    ^^^^^^^^^^^^^^^^^^
  File "/workspace/scratch/c7b51e996a9f/tmp/b02_candidate/source/erp/test_initial_import.py", line 74, in commit
    p=self.preview(batch);r=self.confirm(p);self.assertEqual(r.status_code,200,r.content)
      ^^^^^^^^^^^^^^^^^^^
  File "/workspace/scratch/c7b51e996a9f/tmp/b02_candidate/source/erp/test_initial_import.py", line 66, in preview
    self.assertEqual(r.status_code,200,r.content);self.assertTrue(r.json()['valid'])
    ^^^^^^^^^^^^^^^^^^^^^^^^^^^^^^^^^^^^^^^^^^^^^
AssertionError: 404 != 200 : b'\n<!doctype html>\n<html lang="en">\n<head>\n  <title>Not Found</title>\n</head>\n<body>\n  <h1>Not Found</h1><p>The requested resource was not found on this server.</p>\n</body>\n</html>\n'

======================================================================
FAIL: test_late_real_sql_failure_rolls_back_all_new_rows_and_receipt (erp.test_initial_import.InitialImportTests.test_late_real_sql_failure_rolls_back_all_new_rows_and_receipt)
----------------------------------------------------------------------
Traceback (most recent call last):
  File "/workspace/scratch/c7b51e996a9f/tmp/b02_candidate/source/erp/test_initial_import.py", line 141, in test_late_real_sql_failure_rolls_back_all_new_rows_and_receipt
    batch=self.batch();p=self.preview(batch);before=self.state()
                         ^^^^^^^^^^^^^^^^^^^
  File "/workspace/scratch/c7b51e996a9f/tmp/b02_candidate/source/erp/test_initial_import.py", line 66, in preview
    self.assertEqual(r.status_code,200,r.content);self.assertTrue(r.json()['valid'])
    ^^^^^^^^^^^^^^^^^^^^^^^^^^^^^^^^^^^^^^^^^^^^^
AssertionError: 404 != 200 : b'\n<!doctype html>\n<html lang="en">\n<head>\n  <title>Not Found</title>\n</head>\n<body>\n  <h1>Not Found</h1><p>The requested resource was not found on this server.</p>\n</body>\n</html>\n'

======================================================================
FAIL: test_multiple_row_errors_and_totals_mismatch_never_commit (erp.test_initial_import.InitialImportTests.test_multiple_row_errors_and_totals_mismatch_never_commit)
----------------------------------------------------------------------
Traceback (most recent call last):
  File "/workspace/scratch/c7b51e996a9f/tmp/b02_candidate/source/erp/test_initial_import.py", line 110, in test_multiple_row_errors_and_totals_mismatch_never_commit
    self.assertEqual(r.status_code,422,r.content);self.assertFalse(r.json()['valid']);self.assertIsNone(r.json()['proposal'])
    ^^^^^^^^^^^^^^^^^^^^^^^^^^^^^^^^^^^^^^^^^^^^^
AssertionError: 404 != 422 : b'\n<!doctype html>\n<html lang="en">\n<head>\n  <title>Not Found</title>\n</head>\n<body>\n  <h1>Not Found</h1><p>The requested resource was not found on this server.</p>\n</body>\n</html>\n'

======================================================================
FAIL: test_persisted_opening_conflict_and_batch_source_export (erp.test_initial_import.InitialImportTests.test_persisted_opening_conflict_and_batch_source_export)
----------------------------------------------------------------------
Traceback (most recent call last):
  File "/workspace/scratch/c7b51e996a9f/tmp/b02_candidate/source/erp/test_initial_import.py", line 162, in test_persisted_opening_conflict_and_batch_source_export
    batch=self.batch();_,receipt=self.commit(batch);stable=self.state()
                                 ^^^^^^^^^^^^^^^^^^
  File "/workspace/scratch/c7b51e996a9f/tmp/b02_candidate/source/erp/test_initial_import.py", line 74, in commit
    p=self.preview(batch);r=self.confirm(p);self.assertEqual(r.status_code,200,r.content)
      ^^^^^^^^^^^^^^^^^^^
  File "/workspace/scratch/c7b51e996a9f/tmp/b02_candidate/source/erp/test_initial_import.py", line 66, in preview
    self.assertEqual(r.status_code,200,r.content);self.assertTrue(r.json()['valid'])
    ^^^^^^^^^^^^^^^^^^^^^^^^^^^^^^^^^^^^^^^^^^^^^
AssertionError: 404 != 200 : b'\n<!doctype html>\n<html lang="en">\n<head>\n  <title>Not Found</title>\n</head>\n<body>\n  <h1>Not Found</h1><p>The requested resource was not found on this server.</p>\n</body>\n</html>\n'

======================================================================
FAIL: test_raw_duplicate_json_oversize_and_server_templates (erp.test_initial_import.InitialImportTests.test_raw_duplicate_json_oversize_and_server_templates)
----------------------------------------------------------------------
Traceback (most recent call last):
  File "/workspace/scratch/c7b51e996a9f/tmp/b02_candidate/source/erp/test_initial_import.py", line 173, in test_raw_duplicate_json_oversize_and_server_templates
    self.assertEqual(dup.status_code,400,dup.content)
AssertionError: 404 != 400 : b'\n<!doctype html>\n<html lang="en">\n<head>\n  <title>Not Found</title>\n</head>\n<body>\n  <h1>Not Found</h1><p>The requested resource was not found on this server.</p>\n</body>\n</html>\n'

----------------------------------------------------------------------
Ran 8 tests in 0.128s

FAILED (failures=10)
Destroying test database for alias 'default' ('/workspace/scratch/c7b51e996a9f/tmp/b02_candidate/check_red.sqlite3_django_test')...
 OK
System check identified no issues (0 silenced).
