{
  "complete": true,
  "checks": [
    "actual old launcher accepts missing venv ownership proof",
    "final launcher refuses missing venv ownership proof before children",
    "final launcher refuses foreign hardlinked executable before children",
    "exact final draft real verified HTTPS liveness/readiness 200",
    "exact final draft duplicate CLI refusal preserves first server",
    "exact final draft SIGTERM cleans both children exit0 without force"
  ],
  "base_source_sha256": "1fea0cca612ce53cf219a62ad4055ff1124e0246a5cf207a58c472de4fe88cd3",
  "stop": {
    "event": "bos.bundle.stopped",
    "installation_id": "d8a91b77-83fe-49b7-89a9-5773b9735cb0",
    "children": [
      {
        "runtime": "caddy",
        "exit_code": 0,
        "forced": false
      },
      {
        "runtime": "waitress",
        "exit_code": 0,
        "forced": false
      }
    ]
  },
  "lifecycle_sha256": "194fc1c8117633dfb1f7921cecda55065013d11c33f2ff8e7d8c6edab3cac499",
  "all_owned_processes_stopped": true
}
