EF
======================================================================
ERROR: test_local_profile_keeps_its_actual_mode (boss_project.test_runtime_profile.A09RuntimeProfileTests.test_local_profile_keeps_its_actual_mode)
----------------------------------------------------------------------
Traceback (most recent call last):
  File "/workspace/scratch/c7b51e996a9f/demo-check-env/lib/python3.12/site-packages/django/test/utils.py", line 458, in inner
    return func(*args, **kwargs)
           ^^^^^^^^^^^^^^^^^^^^^
  File "/workspace/sites/bos-original-refined/boss_project/test_runtime_profile.py", line 22, in test_local_profile_keeps_its_actual_mode
    self.assertEqual(value['data_mode'], 'demo')
                     ~~~~~^^^^^^^^^^^^^
KeyError: 'data_mode'

======================================================================
FAIL: test_server_profile_is_explicit_and_demo_metrics_stay_labelled (boss_project.test_runtime_profile.A09RuntimeProfileTests.test_server_profile_is_explicit_and_demo_metrics_stay_labelled)
----------------------------------------------------------------------
Traceback (most recent call last):
  File "/workspace/scratch/c7b51e996a9f/demo-check-env/lib/python3.12/site-packages/django/test/utils.py", line 458, in inner
    return func(*args, **kwargs)
           ^^^^^^^^^^^^^^^^^^^^^
  File "/workspace/sites/bos-original-refined/boss_project/test_runtime_profile.py", line 12, in test_server_profile_is_explicit_and_demo_metrics_stay_labelled
    self.assertEqual(value['mode'], 'server')
AssertionError: 'local' != 'server'
- local
+ server


----------------------------------------------------------------------
Ran 2 tests in 0.002s

FAILED (failures=1, errors=1)
Found 2 test(s).
System check identified no issues (0 silenced).
