Creating test database for alias 'default' ('/tmp/bos-a04-after1.sqlite3_django_test')...
Destroying old test database for alias 'default' ('/tmp/bos-a04-after1.sqlite3_django_test')...
Found 48 test(s).
Operations to perform:
  Synchronize unmigrated apps: django_filters, messages, rest_framework, staticfiles
  Apply all migrations: admin, ai_assistant, auth, branches, contenttypes, employees, erp, finance, operations, sessions, tasks
Synchronizing apps without migrations:
  Creating tables...
    Running deferred SQL...
Running migrations:
  Applying contenttypes.0001_initial... OK
  Applying auth.0001_initial... OK
  Applying admin.0001_initial... OK
  Applying admin.0002_logentry_remove_auto_add... OK
  Applying admin.0003_logentry_add_action_flag_choices... OK
  Applying ai_assistant.0001_initial... OK
  Applying ai_assistant.0002_taskchangelog... OK
  Applying ai_assistant.0003_claudeusagelog... OK
  Applying ai_assistant.0004_employeechangelog... OK
  Applying ai_assistant.0005_chatfile... OK
  Applying ai_assistant.0006_alter_chatmessage_created_at_and_more... OK
  Applying ai_assistant.0007_employeechangelog_undone_at... OK
  Applying ai_assistant.0008_chatmessage_archived_at_chatmessage_user_and_more... OK
  Applying contenttypes.0002_remove_content_type_name... OK
  Applying auth.0002_alter_permission_name_max_length... OK
  Applying auth.0003_alter_user_email_max_length... OK
  Applying auth.0004_alter_user_username_opts... OK
  Applying auth.0005_alter_user_last_login_null... OK
  Applying auth.0006_require_contenttypes_0002... OK
  Applying auth.0007_alter_validators_add_error_messages... OK
  Applying auth.0008_alter_user_username_max_length... OK
  Applying auth.0009_alter_user_last_name_max_length... OK
  Applying auth.0010_alter_group_name_max_length... OK
  Applying auth.0011_update_proxy_permissions... OK
  Applying auth.0012_alter_user_first_name_max_length... OK
  Applying branches.0001_initial... OK
  Applying branches.0002_branch_short_name... OK
  Applying branches.0003_fill_short_names... OK
  Applying employees.0001_initial... OK
  Applying employees.0002_alter_employee_department... OK
  Applying employees.0003_employee_branch... OK
  Applying employees.0004_employee_archived_at... OK
  Applying employees.0005_employee_user... OK
  Applying tasks.0001_initial... OK
  Applying tasks.0002_alter_task_priority... OK
  Applying tasks.0003_alter_task_deadline_alter_task_priority_and_more... OK
  Applying tasks.0004_task_branch... OK
  Applying finance.0001_initial... OK
  Applying finance.0002_alter_salary_unique_together_alter_contract_status_and_more... OK
  Applying finance.0003_transaction_branch... OK
  Applying operations.0001_initial... OK
  Applying erp.0001_initial... OK
  Applying finance.0004_salary_archived_at_transaction_archived_at_and_more... OK
  Applying finance.0005_alter_transaction_branch_alter_transaction_contract_and_more... OK
  Applying operations.0002_actionproposal_user... OK
  Applying operations.0003_loginattempt... OK
  Applying operations.0004_alter_document_options_document_access_level... OK
  Applying sessions.0001_initial...test_audit_payload_is_filtered_before_response (operations.test_access.A04AggregateReadTests.test_audit_payload_is_filtered_before_response) ... ok
test_dashboard_activity_hides_hr_events_but_ceo_can_read_them (operations.test_access.A04AggregateReadTests.test_dashboard_activity_hides_hr_events_but_ceo_can_read_them) ... ok
test_dashboard_summary_and_helicopter_have_no_financial_side_channel (operations.test_access.A04AggregateReadTests.test_dashboard_summary_and_helicopter_have_no_financial_side_channel) ... ok
test_hidden_erp_order_and_change_have_no_detail_draft_or_next_route (operations.test_access.A04AggregateReadTests.test_hidden_erp_order_and_change_have_no_detail_draft_or_next_route) ... ok
test_manager_snapshot_retains_allowed_procurement_prices_not_ceo_sources (operations.test_access.A04AggregateReadTests.test_manager_snapshot_retains_allowed_procurement_prices_not_ceo_sources) ... ok
test_observer_next_step_cannot_disclose_payment_amount_or_ceo_action (operations.test_access.A04AggregateReadTests.test_observer_next_step_cannot_disclose_payment_amount_or_ceo_action) ... ok
test_observer_snapshot_retains_operations_without_money_or_private_records (operations.test_access.A04AggregateReadTests.test_observer_snapshot_retains_operations_without_money_or_private_records) ... ok
test_operations_summary_finance_is_filtered_for_non_ceo (operations.test_access.A04AggregateReadTests.test_operations_summary_finance_is_filtered_for_non_ceo) ... ok
test_ceo_history_stays_private_after_same_owner_is_downgraded (operations.test_access.A04AssistantAccessTests.test_ceo_history_stays_private_after_same_owner_is_downgraded) ... ok
test_chat_history_is_owned_and_legacy_null_owner_never_leaks (operations.test_access.A04AssistantAccessTests.test_chat_history_is_owned_and_legacy_null_owner_never_leaks) ... ok
test_context_rechecks_actual_group_and_document_permission_without_cache (operations.test_access.A04AssistantAccessTests.test_context_rechecks_actual_group_and_document_permission_without_cache) ... ok
test_context_without_principal_cannot_read_business_sources (operations.test_access.A04AssistantAccessTests.test_context_without_principal_cannot_read_business_sources) ... ok
test_legacy_context_uses_request_and_ignores_global_finance_cache (operations.test_access.A04AssistantAccessTests.test_legacy_context_uses_request_and_ignores_global_finance_cache) ... ok
test_local_assistant_manager_keeps_allowed_comparison_but_no_closed_sources (operations.test_access.A04AssistantAccessTests.test_local_assistant_manager_keeps_allowed_comparison_but_no_closed_sources) ... ok
test_local_assistant_observer_has_no_financial_answer_or_hidden_sources (operations.test_access.A04AssistantAccessTests.test_local_assistant_observer_has_no_financial_answer_or_hidden_sources) ... ok
test_observer_cannot_archive_chat_history (operations.test_access.A04AssistantAccessTests.test_observer_cannot_archive_chat_history) ... ok
test_own_history_delete_archives_preserving_foreign_rows_files_and_bytes (operations.test_access.A04AssistantAccessTests.test_own_history_delete_archives_preserving_foreign_rows_files_and_bytes) ... ok
test_private_chat_file_cannot_leak_through_other_history_or_public_media (operations.test_access.A04AssistantAccessTests.test_private_chat_file_cannot_leak_through_other_history_or_public_media) ... ok
test_anonymous_cannot_read_any_current_business_get_surface (operations.test_access.A04BoundaryReadTests.test_anonymous_cannot_read_any_current_business_get_surface) ... ok
test_head_options_and_json_aliases_do_not_expose_forbidden_salary_data (operations.test_access.A04BoundaryReadTests.test_head_options_and_json_aliases_do_not_expose_forbidden_salary_data) ... ok
test_compare_keeps_allowed_quotes_without_hidden_rows_or_observer_prices (operations.test_access.A04DocumentReadTests.test_compare_keeps_allowed_quotes_without_hidden_rows_or_observer_prices) ... ok
test_contract_details_aliases_respect_document_scope_and_financial_fields (operations.test_access.A04DocumentReadTests.test_contract_details_aliases_respect_document_scope_and_financial_fields) ... ok
test_document_classification_defaults_and_chat_owner_schema_exist (operations.test_access.A04DocumentReadTests.test_document_classification_defaults_and_chat_owner_schema_exist) ... ok
test_document_levels_filter_all_rows_for_each_role (operations.test_access.A04DocumentReadTests.test_document_levels_filter_all_rows_for_each_role) ... ok
test_document_permission_is_separate_from_business_role (operations.test_access.A04DocumentReadTests.test_document_permission_is_separate_from_business_role) ... ok
test_download_capability_required_even_for_ceo_and_preserves_scope (operations.test_access.A04DocumentReadTests.test_download_capability_required_even_for_ceo_and_preserves_scope) ... ok
test_hidden_versions_do_not_hide_visible_version_or_leak_metadata_hits (operations.test_access.A04DocumentReadTests.test_hidden_versions_do_not_hide_visible_version_or_leak_metadata_hits) ... ok
test_request_list_compare_and_rfq_share_document_scope (operations.test_access.A04DocumentReadTests.test_request_list_compare_and_rfq_share_document_scope) ... ok
test_revoking_document_permissions_affects_existing_session_immediately (operations.test_access.A04DocumentReadTests.test_revoking_document_permissions_affects_existing_session_immediately) ... ok
test_ceo_and_manager_need_explicit_export_permission (operations.test_access.A04ExportTests.test_ceo_and_manager_need_explicit_export_permission) ... ok
test_export_is_a_projection_of_allowed_data_not_an_unfiltered_database (operations.test_access.A04ExportTests.test_export_is_a_projection_of_allowed_data_not_an_unfiltered_database) ... ok
test_export_permission_revocation_applies_without_new_login (operations.test_access.A04ExportTests.test_export_permission_revocation_applies_without_new_login) ... ok
test_observer_cannot_export_even_with_export_permission (operations.test_access.A04ExportTests.test_observer_cannot_export_even_with_export_permission) ... ok
test_ceo_retains_three_currency_finance_and_payroll_data (operations.test_access.A04FinanceReadTests.test_ceo_retains_three_currency_finance_and_payroll_data) ... ok
test_employee_directory_remains_useful_without_hr_fields (operations.test_access.A04FinanceReadTests.test_employee_directory_remains_useful_without_hr_fields) ... ok
test_manager_transaction_whitelist_and_payroll_sources_excluded (operations.test_access.A04FinanceReadTests.test_manager_transaction_whitelist_and_payroll_sources_excluded) ... ok
test_observer_cannot_read_transaction_routes_or_aliases (operations.test_access.A04FinanceReadTests.test_observer_cannot_read_transaction_routes_or_aliases) ... ok
test_observer_counterparties_have_no_financial_aggregates (operations.test_access.A04FinanceReadTests.test_observer_counterparties_have_no_financial_aggregates) ... ok
test_payroll_forbidden_for_manager_observer_in_all_get_aliases (operations.test_access.A04FinanceReadTests.test_payroll_forbidden_for_manager_observer_in_all_get_aliases) ... ok
test_confirm_rechecks_document_capability_after_preview (operations.test_access.A04ProposalAccessTests.test_confirm_rechecks_document_capability_after_preview) ... ok
test_hidden_document_references_cannot_be_previewed_via_either_adapter (operations.test_access.A04ProposalAccessTests.test_hidden_document_references_cannot_be_previewed_via_either_adapter) ... ok
test_manager_cannot_preview_ceo_only_actions_on_either_adapter (operations.test_access.A04ProposalAccessTests.test_manager_cannot_preview_ceo_only_actions_on_either_adapter) ... ok
test_task_preview_cannot_reference_hidden_procurement_request (operations.test_access.A04ProposalAccessTests.test_task_preview_cannot_reference_hidden_procurement_request) ... ok
test_blind_forms_cannot_create_or_relink_hidden_sources_or_versions (operations.test_blind_paths.A04BlindPathTests.test_blind_forms_cannot_create_or_relink_hidden_sources_or_versions) ... ok
test_browsable_html_and_metadata_share_the_same_field_and_fk_scope (operations.test_blind_paths.A04BlindPathTests.test_browsable_html_and_metadata_share_the_same_field_and_fk_scope) ... ok
test_completed_proposal_replay_rechecks_document_permission (operations.test_blind_paths.A04BlindPathTests.test_completed_proposal_replay_rechecks_document_permission) ... ok
test_nested_erp_ids_are_scoped_on_both_preview_adapters (operations.test_blind_paths.A04BlindPathTests.test_nested_erp_ids_are_scoped_on_both_preview_adapters) ... ok
test_projected_rows_never_retain_hidden_foreign_ids (operations.test_blind_paths.A04BlindPathTests.test_projected_rows_never_retain_hidden_foreign_ids) ... ok

----------------------------------------------------------------------
Ran 48 tests in 2.002s

OK
Destroying test database for alias 'default' ('/tmp/bos-a04-after1.sqlite3_django_test')...
 OK
System check identified no issues (0 silenced).
