Creating test database for alias 'default' ('/workspace/scratch/c7b51e996a9f/tmp/a04_blind_red.sqlite3_django_test')...
Destroying old test database for alias 'default' ('/workspace/scratch/c7b51e996a9f/tmp/a04_blind_red.sqlite3_django_test')...
Found 5 test(s).
Operations to perform:
  Synchronize unmigrated apps: django_filters, messages, rest_framework, staticfiles
  Apply all migrations: admin, ai_assistant, auth, branches, contenttypes, employees, erp, finance, operations, sessions, tasks
Synchronizing apps without migrations:
  Creating tables...
    Running deferred SQL...
Running migrations:
  Applying contenttypes.0001_initial... OK
  Applying auth.0001_initial... OK
  Applying admin.0001_initial... OK
  Applying admin.0002_logentry_remove_auto_add... OK
  Applying admin.0003_logentry_add_action_flag_choices... OK
  Applying ai_assistant.0001_initial... OK
  Applying ai_assistant.0002_taskchangelog... OK
  Applying ai_assistant.0003_claudeusagelog... OK
  Applying ai_assistant.0004_employeechangelog... OK
  Applying ai_assistant.0005_chatfile... OK
  Applying ai_assistant.0006_alter_chatmessage_created_at_and_more... OK
  Applying ai_assistant.0007_employeechangelog_undone_at... OK
  Applying ai_assistant.0008_chatmessage_archived_at_chatmessage_user_and_more... OK
  Applying contenttypes.0002_remove_content_type_name... OK
  Applying auth.0002_alter_permission_name_max_length... OK
  Applying auth.0003_alter_user_email_max_length... OK
  Applying auth.0004_alter_user_username_opts... OK
  Applying auth.0005_alter_user_last_login_null... OK
  Applying auth.0006_require_contenttypes_0002... OK
  Applying auth.0007_alter_validators_add_error_messages... OK
  Applying auth.0008_alter_user_username_max_length... OK
  Applying auth.0009_alter_user_last_name_max_length... OK
  Applying auth.0010_alter_group_name_max_length... OK
  Applying auth.0011_update_proxy_permissions... OK
  Applying auth.0012_alter_user_first_name_max_length... OK
  Applying branches.0001_initial... OK
  Applying branches.0002_branch_short_name... OK
  Applying branches.0003_fill_short_names... OK
  Applying employees.0001_initial... OK
  Applying employees.0002_alter_employee_department... OK
  Applying employees.0003_employee_branch... OK
  Applying employees.0004_employee_archived_at... OK
  Applying employees.0005_employee_user... OK
  Applying tasks.0001_initial... OK
  Applying tasks.0002_alter_task_priority... OK
  Applying tasks.0003_alter_task_deadline_alter_task_priority_and_more... OK
  Applying tasks.0004_task_branch... OK
  Applying finance.0001_initial... OK
  Applying finance.0002_alter_salary_unique_together_alter_contract_status_and_more... OK
  Applying finance.0003_transaction_branch... OK
  Applying operations.0001_initial... OK
  Applying erp.0001_initial... OK
  Applying finance.0004_salary_archived_at_transaction_archived_at_and_more... OK
  Applying finance.0005_alter_transaction_branch_alter_transaction_contract_and_more... OK
  Applying operations.0002_actionproposal_user... OK
  Applying operations.0003_loginattempt... OK
  Applying operations.0004_alter_document_options_document_access_level... OK
  Applying sessions.0001_initial...test_blind_forms_cannot_create_or_relink_hidden_sources_or_versions (a04_test_blind_paths.A04BlindPathTests.test_blind_forms_cannot_create_or_relink_hidden_sources_or_versions) ... 
  test_blind_forms_cannot_create_or_relink_hidden_sources_or_versions (a04_test_blind_paths.A04BlindPathTests.test_blind_forms_cannot_create_or_relink_hidden_sources_or_versions) (url='/api/operations/requests/create/') ... FAIL
  test_blind_forms_cannot_create_or_relink_hidden_sources_or_versions (a04_test_blind_paths.A04BlindPathTests.test_blind_forms_cannot_create_or_relink_hidden_sources_or_versions) (url='/api/operations/quotes/create/') ... FAIL
  test_blind_forms_cannot_create_or_relink_hidden_sources_or_versions (a04_test_blind_paths.A04BlindPathTests.test_blind_forms_cannot_create_or_relink_hidden_sources_or_versions) (url='/api/operations/documents/1/review/') ... FAIL
test_blind_forms_cannot_create_or_relink_hidden_sources_or_versions (a04_test_blind_paths.A04BlindPathTests.test_blind_forms_cannot_create_or_relink_hidden_sources_or_versions) ... FAIL
test_browsable_html_and_metadata_share_the_same_field_and_fk_scope (a04_test_blind_paths.A04BlindPathTests.test_browsable_html_and_metadata_share_the_same_field_and_fk_scope) ... ok
test_completed_proposal_replay_rechecks_document_permission (a04_test_blind_paths.A04BlindPathTests.test_completed_proposal_replay_rechecks_document_permission) ... FAIL
test_nested_erp_ids_are_scoped_on_both_preview_adapters (a04_test_blind_paths.A04BlindPathTests.test_nested_erp_ids_are_scoped_on_both_preview_adapters) ... 
  test_nested_erp_ids_are_scoped_on_both_preview_adapters (a04_test_blind_paths.A04BlindPathTests.test_nested_erp_ids_are_scoped_on_both_preview_adapters) (url='/api/erp/preview/', action='erp_order') ... FAIL
  test_nested_erp_ids_are_scoped_on_both_preview_adapters (a04_test_blind_paths.A04BlindPathTests.test_nested_erp_ids_are_scoped_on_both_preview_adapters) (url='/api/erp/preview/', action='erp_item') ... FAIL
  test_nested_erp_ids_are_scoped_on_both_preview_adapters (a04_test_blind_paths.A04BlindPathTests.test_nested_erp_ids_are_scoped_on_both_preview_adapters) (url='/api/erp/preview/', action='erp_receive') ... FAIL
  test_nested_erp_ids_are_scoped_on_both_preview_adapters (a04_test_blind_paths.A04BlindPathTests.test_nested_erp_ids_are_scoped_on_both_preview_adapters) (url='/api/operations/preview/', action='erp_order') ... FAIL
  test_nested_erp_ids_are_scoped_on_both_preview_adapters (a04_test_blind_paths.A04BlindPathTests.test_nested_erp_ids_are_scoped_on_both_preview_adapters) (url='/api/operations/preview/', action='erp_item') ... FAIL
  test_nested_erp_ids_are_scoped_on_both_preview_adapters (a04_test_blind_paths.A04BlindPathTests.test_nested_erp_ids_are_scoped_on_both_preview_adapters) (url='/api/operations/preview/', action='erp_receive') ... FAIL
test_projected_rows_never_retain_hidden_foreign_ids (a04_test_blind_paths.A04BlindPathTests.test_projected_rows_never_retain_hidden_foreign_ids) ... FAIL

======================================================================
FAIL: test_blind_forms_cannot_create_or_relink_hidden_sources_or_versions (a04_test_blind_paths.A04BlindPathTests.test_blind_forms_cannot_create_or_relink_hidden_sources_or_versions) (url='/api/operations/requests/create/')
----------------------------------------------------------------------
Traceback (most recent call last):
  File "/workspace/scratch/c7b51e996a9f/tmp/a04_test_blind_paths.py", line 105, in test_blind_forms_cannot_create_or_relink_hidden_sources_or_versions
    self.assertEqual(response.status_code, 404, text_body(response))
AssertionError: 201 != 404 : {"code": "A04-BLIND-R"}

======================================================================
FAIL: test_blind_forms_cannot_create_or_relink_hidden_sources_or_versions (a04_test_blind_paths.A04BlindPathTests.test_blind_forms_cannot_create_or_relink_hidden_sources_or_versions) (url='/api/operations/quotes/create/')
----------------------------------------------------------------------
Traceback (most recent call last):
  File "/workspace/scratch/c7b51e996a9f/tmp/a04_test_blind_paths.py", line 105, in test_blind_forms_cannot_create_or_relink_hidden_sources_or_versions
    self.assertEqual(response.status_code, 404, text_body(response))
AssertionError: 201 != 404 : {"code": "A04-BLIND-Q"}

======================================================================
FAIL: test_blind_forms_cannot_create_or_relink_hidden_sources_or_versions (a04_test_blind_paths.A04BlindPathTests.test_blind_forms_cannot_create_or_relink_hidden_sources_or_versions) (url='/api/operations/documents/1/review/')
----------------------------------------------------------------------
Traceback (most recent call last):
  File "/workspace/scratch/c7b51e996a9f/tmp/a04_test_blind_paths.py", line 105, in test_blind_forms_cannot_create_or_relink_hidden_sources_or_versions
    self.assertEqual(response.status_code, 404, text_body(response))
AssertionError: 200 != 404 : {"id": 1, "code": "A04-OPEN", "revision": "A", "title": "A04-OPEN", "status": "approved", "filename": "A04-OPEN.txt", "checksum": "04f4ee86f4939fcb1a3df6977a75a919f72dbcf63d118ca12b8c2ea4b4486dd6", "contract_id": 3, "created_at": "2026-09-11T19:46:22.306278+00:00", "current": true}

======================================================================
FAIL: test_blind_forms_cannot_create_or_relink_hidden_sources_or_versions (a04_test_blind_paths.A04BlindPathTests.test_blind_forms_cannot_create_or_relink_hidden_sources_or_versions)
----------------------------------------------------------------------
Traceback (most recent call last):
  File "/workspace/scratch/c7b51e996a9f/tmp/a04_test_blind_paths.py", line 112, in test_blind_forms_cannot_create_or_relink_hidden_sources_or_versions
    self.assertEqual(response.status_code, 404, text_body(response))
AssertionError: 201 != 404 : {"id": 7, "code": "A04-CEO", "revision": "B", "title": "\u0421\u043b\u0456\u043f\u0430 \u043d\u043e\u0432\u0430 \u0432\u0435\u0440\u0441\u0456\u044f", "status": "needs_review", "filename": "A04_NEW_VERSION.txt", "checksum": "7e0f7ea21dfddf5e271bf5c424be1419eed9054b43a14e6c0b4e9b2dac977abc", "contract_id": null, "created_at": "2026-09-11T19:46:22.344313+00:00", "current": true}

======================================================================
FAIL: test_completed_proposal_replay_rechecks_document_permission (a04_test_blind_paths.A04BlindPathTests.test_completed_proposal_replay_rechecks_document_permission)
----------------------------------------------------------------------
Traceback (most recent call last):
  File "/workspace/scratch/c7b51e996a9f/tmp/a04_test_blind_paths.py", line 132, in test_completed_proposal_replay_rechecks_document_permission
    self.assertIn(denied.status_code, (403, 404), text_body(denied))
AssertionError: 200 not found in (403, 404) : {"state": "succeeded", "task_id": 2, "audit_id": "26e9631e-f5a4-4a6f-acdb-45554cecab76"}

======================================================================
FAIL: test_nested_erp_ids_are_scoped_on_both_preview_adapters (a04_test_blind_paths.A04BlindPathTests.test_nested_erp_ids_are_scoped_on_both_preview_adapters) (url='/api/erp/preview/', action='erp_order')
----------------------------------------------------------------------
Traceback (most recent call last):
  File "/workspace/scratch/c7b51e996a9f/tmp/a04_test_blind_paths.py", line 47, in test_nested_erp_ids_are_scoped_on_both_preview_adapters
    self.assertEqual(response.status_code, 404, text_body(response))
AssertionError: 200 != 404 : {"id": "1a4678ba-6472-4208-9a2a-5f3e61834aae", "payload": {"action": "erp_order", "code": "A04-BLIND-ORDER", "customer_id": 2, "owner_id": 1, "due_date": "2026-10-01", "currency": "EUR", "lines": [{"item_id": 2, "quantity": "2", "price": "1"}]}, "expires_at": "2026-09-11T19:56:22.594176+00:00", "effect": {"order_id": 3, "code": "A04-BLIND-ORDER"}, "impact": [{"kind": "lines", "id": 3, "code": "A04-BLIND-ORDER \u00b7 A04-HIDDEN-ITEM", "field": "shipped", "label": "\u0412\u0456\u0434\u0432\u0430\u043d\u0442\u0430\u0436\u0435\u043d\u043e", "before": null, "after": "0.000", "currency": ""}, {"kind": "lines", "id": 3, "code": "A04-BLIND-ORDER \u00b7 A04-HIDDEN-ITEM", "field": "invoiced", "label": "\u0412\u0438\u0441\u0442\u0430\u0432\u043b\u0435\u043d\u043e \u0432 \u0440\u0430\u0445\u0443\u043d\u043a\u0430\u0445", "before": null, "after": "0.000", "currency": ""}, {"kind": "orders", "id": 3, "code": "A04-BLIND-ORDER", "field": "status", "label": "\u0421\u0442\u0430\u043d \u0437\u0430\u043c\u043e\u0432\u043b\u0435\u043d\u043d\u044f", "before": null, "after": "quote", "currency": "EUR"}]}

======================================================================
FAIL: test_nested_erp_ids_are_scoped_on_both_preview_adapters (a04_test_blind_paths.A04BlindPathTests.test_nested_erp_ids_are_scoped_on_both_preview_adapters) (url='/api/erp/preview/', action='erp_item')
----------------------------------------------------------------------
Traceback (most recent call last):
  File "/workspace/scratch/c7b51e996a9f/tmp/a04_test_blind_paths.py", line 47, in test_nested_erp_ids_are_scoped_on_both_preview_adapters
    self.assertEqual(response.status_code, 404, text_body(response))
AssertionError: 200 != 404 : {"id": "d55d63fa-449b-4f6a-a196-93a105f1da98", "payload": {"action": "erp_item", "code": "A04-BLIND-BOM", "name": "\u0412\u0438\u0440\u0456\u0431 \u0437\u0456 \u0441\u043b\u0456\u043f\u043e\u044e \u0441\u043f\u0435\u0446\u0438\u0444\u0456\u043a\u0430\u0446\u0456\u0454\u044e", "unit": "\u0448\u0442.", "kind": "product", "method": "make", "revision": "A", "currency": "EUR", "document_id": 1, "bom": [{"item_id": 2, "quantity": "1"}]}, "expires_at": "2026-09-11T19:56:22.633687+00:00", "effect": {"item_id": 3, "code": "A04-BLIND-BOM"}, "impact": [{"kind": "items", "id": 3, "code": "A04-BLIND-BOM", "field": "revision", "label": "\u0412\u0435\u0440\u0441\u0456\u044f \u0432\u0438\u0440\u043e\u0431\u0443", "before": null, "after": "A", "currency": "EUR"}, {"kind": "items", "id": 3, "code": "A04-BLIND-BOM", "field": "name", "label": "\u041d\u0430\u0437\u0432\u0430", "before": null, "after": "\u0412\u0438\u0440\u0456\u0431 \u0437\u0456 \u0441\u043b\u0456\u043f\u043e\u044e \u0441\u043f\u0435\u0446\u0438\u0444\u0456\u043a\u0430\u0446\u0456\u0454\u044e", "currency": "EUR"}, {"kind": "items", "id": 3, "code": "A04-BLIND-BOM", "field": "bom", "label": "\u0421\u043a\u043b\u0430\u0434 \u0432\u0438\u0440\u043e\u0431\u0443", "before": null, "after": "A04-HIDDEN-ITEM \u00d7 1", "currency": "EUR"}, {"kind": "items", "id": 3, "code": "A04-BLIND-BOM", "field": "routing", "label": "\u041c\u0430\u0440\u0448\u0440\u0443\u0442", "before": null, "after": "\u0412\u0438\u0433\u043e\u0442\u043e\u0432\u043b\u0435\u043d\u043d\u044f", "currency": "EUR"}]}

======================================================================
FAIL: test_nested_erp_ids_are_scoped_on_both_preview_adapters (a04_test_blind_paths.A04BlindPathTests.test_nested_erp_ids_are_scoped_on_both_preview_adapters) (url='/api/erp/preview/', action='erp_receive')
----------------------------------------------------------------------
Traceback (most recent call last):
  File "/workspace/scratch/c7b51e996a9f/tmp/a04_test_blind_paths.py", line 47, in test_nested_erp_ids_are_scoped_on_both_preview_adapters
    self.assertEqual(response.status_code, 404, text_body(response))
AssertionError: 200 != 404 : {"id": "6ef6e827-a242-4493-b1ab-9a455556f1b5", "payload": {"action": "erp_receive", "purchase_id": 1, "code": "A04-BLIND-CERT", "location_id": 1, "quantity": "1", "documents": {"certificate": 3}}, "expires_at": "2026-09-11T19:56:22.674064+00:00", "effect": {"lot_id": 3, "code": "A04-BLIND-CERT", "quality": "pending"}, "impact": [{"kind": "lots", "id": 3, "code": "A04-BLIND-CERT", "field": "quantity", "label": "\u0424\u0456\u0437\u0438\u0447\u043d\u0438\u0439 \u0437\u0430\u043b\u0438\u0448\u043e\u043a", "before": null, "after": "1.000", "currency": "EUR"}, {"kind": "lots", "id": 3, "code": "A04-BLIND-CERT", "field": "reserved", "label": "\u0423 \u0440\u0435\u0437\u0435\u0440\u0432\u0456", "before": null, "after": "0", "currency": "EUR"}, {"kind": "lots", "id": 3, "code": "A04-BLIND-CERT", "field": "available", "label": "\u041f\u0440\u0438\u0434\u0430\u0442\u043d\u043e \u0439 \u0432\u0456\u043b\u044c\u043d\u043e", "before": null, "after": "0", "currency": "EUR"}, {"kind": "lots", "id": 3, "code": "A04-BLIND-CERT", "field": "quality", "label": "\u042f\u043a\u0456\u0441\u0442\u044c", "before": null, "after": "pending", "currency": "EUR"}, {"kind": "lots", "id": 3, "code": "A04-BLIND-CERT", "field": "documents", "label": "\u0414\u043e\u043a\u0443\u043c\u0435\u043d\u0442\u0438 \u043f\u0430\u0440\u0442\u0456\u0457", "before": null, "after": "certificate: A04-CEO \u00b7 A", "currency": "EUR"}, {"kind": "lots", "id": 3, "code": "A04-BLIND-CERT", "field": "missing_documents", "label": "\u0411\u0440\u0430\u043a\u0443\u0454 \u0434\u043e\u043a\u0443\u043c\u0435\u043d\u0442\u0456\u0432", "before": null, "after": "\u041a\u043e\u043c\u043f\u043b\u0435\u043a\u0442\u043d\u043e", "currency": "EUR"}, {"kind": "purchases", "id": 1, "code": "A04-PO", "field": "received", "label": "\u041e\u0442\u0440\u0438\u043c\u0430\u043d\u043e", "before": "0.000", "after": "1.000", "currency": "EUR"}, {"kind": "purchases", "id": 1, "code": "A04-PO", "field": "status", "label": "\u0421\u0442\u0430\u043d \u043f\u043e\u0441\u0442\u0430\u0432\u043a\u0438", "before": "ordered", "after": "partial", "currency": "EUR"}]}

======================================================================
FAIL: test_nested_erp_ids_are_scoped_on_both_preview_adapters (a04_test_blind_paths.A04BlindPathTests.test_nested_erp_ids_are_scoped_on_both_preview_adapters) (url='/api/operations/preview/', action='erp_order')
----------------------------------------------------------------------
Traceback (most recent call last):
  File "/workspace/scratch/c7b51e996a9f/tmp/a04_test_blind_paths.py", line 47, in test_nested_erp_ids_are_scoped_on_both_preview_adapters
    self.assertEqual(response.status_code, 404, text_body(response))
AssertionError: 200 != 404 : {"id": "ee429791-96d9-4e24-a708-73dd58c76b74", "payload": {"action": "erp_order", "code": "A04-BLIND-ORDER", "customer_id": 2, "owner_id": 1, "due_date": "2026-10-01", "currency": "EUR", "lines": [{"item_id": 2, "quantity": "2", "price": "1"}]}, "expires_at": "2026-09-11T19:56:22.681463+00:00"}

======================================================================
FAIL: test_nested_erp_ids_are_scoped_on_both_preview_adapters (a04_test_blind_paths.A04BlindPathTests.test_nested_erp_ids_are_scoped_on_both_preview_adapters) (url='/api/operations/preview/', action='erp_item')
----------------------------------------------------------------------
Traceback (most recent call last):
  File "/workspace/scratch/c7b51e996a9f/tmp/a04_test_blind_paths.py", line 47, in test_nested_erp_ids_are_scoped_on_both_preview_adapters
    self.assertEqual(response.status_code, 404, text_body(response))
AssertionError: 200 != 404 : {"id": "59d96bc8-0c29-4485-b1f3-16e7813b8dca", "payload": {"action": "erp_item", "code": "A04-BLIND-BOM", "name": "\u0412\u0438\u0440\u0456\u0431 \u0437\u0456 \u0441\u043b\u0456\u043f\u043e\u044e \u0441\u043f\u0435\u0446\u0438\u0444\u0456\u043a\u0430\u0446\u0456\u0454\u044e", "unit": "\u0448\u0442.", "kind": "product", "method": "make", "revision": "A", "currency": "EUR", "document_id": 1, "bom": [{"item_id": 2, "quantity": "1"}]}, "expires_at": "2026-09-11T19:56:22.688559+00:00"}

======================================================================
FAIL: test_nested_erp_ids_are_scoped_on_both_preview_adapters (a04_test_blind_paths.A04BlindPathTests.test_nested_erp_ids_are_scoped_on_both_preview_adapters) (url='/api/operations/preview/', action='erp_receive')
----------------------------------------------------------------------
Traceback (most recent call last):
  File "/workspace/scratch/c7b51e996a9f/tmp/a04_test_blind_paths.py", line 47, in test_nested_erp_ids_are_scoped_on_both_preview_adapters
    self.assertEqual(response.status_code, 404, text_body(response))
AssertionError: 200 != 404 : {"id": "2f54592d-f170-4de1-8699-afa44533fbce", "payload": {"action": "erp_receive", "purchase_id": 1, "code": "A04-BLIND-CERT", "location_id": 1, "quantity": "1", "documents": {"certificate": 3}}, "expires_at": "2026-09-11T19:56:22.696241+00:00"}

======================================================================
FAIL: test_projected_rows_never_retain_hidden_foreign_ids (a04_test_blind_paths.A04BlindPathTests.test_projected_rows_never_retain_hidden_foreign_ids)
----------------------------------------------------------------------
Traceback (most recent call last):
  File "/workspace/scratch/c7b51e996a9f/tmp/a04_test_blind_paths.py", line 74, in test_projected_rows_never_retain_hidden_foreign_ids
    self.assertNotIn(self.hidden_item.pk, [line.get('item_id') for line in row.get('bom', [])])
AssertionError: 2 unexpectedly found in [2]

----------------------------------------------------------------------
Ran 5 tests in 0.475s

FAILED (failures=12)
Destroying test database for alias 'default' ('/workspace/scratch/c7b51e996a9f/tmp/a04_blind_red.sqlite3_django_test')...
 OK
System check identified no issues (0 silenced).
