Creating test database for alias 'default' ('/workspace/scratch/c7b51e996a9f/tmp/a04_remaining_red_v2.sqlite3_django_test')...
Destroying old test database for alias 'default' ('/workspace/scratch/c7b51e996a9f/tmp/a04_remaining_red_v2.sqlite3_django_test')...
Found 2 test(s).
Operations to perform:
  Synchronize unmigrated apps: django_filters, messages, rest_framework, staticfiles
  Apply all migrations: admin, ai_assistant, auth, branches, contenttypes, employees, erp, finance, operations, sessions, tasks
Synchronizing apps without migrations:
  Creating tables...
    Running deferred SQL...
Running migrations:
  Applying contenttypes.0001_initial... OK
  Applying auth.0001_initial... OK
  Applying admin.0001_initial... OK
  Applying admin.0002_logentry_remove_auto_add... OK
  Applying admin.0003_logentry_add_action_flag_choices... OK
  Applying ai_assistant.0001_initial... OK
  Applying ai_assistant.0002_taskchangelog... OK
  Applying ai_assistant.0003_claudeusagelog... OK
  Applying ai_assistant.0004_employeechangelog... OK
  Applying ai_assistant.0005_chatfile... OK
  Applying ai_assistant.0006_alter_chatmessage_created_at_and_more... OK
  Applying ai_assistant.0007_employeechangelog_undone_at... OK
  Applying ai_assistant.0008_chatmessage_archived_at_chatmessage_user_and_more... OK
  Applying contenttypes.0002_remove_content_type_name... OK
  Applying auth.0002_alter_permission_name_max_length... OK
  Applying auth.0003_alter_user_email_max_length... OK
  Applying auth.0004_alter_user_username_opts... OK
  Applying auth.0005_alter_user_last_login_null... OK
  Applying auth.0006_require_contenttypes_0002... OK
  Applying auth.0007_alter_validators_add_error_messages... OK
  Applying auth.0008_alter_user_username_max_length... OK
  Applying auth.0009_alter_user_last_name_max_length... OK
  Applying auth.0010_alter_group_name_max_length... OK
  Applying auth.0011_update_proxy_permissions... OK
  Applying auth.0012_alter_user_first_name_max_length... OK
  Applying branches.0001_initial... OK
  Applying branches.0002_branch_short_name... OK
  Applying branches.0003_fill_short_names... OK
  Applying employees.0001_initial... OK
  Applying employees.0002_alter_employee_department... OK
  Applying employees.0003_employee_branch... OK
  Applying employees.0004_employee_archived_at... OK
  Applying employees.0005_employee_user... OK
  Applying tasks.0001_initial... OK
  Applying tasks.0002_alter_task_priority... OK
  Applying tasks.0003_alter_task_deadline_alter_task_priority_and_more... OK
  Applying tasks.0004_task_branch... OK
  Applying finance.0001_initial... OK
  Applying finance.0002_alter_salary_unique_together_alter_contract_status_and_more... OK
  Applying finance.0003_transaction_branch... OK
  Applying operations.0001_initial... OK
  Applying erp.0001_initial... OK
  Applying finance.0004_salary_archived_at_transaction_archived_at_and_more... OK
  Applying finance.0005_alter_transaction_branch_alter_transaction_contract_and_more... OK
  Applying operations.0002_actionproposal_user... OK
  Applying operations.0003_loginattempt... OK
  Applying operations.0004_alter_document_options_document_access_level... OK
  Applying sessions.0001_initial...test_replay_rechecks_scope_of_created_result_not_only_original_payload (a04_test_remaining_context.A04RemainingContextTests.test_replay_rechecks_scope_of_created_result_not_only_original_payload) ... FAIL
test_visible_order_next_step_never_names_a_hidden_job_component (a04_test_remaining_context.A04RemainingContextTests.test_visible_order_next_step_never_names_a_hidden_job_component) ... 
  test_visible_order_next_step_never_names_a_hidden_job_component (a04_test_remaining_context.A04RemainingContextTests.test_visible_order_next_step_never_names_a_hidden_job_component) (canary='A04-HIDDEN-ITEM', role='manager', stock_quantity=10) ... FAIL
  test_visible_order_next_step_never_names_a_hidden_job_component (a04_test_remaining_context.A04RemainingContextTests.test_visible_order_next_step_never_names_a_hidden_job_component) (canary='A04-HIDDEN-ITEM', role='observer', stock_quantity=10) ... FAIL
  test_visible_order_next_step_never_names_a_hidden_job_component (a04_test_remaining_context.A04RemainingContextTests.test_visible_order_next_step_never_names_a_hidden_job_component) (canary='A04-HIDDEN-ITEM', role='manager', stock_quantity=0) ... FAIL
  test_visible_order_next_step_never_names_a_hidden_job_component (a04_test_remaining_context.A04RemainingContextTests.test_visible_order_next_step_never_names_a_hidden_job_component) (canary='A04-HIDDEN-ITEM', role='observer', stock_quantity=0) ... FAIL

======================================================================
FAIL: test_replay_rechecks_scope_of_created_result_not_only_original_payload (a04_test_remaining_context.A04RemainingContextTests.test_replay_rechecks_scope_of_created_result_not_only_original_payload)
----------------------------------------------------------------------
Traceback (most recent call last):
  File "/workspace/scratch/c7b51e996a9f/tmp/a04_test_remaining_context.py", line 59, in test_replay_rechecks_scope_of_created_result_not_only_original_payload
    self.assertIn(replay.status_code, (403, 404), text_body(replay))
AssertionError: 200 not found in (403, 404) : {"state": "succeeded", "order_id": 3, "code": "A04-CREATED-THEN-CLOSED", "erp_event_id": 2, "impact": [{"kind": "lines", "id": 3, "code": "A04-CREATED-THEN-CLOSED \u00b7 A04-ITEM", "field": "shipped", "label": "\u0412\u0456\u0434\u0432\u0430\u043d\u0442\u0430\u0436\u0435\u043d\u043e", "before": null, "after": "0.000", "currency": ""}, {"kind": "lines", "id": 3, "code": "A04-CREATED-THEN-CLOSED \u00b7 A04-ITEM", "field": "invoiced", "label": "\u0412\u0438\u0441\u0442\u0430\u0432\u043b\u0435\u043d\u043e \u0432 \u0440\u0430\u0445\u0443\u043d\u043a\u0430\u0445", "before": null, "after": "0.000", "currency": ""}, {"kind": "orders", "id": 3, "code": "A04-CREATED-THEN-CLOSED", "field": "status", "label": "\u0421\u0442\u0430\u043d \u0437\u0430\u043c\u043e\u0432\u043b\u0435\u043d\u043d\u044f", "before": null, "after": "quote", "currency": "EUR"}]}

======================================================================
FAIL: test_visible_order_next_step_never_names_a_hidden_job_component (a04_test_remaining_context.A04RemainingContextTests.test_visible_order_next_step_never_names_a_hidden_job_component) (canary='A04-HIDDEN-ITEM', role='manager', stock_quantity=10)
----------------------------------------------------------------------
Traceback (most recent call last):
  File "/workspace/sites/bos-original-refined/operations/test_access.py", line 256, in assert_no_canaries
    self.assertNotIn(str(canary), text)
AssertionError: 'A04-HIDDEN-ITEM' unexpectedly found in '{"title": "Зарезервувати A04-HIDDEN-ITEM", "why": "Матеріал уже у місці виконання. Резерв захистить його від іншого замовлення.", "payload": null}'

======================================================================
FAIL: test_visible_order_next_step_never_names_a_hidden_job_component (a04_test_remaining_context.A04RemainingContextTests.test_visible_order_next_step_never_names_a_hidden_job_component) (canary='A04-HIDDEN-ITEM', role='observer', stock_quantity=10)
----------------------------------------------------------------------
Traceback (most recent call last):
  File "/workspace/sites/bos-original-refined/operations/test_access.py", line 256, in assert_no_canaries
    self.assertNotIn(str(canary), text)
AssertionError: 'A04-HIDDEN-ITEM' unexpectedly found in '{"title": "Зарезервувати A04-HIDDEN-ITEM", "why": "Матеріал уже у місці виконання. Резерв захистить його від іншого замовлення.", "payload": null}'

======================================================================
FAIL: test_visible_order_next_step_never_names_a_hidden_job_component (a04_test_remaining_context.A04RemainingContextTests.test_visible_order_next_step_never_names_a_hidden_job_component) (canary='A04-HIDDEN-ITEM', role='manager', stock_quantity=0)
----------------------------------------------------------------------
Traceback (most recent call last):
  File "/workspace/sites/bos-original-refined/operations/test_access.py", line 256, in assert_no_canaries
    self.assertNotIn(str(canary), text)
AssertionError: 'A04-HIDDEN-ITEM' unexpectedly found in '{"title": "Потрібно забезпечити A04-HIDDEN-ITEM", "why": "Створіть закупівлю або уточніть наявність матеріалу у картці виробництва.", "payload": null}'

======================================================================
FAIL: test_visible_order_next_step_never_names_a_hidden_job_component (a04_test_remaining_context.A04RemainingContextTests.test_visible_order_next_step_never_names_a_hidden_job_component) (canary='A04-HIDDEN-ITEM', role='observer', stock_quantity=0)
----------------------------------------------------------------------
Traceback (most recent call last):
  File "/workspace/sites/bos-original-refined/operations/test_access.py", line 256, in assert_no_canaries
    self.assertNotIn(str(canary), text)
AssertionError: 'A04-HIDDEN-ITEM' unexpectedly found in '{"title": "Потрібно забезпечити A04-HIDDEN-ITEM", "why": "Створіть закупівлю або уточніть наявність матеріалу у картці виробництва.", "payload": null}'

----------------------------------------------------------------------
Ran 2 tests in 0.395s

FAILED (failures=5)
Destroying test database for alias 'default' ('/workspace/scratch/c7b51e996a9f/tmp/a04_remaining_red_v2.sqlite3_django_test')...
 OK
System check identified no issues (0 silenced).
