Creating test database for alias 'default'...
Destroying old test database for alias 'default'...
FFFFFFFFFF
======================================================================
FAIL: test_replay_rechecks_scope_of_created_result_not_only_original_payload (operations.test_remaining_context.A04RemainingContextTests.test_replay_rechecks_scope_of_created_result_not_only_original_payload)
----------------------------------------------------------------------
Traceback (most recent call last):
  File "/workspace/sites/bos-original-refined/operations/test_remaining_context.py", line 59, in test_replay_rechecks_scope_of_created_result_not_only_original_payload
    self.assertIn(replay.status_code, (403, 404), text_body(replay))
AssertionError: 200 not found in (403, 404) : {"state": "succeeded", "order_id": 3, "code": "A04-CREATED-THEN-CLOSED", "erp_event_id": 2, "impact": [{"kind": "lines", "id": 3, "code": "A04-CREATED-THEN-CLOSED \u00b7 A04-ITEM", "field": "shipped", "label": "\u0412\u0456\u0434\u0432\u0430\u043d\u0442\u0430\u0436\u0435\u043d\u043e", "before": null, "after": "0.000", "currency": ""}, {"kind": "lines", "id": 3, "code": "A04-CREATED-THEN-CLOSED \u00b7 A04-ITEM", "field": "invoiced", "label": "\u0412\u0438\u0441\u0442\u0430\u0432\u043b\u0435\u043d\u043e \u0432 \u0440\u0430\u0445\u0443\u043d\u043a\u0430\u0445", "before": null, "after": "0.000", "currency": ""}, {"kind": "orders", "id": 3, "code": "A04-CREATED-THEN-CLOSED", "field": "status", "label": "\u0421\u0442\u0430\u043d \u0437\u0430\u043c\u043e\u0432\u043b\u0435\u043d\u043d\u044f", "before": null, "after": "quote", "currency": "EUR"}]}

======================================================================
FAIL: test_visible_order_next_step_never_names_a_hidden_job_component (operations.test_remaining_context.A04RemainingContextTests.test_visible_order_next_step_never_names_a_hidden_job_component) (canary='A04-HIDDEN-ITEM', role='manager', stock_quantity=10)
----------------------------------------------------------------------
Traceback (most recent call last):
  File "/workspace/sites/bos-original-refined/operations/test_access.py", line 256, in assert_no_canaries
    self.assertNotIn(str(canary), text)
AssertionError: 'A04-HIDDEN-ITEM' unexpectedly found in '{"title": "Зарезервувати A04-HIDDEN-ITEM", "why": "Матеріал уже у місці виконання. Резерв захистить його від іншого замовлення.", "payload": null}'

======================================================================
FAIL: test_visible_order_next_step_never_names_a_hidden_job_component (operations.test_remaining_context.A04RemainingContextTests.test_visible_order_next_step_never_names_a_hidden_job_component) (canary='A04-HIDDEN-ITEM', role='observer', stock_quantity=10)
----------------------------------------------------------------------
Traceback (most recent call last):
  File "/workspace/sites/bos-original-refined/operations/test_access.py", line 256, in assert_no_canaries
    self.assertNotIn(str(canary), text)
AssertionError: 'A04-HIDDEN-ITEM' unexpectedly found in '{"title": "Зарезервувати A04-HIDDEN-ITEM", "why": "Матеріал уже у місці виконання. Резерв захистить його від іншого замовлення.", "payload": null}'

======================================================================
FAIL: test_visible_order_next_step_never_names_a_hidden_job_component (operations.test_remaining_context.A04RemainingContextTests.test_visible_order_next_step_never_names_a_hidden_job_component) (canary='A04-HIDDEN-ITEM', role='manager', stock_quantity=0)
----------------------------------------------------------------------
Traceback (most recent call last):
  File "/workspace/sites/bos-original-refined/operations/test_access.py", line 256, in assert_no_canaries
    self.assertNotIn(str(canary), text)
AssertionError: 'A04-HIDDEN-ITEM' unexpectedly found in '{"title": "Потрібно забезпечити A04-HIDDEN-ITEM", "why": "Створіть закупівлю або уточніть наявність матеріалу у картці виробництва.", "payload": null}'

======================================================================
FAIL: test_visible_order_next_step_never_names_a_hidden_job_component (operations.test_remaining_context.A04RemainingContextTests.test_visible_order_next_step_never_names_a_hidden_job_component) (canary='A04-HIDDEN-ITEM', role='observer', stock_quantity=0)
----------------------------------------------------------------------
Traceback (most recent call last):
  File "/workspace/sites/bos-original-refined/operations/test_access.py", line 256, in assert_no_canaries
    self.assertNotIn(str(canary), text)
AssertionError: 'A04-HIDDEN-ITEM' unexpectedly found in '{"title": "Потрібно забезпечити A04-HIDDEN-ITEM", "why": "Створіть закупівлю або уточніть наявність матеріалу у картці виробництва.", "payload": null}'

======================================================================
FAIL: test_visible_document_cannot_disclose_a_now_hidden_contract_fk (operations.test_document_contract_visibility.A04DocumentContractVisibilityTests.test_visible_document_cannot_disclose_a_now_hidden_contract_fk) (role='manager', url='/api/operations/documents/')
----------------------------------------------------------------------
Traceback (most recent call last):
  File "/workspace/sites/bos-original-refined/operations/test_document_contract_visibility.py", line 24, in test_visible_document_cannot_disclose_a_now_hidden_contract_fk
    self.assertNotEqual(record.get('contract_id'), self.contracts['ceo'].pk)
AssertionError: 3 == 3

======================================================================
FAIL: test_visible_document_cannot_disclose_a_now_hidden_contract_fk (operations.test_document_contract_visibility.A04DocumentContractVisibilityTests.test_visible_document_cannot_disclose_a_now_hidden_contract_fk) (role='manager', url='/api/operations/documents/1/')
----------------------------------------------------------------------
Traceback (most recent call last):
  File "/workspace/sites/bos-original-refined/operations/test_document_contract_visibility.py", line 24, in test_visible_document_cannot_disclose_a_now_hidden_contract_fk
    self.assertNotEqual(record.get('contract_id'), self.contracts['ceo'].pk)
AssertionError: 3 == 3

======================================================================
FAIL: test_visible_document_cannot_disclose_a_now_hidden_contract_fk (operations.test_document_contract_visibility.A04DocumentContractVisibilityTests.test_visible_document_cannot_disclose_a_now_hidden_contract_fk) (role='observer', url='/api/operations/documents/')
----------------------------------------------------------------------
Traceback (most recent call last):
  File "/workspace/sites/bos-original-refined/operations/test_document_contract_visibility.py", line 24, in test_visible_document_cannot_disclose_a_now_hidden_contract_fk
    self.assertNotEqual(record.get('contract_id'), self.contracts['ceo'].pk)
AssertionError: 3 == 3

======================================================================
FAIL: test_visible_document_cannot_disclose_a_now_hidden_contract_fk (operations.test_document_contract_visibility.A04DocumentContractVisibilityTests.test_visible_document_cannot_disclose_a_now_hidden_contract_fk) (role='observer', url='/api/operations/documents/1/')
----------------------------------------------------------------------
Traceback (most recent call last):
  File "/workspace/sites/bos-original-refined/operations/test_document_contract_visibility.py", line 24, in test_visible_document_cannot_disclose_a_now_hidden_contract_fk
    self.assertNotEqual(record.get('contract_id'), self.contracts['ceo'].pk)
AssertionError: 3 == 3

======================================================================
FAIL: test_visible_document_cannot_disclose_a_now_hidden_contract_fk (operations.test_document_contract_visibility.A04DocumentContractVisibilityTests.test_visible_document_cannot_disclose_a_now_hidden_contract_fk)
----------------------------------------------------------------------
Traceback (most recent call last):
  File "/workspace/sites/bos-original-refined/operations/test_document_contract_visibility.py", line 29, in test_visible_document_cannot_disclose_a_now_hidden_contract_fk
    self.assertNotEqual(record.get('contract_id'), self.contracts['ceo'].pk)
AssertionError: 3 == 3

----------------------------------------------------------------------
Ran 3 tests in 0.464s

FAILED (failures=10)
Destroying test database for alias 'default'...
Found 3 test(s).
System check identified no issues (0 silenced).
