Creating test database for alias 'default' ('/workspace/scratch/4dbe5b4c73ee/execution/network-review/check_read_review.sqlite3_django_test')...
Destroying old test database for alias 'default' ('/workspace/scratch/4dbe5b4c73ee/execution/network-review/check_read_review.sqlite3_django_test')...
Found 2 test(s).
Operations to perform:
  Synchronize unmigrated apps: django_filters, messages, rest_framework, staticfiles
  Apply all migrations: admin, ai_assistant, auth, branches, contenttypes, employees, erp, finance, operations, sessions, tasks
Synchronizing apps without migrations:
  Creating tables...
    Running deferred SQL...
Running migrations:
  Applying contenttypes.0001_initial... OK
  Applying auth.0001_initial... OK
  Applying admin.0001_initial... OK
  Applying admin.0002_logentry_remove_auto_add... OK
  Applying admin.0003_logentry_add_action_flag_choices... OK
  Applying ai_assistant.0001_initial... OK
  Applying ai_assistant.0002_taskchangelog... OK
  Applying ai_assistant.0003_claudeusagelog... OK
  Applying ai_assistant.0004_employeechangelog... OK
  Applying ai_assistant.0005_chatfile... OK
  Applying ai_assistant.0006_alter_chatmessage_created_at_and_more... OK
  Applying ai_assistant.0007_employeechangelog_undone_at... OK
  Applying ai_assistant.0008_chatmessage_archived_at_chatmessage_user_and_more... OK
  Applying ai_assistant.0009_private_documents... OK
  Applying contenttypes.0002_remove_content_type_name... OK
  Applying auth.0002_alter_permission_name_max_length... OK
  Applying auth.0003_alter_user_email_max_length... OK
  Applying auth.0004_alter_user_username_opts... OK
  Applying auth.0005_alter_user_last_login_null... OK
  Applying auth.0006_require_contenttypes_0002... OK
  Applying auth.0007_alter_validators_add_error_messages... OK
  Applying auth.0008_alter_user_username_max_length... OK
  Applying auth.0009_alter_user_last_name_max_length... OK
  Applying auth.0010_alter_group_name_max_length... OK
  Applying auth.0011_update_proxy_permissions... OK
  Applying auth.0012_alter_user_first_name_max_length... OK
  Applying branches.0001_initial... OK
  Applying branches.0002_branch_short_name... OK
  Applying branches.0003_fill_short_names... OK
  Applying employees.0001_initial... OK
  Applying employees.0002_alter_employee_department... OK
  Applying employees.0003_employee_branch... OK
  Applying employees.0004_employee_archived_at... OK
  Applying employees.0005_employee_user... OK
  Applying tasks.0001_initial... OK
  Applying tasks.0002_alter_task_priority... OK
  Applying tasks.0003_alter_task_deadline_alter_task_priority_and_more... OK
  Applying tasks.0004_task_branch... OK
  Applying finance.0001_initial... OK
  Applying finance.0002_alter_salary_unique_together_alter_contract_status_and_more... OK
  Applying finance.0003_transaction_branch... OK
  Applying operations.0001_initial... OK
  Applying operations.0002_actionproposal_user... OK
  Applying operations.0003_loginattempt... OK
  Applying operations.0004_alter_document_options_document_access_level... OK
  Applying operations.0005_invoice_boundaries... OK
  Applying operations.0006_private_documents... OK
  Applying operations.0007_actionproposal_dependency_context... OK
  Applying finance.0004_salary_archived_at_transaction_archived_at_and_more... OK
  Applying finance.0005_alter_transaction_branch_alter_transaction_contract_and_more... OK
  Applying finance.0006_financialintent... OK
  Applying finance.0007_money_boundaries... OK
  Applying erp.0001_initial... OK
  Applying erp.0002_row_boundaries... OK
  Applying erp.0003_purchase_source... OK
  Applying erp.0004_initial_import_ledger... OK
  Applying erp.0005_source_corrections... OK
  Applying erp.0006_network_operations... OK
  Applying finance.0008_statement_ledgers... OK
  Applying operations.0008_procurement_currency_default... OK
  Applying sessions.0001_initial... OK
  Applying tasks.0005_controlled_tasks...test_document_scope_change_during_projection_refuses_stale_private_rows (erp.test_network_read_adversarial.NetworkReadIndependent.test_document_scope_change_during_projection_refuses_stale_private_rows) ... FAIL
test_ua_h_order_does_not_count_eur_stock_at_fulfillment_point (erp.test_network_read_adversarial.NetworkReadIndependent.test_ua_h_order_does_not_count_eur_stock_at_fulfillment_point) ... FAIL

======================================================================
FAIL: test_document_scope_change_during_projection_refuses_stale_private_rows (erp.test_network_read_adversarial.NetworkReadIndependent.test_document_scope_change_during_projection_refuses_stale_private_rows)
----------------------------------------------------------------------
Traceback (most recent call last):
  File "/workspace/scratch/4dbe5b4c73ee/execution/network-review/source/erp/test_network_read_adversarial.py", line 22, in test_document_scope_change_during_projection_refuses_stale_private_rows
    self.assertEqual(response.status_code,409,response.content)
AssertionError: 200 != 409 : b'{"schema": "bos.network.v1", "as_of": "2026-09-20", "data_mode": "working", "currency": "UAH", "currency_options": ["UAH", "EUR", "USD"], "filters": {"branch_id": "", "location_id": ""}, "branches": [{"id": 1, "code": "A04", "name": "\xd0\xa1\xd0\xb8\xd0\xbd\xd1\x82\xd0\xb5\xd1\x82\xd0\xb8\xd1\x87\xd0\xbd\xd0\xb0 \xd1\x84\xd1\x96\xd0\xbb\xd1\x96\xd1\x8f A04", "short_name": "", "lat": null, "lng": null}], "locations": [{"id": 1, "code": "A04-WH", "name": "\xd0\xa1\xd0\xba\xd0\xbb\xd0\xb0\xd0\xb4 A04", "kind": "warehouse", "supplier_id": null, "branch_id": null, "address": "", "lat": null, "lng": null, "branch_name": "\xd0\x91\xd0\xb5\xd0\xb7 \xd0\xbf\xd1\x80\xd0\xb8\xd0\xb2\xe2\x80\x99\xd1\x8f\xd0\xb7\xd0\xba\xd0\xb8", "map_lat": null, "map_lng": null, "coordinate_basis": "missing"}], "rows": {"points": [{"id": 1, "code": "A04-WH", "name": "\xd0\xa1\xd0\xba\xd0\xbb\xd0\xb0\xd0\xb4 A04", "kind": "warehouse", "supplier_id": null, "branch_id": null, "address": "", "lat": null, "lng": null, "branch_name": "\xd0\x91\xd0\xb5\xd0\xb7 \xd0\xbf\xd1\x80\xd0\xb8\xd0\xb2\xe2\x80\x99\xd1\x8f\xd0\xb7\xd0\xba\xd0\xb8", "map_lat": null, "map_lng": null, "coordinate_basis": "missing", "lot_count": 1}], "lots": [{"id": 1, "code": "A04-LOT", "item_id": 1, "location_id": 1, "revision": "A", "quantity": "12.000", "quality": "approved", "currency": "UAH", "documents": {}, "reserved": "0", "available": "12.000", "missing_documents": [], "location_name": "\xd0\xa1\xd0\xba\xd0\xbb\xd0\xb0\xd0\xb4 A04", "branch_id": null, "item_code": "A04-ITEM", "item_name": "\xd0\x92\xd0\xb8\xd1\x80\xd1\x96\xd0\xb1 A04", "unit": "\xd1\x88\xd1\x82."}], "purchases": [{"id": 1, "code": "A04-PO", "item_id": 1, "supplier_id": 1, "quantity": "9.000", "received": "0.000", "currency": "UAH", "due_date": "2026-10-20", "original_due": "2026-10-20", "revision": "A", "production_id": null, "request_id": 1, "quote_id": null, "status": "ordered", "destination_id": null, "origin_country": "", "cancelled_quantity": "0.000", "open_quantity": "9.000", "returned_quantity": "0.000", "effective_status": "open", "return_visibility": "complete", "location_id": null, "location_name": "\xd0\x91\xd0\xb5\xd0\xb7 \xd0\xbf\xd1\x80\xd0\xb8\xd0\xb2\xe2\x80\x99\xd1\x8f\xd0\xb7\xd0\xba\xd0\xb8", "branch_id": null, "item_code": "A04-ITEM", "item_name": "\xd0\x92\xd0\xb8\xd1\x80\xd1\x96\xd0\xb1 A04", "unit": "\xd1\x88\xd1\x82.", "supplier_name": "\xd0\x9f\xd0\xbe\xd1\x81\xd1\x82\xd0\xb0\xd1\x87\xd0\xb0\xd0\xbb\xd1\x8c\xd0\xbd\xd0\xb8\xd0\xba A04", "process": "purchase"}], "orders": [{"id": 1, "code": "A04-SO-OPEN", "customer_id": 2, "owner_id": 1, "due_date": "2026-12-19", "currency": "UAH", "status": "confirmed", "fulfillment_location_id": null, "destination_country": "", "location_id": null, "location_name": "\xd0\x91\xd0\xb5\xd0\xb7 \xd0\xbf\xd1\x80\xd0\xb8\xd0\xb2\xe2\x80\x99\xd1\x8f\xd0\xb7\xd0\xba\xd0\xb8", "branch_id": null, "customer_name": "\xd0\x9f\xd0\xbe\xd0\xba\xd1\x83\xd0\xbf\xd0\xb5\xd1\x86\xd1\x8c A04", "process": "sale", "open_line_count": 0}], "jobs": [], "transfers": [], "invoices": [{"invoice_id": 3, "order_id": 1, "code": "A04-INV-UAH", "due_date": "2026-09-17", "currency": "UAH", "location_id": null, "location_name": "\xd0\x91\xd0\xb5\xd0\xb7 \xd0\xbf\xd1\x80\xd0\xb8\xd0\xb2\xe2\x80\x99\xd1\x8f\xd0\xb7\xd0\xba\xd0\xb8", "branch_id": null, "customer_name": "\xd0\x9f\xd0\xbe\xd0\xba\xd1\x83\xd0\xbf\xd0\xb5\xd1\x86\xd1\x8c A04"}], "retentions": []}, "metrics": {"point_count": 1, "lot_count": 1, "open_purchases": 1, "open_orders": 0, "in_transit_count": 0}, "capabilities": {"write": true, "finance": false, "export": false}, "warnings": ["\xd0\x9f\xd0\xbe\xd0\xba\xd0\xb0\xd0\xb7\xd0\xb0\xd0\xbd\xd1\x96 \xd0\xb4\xd0\xbe\xd1\x81\xd1\x82\xd1\x83\xd0\xbf\xd0\xbd\xd1\x96 \xd0\xb2\xd0\xb0\xd1\x88\xd1\x96\xd0\xb9 \xd1\x80\xd0\xbe\xd0\xbb\xd1\x96 \xd0\xb7\xd0\xb0\xd0\xbf\xd0\xb8\xd1\x81\xd0\xb8. \xd0\xa4\xd1\x96\xd0\xbb\xd1\x8c\xd1\x82\xd1\x80 \xd1\x84\xd1\x96\xd0\xbb\xd1\x96\xd1\x97 \xd0\xbd\xd0\xb5 \xd0\xb7\xd0\xbc\xd1\x96\xd0\xbd\xd1\x8e\xd1\x94 \xd0\xbf\xd1\x80\xd0\xb0\xd0\xb2 \xd0\xb4\xd0\xbe\xd1\x81\xd1\x82\xd1\x83\xd0\xbf\xd1\x83.", "\xd0\xa2\xd0\xbe\xd1\x87\xd0\xba\xd0\xb8 \xd0\xb1\xd0\xb5\xd0\xb7 \xd0\xba\xd0\xbe\xd0\xbe\xd1\x80\xd0\xb4\xd0\xb8\xd0\xbd\xd0\xb0\xd1\x82 \xd0\xbf\xd0\xbe\xd0\xba\xd0\xb0\xd0\xb7\xd0\xb0\xd0\xbd\xd1\x96 \xd0\xb7\xd0\xb0 \xd1\x86\xd0\xb5\xd0\xbd\xd1\x82\xd1\x80\xd0\xbe\xd0\xbc \xd1\x84\xd1\x96\xd0\xbb\xd1\x96\xd1\x97 \xd0\xb0\xd0\xb1\xd0\xbe \xd0\xb7\xd0\xb0\xd0\xbb\xd0\xb8\xd1\x88\xd0\xb0\xd1\x8e\xd1\x82\xd1\x8c\xd1\x81\xd1\x8f \xd1\x82\xd1\x96\xd0\xbb\xd1\x8c\xd0\xba\xd0\xb8 \xd0\xb2 \xd1\x82\xd0\xb0\xd0\xb1\xd0\xbb\xd0\xb8\xd1\x86\xd1\x96.", "\xd0\xa2\xd0\xbe\xd0\xb2\xd0\xb0\xd1\x80\xd0\xb8 \xd0\xb2 \xd0\xb4\xd0\xbe\xd1\x80\xd0\xbe\xd0\xb7\xd1\x96 \xd0\xb2\xd1\x96\xd0\xb4\xd0\xbd\xd0\xb5\xd1\x81\xd0\xb5\xd0\xbd\xd1\x96 \xd0\xb4\xd0\xbe \xd1\x82\xd0\xbe\xd1\x87\xd0\xba\xd0\xb8-\xd0\xb2\xd1\x96\xd0\xb4\xd0\xbf\xd1\x80\xd0\xb0\xd0\xb2\xd0\xbd\xd0\xb8\xd0\xba\xd0\xb0; \xd0\xbb\xd1\x96\xd0\xbd\xd1\x96\xd1\x97 \xd0\xbf\xd0\xbe\xd0\xb7\xd0\xbd\xd0\xb0\xd1\x87\xd0\xb0\xd1\x8e\xd1\x82\xd1\x8c \xd0\xb7\xd0\xb2\xe2\x80\x99\xd1\x8f\xd0\xb7\xd0\xba\xd0\xb8, \xd0\xb0 \xd0\xbd\xd0\xb5 \xd0\xb4\xd0\xbe\xd1\x80\xd0\xbe\xd0\xb3\xd0\xb8.", "\xd0\x86\xd0\xbc\xd0\xbf\xd0\xbe\xd1\x80\xd1\x82 \xd1\x82\xd0\xb0 \xd0\xb5\xd0\xba\xd1\x81\xd0\xbf\xd0\xbe\xd1\x80\xd1\x82 \xd0\xbf\xd0\xbe\xd0\xb7\xd0\xbd\xd0\xb0\xd1\x87\xd0\xb0\xd1\x8e\xd1\x82\xd1\x8c \xd0\xbc\xd1\x96\xd0\xb6\xd0\xbd\xd0\xb0\xd1\x80\xd0\xbe\xd0\xb4\xd0\xbd\xd1\x96 \xd0\xb7\xd0\xb0\xd0\xba\xd1\x83\xd0\xbf\xd1\x96\xd0\xb2\xd0\xbb\xd1\x96 \xd0\xb9 \xd0\xbf\xd1\x80\xd0\xbe\xd0\xb4\xd0\xb0\xd0\xb6\xd1\x96 \xd0\xb7\xd0\xb0 \xd0\xba\xd1\x80\xd0\xb0\xd1\x97\xd0\xbd\xd0\xbe\xd1\x8e; \xd0\xbc\xd0\xb8\xd1\x82\xd0\xbd\xd0\xb5 \xd0\xbe\xd1\x84\xd0\xbe\xd1\x80\xd0\xbc\xd0\xbb\xd0\xb5\xd0\xbd\xd0\xbd\xd1\x8f \xd0\xbd\xd0\xb5 \xd0\xb2\xd0\xb8\xd0\xba\xd0\xbe\xd0\xbd\xd1\x83\xd1\x94\xd1\x82\xd1\x8c\xd1\x81\xd1\x8f."]}'

======================================================================
FAIL: test_ua_h_order_does_not_count_eur_stock_at_fulfillment_point (erp.test_network_read_adversarial.NetworkReadIndependent.test_ua_h_order_does_not_count_eur_stock_at_fulfillment_point)
----------------------------------------------------------------------
Traceback (most recent call last):
  File "/workspace/scratch/4dbe5b4c73ee/execution/network-review/source/erp/test_network_read_adversarial.py", line 31, in test_ua_h_order_does_not_count_eur_stock_at_fulfillment_point
    self.assertEqual(D(result['free']),D(0),result)
AssertionError: Decimal('10.000') != Decimal('0') : {'line_id': 1, 'item': 'A04-ITEM', 'remaining': '10', 'reserved': '0', 'free': '10.000', 'shortage': '0', 'materials': [], 'jobs': [], 'estimated_date': '2026-09-20', 'reasons': [], 'simulation': True, 'basis': 'Календарні дні, наявні залишки та строки. Не враховує завантаження обладнання; інші замовлення можуть використати ще не зарезервовані надходження.'}

----------------------------------------------------------------------
Ran 2 tests in 0.211s

FAILED (failures=2)
Destroying test database for alias 'default' ('/workspace/scratch/4dbe5b4c73ee/execution/network-review/check_read_review.sqlite3_django_test')...
 OK
System check identified no issues (0 silenced).
