PASS sourced map has 27 named admin regions
PASS Mercator Kyiv and Crimea map coordinates are inside geographic view
PASS same location coalesces without invented point offset
PASS currency/branch/point are encoded into server query
PASS reference conversion validates positive manually entered rate
PASS UAH is new form first currency without EUR relabel
PASS CEO invoices expose retained and collectible, not invented invoice totals
PASS manager sees no invoice money and no retention register
PASS registered transfer action invokes server form with selected lot
PASS all four workspace blocks are present
PASS unknown timing remains missing and not zero acceleration
PASS fulfilled past-due sales orders are excluded from overdue work
PASS document access levels use actual BoS Ukrainian labels with unknown fallback
PASS only known terminal statuses allow new review
PASS pending IDs omit business payload
PASS ambiguous confirmation preserves proposal ID and hides re-preview
PASS retry uses exact original ID and consumes one server receipt
PASS blank metadata address stays string while nullable links/coordinates clear
PASS renderer has no simulation engine, embedded datasets or runtime CDN for map
{
  "result": "PASS",
  "checks": 19,
  "scope": "bounded Node/React-element and API-contract harness; no browser or E2E verification"
}
