Found 24 test(s).
Operations to perform:
  Synchronize unmigrated apps: django_filters, messages, rest_framework, staticfiles
  Apply all migrations: admin, ai_assistant, auth, branches, contenttypes, employees, erp, finance, operations, sessions, tasks
Synchronizing apps without migrations:
  Creating tables...
    Running deferred SQL...
Running migrations:
  Applying contenttypes.0001_initial... OK
  Applying auth.0001_initial... OK
  Applying admin.0001_initial... OK
  Applying admin.0002_logentry_remove_auto_add... OK
  Applying admin.0003_logentry_add_action_flag_choices... OK
  Applying ai_assistant.0001_initial... OK
  Applying ai_assistant.0002_taskchangelog... OK
  Applying ai_assistant.0003_claudeusagelog... OK
  Applying ai_assistant.0004_employeechangelog... OK
  Applying ai_assistant.0005_chatfile... OK
  Applying ai_assistant.0006_alter_chatmessage_created_at_and_more... OK
  Applying ai_assistant.0007_employeechangelog_undone_at... OK
  Applying ai_assistant.0008_chatmessage_archived_at_chatmessage_user_and_more... OK
  Applying ai_assistant.0009_private_documents... OK
  Applying contenttypes.0002_remove_content_type_name... OK
  Applying auth.0002_alter_permission_name_max_length... OK
  Applying auth.0003_alter_user_email_max_length... OK
  Applying auth.0004_alter_user_username_opts... OK
  Applying auth.0005_alter_user_last_login_null... OK
  Applying auth.0006_require_contenttypes_0002... OK
  Applying auth.0007_alter_validators_add_error_messages... OK
  Applying auth.0008_alter_user_username_max_length... OK
  Applying auth.0009_alter_user_last_name_max_length... OK
  Applying auth.0010_alter_group_name_max_length... OK
  Applying auth.0011_update_proxy_permissions... OK
  Applying auth.0012_alter_user_first_name_max_length... OK
  Applying branches.0001_initial... OK
  Applying branches.0002_branch_short_name... OK
  Applying branches.0003_fill_short_names... OK
  Applying employees.0001_initial... OK
  Applying employees.0002_alter_employee_department... OK
  Applying employees.0003_employee_branch... OK
  Applying employees.0004_employee_archived_at... OK
  Applying employees.0005_employee_user... OK
  Applying tasks.0001_initial... OK
  Applying tasks.0002_alter_task_priority... OK
  Applying tasks.0003_alter_task_deadline_alter_task_priority_and_more... OK
  Applying tasks.0004_task_branch... OK
  Applying finance.0001_initial... OK
  Applying finance.0002_alter_salary_unique_together_alter_contract_status_and_more... OK
  Applying finance.0003_transaction_branch... OK
  Applying operations.0001_initial... OK
  Applying operations.0002_actionproposal_user... OK
  Applying operations.0003_loginattempt... OK
  Applying operations.0004_alter_document_options_document_access_level... OK
  Applying operations.0005_invoice_boundaries... OK
  Applying operations.0006_private_documents... OK
  Applying finance.0004_salary_archived_at_transaction_archived_at_and_more... OK
  Applying finance.0005_alter_transaction_branch_alter_transaction_contract_and_more... OK
  Applying finance.0006_financialintent... OK
  Applying finance.0007_money_boundaries... OK
  Applying erp.0001_initial... OK
  Applying erp.0002_row_boundaries... OK
  Applying erp.0003_purchase_source... OK
  Applying erp.0004_initial_import_ledger... OK
  Applying erp.0005_source_corrections... OK
  Applying finance.0008_statement_ledgers... OK
  Applying sessions.0001_initial... OK
  Applying tasks.0005_controlled_tasks... OK
System check identified no issues (0 silenced).
A06_PAIR {"mode": "http", "action": "import_batch", "currency": "EUR", "workers": [{"status": 409, "json": {"error": "Дані змінилися або дія вже виконується. Оновіть перегляд."}}, {"status": 200, "json": {"state": "succeeded", "batch_id": "b6c091f2-6aee-40f7-943a-854788df3ba2", "namespace": "synthetic-eur", "semantic_sha256": "4dd8e8997080d76c42e21c8db47bd2381d8a95f563ae37e6cc63791856cb7ad6", "counts": {"create": 9, "reuse": 0, "bind": 0}, "mappings": [{"entity": "counterparty", "external_id": "customer", "row": 1, "part": "json", "decision": "create", "target_model": "counterparty", "target_id": 7, "bos_code": "", "display_name": "B02 клієнт EUR"}, {"entity": "counterparty", "external_id": "supplier", "row": 2, "part": "json", "decision": "create", "target_model": "counterparty", "target_id": 8, "bos_code": "", "display_name": "B02 постачальник EUR"}, {"entity": "item", "external_id": "material", "row": 3, "part": "json", "decision": "create", "target_model": "item", "target_id": 4, "bos_code": "B02-EUR-I", "display_name": "B02 матеріал"}, {"entity": "location", "external_id": "warehouse", "row": 4, "part": "json", "decision": "create", "target_model": "location", "target_id": 4, "bos_code": "B02-EUR-W", "display_name": "B02 склад"}, {"entity": "opening_lot", "external_id": "lot-one", "row": 5, "part": "json", "decision": "create", "target_model": "lot", "target_id": 7, "bos_code": "B02-EUR-L1", "display_name": "lot-one"}, {"entity": "opening_lot", "external_id": "lot-two", "row": 6, "part": "json", "decision": "create", "target_model": "lot", "target_id": 8, "bos_code": "B02-EUR-L2", "display_name": "lot-two"}, {"entity": "purchase_open_balance", "external_id": "purchase-line", "row": 7, "part": "json", "decision": "create", "target_model": "purchase", "target_id": 4, "bos_code": "B02-EUR-PO", "display_name": "SOURCE-PO-7"}, {"entity": "sales_line", "external_id": "sale-line", "row": 8, "part": "json", "decision": "create", "target_model": "line", "target_id": 4, "bos_code": "", "display_name": "sale-line"}, {"entity": "sales_order", "external_id": "sale", "row": 9, "part": "json", "decision": "create", "target_model": "order", "target_id": 4, "bos_code": "B02-EUR-SO", "display_name": "sale"}], "source_control_totals": {"counts": {"counterparty": 2, "item": 1, "location": 1, "opening_lot": 2, "sales_order": 1, "sales_line": 1, "purchase_open_balance": 1}, "money": [{"currency": "EUR", "opening_raw_value": "11.70000", "opening_movement_cost": "11.70", "sales_open_value": "10.30000", "purchase_original_value": "10.64000", "purchase_cutover_open_value": "6.55000"}, {"currency": "UAH", "opening_raw_value": "0.00000", "opening_movement_cost": "0.00", "sales_open_value": "0.00000", "purchase_original_value": "0.00000", "purchase_cutover_open_value": "0.00000"}, {"currency": "USD", "opening_raw_value": "0.00000", "opening_movement_cost": "0.00", "sales_open_value": "0.00000", "purchase_original_value": "0.00000", "purchase_cutover_open_value": "0.00000"}], "stock": [{"item_ref": "material", "location_ref": "warehouse", "unit": "кг", "revision": "A", "currency": "EUR", "quantity": "5.000"}]}, "committed_delta": {"counts": {"counterparty": 2, "item": 1, "location": 1, "opening_lot": 2, "sales_order": 1, "sales_line": 1, "purchase_open_balance": 1}, "money": [{"currency": "EUR", "opening_raw_value": "11.70000", "opening_movement_cost": "11.70", "sales_open_value": "10.30000", "purchase_original_value": "10.64000", "purchase_cutover_open_value": "6.55000"}, {"currency": "UAH", "opening_raw_value": "0.00000", "opening_movement_cost": "0.00", "sales_open_value": "0.00000", "purchase_original_value": "0.00000", "purchase_cutover_open_value": "0.00000"}, {"currency": "USD", "opening_raw_value": "0.00000", "opening_movement_cost": "0.00", "sales_open_value": "0.00000", "purchase_original_value": "0.00000", "purchase_cutover_open_value": "0.00000"}], "stock": [{"item_ref": "material", "location_ref": "warehouse", "unit": "кг", "revision": "A", "currency": "EUR", "quantity": "5.000"}]}, "live_before": {"scope": "batch_targets_and_opening_groups", "money": [{"currency": "EUR", "inventory_raw_value": "0.00000", "opening_movement_cost": "0.00", "sales_open_value": "0.00", "purchase_open_value": "0.00"}, {"currency": "UAH", "inventory_raw_value": "0.00000", "opening_movement_cost": "0.00", "sales_open_value": "0.00", "purchase_open_value": "0.00"}, {"currency": "USD", "inventory_raw_value": "0.00000", "opening_movement_cost": "0.00", "sales_open_value": "0.00", "purchase_open_value": "0.00"}], "stock": [{"item_ref": "material", "location_ref": "warehouse", "unit": "кг", "revision": "A", "currency": "EUR", "physical": "0.000", "available": "0.000"}]}, "live_after": {"scope": "batch_targets_and_opening_groups", "money": [{"currency": "EUR", "inventory_raw_value": "11.70000", "opening_movement_cost": "11.70", "sales_open_value": "10.30", "purchase_open_value": "6.55"}, {"currency": "UAH", "inventory_raw_value": "0.00000", "opening_movement_cost": "0.00", "sales_open_value": "0.00", "purchase_open_value": "0.00"}, {"currency": "USD", "inventory_raw_value": "0.00000", "opening_movement_cost": "0.00", "sales_open_value": "0.00", "purchase_open_value": "0.00"}], "stock": [{"item_ref": "material", "location_ref": "warehouse", "unit": "кг", "revision": "A", "currency": "EUR", "physical": "5.000", "available": "0.000"}]}, "impact": {"title": "Початковий імпорт", "changes": []}, "erp_event_id": 4}}]}
A06_PASS {"mode": "http", "action": "import_batch", "currency": "EUR", "inventory_id": "ERP-import_batch", "erp_event_id": 4, "statuses": [409, 200], "one_effect": true, "replay_unchanged": true}
A06_PAIR {"mode": "http", "action": "import_batch", "currency": "USD", "workers": [{"status": 409, "json": {"error": "Дані змінилися або дія вже виконується. Оновіть перегляд."}}, {"status": 200, "json": {"state": "succeeded", "batch_id": "30263a23-879b-48fb-9233-dc3aba0b5683", "namespace": "synthetic-usd", "semantic_sha256": "8732fb5a26ae230c689961c516913a04572c8756ebb2c51332616cab7308297f", "counts": {"create": 9, "reuse": 0, "bind": 0}, "mappings": [{"entity": "counterparty", "external_id": "customer", "row": 1, "part": "json", "decision": "create", "target_model": "counterparty", "target_id": 9, "bos_code": "", "display_name": "B02 клієнт USD"}, {"entity": "counterparty", "external_id": "supplier", "row": 2, "part": "json", "decision": "create", "target_model": "counterparty", "target_id": 10, "bos_code": "", "display_name": "B02 постачальник USD"}, {"entity": "item", "external_id": "material", "row": 3, "part": "json", "decision": "create", "target_model": "item", "target_id": 5, "bos_code": "B02-USD-I", "display_name": "B02 матеріал"}, {"entity": "location", "external_id": "warehouse", "row": 4, "part": "json", "decision": "create", "target_model": "location", "target_id": 5, "bos_code": "B02-USD-W", "display_name": "B02 склад"}, {"entity": "opening_lot", "external_id": "lot-one", "row": 5, "part": "json", "decision": "create", "target_model": "lot", "target_id": 9, "bos_code": "B02-USD-L1", "display_name": "lot-one"}, {"entity": "opening_lot", "external_id": "lot-two", "row": 6, "part": "json", "decision": "create", "target_model": "lot", "target_id": 10, "bos_code": "B02-USD-L2", "display_name": "lot-two"}, {"entity": "purchase_open_balance", "external_id": "purchase-line", "row": 7, "part": "json", "decision": "create", "target_model": "purchase", "target_id": 5, "bos_code": "B02-USD-PO", "display_name": "SOURCE-PO-7"}, {"entity": "sales_line", "external_id": "sale-line", "row": 8, "part": "json", "decision": "create", "target_model": "line", "target_id": 5, "bos_code": "", "display_name": "sale-line"}, {"entity": "sales_order", "external_id": "sale", "row": 9, "part": "json", "decision": "create", "target_model": "order", "target_id": 5, "bos_code": "B02-USD-SO", "display_name": "sale"}], "source_control_totals": {"counts": {"counterparty": 2, "item": 1, "location": 1, "opening_lot": 2, "sales_order": 1, "sales_line": 1, "purchase_open_balance": 1}, "money": [{"currency": "EUR", "opening_raw_value": "0.00000", "opening_movement_cost": "0.00", "sales_open_value": "0.00000", "purchase_original_value": "0.00000", "purchase_cutover_open_value": "0.00000"}, {"currency": "UAH", "opening_raw_value": "0.00000", "opening_movement_cost": "0.00", "sales_open_value": "0.00000", "purchase_original_value": "0.00000", "purchase_cutover_open_value": "0.00000"}, {"currency": "USD", "opening_raw_value": "11.70000", "opening_movement_cost": "11.70", "sales_open_value": "10.30000", "purchase_original_value": "10.64000", "purchase_cutover_open_value": "6.55000"}], "stock": [{"item_ref": "material", "location_ref": "warehouse", "unit": "кг", "revision": "A", "currency": "USD", "quantity": "5.000"}]}, "committed_delta": {"counts": {"counterparty": 2, "item": 1, "location": 1, "opening_lot": 2, "sales_order": 1, "sales_line": 1, "purchase_open_balance": 1}, "money": [{"currency": "EUR", "opening_raw_value": "0.00000", "opening_movement_cost": "0.00", "sales_open_value": "0.00000", "purchase_original_value": "0.00000", "purchase_cutover_open_value": "0.00000"}, {"currency": "UAH", "opening_raw_value": "0.00000", "opening_movement_cost": "0.00", "sales_open_value": "0.00000", "purchase_original_value": "0.00000", "purchase_cutover_open_value": "0.00000"}, {"currency": "USD", "opening_raw_value": "11.70000", "opening_movement_cost": "11.70", "sales_open_value": "10.30000", "purchase_original_value": "10.64000", "purchase_cutover_open_value": "6.55000"}], "stock": [{"item_ref": "material", "location_ref": "warehouse", "unit": "кг", "revision": "A", "currency": "USD", "quantity": "5.000"}]}, "live_before": {"scope": "batch_targets_and_opening_groups", "money": [{"currency": "EUR", "inventory_raw_value": "0.00000", "opening_movement_cost": "0.00", "sales_open_value": "0.00", "purchase_open_value": "0.00"}, {"currency": "UAH", "inventory_raw_value": "0.00000", "opening_movement_cost": "0.00", "sales_open_value": "0.00", "purchase_open_value": "0.00"}, {"currency": "USD", "inventory_raw_value": "0.00000", "opening_movement_cost": "0.00", "sales_open_value": "0.00", "purchase_open_value": "0.00"}], "stock": [{"item_ref": "material", "location_ref": "warehouse", "unit": "кг", "revision": "A", "currency": "USD", "physical": "0.000", "available": "0.000"}]}, "live_after": {"scope": "batch_targets_and_opening_groups", "money": [{"currency": "EUR", "inventory_raw_value": "0.00000", "opening_movement_cost": "0.00", "sales_open_value": "0.00", "purchase_open_value": "0.00"}, {"currency": "UAH", "inventory_raw_value": "0.00000", "opening_movement_cost": "0.00", "sales_open_value": "0.00", "purchase_open_value": "0.00"}, {"currency": "USD", "inventory_raw_value": "11.70000", "opening_movement_cost": "11.70", "sales_open_value": "10.30", "purchase_open_value": "6.55"}], "stock": [{"item_ref": "material", "location_ref": "warehouse", "unit": "кг", "revision": "A", "currency": "USD", "physical": "5.000", "available": "0.000"}]}, "impact": {"title": "Початковий імпорт", "changes": []}, "erp_event_id": 5}}]}
A06_PASS {"mode": "http", "action": "import_batch", "currency": "USD", "inventory_id": "ERP-import_batch", "erp_event_id": 5, "statuses": [409, 200], "one_effect": true, "replay_unchanged": true}
A06_PAIR {"mode": "http", "action": "import_batch", "currency": "UAH", "workers": [{"status": 200, "json": {"state": "succeeded", "batch_id": "4461838e-a13b-408c-93d6-2dae0e226c11", "namespace": "synthetic-uah", "semantic_sha256": "67c7abbb77817e162784bc2429ddded2cedf70715ca5584e07ab5a0a2d87fdd1", "counts": {"create": 9, "reuse": 0, "bind": 0}, "mappings": [{"entity": "counterparty", "external_id": "customer", "row": 1, "part": "json", "decision": "create", "target_model": "counterparty", "target_id": 11, "bos_code": "", "display_name": "B02 клієнт UAH"}, {"entity": "counterparty", "external_id": "supplier", "row": 2, "part": "json", "decision": "create", "target_model": "counterparty", "target_id": 12, "bos_code": "", "display_name": "B02 постачальник UAH"}, {"entity": "item", "external_id": "material", "row": 3, "part": "json", "decision": "create", "target_model": "item", "target_id": 6, "bos_code": "B02-UAH-I", "display_name": "B02 матеріал"}, {"entity": "location", "external_id": "warehouse", "row": 4, "part": "json", "decision": "create", "target_model": "location", "target_id": 6, "bos_code": "B02-UAH-W", "display_name": "B02 склад"}, {"entity": "opening_lot", "external_id": "lot-one", "row": 5, "part": "json", "decision": "create", "target_model": "lot", "target_id": 11, "bos_code": "B02-UAH-L1", "display_name": "lot-one"}, {"entity": "opening_lot", "external_id": "lot-two", "row": 6, "part": "json", "decision": "create", "target_model": "lot", "target_id": 12, "bos_code": "B02-UAH-L2", "display_name": "lot-two"}, {"entity": "purchase_open_balance", "external_id": "purchase-line", "row": 7, "part": "json", "decision": "create", "target_model": "purchase", "target_id": 6, "bos_code": "B02-UAH-PO", "display_name": "SOURCE-PO-7"}, {"entity": "sales_line", "external_id": "sale-line", "row": 8, "part": "json", "decision": "create", "target_model": "line", "target_id": 6, "bos_code": "", "display_name": "sale-line"}, {"entity": "sales_order", "external_id": "sale", "row": 9, "part": "json", "decision": "create", "target_model": "order", "target_id": 6, "bos_code": "B02-UAH-SO", "display_name": "sale"}], "source_control_totals": {"counts": {"counterparty": 2, "item": 1, "location": 1, "opening_lot": 2, "sales_order": 1, "sales_line": 1, "purchase_open_balance": 1}, "money": [{"currency": "EUR", "opening_raw_value": "0.00000", "opening_movement_cost": "0.00", "sales_open_value": "0.00000", "purchase_original_value": "0.00000", "purchase_cutover_open_value": "0.00000"}, {"currency": "UAH", "opening_raw_value": "11.70000", "opening_movement_cost": "11.70", "sales_open_value": "10.30000", "purchase_original_value": "10.64000", "purchase_cutover_open_value": "6.55000"}, {"currency": "USD", "opening_raw_value": "0.00000", "opening_movement_cost": "0.00", "sales_open_value": "0.00000", "purchase_original_value": "0.00000", "purchase_cutover_open_value": "0.00000"}], "stock": [{"item_ref": "material", "location_ref": "warehouse", "unit": "кг", "revision": "A", "currency": "UAH", "quantity": "5.000"}]}, "committed_delta": {"counts": {"counterparty": 2, "item": 1, "location": 1, "opening_lot": 2, "sales_order": 1, "sales_line": 1, "purchase_open_balance": 1}, "money": [{"currency": "EUR", "opening_raw_value": "0.00000", "opening_movement_cost": "0.00", "sales_open_value": "0.00000", "purchase_original_value": "0.00000", "purchase_cutover_open_value": "0.00000"}, {"currency": "UAH", "opening_raw_value": "11.70000", "opening_movement_cost": "11.70", "sales_open_value": "10.30000", "purchase_original_value": "10.64000", "purchase_cutover_open_value": "6.55000"}, {"currency": "USD", "opening_raw_value": "0.00000", "opening_movement_cost": "0.00", "sales_open_value": "0.00000", "purchase_original_value": "0.00000", "purchase_cutover_open_value": "0.00000"}], "stock": [{"item_ref": "material", "location_ref": "warehouse", "unit": "кг", "revision": "A", "currency": "UAH", "quantity": "5.000"}]}, "live_before": {"scope": "batch_targets_and_opening_groups", "money": [{"currency": "EUR", "inventory_raw_value": "0.00000", "opening_movement_cost": "0.00", "sales_open_value": "0.00", "purchase_open_value": "0.00"}, {"currency": "UAH", "inventory_raw_value": "0.00000", "opening_movement_cost": "0.00", "sales_open_value": "0.00", "purchase_open_value": "0.00"}, {"currency": "USD", "inventory_raw_value": "0.00000", "opening_movement_cost": "0.00", "sales_open_value": "0.00", "purchase_open_value": "0.00"}], "stock": [{"item_ref": "material", "location_ref": "warehouse", "unit": "кг", "revision": "A", "currency": "UAH", "physical": "0.000", "available": "0.000"}]}, "live_after": {"scope": "batch_targets_and_opening_groups", "money": [{"currency": "EUR", "inventory_raw_value": "0.00000", "opening_movement_cost": "0.00", "sales_open_value": "0.00", "purchase_open_value": "0.00"}, {"currency": "UAH", "inventory_raw_value": "11.70000", "opening_movement_cost": "11.70", "sales_open_value": "10.30", "purchase_open_value": "6.55"}, {"currency": "USD", "inventory_raw_value": "0.00000", "opening_movement_cost": "0.00", "sales_open_value": "0.00", "purchase_open_value": "0.00"}], "stock": [{"item_ref": "material", "location_ref": "warehouse", "unit": "кг", "revision": "A", "currency": "UAH", "physical": "5.000", "available": "0.000"}]}, "impact": {"title": "Початковий імпорт", "changes": []}, "erp_event_id": 6}}, {"status": 409, "json": {"error": "Дані змінилися або дія вже виконується. Оновіть перегляд."}}]}
A06_PASS {"mode": "http", "action": "import_batch", "currency": "UAH", "inventory_id": "ERP-import_batch", "erp_event_id": 6, "statuses": [200, 409], "one_effect": true, "replay_unchanged": true}
C03_HELD_TRANSACTION {"currency": "EUR", "actual_vendor": "sqlite", "patch_then_reconcile_statuses": [200, 409], "reconcile_then_patch_statuses": [200, 400], "bound_edit_retry_status": 400, "first_trace": ["erp_mutex"], "reverse_trace": ["transaction"], "first_lock": {"waited": false, "controlled_conflict_while_held": true, "uncommitted_business_not_visible": true}, "reverse_lock": {"waited": true, "controlled_conflict_while_held": false, "uncommitted_business_not_visible": true}, "stale_reconcile_refused": true, "bound_source_edit_refused": true}
C03_HELD_TRANSACTION {"currency": "USD", "actual_vendor": "sqlite", "patch_then_reconcile_statuses": [200, 409], "reconcile_then_patch_statuses": [200, 400], "bound_edit_retry_status": 400, "first_trace": ["erp_mutex"], "reverse_trace": ["transaction"], "first_lock": {"waited": false, "controlled_conflict_while_held": true, "uncommitted_business_not_visible": true}, "reverse_lock": {"waited": true, "controlled_conflict_while_held": false, "uncommitted_business_not_visible": true}, "stale_reconcile_refused": true, "bound_source_edit_refused": true}
C03_HELD_TRANSACTION {"currency": "UAH", "actual_vendor": "sqlite", "patch_then_reconcile_statuses": [200, 409], "reconcile_then_patch_statuses": [200, 400], "bound_edit_retry_status": 400, "first_trace": ["erp_mutex"], "reverse_trace": ["transaction"], "first_lock": {"waited": false, "controlled_conflict_while_held": true, "uncommitted_business_not_visible": true}, "reverse_lock": {"waited": true, "controlled_conflict_while_held": false, "uncommitted_business_not_visible": true}, "stale_reconcile_refused": true, "bound_source_edit_refused": true}
A06_PASS {"mode": "http", "action": "statement_import", "currency": "EUR", "inventory_id": "ERP-statement_import", "erp_event_id": 55, "statuses": [409, 200], "one_effect": true, "replay_unchanged": true}
A06_PASS {"mode": "http", "action": "statement_import", "currency": "USD", "inventory_id": "ERP-statement_import", "erp_event_id": 56, "statuses": [409, 200], "one_effect": true, "replay_unchanged": true}
A06_PASS {"mode": "http", "action": "statement_import", "currency": "UAH", "inventory_id": "ERP-statement_import", "erp_event_id": 57, "statuses": [409, 200], "one_effect": true, "replay_unchanged": true}
A06_PASS {"mode": "http", "action": "statement_reconcile", "currency": "EUR", "inventory_id": "ERP-statement_reconcile", "erp_event_id": 60, "statuses": [409, 200], "one_effect": true, "replay_unchanged": true}
A06_PASS {"mode": "http", "action": "statement_reconcile", "currency": "USD", "inventory_id": "ERP-statement_reconcile", "erp_event_id": 63, "statuses": [409, 200], "one_effect": true, "replay_unchanged": true}
A06_PASS {"mode": "http", "action": "statement_reconcile", "currency": "UAH", "inventory_id": "ERP-statement_reconcile", "erp_event_id": 66, "statuses": [409, 200], "one_effect": true, "replay_unchanged": true}

--- STDERR ---
Creating test database for alias 'default' ('/tmp/bos-targeted-4wlx048s/check_d351006144b348c39a7b849aeb3a4c24.sqlite3_django_test')...
Destroying old test database for alias 'default' ('/tmp/bos-targeted-4wlx048s/check_d351006144b348c39a7b849aeb3a4c24.sqlite3_django_test')...
test_actual_three_currency_import_preserves_overdue_origin_and_pending_stock (erp.test_initial_import.InitialImportTests.test_actual_three_currency_import_preserves_overdue_origin_and_pending_stock) ... ok
test_model_limits_accept_exact_raw_text_without_trimming (operations.test_request_lengths.ProcurementRequestLengthTests.test_model_limits_accept_exact_raw_text_without_trimming) ... ok
test_raw_overflow_refused_without_trimming_or_partial_writes (operations.test_request_lengths.ProcurementRequestLengthTests.test_raw_overflow_refused_without_trimming_or_partial_writes) ... ok
test_accepts_django_memory_sqlite_database (erp.test_initial_import_isolation.InitialImportIsolationTests.test_accepts_django_memory_sqlite_database) ... ok
test_accepts_exact_file_sqlite_test_database (erp.test_initial_import_isolation.InitialImportIsolationTests.test_accepts_exact_file_sqlite_test_database) ... ok
test_accepts_exact_postgres_test_database (erp.test_initial_import_isolation.InitialImportIsolationTests.test_accepts_exact_postgres_test_database) ... ok
test_postgres_requires_disposable_marker_and_exact_source_name (erp.test_initial_import_isolation.InitialImportIsolationTests.test_postgres_requires_disposable_marker_and_exact_source_name) ... ok
test_rejects_environment_or_loaded_working_profile (erp.test_initial_import_isolation.InitialImportIsolationTests.test_rejects_environment_or_loaded_working_profile) ... ok
test_rejects_live_connection_to_source_despite_test_settings (erp.test_initial_import_isolation.InitialImportIsolationTests.test_rejects_live_connection_to_source_despite_test_settings) ... ok
test_rejects_source_and_unrelated_databases (erp.test_initial_import_isolation.InitialImportIsolationTests.test_rejects_source_and_unrelated_databases) ... ok
test_rejects_sqlite_source_aliases_without_changing_source_bytes (erp.test_initial_import_isolation.InitialImportIsolationTests.test_rejects_sqlite_source_aliases_without_changing_source_bytes) ... ok
test_rejects_unissued_sqlite_source_name (erp.test_initial_import_isolation.InitialImportIsolationTests.test_rejects_unissued_sqlite_source_name) ... ok
test_rejects_unknown_or_mismatched_backend (erp.test_initial_import_isolation.InitialImportIsolationTests.test_rejects_unknown_or_mismatched_backend) ... ok
test_counterparty_update_serializes_behind_import_reference_lock (erp.test_import_concurrency.ERPImportConcurrencyTests.test_counterparty_update_serializes_behind_import_reference_lock) ... ok
test_distinct_batches_same_source_ids_have_one_effect_and_stale_loser (erp.test_import_concurrency.ERPImportConcurrencyTests.test_distinct_batches_same_source_ids_have_one_effect_and_stale_loser) ... ok
test_employee_archive_serializes_behind_import_reference_lock (erp.test_import_concurrency.ERPImportConcurrencyTests.test_employee_archive_serializes_behind_import_reference_lock) ... ok
test_http_pair_import_batch (erp.test_import_concurrency.ERPImportConcurrencyTests.test_http_pair_import_batch) ... ok
test_raw_101_and_business_61_refused_without_partial_shipping (erp.test_shipping_reference_lengths.ShippingReferenceLengthTests.test_raw_101_and_business_61_refused_without_partial_shipping) ... ok
test_valid_60_business_and_100_raw_reference_round_trip (erp.test_shipping_reference_lengths.ShippingReferenceLengthTests.test_valid_60_business_and_100_raw_reference_round_trip) ... ok
test_distinct_import_proposals_same_source_have_one_immutable_effect (finance.test_statement_concurrency.StatementConcurrencyTests.test_distinct_import_proposals_same_source_have_one_immutable_effect) ... ok
test_distinct_reconcile_proposals_same_allocation_key_have_one_cash_payment (finance.test_statement_concurrency.StatementConcurrencyTests.test_distinct_reconcile_proposals_same_allocation_key_have_one_cash_payment) ... ok
test_held_transaction_writes_serialize_before_reconcile_fingerprint_and_binding (finance.test_statement_concurrency.StatementConcurrencyTests.test_held_transaction_writes_serialize_before_reconcile_fingerprint_and_binding) ... ok
test_http_pair_statement_import (finance.test_statement_concurrency.StatementConcurrencyTests.test_http_pair_statement_import) ... ok
test_http_pair_statement_reconcile (finance.test_statement_concurrency.StatementConcurrencyTests.test_http_pair_statement_reconcile) ... ok

----------------------------------------------------------------------
Ran 24 tests in 28.880s

OK
Destroying test database for alias 'default' ('/tmp/bos-targeted-4wlx048s/check_d351006144b348c39a7b849aeb3a4c24.sqlite3_django_test')...
