Creating test database for alias 'default' ('/workspace/scratch/c7b51e996a9f/tmp/a06_finance_run2.sqlite3_django_test')...
Destroying old test database for alias 'default' ('/workspace/scratch/c7b51e996a9f/tmp/a06_finance_run2.sqlite3_django_test')...
Found 33 test(s).
Operations to perform:
  Synchronize unmigrated apps: django_filters, messages, rest_framework, staticfiles
  Apply all migrations: admin, ai_assistant, auth, branches, contenttypes, employees, erp, finance, operations, sessions, tasks
Synchronizing apps without migrations:
  Creating tables...
    Running deferred SQL...
Running migrations:
  Applying contenttypes.0001_initial... OK
  Applying auth.0001_initial... OK
  Applying admin.0001_initial... OK
  Applying admin.0002_logentry_remove_auto_add... OK
  Applying admin.0003_logentry_add_action_flag_choices... OK
  Applying ai_assistant.0001_initial... OK
  Applying ai_assistant.0002_taskchangelog... OK
  Applying ai_assistant.0003_claudeusagelog... OK
  Applying ai_assistant.0004_employeechangelog... OK
  Applying ai_assistant.0005_chatfile... OK
  Applying ai_assistant.0006_alter_chatmessage_created_at_and_more... OK
  Applying ai_assistant.0007_employeechangelog_undone_at... OK
  Applying ai_assistant.0008_chatmessage_archived_at_chatmessage_user_and_more... OK
  Applying contenttypes.0002_remove_content_type_name... OK
  Applying auth.0002_alter_permission_name_max_length... OK
  Applying auth.0003_alter_user_email_max_length... OK
  Applying auth.0004_alter_user_username_opts... OK
  Applying auth.0005_alter_user_last_login_null... OK
  Applying auth.0006_require_contenttypes_0002... OK
  Applying auth.0007_alter_validators_add_error_messages... OK
  Applying auth.0008_alter_user_username_max_length... OK
  Applying auth.0009_alter_user_last_name_max_length... OK
  Applying auth.0010_alter_group_name_max_length... OK
  Applying auth.0011_update_proxy_permissions... OK
  Applying auth.0012_alter_user_first_name_max_length... OK
  Applying branches.0001_initial... OK
  Applying branches.0002_branch_short_name... OK
  Applying branches.0003_fill_short_names... OK
  Applying employees.0001_initial... OK
  Applying employees.0002_alter_employee_department... OK
  Applying employees.0003_employee_branch... OK
  Applying employees.0004_employee_archived_at... OK
  Applying employees.0005_employee_user... OK
  Applying tasks.0001_initial... OK
  Applying tasks.0002_alter_task_priority... OK
  Applying tasks.0003_alter_task_deadline_alter_task_priority_and_more... OK
  Applying tasks.0004_task_branch... OK
  Applying finance.0001_initial... OK
  Applying finance.0002_alter_salary_unique_together_alter_contract_status_and_more... OK
  Applying finance.0003_transaction_branch... OK
  Applying operations.0001_initial... OK
  Applying erp.0001_initial... OK
  Applying finance.0004_salary_archived_at_transaction_archived_at_and_more... OK
  Applying finance.0005_alter_transaction_branch_alter_transaction_contract_and_more... OK
  Applying finance.0006_financialintent... OK
  Applying operations.0002_actionproposal_user... OK
  Applying operations.0003_loginattempt... OK
  Applying operations.0004_alter_document_options_document_access_level... OK
  Applying sessions.0001_initial...test_archive_and_restore_each_duplicate_command_has_one_audit_and_same_ids (a06_finance_tests.FinancialIntentConcurrencyTests.test_archive_and_restore_each_duplicate_command_has_one_audit_and_same_ids) ... ok
test_different_keys_cannot_duplicate_one_salary_period (a06_finance_tests.FinancialIntentConcurrencyTests.test_different_keys_cannot_duplicate_one_salary_period) ... ok
test_different_keys_identical_transaction_facts_remain_two_legitimate_rows (a06_finance_tests.FinancialIntentConcurrencyTests.test_different_keys_identical_transaction_facts_remain_two_legitimate_rows) ... ok
test_http_key_ascii_boundary_and_model_namespace (a06_finance_tests.FinancialIntentConcurrencyTests.test_http_key_ascii_boundary_and_model_namespace) ... ok
test_invalid_http_keys_are_400_without_writes (a06_finance_tests.FinancialIntentConcurrencyTests.test_invalid_http_keys_are_400_without_writes) ... ok
test_legacy_salary_helper_propagates_one_operation_key (a06_finance_tests.FinancialIntentConcurrencyTests.test_legacy_salary_helper_propagates_one_operation_key) ... ok
test_legacy_transaction_helper_propagates_one_operation_key (a06_finance_tests.FinancialIntentConcurrencyTests.test_legacy_transaction_helper_propagates_one_operation_key) ... ok
test_orm_mismatch_raises_explicit_intent_conflict_without_mutation (a06_finance_tests.FinancialIntentConcurrencyTests.test_orm_mismatch_raises_explicit_intent_conflict_without_mutation) ... ok
test_orm_salary_equivalent_numbers_fk_and_explicit_defaults_replay (a06_finance_tests.FinancialIntentConcurrencyTests.test_orm_salary_equivalent_numbers_fk_and_explicit_defaults_replay) ... ok
test_orm_transaction_equivalent_decimal_date_and_fk_forms_replay (a06_finance_tests.FinancialIntentConcurrencyTests.test_orm_transaction_equivalent_decimal_date_and_fk_forms_replay) ... ok
test_required_http_header_missing_is_400_without_writes (a06_finance_tests.FinancialIntentConcurrencyTests.test_required_http_header_missing_is_400_without_writes) ... ok
test_role_revocation_is_checked_before_financial_intent_replay (a06_finance_tests.FinancialIntentConcurrencyTests.test_role_revocation_is_checked_before_financial_intent_replay) ... ok
test_salary_audit_failure_rolls_back_intent_accrual_and_retries (a06_finance_tests.FinancialIntentConcurrencyTests.test_salary_audit_failure_rolls_back_intent_accrual_and_retries) ... ok
test_salary_create_racing_employee_archive_never_rewrites_history (a06_finance_tests.FinancialIntentConcurrencyTests.test_salary_create_racing_employee_archive_never_rewrites_history) ... ok
test_salary_create_replay_after_payment_does_not_reopen_or_add_expense (a06_finance_tests.FinancialIntentConcurrencyTests.test_salary_create_replay_after_payment_does_not_reopen_or_add_expense) ... ok
test_salary_format_aliases_replay_one_intent (a06_finance_tests.FinancialIntentConcurrencyTests.test_salary_format_aliases_replay_one_intent) ... ok
test_salary_http_replay_after_archive_preserves_marker_and_id (a06_finance_tests.FinancialIntentConcurrencyTests.test_salary_http_replay_after_archive_preserves_marker_and_id) ... ok
test_salary_http_same_key_changed_full_payload_is_409 (a06_finance_tests.FinancialIntentConcurrencyTests.test_salary_http_same_key_changed_full_payload_is_409) ... ok
test_salary_http_same_key_concurrent_all_currencies (a06_finance_tests.FinancialIntentConcurrencyTests.test_salary_http_same_key_concurrent_all_currencies) ... ok
test_salary_http_same_key_concurrent_mismatch_has_one_winner (a06_finance_tests.FinancialIntentConcurrencyTests.test_salary_http_same_key_concurrent_mismatch_has_one_winner) ... ok
test_salary_orm_same_key_concurrent_all_currencies (a06_finance_tests.FinancialIntentConcurrencyTests.test_salary_orm_same_key_concurrent_all_currencies) ... ok
test_same_assignment_concurrent_salary_edit_has_one_update_audit (a06_finance_tests.FinancialIntentConcurrencyTests.test_same_assignment_concurrent_salary_edit_has_one_update_audit) ... ok
test_same_key_second_actor_creates_separate_legitimate_intent (a06_finance_tests.FinancialIntentConcurrencyTests.test_same_key_second_actor_creates_separate_legitimate_intent) ... ok
test_same_salary_pay_racing_archive_preserves_one_serial_history (a06_finance_tests.FinancialIntentConcurrencyTests.test_same_salary_pay_racing_archive_preserves_one_serial_history) ... ok
test_same_salary_pay_racing_edit_keeps_matching_expense_all_currencies (a06_finance_tests.FinancialIntentConcurrencyTests.test_same_salary_pay_racing_edit_keeps_matching_expense_all_currencies) ... ok
test_transaction_audit_failure_rolls_back_intent_money_and_retries (a06_finance_tests.FinancialIntentConcurrencyTests.test_transaction_audit_failure_rolls_back_intent_money_and_retries) ... ok
test_transaction_edit_racing_archive_keeps_one_historical_id (a06_finance_tests.FinancialIntentConcurrencyTests.test_transaction_edit_racing_archive_keeps_one_historical_id) ... ok
test_transaction_format_aliases_replay_one_intent (a06_finance_tests.FinancialIntentConcurrencyTests.test_transaction_format_aliases_replay_one_intent) ... ok
test_transaction_http_replay_after_archive_returns_fresh_historical_row (a06_finance_tests.FinancialIntentConcurrencyTests.test_transaction_http_replay_after_archive_returns_fresh_historical_row) ... ok
test_transaction_http_same_key_changed_full_payload_is_409 (a06_finance_tests.FinancialIntentConcurrencyTests.test_transaction_http_same_key_changed_full_payload_is_409) ... ok
test_transaction_http_same_key_concurrent_all_currencies (a06_finance_tests.FinancialIntentConcurrencyTests.test_transaction_http_same_key_concurrent_all_currencies) ... ok
test_transaction_http_same_key_concurrent_mismatch_has_one_winner (a06_finance_tests.FinancialIntentConcurrencyTests.test_transaction_http_same_key_concurrent_mismatch_has_one_winner) ... ok
test_transaction_orm_same_key_concurrent_all_currencies (a06_finance_tests.FinancialIntentConcurrencyTests.test_transaction_orm_same_key_concurrent_all_currencies) ... ok

----------------------------------------------------------------------
Ran 33 tests in 15.369s

OK
Destroying test database for alias 'default' ('/workspace/scratch/c7b51e996a9f/tmp/a06_finance_run2.sqlite3_django_test')...
 OK
System check identified no issues (0 silenced).
