Found 17 test(s).
Operations to perform:
  Synchronize unmigrated apps: django_filters, messages, rest_framework, staticfiles
  Apply all migrations: admin, ai_assistant, auth, branches, contenttypes, employees, erp, finance, operations, sessions, tasks
Synchronizing apps without migrations:
  Creating tables...
    Running deferred SQL...
Running migrations:
  Applying contenttypes.0001_initial... OK
  Applying auth.0001_initial... OK
  Applying admin.0001_initial... OK
  Applying admin.0002_logentry_remove_auto_add... OK
  Applying admin.0003_logentry_add_action_flag_choices... OK
  Applying ai_assistant.0001_initial... OK
  Applying ai_assistant.0002_taskchangelog... OK
  Applying ai_assistant.0003_claudeusagelog... OK
  Applying ai_assistant.0004_employeechangelog... OK
  Applying ai_assistant.0005_chatfile... OK
  Applying ai_assistant.0006_alter_chatmessage_created_at_and_more... OK
  Applying ai_assistant.0007_employeechangelog_undone_at... OK
  Applying ai_assistant.0008_chatmessage_archived_at_chatmessage_user_and_more... OK
  Applying ai_assistant.0009_private_documents... OK
  Applying contenttypes.0002_remove_content_type_name... OK
  Applying auth.0002_alter_permission_name_max_length... OK
  Applying auth.0003_alter_user_email_max_length... OK
  Applying auth.0004_alter_user_username_opts... OK
  Applying auth.0005_alter_user_last_login_null... OK
  Applying auth.0006_require_contenttypes_0002... OK
  Applying auth.0007_alter_validators_add_error_messages... OK
  Applying auth.0008_alter_user_username_max_length... OK
  Applying auth.0009_alter_user_last_name_max_length... OK
  Applying auth.0010_alter_group_name_max_length... OK
  Applying auth.0011_update_proxy_permissions... OK
  Applying auth.0012_alter_user_first_name_max_length... OK
  Applying branches.0001_initial... OK
  Applying branches.0002_branch_short_name... OK
  Applying branches.0003_fill_short_names... OK
  Applying employees.0001_initial... OK
  Applying employees.0002_alter_employee_department... OK
  Applying employees.0003_employee_branch... OK
  Applying employees.0004_employee_archived_at... OK
  Applying employees.0005_employee_user... OK
  Applying tasks.0001_initial... OK
  Applying tasks.0002_alter_task_priority... OK
  Applying tasks.0003_alter_task_deadline_alter_task_priority_and_more... OK
  Applying tasks.0004_task_branch... OK
  Applying finance.0001_initial... OK
  Applying finance.0002_alter_salary_unique_together_alter_contract_status_and_more... OK
  Applying finance.0003_transaction_branch... OK
  Applying operations.0001_initial... OK
  Applying operations.0002_actionproposal_user... OK
  Applying operations.0003_loginattempt... OK
  Applying operations.0004_alter_document_options_document_access_level... OK
  Applying operations.0005_invoice_boundaries... OK
  Applying operations.0006_private_documents... OK
  Applying finance.0004_salary_archived_at_transaction_archived_at_and_more... OK
  Applying finance.0005_alter_transaction_branch_alter_transaction_contract_and_more... OK
  Applying finance.0006_financialintent... OK
  Applying finance.0007_money_boundaries... OK
  Applying erp.0001_initial... OK
  Applying erp.0002_row_boundaries... OK
  Applying erp.0003_purchase_source... OK
  Applying erp.0004_initial_import_ledger... OK
  Applying erp.0005_source_corrections... OK
  Applying finance.0008_statement_ledgers... OK
  Applying sessions.0001_initial... OK
  Applying tasks.0005_controlled_tasks... OK
System check identified no issues (0 silenced).
ORDER_TRACE_ROLE_METRIC {"role": "ceo", "sql_count": 74, "elapsed_seconds": 0.041603, "backend": "sqlite", "scope": "small fixture only"}
ORDER_TRACE_ROLE_METRIC {"role": "manager", "sql_count": 124, "elapsed_seconds": 0.059399, "backend": "sqlite", "scope": "small fixture only"}
ORDER_TRACE_ROLE_METRIC {"role": "observer", "sql_count": 124, "elapsed_seconds": 0.055587, "backend": "sqlite", "scope": "small fixture only"}
ORDER_TRACE_SYNTHETIC_METRIC {"sql_count": 0, "elapsed_seconds": 0.034772, "backend": "sqlite", "lines": 1, "reservations": 1, "shipments": 1, "scope": "small fixture only"}

--- STDERR ---
Creating test database for alias 'default' ('/tmp/bos-targeted-yf9j1055/check_b762facbef224eb4a49b13e1bd2e237a.sqlite3_django_test')...
Destroying old test database for alias 'default' ('/tmp/bos-targeted-yf9j1055/check_b762facbef224eb4a49b13e1bd2e237a.sqlite3_django_test')...
test_ceo_manager_observer_field_allowlists (erp.test_order_trace.OrderTraceTests.test_ceo_manager_observer_field_allowlists) ... ok
test_current_role_refresh_and_neutral_not_found (erp.test_order_trace.OrderTraceTests.test_current_role_refresh_and_neutral_not_found) ... ok
test_document_admission_change_between_reads_has_no_payload (erp.test_order_trace.OrderTraceTests.test_document_admission_change_between_reads_has_no_payload) ... ok
test_hidden_latest_document_does_not_disclose_admission (erp.test_order_trace.OrderTraceTests.test_hidden_latest_document_does_not_disclose_admission) ... ok
test_hidden_purchase_receipt_is_not_a_lot_origin (erp.test_order_trace.OrderTraceTests.test_hidden_purchase_receipt_is_not_a_lot_origin) ... ok
test_hidden_reservation_is_null_not_zero_or_visible_sum (erp.test_order_trace.OrderTraceTests.test_hidden_reservation_is_null_not_zero_or_visible_sum) ... ok
test_metadata_and_membership_changes_between_reads_have_no_payload (erp.test_order_trace.OrderTraceTests.test_metadata_and_membership_changes_between_reads_have_no_payload) ... ok
test_method_and_no_documents_contract (erp.test_order_trace.OrderTraceTests.test_method_and_no_documents_contract) ... ok
test_only_allowed_invoice_links_and_historical_tasks (erp.test_order_trace.OrderTraceTests.test_only_allowed_invoice_links_and_historical_tasks) ... ok
test_partial_refs_keep_full_decimal_and_old_shipments (erp.test_order_trace.OrderTraceTests.test_partial_refs_keep_full_decimal_and_old_shipments) ... ok
test_permission_change_between_reads_has_no_payload (erp.test_order_trace.OrderTraceTests.test_permission_change_between_reads_has_no_payload) ... ok
test_physical_return_movement_does_not_reduce_gross_shipped (erp.test_order_trace.OrderTraceTests.test_physical_return_movement_does_not_reduce_gross_shipped) ... ok
test_reservation_change_between_reads_has_no_payload (erp.test_order_trace.OrderTraceTests.test_reservation_change_between_reads_has_no_payload) ... ok
test_revoked_identity_between_reads_uses_identity_denial (erp.test_order_trace.OrderTraceTests.test_revoked_identity_between_reads_uses_identity_denial) ... ok
test_snapshot_and_global_fingerprint_are_not_called (erp.test_order_trace.OrderTraceTests.test_snapshot_and_global_fingerprint_are_not_called) ... ok
test_trace_decimal_sources_and_read_only (erp.test_order_trace.OrderTraceTests.test_trace_decimal_sources_and_read_only) ... ok
test_unrelated_order_purchase_not_allocated (erp.test_order_trace.OrderTraceTests.test_unrelated_order_purchase_not_allocated) ... ok

----------------------------------------------------------------------
Ran 17 tests in 1.833s

OK
Destroying test database for alias 'default' ('/tmp/bos-targeted-yf9j1055/check_b762facbef224eb4a49b13e1bd2e237a.sqlite3_django_test')...
