PLAN_TIME_PHASE_START {"name": "bootstrap.source_database_proof", "thread_id": 140566558571392, "thread_name": "MainThread", "parent": null, "started_seconds": 0.15415065499999514}
PLAN_TIME_PHASE_END {"name": "bootstrap.source_database_proof", "thread_id": 140566558571392, "thread_name": "MainThread", "parent": null, "started_seconds": 0.15415065499999514, "wall_seconds": 0.007387454999985721, "thread_cpu_seconds": 0.004401638999999985}
PLAN_TIME_PHASE_START {"name": "bootstrap.django_setup", "thread_id": 140566558571392, "thread_name": "MainThread", "parent": null, "started_seconds": 0.16159369299998616}
PLAN_TIME_PHASE_END {"name": "bootstrap.django_setup", "thread_id": 140566558571392, "thread_name": "MainThread", "parent": null, "started_seconds": 0.16159369299998616, "wall_seconds": 0.572630456000013, "thread_cpu_seconds": 0.304028419}
PLAN_TIME_PHASE_START {"name": "runner.run_selected_test", "thread_id": 140566558571392, "thread_name": "MainThread", "parent": null, "started_seconds": 0.73478498099999}
PLAN_TIME_PHASE_START {"name": "runner.build_suite", "thread_id": 140566558571392, "thread_name": "MainThread", "parent": "runner.run_selected_test", "started_seconds": 0.7349554339999997}
Found 1 test(s).
PLAN_TIME_PHASE_END {"name": "runner.build_suite", "thread_id": 140566558571392, "thread_name": "MainThread", "parent": "runner.run_selected_test", "started_seconds": 0.7349554339999997, "wall_seconds": 0.0005339359999823046, "thread_cpu_seconds": 0.0005341020000000363}
PLAN_TIME_PHASE_START {"name": "runner.database_setup", "thread_id": 140566558571392, "thread_name": "MainThread", "parent": "runner.run_selected_test", "started_seconds": 0.7355328109999846}
Operations to perform:
  Synchronize unmigrated apps: django_filters, messages, rest_framework, staticfiles
  Apply all migrations: admin, ai_assistant, auth, branches, contenttypes, employees, erp, finance, operations, sessions, tasks
Synchronizing apps without migrations:
  Creating tables...
    Running deferred SQL...
Running migrations:
  Applying contenttypes.0001_initial... OK
  Applying auth.0001_initial... OK
  Applying admin.0001_initial... OK
  Applying admin.0002_logentry_remove_auto_add... OK
  Applying admin.0003_logentry_add_action_flag_choices... OK
  Applying ai_assistant.0001_initial... OK
  Applying ai_assistant.0002_taskchangelog... OK
  Applying ai_assistant.0003_claudeusagelog... OK
  Applying ai_assistant.0004_employeechangelog... OK
  Applying ai_assistant.0005_chatfile... OK
  Applying ai_assistant.0006_alter_chatmessage_created_at_and_more... OK
  Applying ai_assistant.0007_employeechangelog_undone_at... OK
  Applying ai_assistant.0008_chatmessage_archived_at_chatmessage_user_and_more... OK
  Applying ai_assistant.0009_private_documents... OK
  Applying contenttypes.0002_remove_content_type_name... OK
  Applying auth.0002_alter_permission_name_max_length... OK
  Applying auth.0003_alter_user_email_max_length... OK
  Applying auth.0004_alter_user_username_opts... OK
  Applying auth.0005_alter_user_last_login_null... OK
  Applying auth.0006_require_contenttypes_0002... OK
  Applying auth.0007_alter_validators_add_error_messages... OK
  Applying auth.0008_alter_user_username_max_length... OK
  Applying auth.0009_alter_user_last_name_max_length... OK
  Applying auth.0010_alter_group_name_max_length... OK
  Applying auth.0011_update_proxy_permissions... OK
  Applying auth.0012_alter_user_first_name_max_length... OK
  Applying branches.0001_initial... OK
  Applying branches.0002_branch_short_name... OK
  Applying branches.0003_fill_short_names... OK
  Applying employees.0001_initial... OK
  Applying employees.0002_alter_employee_department... OK
  Applying employees.0003_employee_branch... OK
  Applying employees.0004_employee_archived_at... OK
  Applying employees.0005_employee_user... OK
  Applying tasks.0001_initial... OK
  Applying tasks.0002_alter_task_priority... OK
  Applying tasks.0003_alter_task_deadline_alter_task_priority_and_more... OK
  Applying tasks.0004_task_branch... OK
  Applying finance.0001_initial... OK
  Applying finance.0002_alter_salary_unique_together_alter_contract_status_and_more... OK
  Applying finance.0003_transaction_branch... OK
  Applying operations.0001_initial... OK
  Applying operations.0002_actionproposal_user... OK
  Applying operations.0003_loginattempt... OK
  Applying operations.0004_alter_document_options_document_access_level... OK
  Applying operations.0005_invoice_boundaries... OK
  Applying operations.0006_private_documents... OK
  Applying finance.0004_salary_archived_at_transaction_archived_at_and_more... OK
  Applying finance.0005_alter_transaction_branch_alter_transaction_contract_and_more... OK
  Applying finance.0006_financialintent... OK
  Applying finance.0007_money_boundaries... OK
  Applying erp.0001_initial... OK
  Applying erp.0002_row_boundaries... OK
  Applying erp.0003_purchase_source... OK
  Applying erp.0004_initial_import_ledger... OK
  Applying erp.0005_source_corrections... OK
  Applying finance.0008_statement_ledgers... OK
  Applying operations.0007_actionproposal_dependency_context... OK
  Applying sessions.0001_initial... OK
  Applying tasks.0005_controlled_tasks... OK
PLAN_TIME_DATABASE_PROOF {"actual_database": "test_bos_verify_aceee58c6a584aa2", "configured_database": "test_bos_verify_aceee58c6a584aa2", "vendor": "postgresql", "version_num": 160015}
PLAN_TIME_PHASE_END {"name": "runner.database_setup", "thread_id": 140566558571392, "thread_name": "MainThread", "parent": "runner.run_selected_test", "started_seconds": 0.7355328109999846, "wall_seconds": 2.533409803000012, "thread_cpu_seconds": 2.27599035}
PLAN_TIME_PHASE_START {"name": "runner.system_checks", "thread_id": 140566558571392, "thread_name": "MainThread", "parent": "runner.run_selected_test", "started_seconds": 3.2689794989999825}
System check identified no issues (0 silenced).
PLAN_TIME_PHASE_END {"name": "runner.system_checks", "thread_id": 140566558571392, "thread_name": "MainThread", "parent": "runner.run_selected_test", "started_seconds": 3.2689794989999825, "wall_seconds": 0.5767191360000083, "thread_cpu_seconds": 0.5755947789999998}
PLAN_TIME_PHASE_START {"name": "test.setUpClass", "thread_id": 140566558571392, "thread_name": "MainThread", "parent": "runner.run_selected_test", "started_seconds": 3.8458156209999856}
PLAN_TIME_PHASE_START {"name": "test._pre_setup", "thread_id": 140566558571392, "thread_name": "MainThread", "parent": "test.setUpClass", "started_seconds": 3.8458799979999867}
PLAN_TIME_PHASE_END {"name": "test._pre_setup", "thread_id": 140566558571392, "thread_name": "MainThread", "parent": "test.setUpClass", "started_seconds": 3.8458799979999867, "wall_seconds": 5.528900001650072e-05, "thread_cpu_seconds": 5.527300000007784e-05}
PLAN_TIME_PHASE_END {"name": "test.setUpClass", "thread_id": 140566558571392, "thread_name": "MainThread", "parent": "runner.run_selected_test", "started_seconds": 3.8458156209999856, "wall_seconds": 0.00013652500001626322, "thread_cpu_seconds": 0.00013643600000001754}
PLAN_TIME_PHASE_START {"name": "test.result", "thread_id": 140566558571392, "thread_name": "MainThread", "parent": "runner.run_selected_test", "started_seconds": 3.8459825159999923, "test_id": "erp.test_concurrency.ERPProposalConcurrencyTests.test_http_pair_item"}
PLAN_TIME_PHASE_START {"name": "test.setUp", "thread_id": 140566558571392, "thread_name": "MainThread", "parent": "test.result", "started_seconds": 3.8460196039999914}
PLAN_TIME_PHASE_START {"name": "test.actual_http_login", "thread_id": 140566558571392, "thread_name": "MainThread", "parent": "test.setUp", "started_seconds": 3.8486816589999933}
PLAN_TIME_PHASE_START {"name": "password.PBKDF2.encode", "thread_id": 140566558571392, "thread_name": "MainThread", "parent": "test.actual_http_login", "started_seconds": 3.8488704789999986, "algorithm": "pbkdf2_sha256", "iterations": 1200000}
PLAN_TIME_PHASE_END {"name": "password.PBKDF2.encode", "thread_id": 140566558571392, "thread_name": "MainThread", "parent": "test.actual_http_login", "started_seconds": 3.8488704789999986, "algorithm": "pbkdf2_sha256", "iterations": 1200000, "wall_seconds": 0.2760837179999953, "thread_cpu_seconds": 0.276082272}
PLAN_TIME_PHASE_START {"name": "password.PBKDF2.encode", "thread_id": 140566558571392, "thread_name": "MainThread", "parent": "test.actual_http_login", "started_seconds": 4.138322334999998, "algorithm": "pbkdf2_sha256", "iterations": 1200000}
PLAN_TIME_PHASE_END {"name": "password.PBKDF2.encode", "thread_id": 140566558571392, "thread_name": "MainThread", "parent": "test.actual_http_login", "started_seconds": 4.138322334999998, "algorithm": "pbkdf2_sha256", "iterations": 1200000, "wall_seconds": 0.2755848310000033, "thread_cpu_seconds": 0.2755807130000001}
PLAN_TIME_PHASE_END {"name": "test.actual_http_login", "thread_id": 140566558571392, "thread_name": "MainThread", "parent": "test.setUp", "started_seconds": 3.8486816589999933, "wall_seconds": 0.5742867769999975, "thread_cpu_seconds": 0.567684828}
PLAN_TIME_PHASE_END {"name": "test.setUp", "thread_id": 140566558571392, "thread_name": "MainThread", "parent": "test.result", "started_seconds": 3.8460196039999914, "wall_seconds": 0.5777889560000062, "thread_cpu_seconds": 0.5699621440000002}
PLAN_TIME_PHASE_START {"name": "test.test_http_pair_item", "thread_id": 140566558571392, "thread_name": "MainThread", "parent": "test.result", "started_seconds": 4.423853950999984}
PLAN_TIME_PHASE_START {"name": "test.currency", "thread_id": 140566558571392, "thread_name": "MainThread", "parent": "test.test_http_pair_item", "started_seconds": 4.423892145999986, "action": "item", "currency": "EUR"}
PLAN_TIME_PHASE_START {"name": "test.business_state", "thread_id": 140566558571392, "thread_name": "MainThread", "parent": "test.currency", "started_seconds": 4.4365854119999995}
PLAN_TIME_PHASE_END {"name": "test.business_state", "thread_id": 140566558571392, "thread_name": "MainThread", "parent": "test.currency", "started_seconds": 4.4365854119999995, "wall_seconds": 0.0157382749999897, "thread_cpu_seconds": 0.011411837999999896}
PLAN_TIME_PHASE_START {"name": "erp.fingerprint", "thread_id": 140566558571392, "thread_name": "MainThread", "parent": "test.currency", "started_seconds": 4.47379395599998}
PLAN_TIME_PHASE_END {"name": "erp.fingerprint", "thread_id": 140566558571392, "thread_name": "MainThread", "parent": "test.currency", "started_seconds": 4.47379395599998, "wall_seconds": 0.019106629000020803, "thread_cpu_seconds": 0.01341499600000029}
PLAN_TIME_PHASE_START {"name": "erp.snapshot", "thread_id": 140566558571392, "thread_name": "MainThread", "parent": "test.currency", "started_seconds": 4.499539540000001}
PLAN_TIME_PHASE_END {"name": "erp.snapshot", "thread_id": 140566558571392, "thread_name": "MainThread", "parent": "test.currency", "started_seconds": 4.499539540000001, "wall_seconds": 0.05091873899999655, "thread_cpu_seconds": 0.037178319999999765}
PLAN_TIME_PHASE_START {"name": "erp.snapshot", "thread_id": 140566558571392, "thread_name": "MainThread", "parent": "test.currency", "started_seconds": 4.555691160999999}
PLAN_TIME_PHASE_END {"name": "erp.snapshot", "thread_id": 140566558571392, "thread_name": "MainThread", "parent": "test.currency", "started_seconds": 4.555691160999999, "wall_seconds": 0.047772789999982024, "thread_cpu_seconds": 0.03487580899999987}
PLAN_TIME_PHASE_START {"name": "test.business_state", "thread_id": 140566558571392, "thread_name": "MainThread", "parent": "test.currency", "started_seconds": 4.613730631999999}
PLAN_TIME_PHASE_END {"name": "test.business_state", "thread_id": 140566558571392, "thread_name": "MainThread", "parent": "test.currency", "started_seconds": 4.613730631999999, "wall_seconds": 0.012038099999983842, "thread_cpu_seconds": 0.008828720000000345}
PLAN_TIME_PHASE_START {"name": "test.confirm_or_replay", "thread_id": 140566339774144, "thread_name": "ThreadPoolExecutor-1_1", "parent": null, "started_seconds": 4.6375303890000055}
PLAN_TIME_PHASE_START {"name": "test.confirm_or_replay", "thread_id": 140566356555456, "thread_name": "ThreadPoolExecutor-1_0", "parent": null, "started_seconds": 4.637589914999978}
PLAN_TIME_PHASE_START {"name": "erp.fingerprint", "thread_id": 140566339774144, "thread_name": "ThreadPoolExecutor-1_1", "parent": "test.confirm_or_replay", "started_seconds": 4.672580629999999}
PLAN_TIME_PHASE_END {"name": "erp.fingerprint", "thread_id": 140566339774144, "thread_name": "ThreadPoolExecutor-1_1", "parent": "test.confirm_or_replay", "started_seconds": 4.672580629999999, "wall_seconds": 0.019425678999994034, "thread_cpu_seconds": 0.01195349}
PLAN_TIME_PHASE_START {"name": "erp.snapshot", "thread_id": 140566339774144, "thread_name": "ThreadPoolExecutor-1_1", "parent": "test.confirm_or_replay", "started_seconds": 4.6960617659999855}
PLAN_TIME_PHASE_END {"name": "erp.snapshot", "thread_id": 140566339774144, "thread_name": "ThreadPoolExecutor-1_1", "parent": "test.confirm_or_replay", "started_seconds": 4.6960617659999855, "wall_seconds": 0.0486886510000204, "thread_cpu_seconds": 0.035019207000000004}
PLAN_TIME_PHASE_START {"name": "erp.snapshot", "thread_id": 140566339774144, "thread_name": "ThreadPoolExecutor-1_1", "parent": "test.confirm_or_replay", "started_seconds": 4.750937577000002}
PLAN_TIME_PHASE_END {"name": "erp.snapshot", "thread_id": 140566339774144, "thread_name": "ThreadPoolExecutor-1_1", "parent": "test.confirm_or_replay", "started_seconds": 4.750937577000002, "wall_seconds": 0.047777679999995826, "thread_cpu_seconds": 0.034750734000000005}
PLAN_TIME_PHASE_END {"name": "test.confirm_or_replay", "thread_id": 140566339774144, "thread_name": "ThreadPoolExecutor-1_1", "parent": null, "started_seconds": 4.6375303890000055, "wall_seconds": 0.16777546799997367, "thread_cpu_seconds": 0.10938326200000001}
PLAN_TIME_PHASE_END {"name": "test.confirm_or_replay", "thread_id": 140566356555456, "thread_name": "ThreadPoolExecutor-1_0", "parent": null, "started_seconds": 4.637589914999978, "wall_seconds": 0.17459668200001488, "thread_cpu_seconds": 0.017622273}
A06_PAIR {"mode": "http", "action": "item", "currency": "EUR", "proposal_id": "3626d43a-a61c-47f5-990d-1d3099ed7fdc", "workers": [{"worker": 0, "connection": 140566379471856, "started": 209.472985111, "ended": 209.647620704, "status": 200, "json": {"code": "A06-513d82ae-NEW", "state": "succeeded", "impact": [{"id": 4, "code": "A06-513d82ae-NEW", "kind": "items", "after": "A", "field": "revision", "label": "Версія виробу", "before": null, "currency": "EUR"}, {"id": 4, "code": "A06-513d82ae-NEW", "kind": "items", "after": "Синтетичний компонент", "field": "name", "label": "Назва", "before": null, "currency": "EUR"}, {"id": 4, "code": "A06-513d82ae-NEW", "kind": "items", "after": "Без компонентів", "field": "bom", "label": "Склад виробу", "before": null, "currency": "EUR"}, {"id": 4, "code": "A06-513d82ae-NEW", "kind": "items", "after": "Виготовлення", "field": "routing", "label": "Маршрут", "before": null, "currency": "EUR"}], "item_id": 4, "erp_event_id": 1}}, {"worker": 1, "connection": 140566379468976, "started": 209.472909932, "ended": 209.640756472, "status": 200, "json": {"state": "succeeded", "item_id": 4, "code": "A06-513d82ae-NEW", "erp_event_id": 1, "impact": [{"kind": "items", "id": 4, "code": "A06-513d82ae-NEW", "field": "revision", "label": "Версія виробу", "before": null, "after": "A", "currency": "EUR"}, {"kind": "items", "id": 4, "code": "A06-513d82ae-NEW", "field": "name", "label": "Назва", "before": null, "after": "Синтетичний компонент", "currency": "EUR"}, {"kind": "items", "id": 4, "code": "A06-513d82ae-NEW", "field": "bom", "label": "Склад виробу", "before": null, "after": "Без компонентів", "currency": "EUR"}, {"kind": "items", "id": 4, "code": "A06-513d82ae-NEW", "field": "routing", "label": "Маршрут", "before": null, "after": "Виготовлення", "currency": "EUR"}]}}]}
PLAN_TIME_PHASE_START {"name": "test.business_oracle", "thread_id": 140566558571392, "thread_name": "MainThread", "parent": "test.currency", "started_seconds": 4.812810853000002}
PLAN_TIME_PHASE_START {"name": "test.business_state", "thread_id": 140566558571392, "thread_name": "MainThread", "parent": "test.business_oracle", "started_seconds": 4.812862601000006}
PLAN_TIME_PHASE_END {"name": "test.business_state", "thread_id": 140566558571392, "thread_name": "MainThread", "parent": "test.business_oracle", "started_seconds": 4.812862601000006, "wall_seconds": 0.01234627699997759, "thread_cpu_seconds": 0.00893087999999942}
PLAN_TIME_PHASE_END {"name": "test.business_oracle", "thread_id": 140566558571392, "thread_name": "MainThread", "parent": "test.currency", "started_seconds": 4.812810853000002, "wall_seconds": 0.022058603999994375, "thread_cpu_seconds": 0.016034171999999458}
PLAN_TIME_PHASE_START {"name": "test.confirm_or_replay", "thread_id": 140566558571392, "thread_name": "MainThread", "parent": "test.currency", "started_seconds": 4.836298518999996}
PLAN_TIME_PHASE_END {"name": "test.confirm_or_replay", "thread_id": 140566558571392, "thread_name": "MainThread", "parent": "test.currency", "started_seconds": 4.836298518999996, "wall_seconds": 0.02231883599998241, "thread_cpu_seconds": 0.016087729999999745}
PLAN_TIME_PHASE_START {"name": "test.business_state", "thread_id": 140566558571392, "thread_name": "MainThread", "parent": "test.currency", "started_seconds": 4.858675422000005}
PLAN_TIME_PHASE_END {"name": "test.business_state", "thread_id": 140566558571392, "thread_name": "MainThread", "parent": "test.currency", "started_seconds": 4.858675422000005, "wall_seconds": 0.011973259000001235, "thread_cpu_seconds": 0.00876601099999963}
A06_PASS {"mode": "http", "action": "item", "currency": "EUR", "inventory_id": "ERP-item", "erp_event_id": 1, "statuses": [200, 200], "one_effect": true, "replay_unchanged": true}
PLAN_TIME_PHASE_END {"name": "test.currency", "thread_id": 140566558571392, "thread_name": "MainThread", "parent": "test.test_http_pair_item", "started_seconds": 4.423892145999986, "action": "item", "currency": "EUR", "wall_seconds": 0.44761162000000354, "thread_cpu_seconds": 0.1889841849999998}
PLAN_TIME_PHASE_START {"name": "test.currency", "thread_id": 140566558571392, "thread_name": "MainThread", "parent": "test.test_http_pair_item", "started_seconds": 4.871592569000001, "action": "item", "currency": "USD"}
PLAN_TIME_PHASE_START {"name": "test.business_state", "thread_id": 140566558571392, "thread_name": "MainThread", "parent": "test.currency", "started_seconds": 4.879660615000006}
PLAN_TIME_PHASE_END {"name": "test.business_state", "thread_id": 140566558571392, "thread_name": "MainThread", "parent": "test.currency", "started_seconds": 4.879660615000006, "wall_seconds": 0.013225448999975242, "thread_cpu_seconds": 0.009690174000000162}
PLAN_TIME_PHASE_START {"name": "erp.fingerprint", "thread_id": 140566558571392, "thread_name": "MainThread", "parent": "test.currency", "started_seconds": 4.910326478999991}
PLAN_TIME_PHASE_END {"name": "erp.fingerprint", "thread_id": 140566558571392, "thread_name": "MainThread", "parent": "test.currency", "started_seconds": 4.910326478999991, "wall_seconds": 0.01548899100001222, "thread_cpu_seconds": 0.011733784999999664}
PLAN_TIME_PHASE_START {"name": "erp.snapshot", "thread_id": 140566558571392, "thread_name": "MainThread", "parent": "test.currency", "started_seconds": 4.931513777999982}
PLAN_TIME_PHASE_END {"name": "erp.snapshot", "thread_id": 140566558571392, "thread_name": "MainThread", "parent": "test.currency", "started_seconds": 4.931513777999982, "wall_seconds": 0.07359637999999791, "thread_cpu_seconds": 0.05395851200000035}
PLAN_TIME_PHASE_START {"name": "erp.snapshot", "thread_id": 140566558571392, "thread_name": "MainThread", "parent": "test.currency", "started_seconds": 5.0111860509999815}
PLAN_TIME_PHASE_END {"name": "erp.snapshot", "thread_id": 140566558571392, "thread_name": "MainThread", "parent": "test.currency", "started_seconds": 5.0111860509999815, "wall_seconds": 0.07138385800001856, "thread_cpu_seconds": 0.051973676000000246}
PLAN_TIME_PHASE_START {"name": "test.business_state", "thread_id": 140566558571392, "thread_name": "MainThread", "parent": "test.currency", "started_seconds": 5.092381736999982}
PLAN_TIME_PHASE_END {"name": "test.business_state", "thread_id": 140566558571392, "thread_name": "MainThread", "parent": "test.currency", "started_seconds": 5.092381736999982, "wall_seconds": 0.012844555000015134, "thread_cpu_seconds": 0.009543983000000367}
PLAN_TIME_PHASE_START {"name": "test.confirm_or_replay", "thread_id": 140566339774144, "thread_name": "ThreadPoolExecutor-2_1", "parent": null, "started_seconds": 5.115662751000002}
PLAN_TIME_PHASE_START {"name": "test.confirm_or_replay", "thread_id": 140566356555456, "thread_name": "ThreadPoolExecutor-2_0", "parent": null, "started_seconds": 5.115711102999995}
PLAN_TIME_PHASE_START {"name": "erp.fingerprint", "thread_id": 140566339774144, "thread_name": "ThreadPoolExecutor-2_1", "parent": "test.confirm_or_replay", "started_seconds": 5.147335781999999}
PLAN_TIME_PHASE_END {"name": "erp.fingerprint", "thread_id": 140566339774144, "thread_name": "ThreadPoolExecutor-2_1", "parent": "test.confirm_or_replay", "started_seconds": 5.147335781999999, "wall_seconds": 0.021021249999989777, "thread_cpu_seconds": 0.012829934000000001}
PLAN_TIME_PHASE_START {"name": "erp.snapshot", "thread_id": 140566339774144, "thread_name": "ThreadPoolExecutor-2_1", "parent": "test.confirm_or_replay", "started_seconds": 5.172016404999994}
PLAN_TIME_PHASE_END {"name": "erp.snapshot", "thread_id": 140566339774144, "thread_name": "ThreadPoolExecutor-2_1", "parent": "test.confirm_or_replay", "started_seconds": 5.172016404999994, "wall_seconds": 0.07298767200001066, "thread_cpu_seconds": 0.05179667500000001}
PLAN_TIME_PHASE_START {"name": "erp.snapshot", "thread_id": 140566339774144, "thread_name": "ThreadPoolExecutor-2_1", "parent": "test.confirm_or_replay", "started_seconds": 5.251161661999987}
PLAN_TIME_PHASE_END {"name": "erp.snapshot", "thread_id": 140566339774144, "thread_name": "ThreadPoolExecutor-2_1", "parent": "test.confirm_or_replay", "started_seconds": 5.251161661999987, "wall_seconds": 0.0719421269999998, "thread_cpu_seconds": 0.052273060999999996}
PLAN_TIME_PHASE_END {"name": "test.confirm_or_replay", "thread_id": 140566339774144, "thread_name": "ThreadPoolExecutor-2_1", "parent": null, "started_seconds": 5.115662751000002, "wall_seconds": 0.21296572500000366, "thread_cpu_seconds": 0.14328406}
PLAN_TIME_PHASE_END {"name": "test.confirm_or_replay", "thread_id": 140566356555456, "thread_name": "ThreadPoolExecutor-2_0", "parent": null, "started_seconds": 5.115711102999995, "wall_seconds": 0.2197431219999828, "thread_cpu_seconds": 0.016609962}
A06_PAIR {"mode": "http", "action": "item", "currency": "USD", "proposal_id": "69e6cdcb-05b1-48b6-b3b1-57e833272c0b", "workers": [{"worker": 0, "connection": 140566380436112, "started": 209.951108675, "ended": 210.170887986, "status": 200, "json": {"code": "A06-fa0280b7-NEW", "state": "succeeded", "impact": [{"id": 8, "code": "A06-fa0280b7-NEW", "kind": "items", "after": "A", "field": "revision", "label": "Версія виробу", "before": null, "currency": "USD"}, {"id": 8, "code": "A06-fa0280b7-NEW", "kind": "items", "after": "Синтетичний компонент", "field": "name", "label": "Назва", "before": null, "currency": "USD"}, {"id": 8, "code": "A06-fa0280b7-NEW", "kind": "items", "after": "Без компонентів", "field": "bom", "label": "Склад виробу", "before": null, "currency": "USD"}, {"id": 8, "code": "A06-fa0280b7-NEW", "kind": "items", "after": "Виготовлення", "field": "routing", "label": "Маршрут", "before": null, "currency": "USD"}], "item_id": 8, "erp_event_id": 2}}, {"worker": 1, "connection": 140566380433760, "started": 209.951043711, "ended": 210.164084969, "status": 200, "json": {"state": "succeeded", "item_id": 8, "code": "A06-fa0280b7-NEW", "erp_event_id": 2, "impact": [{"kind": "items", "id": 8, "code": "A06-fa0280b7-NEW", "field": "revision", "label": "Версія виробу", "before": null, "after": "A", "currency": "USD"}, {"kind": "items", "id": 8, "code": "A06-fa0280b7-NEW", "field": "name", "label": "Назва", "before": null, "after": "Синтетичний компонент", "currency": "USD"}, {"kind": "items", "id": 8, "code": "A06-fa0280b7-NEW", "field": "bom", "label": "Склад виробу", "before": null, "after": "Без компонентів", "currency": "USD"}, {"kind": "items", "id": 8, "code": "A06-fa0280b7-NEW", "field": "routing", "label": "Маршрут", "before": null, "after": "Виготовлення", "currency": "USD"}]}}]}
PLAN_TIME_PHASE_START {"name": "test.business_oracle", "thread_id": 140566558571392, "thread_name": "MainThread", "parent": "test.currency", "started_seconds": 5.335997579999997}
PLAN_TIME_PHASE_START {"name": "test.business_state", "thread_id": 140566558571392, "thread_name": "MainThread", "parent": "test.business_oracle", "started_seconds": 5.33604583799999}
PLAN_TIME_PHASE_END {"name": "test.business_state", "thread_id": 140566558571392, "thread_name": "MainThread", "parent": "test.business_oracle", "started_seconds": 5.33604583799999, "wall_seconds": 0.012488254000004417, "thread_cpu_seconds": 0.009235039}
PLAN_TIME_PHASE_END {"name": "test.business_oracle", "thread_id": 140566558571392, "thread_name": "MainThread", "parent": "test.currency", "started_seconds": 5.335997579999997, "wall_seconds": 0.024365904999996246, "thread_cpu_seconds": 0.01807675999999958}
PLAN_TIME_PHASE_START {"name": "test.confirm_or_replay", "thread_id": 140566558571392, "thread_name": "MainThread", "parent": "test.currency", "started_seconds": 5.361780947}
PLAN_TIME_PHASE_END {"name": "test.confirm_or_replay", "thread_id": 140566558571392, "thread_name": "MainThread", "parent": "test.currency", "started_seconds": 5.361780947, "wall_seconds": 0.02071040499998844, "thread_cpu_seconds": 0.014962860000000688}
PLAN_TIME_PHASE_START {"name": "test.business_state", "thread_id": 140566558571392, "thread_name": "MainThread", "parent": "test.currency", "started_seconds": 5.382531150999995}
PLAN_TIME_PHASE_END {"name": "test.business_state", "thread_id": 140566558571392, "thread_name": "MainThread", "parent": "test.currency", "started_seconds": 5.382531150999995, "wall_seconds": 0.012321732000003749, "thread_cpu_seconds": 0.00895567400000008}
A06_PASS {"mode": "http", "action": "item", "currency": "USD", "inventory_id": "ERP-item", "erp_event_id": 2, "statuses": [200, 200], "one_effect": true, "replay_unchanged": true}
PLAN_TIME_PHASE_END {"name": "test.currency", "thread_id": 140566558571392, "thread_name": "MainThread", "parent": "test.test_http_pair_item", "started_seconds": 4.871592569000001, "action": "item", "currency": "USD", "wall_seconds": 0.5241840119999779, "thread_cpu_seconds": 0.2153139089999998}
PLAN_TIME_PHASE_START {"name": "test.currency", "thread_id": 140566558571392, "thread_name": "MainThread", "parent": "test.test_http_pair_item", "started_seconds": 5.395864485999994, "action": "item", "currency": "UAH"}
PLAN_TIME_PHASE_START {"name": "test.business_state", "thread_id": 140566558571392, "thread_name": "MainThread", "parent": "test.currency", "started_seconds": 5.403842033999979}
PLAN_TIME_PHASE_END {"name": "test.business_state", "thread_id": 140566558571392, "thread_name": "MainThread", "parent": "test.currency", "started_seconds": 5.403842033999979, "wall_seconds": 0.013402402000025404, "thread_cpu_seconds": 0.009997487999999777}
PLAN_TIME_PHASE_START {"name": "erp.fingerprint", "thread_id": 140566558571392, "thread_name": "MainThread", "parent": "test.currency", "started_seconds": 5.432081012999987}
PLAN_TIME_PHASE_END {"name": "erp.fingerprint", "thread_id": 140566558571392, "thread_name": "MainThread", "parent": "test.currency", "started_seconds": 5.432081012999987, "wall_seconds": 0.0150357569999926, "thread_cpu_seconds": 0.011252998999999875}
PLAN_TIME_PHASE_START {"name": "erp.snapshot", "thread_id": 140566558571392, "thread_name": "MainThread", "parent": "test.currency", "started_seconds": 5.452876935999996}
PLAN_TIME_PHASE_END {"name": "erp.snapshot", "thread_id": 140566558571392, "thread_name": "MainThread", "parent": "test.currency", "started_seconds": 5.452876935999996, "wall_seconds": 0.0946524830000044, "thread_cpu_seconds": 0.06833767899999987}
PLAN_TIME_PHASE_START {"name": "erp.snapshot", "thread_id": 140566558571392, "thread_name": "MainThread", "parent": "test.currency", "started_seconds": 5.552789695999991}
PLAN_TIME_PHASE_END {"name": "erp.snapshot", "thread_id": 140566558571392, "thread_name": "MainThread", "parent": "test.currency", "started_seconds": 5.552789695999991, "wall_seconds": 0.09464074900000696, "thread_cpu_seconds": 0.06841862200000026}
PLAN_TIME_PHASE_START {"name": "test.business_state", "thread_id": 140566558571392, "thread_name": "MainThread", "parent": "test.currency", "started_seconds": 5.657337052000003}
PLAN_TIME_PHASE_END {"name": "test.business_state", "thread_id": 140566558571392, "thread_name": "MainThread", "parent": "test.currency", "started_seconds": 5.657337052000003, "wall_seconds": 0.013187485999992532, "thread_cpu_seconds": 0.009850552000000512}
PLAN_TIME_PHASE_START {"name": "test.confirm_or_replay", "thread_id": 140566356555456, "thread_name": "ThreadPoolExecutor-3_0", "parent": null, "started_seconds": 5.681117397999998}
PLAN_TIME_PHASE_START {"name": "test.confirm_or_replay", "thread_id": 140566339774144, "thread_name": "ThreadPoolExecutor-3_1", "parent": null, "started_seconds": 5.681165727999996}
PLAN_TIME_PHASE_START {"name": "erp.fingerprint", "thread_id": 140566339774144, "thread_name": "ThreadPoolExecutor-3_1", "parent": "test.confirm_or_replay", "started_seconds": 5.712658301999994}
PLAN_TIME_PHASE_END {"name": "erp.fingerprint", "thread_id": 140566339774144, "thread_name": "ThreadPoolExecutor-3_1", "parent": "test.confirm_or_replay", "started_seconds": 5.712658301999994, "wall_seconds": 0.021744777999998632, "thread_cpu_seconds": 0.013334858999999998}
PLAN_TIME_PHASE_START {"name": "erp.snapshot", "thread_id": 140566339774144, "thread_name": "ThreadPoolExecutor-3_1", "parent": "test.confirm_or_replay", "started_seconds": 5.738106448999986}
PLAN_TIME_PHASE_END {"name": "erp.snapshot", "thread_id": 140566339774144, "thread_name": "ThreadPoolExecutor-3_1", "parent": "test.confirm_or_replay", "started_seconds": 5.738106448999986, "wall_seconds": 0.09697827600001574, "thread_cpu_seconds": 0.06881453400000001}
PLAN_TIME_PHASE_START {"name": "erp.snapshot", "thread_id": 140566339774144, "thread_name": "ThreadPoolExecutor-3_1", "parent": "test.confirm_or_replay", "started_seconds": 5.841038561000005}
PLAN_TIME_PHASE_END {"name": "erp.snapshot", "thread_id": 140566339774144, "thread_name": "ThreadPoolExecutor-3_1", "parent": "test.confirm_or_replay", "started_seconds": 5.841038561000005, "wall_seconds": 0.09716587499997331, "thread_cpu_seconds": 0.07018196900000001}
PLAN_TIME_PHASE_END {"name": "test.confirm_or_replay", "thread_id": 140566339774144, "thread_name": "ThreadPoolExecutor-3_1", "parent": null, "started_seconds": 5.681165727999996, "wall_seconds": 0.2626151249999964, "thread_cpu_seconds": 0.177877646}
PLAN_TIME_PHASE_END {"name": "test.confirm_or_replay", "thread_id": 140566356555456, "thread_name": "ThreadPoolExecutor-3_0", "parent": null, "started_seconds": 5.681117397999998, "wall_seconds": 0.2699521730000072, "thread_cpu_seconds": 0.016740237}
A06_PAIR {"mode": "http", "action": "item", "currency": "UAH", "proposal_id": "4250c0c3-25c2-470c-b22a-0f0ad669040e", "workers": [{"worker": 0, "connection": 140566383130288, "started": 210.516505695, "ended": 210.786503905, "status": 200, "json": {"code": "A06-cc4a9797-NEW", "state": "succeeded", "impact": [{"id": 12, "code": "A06-cc4a9797-NEW", "kind": "items", "after": "A", "field": "revision", "label": "Версія виробу", "before": null, "currency": "UAH"}, {"id": 12, "code": "A06-cc4a9797-NEW", "kind": "items", "after": "Синтетичний компонент", "field": "name", "label": "Назва", "before": null, "currency": "UAH"}, {"id": 12, "code": "A06-cc4a9797-NEW", "kind": "items", "after": "Без компонентів", "field": "bom", "label": "Склад виробу", "before": null, "currency": "UAH"}, {"id": 12, "code": "A06-cc4a9797-NEW", "kind": "items", "after": "Виготовлення", "field": "routing", "label": "Маршрут", "before": null, "currency": "UAH"}], "item_id": 12, "erp_event_id": 3}}, {"worker": 1, "connection": 140566383130192, "started": 210.516563534, "ended": 210.779226752, "status": 200, "json": {"state": "succeeded", "item_id": 12, "code": "A06-cc4a9797-NEW", "erp_event_id": 3, "impact": [{"kind": "items", "id": 12, "code": "A06-cc4a9797-NEW", "field": "revision", "label": "Версія виробу", "before": null, "after": "A", "currency": "UAH"}, {"kind": "items", "id": 12, "code": "A06-cc4a9797-NEW", "field": "name", "label": "Назва", "before": null, "after": "Синтетичний компонент", "currency": "UAH"}, {"kind": "items", "id": 12, "code": "A06-cc4a9797-NEW", "field": "bom", "label": "Склад виробу", "before": null, "after": "Без компонентів", "currency": "UAH"}, {"kind": "items", "id": 12, "code": "A06-cc4a9797-NEW", "field": "routing", "label": "Маршрут", "before": null, "after": "Виготовлення", "currency": "UAH"}]}}]}
PLAN_TIME_PHASE_START {"name": "test.business_oracle", "thread_id": 140566558571392, "thread_name": "MainThread", "parent": "test.currency", "started_seconds": 5.9515357889999905}
PLAN_TIME_PHASE_START {"name": "test.business_state", "thread_id": 140566558571392, "thread_name": "MainThread", "parent": "test.business_oracle", "started_seconds": 5.951582933999987}
PLAN_TIME_PHASE_END {"name": "test.business_state", "thread_id": 140566558571392, "thread_name": "MainThread", "parent": "test.business_oracle", "started_seconds": 5.951582933999987, "wall_seconds": 0.01319009299999152, "thread_cpu_seconds": 0.009805799000000448}
PLAN_TIME_PHASE_END {"name": "test.business_oracle", "thread_id": 140566558571392, "thread_name": "MainThread", "parent": "test.currency", "started_seconds": 5.9515357889999905, "wall_seconds": 0.02660301500000628, "thread_cpu_seconds": 0.019653368999999365}
PLAN_TIME_PHASE_START {"name": "test.confirm_or_replay", "thread_id": 140566558571392, "thread_name": "MainThread", "parent": "test.currency", "started_seconds": 5.979456355999986}
PLAN_TIME_PHASE_END {"name": "test.confirm_or_replay", "thread_id": 140566558571392, "thread_name": "MainThread", "parent": "test.currency", "started_seconds": 5.979456355999986, "wall_seconds": 0.020623407000016414, "thread_cpu_seconds": 0.01498266999999931}
PLAN_TIME_PHASE_START {"name": "test.business_state", "thread_id": 140566558571392, "thread_name": "MainThread", "parent": "test.currency", "started_seconds": 6.000120371999998}
PLAN_TIME_PHASE_END {"name": "test.business_state", "thread_id": 140566558571392, "thread_name": "MainThread", "parent": "test.currency", "started_seconds": 6.000120371999998, "wall_seconds": 0.01230668299999138, "thread_cpu_seconds": 0.009055501999999827}
A06_PASS {"mode": "http", "action": "item", "currency": "UAH", "inventory_id": "ERP-item", "erp_event_id": 3, "statuses": [200, 200], "one_effect": true, "replay_unchanged": true}
PLAN_TIME_PHASE_END {"name": "test.currency", "thread_id": 140566558571392, "thread_name": "MainThread", "parent": "test.test_http_pair_item", "started_seconds": 5.395864485999994, "action": "item", "currency": "UAH", "wall_seconds": 0.6174968869999873, "thread_cpu_seconds": 0.2453794569999994}
PLAN_TIME_PHASE_END {"name": "test.test_http_pair_item", "thread_id": 140566558571392, "thread_name": "MainThread", "parent": "test.result", "started_seconds": 4.423853950999984, "wall_seconds": 1.589566528000006, "thread_cpu_seconds": 0.6499502369999997}
PLAN_TIME_PHASE_START {"name": "test.tearDown", "thread_id": 140566558571392, "thread_name": "MainThread", "parent": "test.result", "started_seconds": 6.013445199999978}
PLAN_TIME_PHASE_END {"name": "test.tearDown", "thread_id": 140566558571392, "thread_name": "MainThread", "parent": "test.result", "started_seconds": 6.013445199999978, "wall_seconds": 1.142000002118948e-05, "thread_cpu_seconds": 1.1465000000043801e-05}
PLAN_TIME_PHASE_END {"name": "test.result", "thread_id": 140566558571392, "thread_name": "MainThread", "parent": "runner.run_selected_test", "started_seconds": 3.8459825159999923, "test_id": "erp.test_concurrency.ERPProposalConcurrencyTests.test_http_pair_item", "wall_seconds": 2.1675184309999906, "thread_cpu_seconds": 1.22007493}
PLAN_TIME_PHASE_START {"name": "test._post_teardown", "thread_id": 140566558571392, "thread_name": "MainThread", "parent": "runner.run_selected_test", "started_seconds": 6.013523075999984}
PLAN_TIME_PHASE_END {"name": "test._post_teardown", "thread_id": 140566558571392, "thread_name": "MainThread", "parent": "runner.run_selected_test", "started_seconds": 6.013523075999984, "wall_seconds": 0.0799748510000029, "thread_cpu_seconds": 0.03688969199999992}
PLAN_TIME_PHASE_START {"name": "test.tearDownClass", "thread_id": 140566558571392, "thread_name": "MainThread", "parent": "runner.run_selected_test", "started_seconds": 6.09356434}
PLAN_TIME_PHASE_END {"name": "test.tearDownClass", "thread_id": 140566558571392, "thread_name": "MainThread", "parent": "runner.run_selected_test", "started_seconds": 6.09356434, "wall_seconds": 2.1049999986644252e-05, "thread_cpu_seconds": 2.500899999979822e-05}
PLAN_TIME_PHASE_START {"name": "runner.database_teardown", "thread_id": 140566558571392, "thread_name": "MainThread", "parent": "runner.run_selected_test", "started_seconds": 6.093729166999992}
PLAN_TIME_PHASE_END {"name": "runner.database_teardown", "thread_id": 140566558571392, "thread_name": "MainThread", "parent": "runner.run_selected_test", "started_seconds": 6.093729166999992, "wall_seconds": 0.019813785999986067, "thread_cpu_seconds": 0.003757084000000077}
PLAN_TIME_PHASE_END {"name": "runner.run_selected_test", "thread_id": 140566558571392, "thread_name": "MainThread", "parent": null, "started_seconds": 0.73478498099999, "wall_seconds": 5.378866254999991, "thread_cpu_seconds": 4.1137345409999995}
PLAN_TIME_RESULT {"status": "SCOPED_DIAGNOSTIC_PASS", "exit_code": 0, "root_cause_proven": false, "output": "/home/runner/work/_temp/bos-plan-time-35513613026-1/django.json"}
