{"checkpoint": "source_and_environment", "state": "start", "elapsed_seconds": 9.612200000219673e-05}
{"checkpoint": "source_and_environment", "state": "complete", "wall_seconds": 0.0008360690000017712, "sql_count": 0}
{"checkpoint": "django_setup", "state": "start", "elapsed_seconds": 0.0011175100000002658}
{"checkpoint": "django_setup", "state": "complete", "wall_seconds": 0.3957240210000066, "sql_count": 0}
{"checkpoint": "database_proof_before_writes", "state": "start", "elapsed_seconds": 0.39712870400001066}
{"checkpoint": "database_proof_before_writes", "state": "complete", "wall_seconds": 0.011872002999979259, "sql_count": 2}
{"checkpoint": "migrate", "state": "start", "elapsed_seconds": 0.5571895580000046}
{"checkpoint": "migrate", "state": "complete", "wall_seconds": 2.4291554760000054, "sql_count": 590}
{"checkpoint": "invariant_helpers_import_and_connection_recheck", "state": "start", "elapsed_seconds": 2.986703471999988}
{"checkpoint": "invariant_helpers_import_and_connection_recheck", "state": "complete", "wall_seconds": 0.05730641400000991, "sql_count": 1}
{"checkpoint": "synthetic_fixture", "state": "start", "elapsed_seconds": 3.0467333580000115}
{"checkpoint": "synthetic_fixture", "state": "complete", "wall_seconds": 0.0048757229999978335, "sql_count": 5}
{"checkpoint": "role_authentication_once", "state": "start", "elapsed_seconds": 3.051908647999994}
{"checkpoint": "role_authentication_once", "state": "complete", "wall_seconds": 1.0700577960000146, "sql_count": 27}
{"checkpoint": "counts_before_sequence", "state": "start", "elapsed_seconds": 4.122408377999989}
{"checkpoint": "counts_before_sequence", "state": "complete", "wall_seconds": 0.03261729100000821, "sql_count": 55}
{"checkpoint": "preview_opening", "state": "start", "elapsed_seconds": 4.155581756999993}
{"checkpoint": "preview_opening", "state": "complete", "wall_seconds": 0.12146794700001351, "sql_count": 158}
{"checkpoint": "first_confirm", "state": "start", "elapsed_seconds": 4.277553188000013}
{"checkpoint": "first_confirm", "state": "complete", "wall_seconds": 0.10353003000000172, "sql_count": 154}
{"checkpoint": "unused_original_oracle", "state": "start", "elapsed_seconds": 4.38167224099999}
{"checkpoint": "unused_original_oracle", "state": "complete", "wall_seconds": 0.19288362100002132, "sql_count": 25}
{"checkpoint": "interleaved_adjustment", "state": "start", "elapsed_seconds": 4.575156966999998}
{"checkpoint": "interleaved_adjustment", "state": "complete", "wall_seconds": 0.005433299000003444, "sql_count": 9}
{"checkpoint": "oracle_after_adjustment", "state": "start", "elapsed_seconds": 4.581174691000001}
{"checkpoint": "oracle_after_adjustment", "state": "complete", "wall_seconds": 0.18427315200000294, "sql_count": 25}
{"checkpoint": "replay_http_1", "state": "start", "elapsed_seconds": 4.766150570999997}
{"checkpoint": "replay_http_1", "state": "complete", "wall_seconds": 0.02230708100000811, "sql_count": 27}
{"checkpoint": "replay_oracle_1", "state": "start", "elapsed_seconds": 4.959300971000005}
{"checkpoint": "replay_oracle_1", "state": "complete", "wall_seconds": 0.018866363000000774, "sql_count": 25}
{"checkpoint": "replay_http_2", "state": "start", "elapsed_seconds": 4.978977899}
{"checkpoint": "replay_http_2", "state": "complete", "wall_seconds": 0.022216495999998642, "sql_count": 27}
{"checkpoint": "replay_oracle_2", "state": "start", "elapsed_seconds": 5.001925198000009}
{"checkpoint": "replay_oracle_2", "state": "complete", "wall_seconds": 0.018440091000002212, "sql_count": 25}
{"checkpoint": "replay_http_3", "state": "start", "elapsed_seconds": 5.021093525999987}
{"checkpoint": "replay_http_3", "state": "complete", "wall_seconds": 0.021380108000016662, "sql_count": 27}
{"checkpoint": "replay_oracle_3", "state": "start", "elapsed_seconds": 5.043206588000004}
{"checkpoint": "replay_oracle_3", "state": "complete", "wall_seconds": 0.016950936999990063, "sql_count": 25}
{"checkpoint": "replay_http_4", "state": "start", "elapsed_seconds": 5.061070164}
{"checkpoint": "replay_http_4", "state": "complete", "wall_seconds": 0.02195881099999042, "sql_count": 27}
{"checkpoint": "replay_oracle_4", "state": "start", "elapsed_seconds": 5.083852932000013}
{"checkpoint": "replay_oracle_4", "state": "complete", "wall_seconds": 0.016503755999991654, "sql_count": 25}
{"checkpoint": "persisted_business_assertions", "state": "start", "elapsed_seconds": 5.101186296000009}
{"checkpoint": "persisted_business_assertions", "state": "complete", "wall_seconds": 0.009753246999991916, "sql_count": 14}
{"checkpoint": "rollback_mark", "state": "start", "elapsed_seconds": 5.112027041999994}
{"checkpoint": "rollback_mark", "state": "complete", "wall_seconds": 0.0009785230000147749, "sql_count": 0}
{"checkpoint": "counts_after_rollback", "state": "start", "elapsed_seconds": 5.20846163600001}
{"checkpoint": "counts_after_rollback", "state": "complete", "wall_seconds": 0.025686461999981702, "sql_count": 55}
