Creating test database for alias 'default'...
Destroying old test database for alias 'default'...
.............Found 28 test(s).
System check identified no issues (0 silenced).
A07_OBSERVED {"boundary": "L01/code31/EUR/'AAAAAAAAAAAAAAAAAAAAAAAAAAAAAAA'", "adapter": "dispatch", "status": null, "exception": "ValueError", "changed_tables": [], "business_sql_writes": []}
A07_OBSERVED {"boundary": "L01/code31/EUR/'AAAAAAAAAAAAAAAAAAAAAAAAAAAAAAA'", "adapter": "preview", "status": 422, "exception": null, "changed_tables": [], "business_sql_writes": []}
A07_OBSERVED {"boundary": "L01/code31/EUR/'AAAAAAAAAAAAAAAAAAAAAAAAAAAAAAA'", "adapter": "confirm", "status": 422, "exception": null, "changed_tables": [], "business_sql_writes": []}
A07_OBSERVED {"boundary": "L01/code31/EUR/'\u0407\u0407\u0407\u0407\u0407\u0407\u0407\u0407\u0407\u0407\u0407\u0407\u0407\u0407\u0407\u0407\u0407\u0407\u0407\u0407\u0407\u0407\u0407\u0407\u0407\u0407\u0407\u0407\u0407\u0407\u0407'", "adapter": "dispatch", "status": null, "exception": "ValueError", "changed_tables": [], "business_sql_writes": []}
A07_OBSERVED {"boundary": "L01/code31/EUR/'\u0407\u0407\u0407\u0407\u0407\u0407\u0407\u0407\u0407\u0407\u0407\u0407\u0407\u0407\u0407\u0407\u0407\u0407\u0407\u0407\u0407\u0407\u0407\u0407\u0407\u0407\u0407\u0407\u0407\u0407\u0407'", "adapter": "preview", "status": 422, "exception": null, "changed_tables": [], "business_sql_writes": []}
A07_OBSERVED {"boundary": "L01/code31/EUR/'\u0407\u0407\u0407\u0407\u0407\u0407\u0407\u0407\u0407\u0407\u0407\u0407\u0407\u0407\u0407\u0407\u0407\u0407\u0407\u0407\u0407\u0407\u0407\u0407\u0407\u0407\u0407\u0407\u0407\u0407\u0407'", "adapter": "confirm", "status": 422, "exception": null, "changed_tables": [], "business_sql_writes": []}
A07_OBSERVED {"boundary": "L01/code31/EUR/'\ud83d\ude42\ud83d\ude42\ud83d\ude42\ud83d\ude42\ud83d\ude42\ud83d\ude42\ud83d\ude42\ud83d\ude42\ud83d\ude42\ud83d\ude42\ud83d\ude42\ud83d\ude42\ud83d\ude42\ud83d\ude42\ud83d\ude42\ud83d\ude42\ud83d\ude42\ud83d\ude42\ud83d\ude42\ud83d\ude42\ud83d\ude42\ud83d\ude42\ud83d\ude42\ud83d\ude42\ud83d\ude42\ud83d\ude42\ud83d\ude42\ud83d\ude42\ud83d\ude42\ud83d\ude42\ud83d\ude42'", "adapter": "dispatch", "status": null, "exception": "ValueError", "changed_tables": [], "business_sql_writes": []}
A07_OBSERVED {"boundary": "L01/code31/EUR/'\ud83d\ude42\ud83d\ude42\ud83d\ude42\ud83d\ude42\ud83d\ude42\ud83d\ude42\ud83d\ude42\ud83d\ude42\ud83d\ude42\ud83d\ude42\ud83d\ude42\ud83d\ude42\ud83d\ude42\ud83d\ude42\ud83d\ude42\ud83d\ude42\ud83d\ude42\ud83d\ude42\ud83d\ude42\ud83d\ude42\ud83d\ude42\ud83d\ude42\ud83d\ude42\ud83d\ude42\ud83d\ude42\ud83d\ude42\ud83d\ude42\ud83d\ude42\ud83d\ude42\ud83d\ude42\ud83d\ude42'", "adapter": "preview", "status": 422, "exception": null, "changed_tables": [], "business_sql_writes": []}
A07_OBSERVED {"boundary": "L01/code31/EUR/'\ud83d\ude42\ud83d\ude42\ud83d\ude42\ud83d\ude42\ud83d\ude42\ud83d\ude42\ud83d\ude42\ud83d\ude42\ud83d\ude42\ud83d\ude42\ud83d\ude42\ud83d\ude42\ud83d\ude42\ud83d\ude42\ud83d\ude42\ud83d\ude42\ud83d\ude42\ud83d\ude42\ud83d\ude42\ud83d\ude42\ud83d\ude42\ud83d\ude42\ud83d\ude42\ud83d\ude42\ud83d\ude42\ud83d\ude42\ud83d\ude42\ud83d\ude42\ud83d\ude42\ud83d\ude42\ud83d\ude42'", "adapter": "confirm", "status": 422, "exception": null, "changed_tables": [], "business_sql_writes": []}
A07_OBSERVED {"boundary": "L01/code31/EUR/'AAAAAAAAAAAAAAAAAAAAAAAAAAAAAA '", "adapter": "dispatch", "status": null, "exception": "ValueError", "changed_tables": [], "business_sql_writes": []}
A07_OBSERVED {"boundary": "L01/code31/EUR/'AAAAAAAAAAAAAAAAAAAAAAAAAAAAAA '", "adapter": "preview", "status": 422, "exception": null, "changed_tables": [], "business_sql_writes": []}
A07_OBSERVED {"boundary": "L01/code31/EUR/'AAAAAAAAAAAAAAAAAAAAAAAAAAAAAA '", "adapter": "confirm", "status": 422, "exception": null, "changed_tables": [], "business_sql_writes": []}
A07_OBSERVED {"boundary": "L01/code31/USD/'AAAAAAAAAAAAAAAAAAAAAAAAAAAAAAA'", "adapter": "dispatch", "status": null, "exception": "ValueError", "changed_tables": [], "business_sql_writes": []}
A07_OBSERVED {"boundary": "L01/code31/USD/'AAAAAAAAAAAAAAAAAAAAAAAAAAAAAAA'", "adapter": "preview", "status": 422, "exception": null, "changed_tables": [], "business_sql_writes": []}
A07_OBSERVED {"boundary": "L01/code31/USD/'AAAAAAAAAAAAAAAAAAAAAAAAAAAAAAA'", "adapter": "confirm", "status": 422, "exception": null, "changed_tables": [], "business_sql_writes": []}
A07_OBSERVED {"boundary": "L01/code31/USD/'\u0407\u0407\u0407\u0407\u0407\u0407\u0407\u0407\u0407\u0407\u0407\u0407\u0407\u0407\u0407\u0407\u0407\u0407\u0407\u0407\u0407\u0407\u0407\u0407\u0407\u0407\u0407\u0407\u0407\u0407\u0407'", "adapter": "dispatch", "status": null, "exception": "ValueError", "changed_tables": [], "business_sql_writes": []}
A07_OBSERVED {"boundary": "L01/code31/USD/'\u0407\u0407\u0407\u0407\u0407\u0407\u0407\u0407\u0407\u0407\u0407\u0407\u0407\u0407\u0407\u0407\u0407\u0407\u0407\u0407\u0407\u0407\u0407\u0407\u0407\u0407\u0407\u0407\u0407\u0407\u0407'", "adapter": "preview", "status": 422, "exception": null, "changed_tables": [], "business_sql_writes": []}
A07_OBSERVED {"boundary": "L01/code31/USD/'\u0407\u0407\u0407\u0407\u0407\u0407\u0407\u0407\u0407\u0407\u0407\u0407\u0407\u0407\u0407\u0407\u0407\u0407\u0407\u0407\u0407\u0407\u0407\u0407\u0407\u0407\u0407\u0407\u0407\u0407\u0407'", "adapter": "confirm", "status": 422, "exception": null, "changed_tables": [], "business_sql_writes": []}
A07_OBSERVED {"boundary": "L01/code31/USD/'\ud83d\ude42\ud83d\ude42\ud83d\ude42\ud83d\ude42\ud83d\ude42\ud83d\ude42\ud83d\ude42\ud83d\ude42\ud83d\ude42\ud83d\ude42\ud83d\ude42\ud83d\ude42\ud83d\ude42\ud83d\ude42\ud83d\ude42\ud83d\ude42\ud83d\ude42\ud83d\ude42\ud83d\ude42\ud83d\ude42\ud83d\ude42\ud83d\ude42\ud83d\ude42\ud83d\ude42\ud83d\ude42\ud83d\ude42\ud83d\ude42\ud83d\ude42\ud83d\ude42\ud83d\ude42\ud83d\ude42'", "adapter": "dispatch", "status": null, "exception": "ValueError", "changed_tables": [], "business_sql_writes": []}
A07_OBSERVED {"boundary": "L01/code31/USD/'\ud83d\ude42\ud83d\ude42\ud83d\ude42\ud83d\ude42\ud83d\ude42\ud83d\ude42\ud83d\ude42\ud83d\ude42\ud83d\ude42\ud83d\ude42\ud83d\ude42\ud83d\ude42\ud83d\ude42\ud83d\ude42\ud83d\ude42\ud83d\ude42\ud83d\ude42\ud83d\ude42\ud83d\ude42\ud83d\ude42\ud83d\ude42\ud83d\ude42\ud83d\ude42\ud83d\ude42\ud83d\ude42\ud83d\ude42\ud83d\ude42\ud83d\ude42\ud83d\ude42\ud83d\ude42\ud83d\ude42'", "adapter": "preview", "status": 422, "exception": null, "changed_tables": [], "business_sql_writes": []}
A07_OBSERVED {"boundary": "L01/code31/USD/'\ud83d\ude42\ud83d\ude42\ud83d\ude42\ud83d\ude42\ud83d\ude42\ud83d\ude42\ud83d\ude42\ud83d\ude42\ud83d\ude42\ud83d\ude42\ud83d\ude42\ud83d\ude42\ud83d\ude42\ud83d\ude42\ud83d\ude42\ud83d\ude42\ud83d\ude42\ud83d\ude42\ud83d\ude42\ud83d\ude42\ud83d\ude42\ud83d\ude42\ud83d\ude42\ud83d\ude42\ud83d\ude42\ud83d\ude42\ud83d\ude42\ud83d\ude42\ud83d\ude42\ud83d\ude42\ud83d\ude42'", "adapter": "confirm", "status": 422, "exception": null, "changed_tables": [], "business_sql_writes": []}
A07_OBSERVED {"boundary": "L01/code31/USD/'AAAAAAAAAAAAAAAAAAAAAAAAAAAAAA '", "adapter": "dispatch", "status": null, "exception": "ValueError", "changed_tables": [], "business_sql_writes": []}
A07_OBSERVED {"boundary": "L01/code31/USD/'AAAAAAAAAAAAAAAAAAAAAAAAAAAAAA '", "adapter": "preview", "status": 422, "exception": null, "changed_tables": [], "business_sql_writes": []}
A07_OBSERVED {"boundary": "L01/code31/USD/'AAAAAAAAAAAAAAAAAAAAAAAAAAAAAA '", "adapter": "confirm", "status": 422, "exception": null, "changed_tables": [], "business_sql_writes": []}
A07_OBSERVED {"boundary": "L01/code31/UAH/'AAAAAAAAAAAAAAAAAAAAAAAAAAAAAAA'", "adapter": "dispatch", "status": null, "exception": "ValueError", "changed_tables": [], "business_sql_writes": []}
A07_OBSERVED {"boundary": "L01/code31/UAH/'AAAAAAAAAAAAAAAAAAAAAAAAAAAAAAA'", "adapter": "preview", "status": 422, "exception": null, "changed_tables": [], "business_sql_writes": []}
A07_OBSERVED {"boundary": "L01/code31/UAH/'AAAAAAAAAAAAAAAAAAAAAAAAAAAAAAA'", "adapter": "confirm", "status": 422, "exception": null, "changed_tables": [], "business_sql_writes": []}
A07_OBSERVED {"boundary": "L01/code31/UAH/'\u0407\u0407\u0407\u0407\u0407\u0407\u0407\u0407\u0407\u0407\u0407\u0407\u0407\u0407\u0407\u0407\u0407\u0407\u0407\u0407\u0407\u0407\u0407\u0407\u0407\u0407\u0407\u0407\u0407\u0407\u0407'", "adapter": "dispatch", "status": null, "exception": "ValueError", "changed_tables": [], "business_sql_writes": []}.....
A07_OBSERVED {"boundary": "L01/code31/UAH/'\u0407\u0407\u0407\u0407\u0407\u0407\u0407\u0407\u0407\u0407\u0407\u0407\u0407\u0407\u0407\u0407\u0407\u0407\u0407\u0407\u0407\u0407\u0407\u0407\u0407\u0407\u0407\u0407\u0407\u0407\u0407'", "adapter": "preview", "status": 422, "exception": null, "changed_tables": [], "business_sql_writes": []}
A07_OBSERVED {"boundary": "L01/code31/UAH/'\u0407\u0407\u0407\u0407\u0407\u0407\u0407\u0407\u0407\u0407\u0407\u0407\u0407\u0407\u0407\u0407\u0407\u0407\u0407\u0407\u0407\u0407\u0407\u0407\u0407\u0407\u0407\u0407\u0407\u0407\u0407'", "adapter": "confirm", "status": 422, "exception": null, "changed_tables": [], "business_sql_writes": []}
A07_OBSERVED {"boundary": "L01/code31/UAH/'\ud83d\ude42\ud83d\ude42\ud83d\ude42\ud83d\ude42\ud83d\ude42\ud83d\ude42\ud83d\ude42\ud83d\ude42\ud83d\ude42\ud83d\ude42\ud83d\ude42\ud83d\ude42\ud83d\ude42\ud83d\ude42\ud83d\ude42\ud83d\ude42\ud83d\ude42\ud83d\ude42\ud83d\ude42\ud83d\ude42\ud83d\ude42\ud83d\ude42\ud83d\ude42\ud83d\ude42\ud83d\ude42\ud83d\ude42\ud83d\ude42\ud83d\ude42\ud83d\ude42\ud83d\ude42\ud83d\ude42'", "adapter": "dispatch", "status": null, "exception": "ValueError", "changed_tables": [], "business_sql_writes": []}
A07_OBSERVED {"boundary": "L01/code31/UAH/'\ud83d\ude42\ud83d\ude42\ud83d\ude42\ud83d\ude42\ud83d\ude42\ud83d\ude42\ud83d\ude42\ud83d\ude42\ud83d\ude42\ud83d\ude42\ud83d\ude42\ud83d\ude42\ud83d\ude42\ud83d\ude42\ud83d\ude42\ud83d\ude42\ud83d\ude42\ud83d\ude42\ud83d\ude42\ud83d\ude42\ud83d\ude42\ud83d\ude42\ud83d\ude42\ud83d\ude42\ud83d\ude42\ud83d\ude42\ud83d\ude42\ud83d\ude42\ud83d\ude42\ud83d\ude42\ud83d\ude42'", "adapter": "preview", "status": 422, "exception": null, "changed_tables": [], "business_sql_writes": []}
A07_OBSERVED {"boundary": "L01/code31/UAH/'\ud83d\ude42\ud83d\ude42\ud83d\ude42\ud83d\ude42\ud83d\ude42\ud83d\ude42\ud83d\ude42\ud83d\ude42\ud83d\ude42\ud83d\ude42\ud83d\ude42\ud83d\ude42\ud83d\ude42\ud83d\ude42\ud83d\ude42\ud83d\ude42\ud83d\ude42\ud83d\ude42\ud83d\ude42\ud83d\ude42\ud83d\ude42\ud83d\ude42\ud83d\ude42\ud83d\ude42\ud83d\ude42\ud83d\ude42\ud83d\ude42\ud83d\ude42\ud83d\ude42\ud83d\ude42\ud83d\ude42'", "adapter": "confirm", "status": 422, "exception": null, "changed_tables": [], "business_sql_writes": []}
A07_OBSERVED {"boundary": "L01/code31/UAH/'AAAAAAAAAAAAAAAAAAAAAAAAAAAAAA '", "adapter": "dispatch", "status": null, "exception": "ValueError", "changed_tables": [], "business_sql_writes": []}
A07_OBSERVED {"boundary": "L01/code31/UAH/'AAAAAAAAAAAAAAAAAAAAAAAAAAAAAA '", "adapter": "preview", "status": 422, "exception": null, "changed_tables": [], "business_sql_writes": []}
A07_OBSERVED {"boundary": "L01/code31/UAH/'AAAAAAAAAAAAAAAAAAAAAAAAAAAAAA '", "adapter": "confirm", "status": 422, "exception": null, "changed_tables": [], "business_sql_writes": []}
A07_OBSERVED {"boundary": "L02/Item.revision/41", "adapter": "dispatch", "status": null, "exception": "ValueError", "changed_tables": [], "business_sql_writes": []}
A07_OBSERVED {"boundary": "L02/Item.revision/41", "adapter": "preview", "status": 422, "exception": null, "changed_tables": [], "business_sql_writes": []}
A07_OBSERVED {"boundary": "L02/Item.revision/41", "adapter": "confirm", "status": 422, "exception": null, "changed_tables": [], "business_sql_writes": []}
A07_OBSERVED {"boundary": "L02/Lot.revision/41/EUR", "adapter": "dispatch", "status": null, "exception": "ValueError", "changed_tables": [], "business_sql_writes": []}
A07_OBSERVED {"boundary": "L02/Lot.revision/41/EUR", "adapter": "preview", "status": 422, "exception": null, "changed_tables": [], "business_sql_writes": []}
A07_OBSERVED {"boundary": "L02/Lot.revision/41/EUR", "adapter": "confirm", "status": 422, "exception": null, "changed_tables": [], "business_sql_writes": []}
A07_OBSERVED {"boundary": "L02/Lot.revision/41/USD", "adapter": "dispatch", "status": null, "exception": "ValueError", "changed_tables": [], "business_sql_writes": []}
A07_OBSERVED {"boundary": "L02/Lot.revision/41/USD", "adapter": "preview", "status": 422, "exception": null, "changed_tables": [], "business_sql_writes": []}
A07_OBSERVED {"boundary": "L02/Lot.revision/41/USD", "adapter": "confirm", "status": 422, "exception": null, "changed_tables": [], "business_sql_writes": []}
A07_OBSERVED {"boundary": "L02/Lot.revision/41/UAH", "adapter": "dispatch", "status": null, "exception": "ValueError", "changed_tables": [], "business_sql_writes": []}
A07_OBSERVED {"boundary": "L02/Lot.revision/41/UAH", "adapter": "preview", "status": 422, "exception": null, "changed_tables": [], "business_sql_writes": []}
A07_OBSERVED {"boundary": "L02/Lot.revision/41/UAH", "adapter": "confirm", "status": 422, "exception": null, "changed_tables": [], "business_sql_writes": []}
A07_OBSERVED {"boundary": "L03/Item.material/201", "adapter": "dispatch", "status": null, "exception": "ValueError", "changed_tables": [], "business_sql_writes": []}
A07_OBSERVED {"boundary": "L03/Item.material/201", "adapter": "preview", "status": 422, "exception": null, "changed_tables": [], "business_sql_writes": []}
A07_OBSERVED {"boundary": "L03/Item.material/201", "adapter": "confirm", "status": 422, "exception": null, "changed_tables": [], "business_sql_writes": []}
A07_OBSERVED {"boundary": "L03/Location.name/201", "adapter": "dispatch", "status": null, "exception": "ValueError", "changed_tables": [], "business_sql_writes": []}
A07_OBSERVED {"boundary": "L03/Location.name/201", "adapter": "preview", "status": 422, "exception": null, "changed_tables": [], "business_sql_writes": []}
A07_OBSERVED {"boundary": "L03/Location.name/201", "adapter": "confirm", "status": 422, "exception": null, "changed_tables": [], "business_sql_writes": []}
A07_OBSERVED {"boundary": "L04/nested/0/'\u0414\u043e\\x00\u043f\u0456\u0441\u043b\u044f'", "adapter": "dispatch", "status": null, "exception": "ValueError", "changed_tables": [], "business_sql_writes": []}
A07_OBSERVED {"boundary": "L04/nested/0/'\u0414\u043e\\x00\u043f\u0456\u0441\u043b\u044f'", "adapter": "preview", "status": 422, "exception": null, "changed_tables": [], "business_sql_writes": []}
A07_OBSERVED {"boundary": "L04/nested/1/'\u0414\u043e\\x00\u043f\u0456\u0441\u043b\u044f'", "adapter": "dispatch", "status": null, "exception": "ValueError", "changed_tables": [], "business_sql_writes": []}
A07_OBSERVED {"boundary": "L04/nested/1/'\u0414\u043e\\x00\u043f\u0456\u0441\u043b\u044f'", "adapter": "preview", "status": 422, "exception": null, "changed_tables": [], "business_sql_writes": []}
A07_OBSERVED {"boundary": "L04/nested/2/'\u0414\u043e\\x00\u043f\u0456\u0441\u043b\u044f'", "adapter": "dispatch", "status": null, "exception": "ValueError", "changed_tables": [], "business_sql_writes": []}
A07_OBSERVED {"boundary": "L04/nested/2/'\u0414\u043e\\x00\u043f\u0456\u0441\u043b\u044f'", "adapter": "preview", "status": 422, "exception": null, "changed_tables": [], "business_sql_writes": []}
A07_OBSERVED {"boundary": "L04/nested/0/'\u0414\u043e\\ud800\u043f\u0456\u0441\u043b\u044f'", "adapter": "dispatch", "status": null, "exception": "ValueError", "changed_tables": [], "business_sql_writes": []}
A07_OBSERVED {"boundary": "L04/nested/0/'\u0414\u043e\\ud800\u043f\u0456\u0441\u043b\u044f'", "adapter": "preview", "status": 422, "exception": null, "changed_tables": [], "business_sql_writes": []}
A07_OBSERVED {"boundary": "L04/nested/1/'\u0414\u043e\\ud800\u043f\u0456\u0441\u043b\u044f'", "adapter": "dispatch", "status": null, "exception": "ValueError", "changed_tables": [], "business_sql_writes": []}
A07_OBSERVED {"boundary": "L04/nested/1/'\u0414\u043e\\ud800\u043f\u0456\u0441\u043b\u044f'", "adapter": "preview", "status": 422, "exception": null, "changed_tables": [], "business_sql_writes": []}
A07_OBSERVED {"boundary": "L04/nested/2/'\u0414\u043e\\ud800\u043f\u0456\u0441\u043b\u044f'", "adapter": "dispatch", "status": null, "exception": "ValueError", "changed_tables": [], "business_sql_writes": []}
A07_OBSERVED {"boundary": "L04/nested/2/'\u0414\u043e\\ud800\u043f\u0456\u0441\u043b\u044f'", "adapter": "preview", "status": 422, "exception": null, "changed_tables": [], "business_sql_writes": []}
A07_OBSERVED {"boundary": "L04/nested/0/'\u0414\u043e\\udfff\u043f\u0456\u0441\u043b\u044f'", "adapter": "dispatch", "status": null, "exception": "ValueError", "changed_tables": [], "business_sql_writes": []}.....
A07_OBSERVED {"boundary": "L04/nested/0/'\u0414\u043e\\udfff\u043f\u0456\u0441\u043b\u044f'", "adapter": "preview", "status": 422, "exception": null, "changed_tables": [], "business_sql_writes": []}
A07_OBSERVED {"boundary": "L04/nested/1/'\u0414\u043e\\udfff\u043f\u0456\u0441\u043b\u044f'", "adapter": "dispatch", "status": null, "exception": "ValueError", "changed_tables": [], "business_sql_writes": []}
A07_OBSERVED {"boundary": "L04/nested/1/'\u0414\u043e\\udfff\u043f\u0456\u0441\u043b\u044f'", "adapter": "preview", "status": 422, "exception": null, "changed_tables": [], "business_sql_writes": []}
A07_OBSERVED {"boundary": "L04/nested/2/'\u0414\u043e\\udfff\u043f\u0456\u0441\u043b\u044f'", "adapter": "dispatch", "status": null, "exception": "ValueError", "changed_tables": [], "business_sql_writes": []}
A07_OBSERVED {"boundary": "L04/nested/2/'\u0414\u043e\\udfff\u043f\u0456\u0441\u043b\u044f'", "adapter": "preview", "status": 422, "exception": null, "changed_tables": [], "business_sql_writes": []}
A07_OBSERVED {"boundary": "L04/scalar/name/'\u0414\u043e\\x00\u043f\u0456\u0441\u043b\u044f'", "adapter": "dispatch", "status": null, "exception": "ValueError", "changed_tables": [], "business_sql_writes": []}
A07_OBSERVED {"boundary": "L04/scalar/name/'\u0414\u043e\\x00\u043f\u0456\u0441\u043b\u044f'", "adapter": "preview", "status": 422, "exception": null, "changed_tables": [], "business_sql_writes": []}
A07_OBSERVED {"boundary": "L04/scalar/name/'\u0414\u043e\\ud800\u043f\u0456\u0441\u043b\u044f'", "adapter": "dispatch", "status": null, "exception": "ValueError", "changed_tables": [], "business_sql_writes": []}
A07_OBSERVED {"boundary": "L04/scalar/name/'\u0414\u043e\\ud800\u043f\u0456\u0441\u043b\u044f'", "adapter": "preview", "status": 422, "exception": null, "changed_tables": [], "business_sql_writes": []}
A07_OBSERVED {"boundary": "L04/scalar/name/'\u0414\u043e\\udfff\u043f\u0456\u0441\u043b\u044f'", "adapter": "dispatch", "status": null, "exception": "ValueError", "changed_tables": [], "business_sql_writes": []}
A07_OBSERVED {"boundary": "L04/scalar/name/'\u0414\u043e\\udfff\u043f\u0456\u0441\u043b\u044f'", "adapter": "preview", "status": 422, "exception": null, "changed_tables": [], "business_sql_writes": []}
A07_OBSERVED {"boundary": "L04/scalar/material/'\u0414\u043e\\x00\u043f\u0456\u0441\u043b\u044f'", "adapter": "dispatch", "status": null, "exception": "ValueError", "changed_tables": [], "business_sql_writes": []}
A07_OBSERVED {"boundary": "L04/scalar/material/'\u0414\u043e\\x00\u043f\u0456\u0441\u043b\u044f'", "adapter": "preview", "status": 422, "exception": null, "changed_tables": [], "business_sql_writes": []}
A07_OBSERVED {"boundary": "L04/scalar/material/'\u0414\u043e\\ud800\u043f\u0456\u0441\u043b\u044f'", "adapter": "dispatch", "status": null, "exception": "ValueError", "changed_tables": [], "business_sql_writes": []}
A07_OBSERVED {"boundary": "L04/scalar/material/'\u0414\u043e\\ud800\u043f\u0456\u0441\u043b\u044f'", "adapter": "preview", "status": 422, "exception": null, "changed_tables": [], "business_sql_writes": []}
A07_OBSERVED {"boundary": "L04/scalar/material/'\u0414\u043e\\udfff\u043f\u0456\u0441\u043b\u044f'", "adapter": "dispatch", "status": null, "exception": "ValueError", "changed_tables": [], "business_sql_writes": []}
A07_OBSERVED {"boundary": "L04/scalar/material/'\u0414\u043e\\udfff\u043f\u0456\u0441\u043b\u044f'", "adapter": "preview", "status": 422, "exception": null, "changed_tables": [], "business_sql_writes": []}
A07_FINANCE_OBSERVED {"currency": "EUR", "description": "'\u0414\u043e\\x00\u043f\u0456\u0441\u043b\u044f'", "exception": "ValidationError", "changed_tables": []}
A07_FINANCE_OBSERVED {"currency": "EUR", "description": "'\u0414\u043e\\ud800\u043f\u0456\u0441\u043b\u044f'", "exception": "ValidationError", "changed_tables": []}
A07_FINANCE_OBSERVED {"currency": "USD", "description": "'\u0414\u043e\\x00\u043f\u0456\u0441\u043b\u044f'", "exception": "ValidationError", "changed_tables": []}
A07_FINANCE_OBSERVED {"currency": "USD", "description": "'\u0414\u043e\\ud800\u043f\u0456\u0441\u043b\u044f'", "exception": "ValidationError", "changed_tables": []}
A07_FINANCE_OBSERVED {"currency": "UAH", "description": "'\u0414\u043e\\x00\u043f\u0456\u0441\u043b\u044f'", "exception": "ValidationError", "changed_tables": []}
A07_FINANCE_OBSERVED {"currency": "UAH", "description": "'\u0414\u043e\\ud800\u043f\u0456\u0441\u043b\u044f'", "exception": "ValidationError", "changed_tables": []}
A07_OBSERVED {"boundary": "N01/unit_cost/scale3/EUR", "adapter": "dispatch", "status": null, "exception": "ValueError", "changed_tables": [], "business_sql_writes": []}
A07_OBSERVED {"boundary": "N01/unit_cost/scale3/EUR", "adapter": "preview", "status": 422, "exception": null, "changed_tables": [], "business_sql_writes": []}
A07_OBSERVED {"boundary": "N01/unit_cost/scale3/EUR", "adapter": "confirm", "status": 422, "exception": null, "changed_tables": [], "business_sql_writes": []}
A07_OBSERVED {"boundary": "N01/amount/scale3/EUR", "adapter": "dispatch", "status": null, "exception": "ValueError", "changed_tables": [], "business_sql_writes": []}
A07_OBSERVED {"boundary": "N01/amount/scale3/EUR", "adapter": "preview", "status": 422, "exception": null, "changed_tables": [], "business_sql_writes": []}
A07_OBSERVED {"boundary": "N01/amount/scale3/EUR", "adapter": "confirm", "status": 422, "exception": null, "changed_tables": [], "business_sql_writes": []}
A07_OBSERVED {"boundary": "N01/unit_cost/scale3/USD", "adapter": "dispatch", "status": null, "exception": "ValueError", "changed_tables": [], "business_sql_writes": []}
A07_OBSERVED {"boundary": "N01/unit_cost/scale3/USD", "adapter": "preview", "status": 422, "exception": null, "changed_tables": [], "business_sql_writes": []}
A07_OBSERVED {"boundary": "N01/unit_cost/scale3/USD", "adapter": "confirm", "status": 422, "exception": null, "changed_tables": [], "business_sql_writes": []}
A07_OBSERVED {"boundary": "N01/amount/scale3/USD", "adapter": "dispatch", "status": null, "exception": "ValueError", "changed_tables": [], "business_sql_writes": []}
A07_OBSERVED {"boundary": "N01/amount/scale3/USD", "adapter": "preview", "status": 422, "exception": null, "changed_tables": [], "business_sql_writes": []}
A07_OBSERVED {"boundary": "N01/amount/scale3/USD", "adapter": "confirm", "status": 422, "exception": null, "changed_tables": [], "business_sql_writes": []}
A07_OBSERVED {"boundary": "N01/unit_cost/scale3/UAH", "adapter": "dispatch", "status": null, "exception": "ValueError", "changed_tables": [], "business_sql_writes": []}
A07_OBSERVED {"boundary": "N01/unit_cost/scale3/UAH", "adapter": "preview", "status": 422, "exception": null, "changed_tables": [], "business_sql_writes": []}
A07_OBSERVED {"boundary": "N01/unit_cost/scale3/UAH", "adapter": "confirm", "status": 422, "exception": null, "changed_tables": [], "business_sql_writes": []}
A07_OBSERVED {"boundary": "N01/amount/scale3/UAH", "adapter": "dispatch", "status": null, "exception": "ValueError", "changed_tables": [], "business_sql_writes": []}
A07_OBSERVED {"boundary": "N01/amount/scale3/UAH", "adapter": "preview", "status": 422, "exception": null, "changed_tables": [], "business_sql_writes": []}
A07_OBSERVED {"boundary": "N01/amount/scale3/UAH", "adapter": "confirm", "status": 422, "exception": null, "changed_tables": [], "business_sql_writes": []}
A07_OBSERVED {"boundary": "N01/quantity/NaN/EUR", "adapter": "dispatch", "status": null, "exception": "ValueError", "changed_tables": [], "business_sql_writes": []}
A07_OBSERVED {"boundary": "N01/quantity/NaN/EUR", "adapter": "preview", "status": 422, "exception": null, "changed_tables": [], "business_sql_writes": []}
A07_OBSERVED {"boundary": "N01/quantity/NaN/EUR", "adapter": "confirm", "status": 422, "exception": null, "changed_tables": [], "business_sql_writes": []}
A07_OBSERVED {"boundary": "N01/quantity/sNaN/EUR", "adapter": "dispatch", "status": null, "exception": "ValueError", "changed_tables": [], "business_sql_writes": []}
A07_OBSERVED {"boundary": "N01/quantity/sNaN/EUR", "adapter": "preview", "status": 422, "exception": null, "changed_tables": [], "business_sql_writes": []}
A07_OBSERVED {"boundary": "N01/quantity/sNaN/EUR", "adapter": "confirm", "status": 422, "exception": null, "changed_tables": [], "business_sql_writes": []}
A07_OBSERVED {"boundary": "N01/quantity/Infinity/EUR", "adapter": "dispatch", "status": null, "exception": "ValueError", "changed_tables": [], "business_sql_writes": []}
A07_OBSERVED {"boundary": "N01/quantity/Infinity/EUR", "adapter": "preview", "status": 422, "exception": null, "changed_tables": [], "business_sql_writes": []}
A07_OBSERVED {"boundary": "N01/quantity/Infinity/EUR", "adapter": "confirm", "status": 422, "exception": null, "changed_tables": [], "business_sql_writes": []}
A07_OBSERVED {"boundary": "N01/quantity/-Infinity/EUR", "adapter": "dispatch", "status": null, "exception": "ValueError", "changed_tables": [], "business_sql_writes": []}
A07_OBSERVED {"boundary": "N01/quantity/-Infinity/EUR", "adapter": "preview", "status": 422, "exception": null, "changed_tables": [], "business_sql_writes": []}
A07_OBSERVED {"boundary": "N01/quantity/-Infinity/EUR", "adapter": "confirm", "status": 422, "exception": null, "changed_tables": [], "business_sql_writes": []}
A07_OBSERVED {"boundary": "N01/unit_cost/NaN/EUR", "adapter": "dispatch", "status": null, "exception": "ValueError", "changed_tables": [], "business_sql_writes": []}
A07_OBSERVED {"boundary": "N01/unit_cost/NaN/EUR", "adapter": "preview", "status": 422, "exception": null, "changed_tables": [], "business_sql_writes": []}
A07_OBSERVED {"boundary": "N01/unit_cost/NaN/EUR", "adapter": "confirm", "status": 422, "exception": null, "changed_tables": [], "business_sql_writes": []}
A07_OBSERVED {"boundary": "N01/unit_cost/sNaN/EUR", "adapter": "dispatch", "status": null, "exception": "ValueError", "changed_tables": [], "business_sql_writes": []}
A07_OBSERVED {"boundary": "N01/unit_cost/sNaN/EUR", "adapter": "preview", "status": 422, "exception": null, "changed_tables": [], "business_sql_writes": []}
A07_OBSERVED {"boundary": "N01/unit_cost/sNaN/EUR", "adapter": "confirm", "status": 422, "exception": null, "changed_tables": [], "business_sql_writes": []}
A07_OBSERVED {"boundary": "N01/unit_cost/Infinity/EUR", "adapter": "dispatch", "status": null, "exception": "ValueError", "changed_tables": [], "business_sql_writes": []}
A07_OBSERVED {"boundary": "N01/unit_cost/Infinity/EUR", "adapter": "preview", "status": 422, "exception": null, "changed_tables": [], "business_sql_writes": []}
A07_OBSERVED {"boundary": "N01/unit_cost/Infinity/EUR", "adapter": "confirm", "status": 422, "exception": null, "changed_tables": [], "business_sql_writes": []}
A07_OBSERVED {"boundary": "N01/unit_cost/-Infinity/EUR", "adapter": "dispatch", "status": null, "exception": "ValueError", "changed_tables": [], "business_sql_writes": []}
A07_OBSERVED {"boundary": "N01/unit_cost/-Infinity/EUR", "adapter": "preview", "status": 422, "exception": null, "changed_tables": [], "business_sql_writes": []}
A07_OBSERVED {"boundary": "N01/unit_cost/-Infinity/EUR", "adapter": "confirm", "status": 422, "exception": null, "changed_tables": [], "business_sql_writes": []}
A07_OBSERVED {"boundary": "N01/amount/NaN/EUR", "adapter": "dispatch", "status": null, "exception": "ValueError", "changed_tables": [], "business_sql_writes": []}
A07_OBSERVED {"boundary": "N01/amount/NaN/EUR", "adapter": "preview", "status": 422, "exception": null, "changed_tables": [], "business_sql_writes": []}
A07_OBSERVED {"boundary": "N01/amount/NaN/EUR", "adapter": "confirm", "status": 422, "exception": null, "changed_tables": [], "business_sql_writes": []}
A07_OBSERVED {"boundary": "N01/amount/sNaN/EUR", "adapter": "dispatch", "status": null, "exception": "ValueError", "changed_tables": [], "business_sql_writes": []}
A07_OBSERVED {"boundary": "N01/amount/sNaN/EUR", "adapter": "preview", "status": 422, "exception": null, "changed_tables": [], "business_sql_writes": []}
A07_OBSERVED {"boundary": "N01/amount/sNaN/EUR", "adapter": "confirm", "status": 422, "exception": null, "changed_tables": [], "business_sql_writes": []}
A07_OBSERVED {"boundary": "N01/amount/Infinity/EUR", "adapter": "dispatch", "status": null, "exception": "ValueError", "changed_tables": [], "business_sql_writes": []}
A07_OBSERVED {"boundary": "N01/amount/Infinity/EUR", "adapter": "preview", "status": 422, "exception": null, "changed_tables": [], "business_sql_writes": []}
A07_OBSERVED {"boundary": "N01/amount/Infinity/EUR", "adapter": "confirm", "status": 422, "exception": null, "changed_tables": [], "business_sql_writes": []}
A07_OBSERVED {"boundary": "N01/amount/-Infinity/EUR", "adapter": "dispatch", "status": null, "exception": "ValueError", "changed_tables": [], "business_sql_writes": []}
A07_OBSERVED {"boundary": "N01/amount/-Infinity/EUR", "adapter": "preview", "status": 422, "exception": null, "changed_tables": [], "business_sql_writes": []}
A07_OBSERVED {"boundary": "N01/amount/-Infinity/EUR", "adapter": "confirm", "status": 422, "exception": null, "changed_tables": [], "business_sql_writes": []}
A07_OBSERVED {"boundary": "N01/quantity/NaN/USD", "adapter": "dispatch", "status": null, "exception": "ValueError", "changed_tables": [], "business_sql_writes": []}
A07_OBSERVED {"boundary": "N01/quantity/NaN/USD", "adapter": "preview", "status": 422, "exception": null, "changed_tables": [], "business_sql_writes": []}
A07_OBSERVED {"boundary": "N01/quantity/NaN/USD", "adapter": "confirm", "status": 422, "exception": null, "changed_tables": [], "business_sql_writes": []}
A07_OBSERVED {"boundary": "N01/quantity/sNaN/USD", "adapter": "dispatch", "status": null, "exception": "ValueError", "changed_tables": [], "business_sql_writes": []}
A07_OBSERVED {"boundary": "N01/quantity/sNaN/USD", "adapter": "preview", "status": 422, "exception": null, "changed_tables": [], "business_sql_writes": []}
A07_OBSERVED {"boundary": "N01/quantity/sNaN/USD", "adapter": "confirm", "status": 422, "exception": null, "changed_tables": [], "business_sql_writes": []}
A07_OBSERVED {"boundary": "N01/quantity/Infinity/USD", "adapter": "dispatch", "status": null, "exception": "ValueError", "changed_tables": [], "business_sql_writes": []}
A07_OBSERVED {"boundary": "N01/quantity/Infinity/USD", "adapter": "preview", "status": 422, "exception": null, "changed_tables": [], "business_sql_writes": []}
A07_OBSERVED {"boundary": "N01/quantity/Infinity/USD", "adapter": "confirm", "status": 422, "exception": null, "changed_tables": [], "business_sql_writes": []}
A07_OBSERVED {"boundary": "N01/quantity/-Infinity/USD", "adapter": "dispatch", "status": null, "exception": "ValueError", "changed_tables": [], "business_sql_writes": []}
A07_OBSERVED {"boundary": "N01/quantity/-Infinity/USD", "adapter": "preview", "status": 422, "exception": null, "changed_tables": [], "business_sql_writes": []}
A07_OBSERVED {"boundary": "N01/quantity/-Infinity/USD", "adapter": "confirm", "status": 422, "exception": null, "changed_tables": [], "business_sql_writes": []}
A07_OBSERVED {"boundary": "N01/unit_cost/NaN/USD", "adapter": "dispatch", "status": null, "exception": "ValueError", "changed_tables": [], "business_sql_writes": []}
A07_OBSERVED {"boundary": "N01/unit_cost/NaN/USD", "adapter": "preview", "status": 422, "exception": null, "changed_tables": [], "business_sql_writes": []}
A07_OBSERVED {"boundary": "N01/unit_cost/NaN/USD", "adapter": "confirm", "status": 422, "exception": null, "changed_tables": [], "business_sql_writes": []}
A07_OBSERVED {"boundary": "N01/unit_cost/sNaN/USD", "adapter": "dispatch", "status": null, "exception": "ValueError", "changed_tables": [], "business_sql_writes": []}
A07_OBSERVED {"boundary": "N01/unit_cost/sNaN/USD", "adapter": "preview", "status": 422, "exception": null, "changed_tables": [], "business_sql_writes": []}
A07_OBSERVED {"boundary": "N01/unit_cost/sNaN/USD", "adapter": "confirm", "status": 422, "exception": null, "changed_tables": [], "business_sql_writes": []}
A07_OBSERVED {"boundary": "N01/unit_cost/Infinity/USD", "adapter": "dispatch", "status": null, "exception": "ValueError", "changed_tables": [], "business_sql_writes": []}
A07_OBSERVED {"boundary": "N01/unit_cost/Infinity/USD", "adapter": "preview", "status": 422, "exception": null, "changed_tables": [], "business_sql_writes": []}
A07_OBSERVED {"boundary": "N01/unit_cost/Infinity/USD", "adapter": "confirm", "status": 422, "exception": null, "changed_tables": [], "business_sql_writes": []}
A07_OBSERVED {"boundary": "N01/unit_cost/-Infinity/USD", "adapter": "dispatch", "status": null, "exception": "ValueError", "changed_tables": [], "business_sql_writes": []}
A07_OBSERVED {"boundary": "N01/unit_cost/-Infinity/USD", "adapter": "preview", "status": 422, "exception": null, "changed_tables": [], "business_sql_writes": []}
A07_OBSERVED {"boundary": "N01/unit_cost/-Infinity/USD", "adapter": "confirm", "status": 422, "exception": null, "changed_tables": [], "business_sql_writes": []}
A07_OBSERVED {"boundary": "N01/amount/NaN/USD", "adapter": "dispatch", "status": null, "exception": "ValueError", "changed_tables": [], "business_sql_writes": []}
A07_OBSERVED {"boundary": "N01/amount/NaN/USD", "adapter": "preview", "status": 422, "exception": null, "changed_tables": [], "business_sql_writes": []}
A07_OBSERVED {"boundary": "N01/amount/NaN/USD", "adapter": "confirm", "status": 422, "exception": null, "changed_tables": [], "business_sql_writes": []}
A07_OBSERVED {"boundary": "N01/amount/sNaN/USD", "adapter": "dispatch", "status": null, "exception": "ValueError", "changed_tables": [], "business_sql_writes": []}
A07_OBSERVED {"boundary": "N01/amount/sNaN/USD", "adapter": "preview", "status": 422, "exception": null, "changed_tables": [], "business_sql_writes": []}
A07_OBSERVED {"boundary": "N01/amount/sNaN/USD", "adapter": "confirm", "status": 422, "exception": null, "changed_tables": [], "business_sql_writes": []}
A07_OBSERVED {"boundary": "N01/amount/Infinity/USD", "adapter": "dispatch", "status": null, "exception": "ValueError", "changed_tables": [], "business_sql_writes": []}
A07_OBSERVED {"boundary": "N01/amount/Infinity/USD", "adapter": "preview", "status": 422, "exception": null, "changed_tables": [], "business_sql_writes": []}
A07_OBSERVED {"boundary": "N01/amount/Infinity/USD", "adapter": "confirm", "status": 422, "exception": null, "changed_tables": [], "business_sql_writes": []}
A07_OBSERVED {"boundary": "N01/amount/-Infinity/USD", "adapter": "dispatch", "status": null, "exception": "ValueError", "changed_tables": [], "business_sql_writes": []}
A07_OBSERVED {"boundary": "N01/amount/-Infinity/USD", "adapter": "preview", "status": 422, "exception": null, "changed_tables": [], "business_sql_writes": []}
A07_OBSERVED {"boundary": "N01/amount/-Infinity/USD", "adapter": "confirm", "status": 422, "exception": null, "changed_tables": [], "business_sql_writes": []}
A07_OBSERVED {"boundary": "N01/quantity/NaN/UAH", "adapter": "dispatch", "status": null, "exception": "ValueError", "changed_tables": [], "business_sql_writes": []}
A07_OBSERVED {"boundary": "N01/quantity/NaN/UAH", "adapter": "preview", "status": 422, "exception": null, "changed_tables": [], "business_sql_writes": []}
A07_OBSERVED {"boundary": "N01/quantity/NaN/UAH", "adapter": "confirm", "status": 422, "exception": null, "changed_tables": [], "business_sql_writes": []}
A07_OBSERVED {"boundary": "N01/quantity/sNaN/UAH", "adapter": "dispatch", "status": null, "exception": "ValueError", "changed_tables": [], "business_sql_writes": []}
A07_OBSERVED {"boundary": "N01/quantity/sNaN/UAH", "adapter": "preview", "status": 422, "exception": null, "changed_tables": [], "business_sql_writes": []}
A07_OBSERVED {"boundary": "N01/quantity/sNaN/UAH", "adapter": "confirm", "status": 422, "exception": null, "changed_tables": [], "business_sql_writes": []}
A07_OBSERVED {"boundary": "N01/quantity/Infinity/UAH", "adapter": "dispatch", "status": null, "exception": "ValueError", "changed_tables": [], "business_sql_writes": []}
A07_OBSERVED {"boundary": "N01/quantity/Infinity/UAH", "adapter": "preview", "status": 422, "exception": null, "changed_tables": [], "business_sql_writes": []}
A07_OBSERVED {"boundary": "N01/quantity/Infinity/UAH", "adapter": "confirm", "status": 422, "exception": null, "changed_tables": [], "business_sql_writes": []}
A07_OBSERVED {"boundary": "N01/quantity/-Infinity/UAH", "adapter": "dispatch", "status": null, "exception": "ValueError", "changed_tables": [], "business_sql_writes": []}
A07_OBSERVED {"boundary": "N01/quantity/-Infinity/UAH", "adapter": "preview", "status": 422, "exception": null, "changed_tables": [], "business_sql_writes": []}
A07_OBSERVED {"boundary": "N01/quantity/-Infinity/UAH", "adapter": "confirm", "status": 422, "exception": null, "changed_tables": [], "business_sql_writes": []}
A07_OBSERVED {"boundary": "N01/unit_cost/NaN/UAH", "adapter": "dispatch", "status": null, "exception": "ValueError", "changed_tables": [], "business_sql_writes": []}
A07_OBSERVED {"boundary": "N01/unit_cost/NaN/UAH", "adapter": "preview", "status": 422, "exception": null, "changed_tables": [], "business_sql_writes": []}
A07_OBSERVED {"boundary": "N01/unit_cost/NaN/UAH", "adapter": "confirm", "status": 422, "exception": null, "changed_tables": [], "business_sql_writes": []}
A07_OBSERVED {"boundary": "N01/unit_cost/sNaN/UAH", "adapter": "dispatch", "status": null, "exception": "ValueError", "changed_tables": [], "business_sql_writes": []}
A07_OBSERVED {"boundary": "N01/unit_cost/sNaN/UAH", "adapter": "preview", "status": 422, "exception": null, "changed_tables": [], "business_sql_writes": []}
A07_OBSERVED {"boundary": "N01/unit_cost/sNaN/UAH", "adapter": "confirm", "status": 422, "exception": null, "changed_tables": [], "business_sql_writes": []}
A07_OBSERVED {"boundary": "N01/unit_cost/Infinity/UAH", "adapter": "dispatch", "status": null, "exception": "ValueError", "changed_tables": [], "business_sql_writes": []}
A07_OBSERVED {"boundary": "N01/unit_cost/Infinity/UAH", "adapter": "preview", "status": 422, "exception": null, "changed_tables": [], "business_sql_writes": []}
A07_OBSERVED {"boundary": "N01/unit_cost/Infinity/UAH", "adapter": "confirm", "status": 422, "exception": null, "changed_tables": [], "business_sql_writes": []}
A07_OBSERVED {"boundary": "N01/unit_cost/-Infinity/UAH", "adapter": "dispatch", "status": null, "exception": "ValueError", "changed_tables": [], "business_sql_writes": []}
A07_OBSERVED {"boundary": "N01/unit_cost/-Infinity/UAH", "adapter": "preview", "status": 422, "exception": null, "changed_tables": [], "business_sql_writes": []}
A07_OBSERVED {"boundary": "N01/unit_cost/-Infinity/UAH", "adapter": "confirm", "status": 422, "exception": null, "changed_tables": [], "business_sql_writes": []}
A07_OBSERVED {"boundary": "N01/amount/NaN/UAH", "adapter": "dispatch", "status": null, "exception": "ValueError", "changed_tables": [], "business_sql_writes": []}
A07_OBSERVED {"boundary": "N01/amount/NaN/UAH", "adapter": "preview", "status": 422, "exception": null, "changed_tables": [], "business_sql_writes": []}
A07_OBSERVED {"boundary": "N01/amount/NaN/UAH", "adapter": "confirm", "status": 422, "exception": null, "changed_tables": [], "business_sql_writes": []}
A07_OBSERVED {"boundary": "N01/amount/sNaN/UAH", "adapter": "dispatch", "status": null, "exception": "ValueError", "changed_tables": [], "business_sql_writes": []}
A07_OBSERVED {"boundary": "N01/amount/sNaN/UAH", "adapter": "preview", "status": 422, "exception": null, "changed_tables": [], "business_sql_writes": []}
A07_OBSERVED {"boundary": "N01/amount/sNaN/UAH", "adapter": "confirm", "status": 422, "exception": null, "changed_tables": [], "business_sql_writes": []}
A07_OBSERVED {"boundary": "N01/amount/Infinity/UAH", "adapter": "dispatch", "status": null, "exception": "ValueError", "changed_tables": [], "business_sql_writes": []}
A07_OBSERVED {"boundary": "N01/amount/Infinity/UAH", "adapter": "preview", "status": 422, "exception": null, "changed_tables": [], "business_sql_writes": []}
A07_OBSERVED {"boundary": "N01/amount/Infinity/UAH", "adapter": "confirm", "status": 422, "exception": null, "changed_tables": [], "business_sql_writes": []}
A07_OBSERVED {"boundary": "N01/amount/-Infinity/UAH", "adapter": "dispatch", "status": null, "exception": "ValueError", "changed_tables": [], "business_sql_writes": []}
A07_OBSERVED {"boundary": "N01/amount/-Infinity/UAH", "adapter": "preview", "status": 422, "exception": null, "changed_tables": [], "business_sql_writes": []}.....
----------------------------------------------------------------------
Ran 28 tests in 13.039s

OK
Destroying test database for alias 'default'...

A07_OBSERVED {"boundary": "N01/amount/-Infinity/UAH", "adapter": "confirm", "status": 422, "exception": null, "changed_tables": [], "business_sql_writes": []}
A07_OBSERVED {"boundary": "N01/Lot.quantity/scale4/EUR", "adapter": "dispatch", "status": null, "exception": "ValueError", "changed_tables": [], "business_sql_writes": []}
A07_OBSERVED {"boundary": "N01/Lot.quantity/scale4/EUR", "adapter": "preview", "status": 422, "exception": null, "changed_tables": [], "business_sql_writes": []}
A07_OBSERVED {"boundary": "N01/Lot.quantity/scale4/EUR", "adapter": "confirm", "status": 422, "exception": null, "changed_tables": [], "business_sql_writes": []}
A07_OBSERVED {"boundary": "N01/Lot.quantity/scale4/USD", "adapter": "dispatch", "status": null, "exception": "ValueError", "changed_tables": [], "business_sql_writes": []}
A07_OBSERVED {"boundary": "N01/Lot.quantity/scale4/USD", "adapter": "preview", "status": 422, "exception": null, "changed_tables": [], "business_sql_writes": []}
A07_OBSERVED {"boundary": "N01/Lot.quantity/scale4/USD", "adapter": "confirm", "status": 422, "exception": null, "changed_tables": [], "business_sql_writes": []}
A07_OBSERVED {"boundary": "N01/Lot.quantity/scale4/UAH", "adapter": "dispatch", "status": null, "exception": "ValueError", "changed_tables": [], "business_sql_writes": []}
A07_OBSERVED {"boundary": "N01/Lot.quantity/scale4/UAH", "adapter": "preview", "status": 422, "exception": null, "changed_tables": [], "business_sql_writes": []}
A07_OBSERVED {"boundary": "N01/Lot.quantity/scale4/UAH", "adapter": "confirm", "status": 422, "exception": null, "changed_tables": [], "business_sql_writes": []}
A07_OBSERVED {"boundary": "N02/Invoice.amount/1000000000000.00/EUR", "adapter": "dispatch", "status": null, "exception": "ValueError", "changed_tables": [], "business_sql_writes": [["erp_salesline", "UPDATE"]]}
A07_OBSERVED {"boundary": "N02/Invoice.amount/1000000000000.00/EUR", "adapter": "preview", "status": 422, "exception": null, "changed_tables": [], "business_sql_writes": [["erp_salesline", "UPDATE"]]}
A07_OBSERVED {"boundary": "N02/Invoice.amount/1000000000000.00/EUR", "adapter": "confirm", "status": 422, "exception": null, "changed_tables": [], "business_sql_writes": [["erp_salesline", "UPDATE"]]}
A07_OBSERVED {"boundary": "N02/Invoice.amount/1000000000000.00/USD", "adapter": "dispatch", "status": null, "exception": "ValueError", "changed_tables": [], "business_sql_writes": [["erp_salesline", "UPDATE"]]}
A07_OBSERVED {"boundary": "N02/Invoice.amount/1000000000000.00/USD", "adapter": "preview", "status": 422, "exception": null, "changed_tables": [], "business_sql_writes": [["erp_salesline", "UPDATE"]]}
A07_OBSERVED {"boundary": "N02/Invoice.amount/1000000000000.00/USD", "adapter": "confirm", "status": 422, "exception": null, "changed_tables": [], "business_sql_writes": [["erp_salesline", "UPDATE"]]}
A07_OBSERVED {"boundary": "N02/Invoice.amount/1000000000000.00/UAH", "adapter": "dispatch", "status": null, "exception": "ValueError", "changed_tables": [], "business_sql_writes": [["erp_salesline", "UPDATE"]]}
A07_OBSERVED {"boundary": "N02/Invoice.amount/1000000000000.00/UAH", "adapter": "preview", "status": 422, "exception": null, "changed_tables": [], "business_sql_writes": [["erp_salesline", "UPDATE"]]}
A07_OBSERVED {"boundary": "N02/Invoice.amount/1000000000000.00/UAH", "adapter": "confirm", "status": 422, "exception": null, "changed_tables": [], "business_sql_writes": [["erp_salesline", "UPDATE"]]}
