Creating test database for alias 'default' ('/workspace/scratch/c7b51e996a9f/tmp/a07_extreme_first.sqlite3_django_test')...
Destroying old test database for alias 'default' ('/workspace/scratch/c7b51e996a9f/tmp/a07_extreme_first.sqlite3_django_test')...
Found 2 test(s).
Operations to perform:
  Synchronize unmigrated apps: django_filters, messages, rest_framework, staticfiles
  Apply all migrations: admin, ai_assistant, auth, branches, contenttypes, employees, erp, finance, operations, sessions, tasks
Synchronizing apps without migrations:
  Creating tables...
    Running deferred SQL...
Running migrations:
  Applying contenttypes.0001_initial... OK
  Applying auth.0001_initial... OK
  Applying admin.0001_initial... OK
  Applying admin.0002_logentry_remove_auto_add... OK
  Applying admin.0003_logentry_add_action_flag_choices... OK
  Applying ai_assistant.0001_initial... OK
  Applying ai_assistant.0002_taskchangelog... OK
  Applying ai_assistant.0003_claudeusagelog... OK
  Applying ai_assistant.0004_employeechangelog... OK
  Applying ai_assistant.0005_chatfile... OK
  Applying ai_assistant.0006_alter_chatmessage_created_at_and_more... OK
  Applying ai_assistant.0007_employeechangelog_undone_at... OK
  Applying ai_assistant.0008_chatmessage_archived_at_chatmessage_user_and_more... OK
  Applying contenttypes.0002_remove_content_type_name... OK
  Applying auth.0002_alter_permission_name_max_length... OK
  Applying auth.0003_alter_user_email_max_length... OK
  Applying auth.0004_alter_user_username_opts... OK
  Applying auth.0005_alter_user_last_login_null... OK
  Applying auth.0006_require_contenttypes_0002... OK
  Applying auth.0007_alter_validators_add_error_messages... OK
  Applying auth.0008_alter_user_username_max_length... OK
  Applying auth.0009_alter_user_last_name_max_length... OK
  Applying auth.0010_alter_group_name_max_length... OK
  Applying auth.0011_update_proxy_permissions... OK
  Applying auth.0012_alter_user_first_name_max_length... OK
  Applying branches.0001_initial... OK
  Applying branches.0002_branch_short_name... OK
  Applying branches.0003_fill_short_names... OK
  Applying employees.0001_initial... OK
  Applying employees.0002_alter_employee_department... OK
  Applying employees.0003_employee_branch... OK
  Applying employees.0004_employee_archived_at... OK
  Applying employees.0005_employee_user... OK
  Applying tasks.0001_initial... OK
  Applying tasks.0002_alter_task_priority... OK
  Applying tasks.0003_alter_task_deadline_alter_task_priority_and_more... OK
  Applying tasks.0004_task_branch... OK
  Applying finance.0001_initial... OK
  Applying finance.0002_alter_salary_unique_together_alter_contract_status_and_more... OK
  Applying finance.0003_transaction_branch... OK
  Applying operations.0001_initial... OK
  Applying erp.0001_initial... OK
  Applying erp.0002_row_boundaries... OK
  Applying finance.0004_salary_archived_at_transaction_archived_at_and_more... OK
  Applying finance.0005_alter_transaction_branch_alter_transaction_contract_and_more... OK
  Applying finance.0006_financialintent... OK
  Applying finance.0007_money_boundaries... OK
  Applying operations.0002_actionproposal_user... OK
  Applying operations.0003_loginattempt... OK
  Applying operations.0004_alter_document_options_document_access_level... OK
  Applying operations.0005_invoice_boundaries... OK
  Applying sessions.0001_initial...test_finite_huge_exponent_is_domain_refusal_in_erp_writers (a07_extreme_decimal_tests.ExtremeDecimalBoundaryTests.test_finite_huge_exponent_is_domain_refusal_in_erp_writers) ... 
  test_finite_huge_exponent_is_domain_refusal_in_erp_writers (a07_extreme_decimal_tests.ExtremeDecimalBoundaryTests.test_finite_huge_exponent_is_domain_refusal_in_erp_writers) (check='explicit_validation_refusal', boundary='N01/extreme/quantity/1e9999999', adapter='dispatch') ... FAIL
  test_finite_huge_exponent_is_domain_refusal_in_erp_writers (a07_extreme_decimal_tests.ExtremeDecimalBoundaryTests.test_finite_huge_exponent_is_domain_refusal_in_erp_writers) (check='explicit_validation_refusal', boundary='N01/extreme/quantity/1e9999999', adapter='preview') ... FAIL
  test_finite_huge_exponent_is_domain_refusal_in_erp_writers (a07_extreme_decimal_tests.ExtremeDecimalBoundaryTests.test_finite_huge_exponent_is_domain_refusal_in_erp_writers) (check='explicit_validation_refusal', boundary='N01/extreme/quantity/1e9999999', adapter='confirm') ... FAIL
  test_finite_huge_exponent_is_domain_refusal_in_erp_writers (a07_extreme_decimal_tests.ExtremeDecimalBoundaryTests.test_finite_huge_exponent_is_domain_refusal_in_erp_writers) (check='explicit_validation_refusal', boundary='N01/extreme/quantity/-1e9999999', adapter='dispatch') ... FAIL
  test_finite_huge_exponent_is_domain_refusal_in_erp_writers (a07_extreme_decimal_tests.ExtremeDecimalBoundaryTests.test_finite_huge_exponent_is_domain_refusal_in_erp_writers) (check='explicit_validation_refusal', boundary='N01/extreme/quantity/-1e9999999', adapter='preview') ... FAIL
  test_finite_huge_exponent_is_domain_refusal_in_erp_writers (a07_extreme_decimal_tests.ExtremeDecimalBoundaryTests.test_finite_huge_exponent_is_domain_refusal_in_erp_writers) (check='explicit_validation_refusal', boundary='N01/extreme/quantity/-1e9999999', adapter='confirm') ... FAIL
  test_finite_huge_exponent_is_domain_refusal_in_erp_writers (a07_extreme_decimal_tests.ExtremeDecimalBoundaryTests.test_finite_huge_exponent_is_domain_refusal_in_erp_writers) (check='explicit_validation_refusal', boundary='N01/extreme/unit_cost/1e9999999', adapter='dispatch') ... FAIL
  test_finite_huge_exponent_is_domain_refusal_in_erp_writers (a07_extreme_decimal_tests.ExtremeDecimalBoundaryTests.test_finite_huge_exponent_is_domain_refusal_in_erp_writers) (check='explicit_validation_refusal', boundary='N01/extreme/unit_cost/1e9999999', adapter='preview') ... FAIL
  test_finite_huge_exponent_is_domain_refusal_in_erp_writers (a07_extreme_decimal_tests.ExtremeDecimalBoundaryTests.test_finite_huge_exponent_is_domain_refusal_in_erp_writers) (check='explicit_validation_refusal', boundary='N01/extreme/unit_cost/1e9999999', adapter='confirm') ... FAIL
  test_finite_huge_exponent_is_domain_refusal_in_erp_writers (a07_extreme_decimal_tests.ExtremeDecimalBoundaryTests.test_finite_huge_exponent_is_domain_refusal_in_erp_writers) (check='explicit_validation_refusal', boundary='N01/extreme/unit_cost/-1e9999999', adapter='dispatch') ... FAIL
  test_finite_huge_exponent_is_domain_refusal_in_erp_writers (a07_extreme_decimal_tests.ExtremeDecimalBoundaryTests.test_finite_huge_exponent_is_domain_refusal_in_erp_writers) (check='explicit_validation_refusal', boundary='N01/extreme/unit_cost/-1e9999999', adapter='preview') ... FAIL
  test_finite_huge_exponent_is_domain_refusal_in_erp_writers (a07_extreme_decimal_tests.ExtremeDecimalBoundaryTests.test_finite_huge_exponent_is_domain_refusal_in_erp_writers) (check='explicit_validation_refusal', boundary='N01/extreme/unit_cost/-1e9999999', adapter='confirm') ... FAIL
  test_finite_huge_exponent_is_domain_refusal_in_erp_writers (a07_extreme_decimal_tests.ExtremeDecimalBoundaryTests.test_finite_huge_exponent_is_domain_refusal_in_erp_writers) (check='explicit_validation_refusal', boundary='N01/extreme/amount/1e9999999', adapter='dispatch') ... FAIL
  test_finite_huge_exponent_is_domain_refusal_in_erp_writers (a07_extreme_decimal_tests.ExtremeDecimalBoundaryTests.test_finite_huge_exponent_is_domain_refusal_in_erp_writers) (check='explicit_validation_refusal', boundary='N01/extreme/amount/1e9999999', adapter='preview') ... FAIL
  test_finite_huge_exponent_is_domain_refusal_in_erp_writers (a07_extreme_decimal_tests.ExtremeDecimalBoundaryTests.test_finite_huge_exponent_is_domain_refusal_in_erp_writers) (check='explicit_validation_refusal', boundary='N01/extreme/amount/1e9999999', adapter='confirm') ... FAIL
  test_finite_huge_exponent_is_domain_refusal_in_erp_writers (a07_extreme_decimal_tests.ExtremeDecimalBoundaryTests.test_finite_huge_exponent_is_domain_refusal_in_erp_writers) (check='explicit_validation_refusal', boundary='N01/extreme/amount/-1e9999999', adapter='dispatch') ... FAIL
  test_finite_huge_exponent_is_domain_refusal_in_erp_writers (a07_extreme_decimal_tests.ExtremeDecimalBoundaryTests.test_finite_huge_exponent_is_domain_refusal_in_erp_writers) (check='explicit_validation_refusal', boundary='N01/extreme/amount/-1e9999999', adapter='preview') ... FAIL
  test_finite_huge_exponent_is_domain_refusal_in_erp_writers (a07_extreme_decimal_tests.ExtremeDecimalBoundaryTests.test_finite_huge_exponent_is_domain_refusal_in_erp_writers) (check='explicit_validation_refusal', boundary='N01/extreme/amount/-1e9999999', adapter='confirm') ... FAIL
test_finite_huge_exponent_is_finance_validation_error_with_zero_effect (a07_extreme_decimal_tests.ExtremeDecimalBoundaryTests.test_finite_huge_exponent_is_finance_validation_error_with_zero_effect) ... 
  test_finite_huge_exponent_is_finance_validation_error_with_zero_effect (a07_extreme_decimal_tests.ExtremeDecimalBoundaryTests.test_finite_huge_exponent_is_finance_validation_error_with_zero_effect) (check='domain_refusal', currency='EUR', amount='1e9999999') ... FAIL
  test_finite_huge_exponent_is_finance_validation_error_with_zero_effect (a07_extreme_decimal_tests.ExtremeDecimalBoundaryTests.test_finite_huge_exponent_is_finance_validation_error_with_zero_effect) (check='domain_refusal', currency='EUR', amount='-1e9999999') ... FAIL
  test_finite_huge_exponent_is_finance_validation_error_with_zero_effect (a07_extreme_decimal_tests.ExtremeDecimalBoundaryTests.test_finite_huge_exponent_is_finance_validation_error_with_zero_effect) (check='domain_refusal', currency='USD', amount='1e9999999') ... FAIL
  test_finite_huge_exponent_is_finance_validation_error_with_zero_effect (a07_extreme_decimal_tests.ExtremeDecimalBoundaryTests.test_finite_huge_exponent_is_finance_validation_error_with_zero_effect) (check='domain_refusal', currency='USD', amount='-1e9999999') ... FAIL
  test_finite_huge_exponent_is_finance_validation_error_with_zero_effect (a07_extreme_decimal_tests.ExtremeDecimalBoundaryTests.test_finite_huge_exponent_is_finance_validation_error_with_zero_effect) (check='domain_refusal', currency='UAH', amount='1e9999999') ... FAIL
  test_finite_huge_exponent_is_finance_validation_error_with_zero_effect (a07_extreme_decimal_tests.ExtremeDecimalBoundaryTests.test_finite_huge_exponent_is_finance_validation_error_with_zero_effect) (check='domain_refusal', currency='UAH', amount='-1e9999999') ... FAIL

======================================================================
FAIL: test_finite_huge_exponent_is_domain_refusal_in_erp_writers (a07_extreme_decimal_tests.ExtremeDecimalBoundaryTests.test_finite_huge_exponent_is_domain_refusal_in_erp_writers) (check='explicit_validation_refusal', boundary='N01/extreme/quantity/1e9999999', adapter='dispatch')
----------------------------------------------------------------------
Traceback (most recent call last):
  File "/workspace/scratch/c7b51e996a9f/tmp/a07_boundary_tests.py", line 136, in reject
    self.assertIsInstance(error, (ValueError, ValidationError),
AssertionError: Overflow([<class 'decimal.Overflow'>]) is not an instance of (<class 'ValueError'>, <class 'django.core.exceptions.ValidationError'>) : Expected domain validation before persistence; got Overflow([<class 'decimal.Overflow'>])

======================================================================
FAIL: test_finite_huge_exponent_is_domain_refusal_in_erp_writers (a07_extreme_decimal_tests.ExtremeDecimalBoundaryTests.test_finite_huge_exponent_is_domain_refusal_in_erp_writers) (check='explicit_validation_refusal', boundary='N01/extreme/quantity/1e9999999', adapter='preview')
----------------------------------------------------------------------
Traceback (most recent call last):
  File "/workspace/scratch/c7b51e996a9f/tmp/a07_boundary_tests.py", line 140, in reject
    self.assertEqual(response.status_code, 422, response.content[:700])
AssertionError: 500 != 422 : b'\n<!doctype html>\n<html lang="en">\n<head>\n  <title>Server Error (500)</title>\n</head>\n<body>\n  <h1>Server Error (500)</h1><p></p>\n</body>\n</html>\n'

======================================================================
FAIL: test_finite_huge_exponent_is_domain_refusal_in_erp_writers (a07_extreme_decimal_tests.ExtremeDecimalBoundaryTests.test_finite_huge_exponent_is_domain_refusal_in_erp_writers) (check='explicit_validation_refusal', boundary='N01/extreme/quantity/1e9999999', adapter='confirm')
----------------------------------------------------------------------
Traceback (most recent call last):
  File "/workspace/scratch/c7b51e996a9f/tmp/a07_boundary_tests.py", line 140, in reject
    self.assertEqual(response.status_code, 422, response.content[:700])
AssertionError: 500 != 422 : b'\n<!doctype html>\n<html lang="en">\n<head>\n  <title>Server Error (500)</title>\n</head>\n<body>\n  <h1>Server Error (500)</h1><p></p>\n</body>\n</html>\n'

======================================================================
FAIL: test_finite_huge_exponent_is_domain_refusal_in_erp_writers (a07_extreme_decimal_tests.ExtremeDecimalBoundaryTests.test_finite_huge_exponent_is_domain_refusal_in_erp_writers) (check='explicit_validation_refusal', boundary='N01/extreme/quantity/-1e9999999', adapter='dispatch')
----------------------------------------------------------------------
Traceback (most recent call last):
  File "/workspace/scratch/c7b51e996a9f/tmp/a07_boundary_tests.py", line 136, in reject
    self.assertIsInstance(error, (ValueError, ValidationError),
AssertionError: Overflow([<class 'decimal.Overflow'>]) is not an instance of (<class 'ValueError'>, <class 'django.core.exceptions.ValidationError'>) : Expected domain validation before persistence; got Overflow([<class 'decimal.Overflow'>])

======================================================================
FAIL: test_finite_huge_exponent_is_domain_refusal_in_erp_writers (a07_extreme_decimal_tests.ExtremeDecimalBoundaryTests.test_finite_huge_exponent_is_domain_refusal_in_erp_writers) (check='explicit_validation_refusal', boundary='N01/extreme/quantity/-1e9999999', adapter='preview')
----------------------------------------------------------------------
Traceback (most recent call last):
  File "/workspace/scratch/c7b51e996a9f/tmp/a07_boundary_tests.py", line 140, in reject
    self.assertEqual(response.status_code, 422, response.content[:700])
AssertionError: 500 != 422 : b'\n<!doctype html>\n<html lang="en">\n<head>\n  <title>Server Error (500)</title>\n</head>\n<body>\n  <h1>Server Error (500)</h1><p></p>\n</body>\n</html>\n'

======================================================================
FAIL: test_finite_huge_exponent_is_domain_refusal_in_erp_writers (a07_extreme_decimal_tests.ExtremeDecimalBoundaryTests.test_finite_huge_exponent_is_domain_refusal_in_erp_writers) (check='explicit_validation_refusal', boundary='N01/extreme/quantity/-1e9999999', adapter='confirm')
----------------------------------------------------------------------
Traceback (most recent call last):
  File "/workspace/scratch/c7b51e996a9f/tmp/a07_boundary_tests.py", line 140, in reject
    self.assertEqual(response.status_code, 422, response.content[:700])
AssertionError: 500 != 422 : b'\n<!doctype html>\n<html lang="en">\n<head>\n  <title>Server Error (500)</title>\n</head>\n<body>\n  <h1>Server Error (500)</h1><p></p>\n</body>\n</html>\n'

======================================================================
FAIL: test_finite_huge_exponent_is_domain_refusal_in_erp_writers (a07_extreme_decimal_tests.ExtremeDecimalBoundaryTests.test_finite_huge_exponent_is_domain_refusal_in_erp_writers) (check='explicit_validation_refusal', boundary='N01/extreme/unit_cost/1e9999999', adapter='dispatch')
----------------------------------------------------------------------
Traceback (most recent call last):
  File "/workspace/scratch/c7b51e996a9f/tmp/a07_boundary_tests.py", line 136, in reject
    self.assertIsInstance(error, (ValueError, ValidationError),
AssertionError: Overflow([<class 'decimal.Overflow'>]) is not an instance of (<class 'ValueError'>, <class 'django.core.exceptions.ValidationError'>) : Expected domain validation before persistence; got Overflow([<class 'decimal.Overflow'>])

======================================================================
FAIL: test_finite_huge_exponent_is_domain_refusal_in_erp_writers (a07_extreme_decimal_tests.ExtremeDecimalBoundaryTests.test_finite_huge_exponent_is_domain_refusal_in_erp_writers) (check='explicit_validation_refusal', boundary='N01/extreme/unit_cost/1e9999999', adapter='preview')
----------------------------------------------------------------------
Traceback (most recent call last):
  File "/workspace/scratch/c7b51e996a9f/tmp/a07_boundary_tests.py", line 140, in reject
    self.assertEqual(response.status_code, 422, response.content[:700])
AssertionError: 500 != 422 : b'\n<!doctype html>\n<html lang="en">\n<head>\n  <title>Server Error (500)</title>\n</head>\n<body>\n  <h1>Server Error (500)</h1><p></p>\n</body>\n</html>\n'

======================================================================
FAIL: test_finite_huge_exponent_is_domain_refusal_in_erp_writers (a07_extreme_decimal_tests.ExtremeDecimalBoundaryTests.test_finite_huge_exponent_is_domain_refusal_in_erp_writers) (check='explicit_validation_refusal', boundary='N01/extreme/unit_cost/1e9999999', adapter='confirm')
----------------------------------------------------------------------
Traceback (most recent call last):
  File "/workspace/scratch/c7b51e996a9f/tmp/a07_boundary_tests.py", line 140, in reject
    self.assertEqual(response.status_code, 422, response.content[:700])
AssertionError: 500 != 422 : b'\n<!doctype html>\n<html lang="en">\n<head>\n  <title>Server Error (500)</title>\n</head>\n<body>\n  <h1>Server Error (500)</h1><p></p>\n</body>\n</html>\n'

======================================================================
FAIL: test_finite_huge_exponent_is_domain_refusal_in_erp_writers (a07_extreme_decimal_tests.ExtremeDecimalBoundaryTests.test_finite_huge_exponent_is_domain_refusal_in_erp_writers) (check='explicit_validation_refusal', boundary='N01/extreme/unit_cost/-1e9999999', adapter='dispatch')
----------------------------------------------------------------------
Traceback (most recent call last):
  File "/workspace/scratch/c7b51e996a9f/tmp/a07_boundary_tests.py", line 136, in reject
    self.assertIsInstance(error, (ValueError, ValidationError),
AssertionError: Overflow([<class 'decimal.Overflow'>]) is not an instance of (<class 'ValueError'>, <class 'django.core.exceptions.ValidationError'>) : Expected domain validation before persistence; got Overflow([<class 'decimal.Overflow'>])

======================================================================
FAIL: test_finite_huge_exponent_is_domain_refusal_in_erp_writers (a07_extreme_decimal_tests.ExtremeDecimalBoundaryTests.test_finite_huge_exponent_is_domain_refusal_in_erp_writers) (check='explicit_validation_refusal', boundary='N01/extreme/unit_cost/-1e9999999', adapter='preview')
----------------------------------------------------------------------
Traceback (most recent call last):
  File "/workspace/scratch/c7b51e996a9f/tmp/a07_boundary_tests.py", line 140, in reject
    self.assertEqual(response.status_code, 422, response.content[:700])
AssertionError: 500 != 422 : b'\n<!doctype html>\n<html lang="en">\n<head>\n  <title>Server Error (500)</title>\n</head>\n<body>\n  <h1>Server Error (500)</h1><p></p>\n</body>\n</html>\n'

======================================================================
FAIL: test_finite_huge_exponent_is_domain_refusal_in_erp_writers (a07_extreme_decimal_tests.ExtremeDecimalBoundaryTests.test_finite_huge_exponent_is_domain_refusal_in_erp_writers) (check='explicit_validation_refusal', boundary='N01/extreme/unit_cost/-1e9999999', adapter='confirm')
----------------------------------------------------------------------
Traceback (most recent call last):
  File "/workspace/scratch/c7b51e996a9f/tmp/a07_boundary_tests.py", line 140, in reject
    self.assertEqual(response.status_code, 422, response.content[:700])
AssertionError: 500 != 422 : b'\n<!doctype html>\n<html lang="en">\n<head>\n  <title>Server Error (500)</title>\n</head>\n<body>\n  <h1>Server Error (500)</h1><p></p>\n</body>\n</html>\n'

======================================================================
FAIL: test_finite_huge_exponent_is_domain_refusal_in_erp_writers (a07_extreme_decimal_tests.ExtremeDecimalBoundaryTests.test_finite_huge_exponent_is_domain_refusal_in_erp_writers) (check='explicit_validation_refusal', boundary='N01/extreme/amount/1e9999999', adapter='dispatch')
----------------------------------------------------------------------
Traceback (most recent call last):
  File "/workspace/scratch/c7b51e996a9f/tmp/a07_boundary_tests.py", line 136, in reject
    self.assertIsInstance(error, (ValueError, ValidationError),
AssertionError: Overflow([<class 'decimal.Overflow'>]) is not an instance of (<class 'ValueError'>, <class 'django.core.exceptions.ValidationError'>) : Expected domain validation before persistence; got Overflow([<class 'decimal.Overflow'>])

======================================================================
FAIL: test_finite_huge_exponent_is_domain_refusal_in_erp_writers (a07_extreme_decimal_tests.ExtremeDecimalBoundaryTests.test_finite_huge_exponent_is_domain_refusal_in_erp_writers) (check='explicit_validation_refusal', boundary='N01/extreme/amount/1e9999999', adapter='preview')
----------------------------------------------------------------------
Traceback (most recent call last):
  File "/workspace/scratch/c7b51e996a9f/tmp/a07_boundary_tests.py", line 140, in reject
    self.assertEqual(response.status_code, 422, response.content[:700])
AssertionError: 500 != 422 : b'\n<!doctype html>\n<html lang="en">\n<head>\n  <title>Server Error (500)</title>\n</head>\n<body>\n  <h1>Server Error (500)</h1><p></p>\n</body>\n</html>\n'

======================================================================
FAIL: test_finite_huge_exponent_is_domain_refusal_in_erp_writers (a07_extreme_decimal_tests.ExtremeDecimalBoundaryTests.test_finite_huge_exponent_is_domain_refusal_in_erp_writers) (check='explicit_validation_refusal', boundary='N01/extreme/amount/1e9999999', adapter='confirm')
----------------------------------------------------------------------
Traceback (most recent call last):
  File "/workspace/scratch/c7b51e996a9f/tmp/a07_boundary_tests.py", line 140, in reject
    self.assertEqual(response.status_code, 422, response.content[:700])
AssertionError: 500 != 422 : b'\n<!doctype html>\n<html lang="en">\n<head>\n  <title>Server Error (500)</title>\n</head>\n<body>\n  <h1>Server Error (500)</h1><p></p>\n</body>\n</html>\n'

======================================================================
FAIL: test_finite_huge_exponent_is_domain_refusal_in_erp_writers (a07_extreme_decimal_tests.ExtremeDecimalBoundaryTests.test_finite_huge_exponent_is_domain_refusal_in_erp_writers) (check='explicit_validation_refusal', boundary='N01/extreme/amount/-1e9999999', adapter='dispatch')
----------------------------------------------------------------------
Traceback (most recent call last):
  File "/workspace/scratch/c7b51e996a9f/tmp/a07_boundary_tests.py", line 136, in reject
    self.assertIsInstance(error, (ValueError, ValidationError),
AssertionError: Overflow([<class 'decimal.Overflow'>]) is not an instance of (<class 'ValueError'>, <class 'django.core.exceptions.ValidationError'>) : Expected domain validation before persistence; got Overflow([<class 'decimal.Overflow'>])

======================================================================
FAIL: test_finite_huge_exponent_is_domain_refusal_in_erp_writers (a07_extreme_decimal_tests.ExtremeDecimalBoundaryTests.test_finite_huge_exponent_is_domain_refusal_in_erp_writers) (check='explicit_validation_refusal', boundary='N01/extreme/amount/-1e9999999', adapter='preview')
----------------------------------------------------------------------
Traceback (most recent call last):
  File "/workspace/scratch/c7b51e996a9f/tmp/a07_boundary_tests.py", line 140, in reject
    self.assertEqual(response.status_code, 422, response.content[:700])
AssertionError: 500 != 422 : b'\n<!doctype html>\n<html lang="en">\n<head>\n  <title>Server Error (500)</title>\n</head>\n<body>\n  <h1>Server Error (500)</h1><p></p>\n</body>\n</html>\n'

======================================================================
FAIL: test_finite_huge_exponent_is_domain_refusal_in_erp_writers (a07_extreme_decimal_tests.ExtremeDecimalBoundaryTests.test_finite_huge_exponent_is_domain_refusal_in_erp_writers) (check='explicit_validation_refusal', boundary='N01/extreme/amount/-1e9999999', adapter='confirm')
----------------------------------------------------------------------
Traceback (most recent call last):
  File "/workspace/scratch/c7b51e996a9f/tmp/a07_boundary_tests.py", line 140, in reject
    self.assertEqual(response.status_code, 422, response.content[:700])
AssertionError: 500 != 422 : b'\n<!doctype html>\n<html lang="en">\n<head>\n  <title>Server Error (500)</title>\n</head>\n<body>\n  <h1>Server Error (500)</h1><p></p>\n</body>\n</html>\n'

======================================================================
FAIL: test_finite_huge_exponent_is_finance_validation_error_with_zero_effect (a07_extreme_decimal_tests.ExtremeDecimalBoundaryTests.test_finite_huge_exponent_is_finance_validation_error_with_zero_effect) (check='domain_refusal', currency='EUR', amount='1e9999999')
----------------------------------------------------------------------
Traceback (most recent call last):
  File "/workspace/scratch/c7b51e996a9f/tmp/a07_extreme_decimal_tests.py", line 49, in test_finite_huge_exponent_is_finance_validation_error_with_zero_effect
    self.assertIsInstance(error, ValidationError)
AssertionError: Overflow([<class 'decimal.Overflow'>]) is not an instance of <class 'django.core.exceptions.ValidationError'>

======================================================================
FAIL: test_finite_huge_exponent_is_finance_validation_error_with_zero_effect (a07_extreme_decimal_tests.ExtremeDecimalBoundaryTests.test_finite_huge_exponent_is_finance_validation_error_with_zero_effect) (check='domain_refusal', currency='EUR', amount='-1e9999999')
----------------------------------------------------------------------
Traceback (most recent call last):
  File "/workspace/scratch/c7b51e996a9f/tmp/a07_extreme_decimal_tests.py", line 49, in test_finite_huge_exponent_is_finance_validation_error_with_zero_effect
    self.assertIsInstance(error, ValidationError)
AssertionError: Overflow([<class 'decimal.Overflow'>]) is not an instance of <class 'django.core.exceptions.ValidationError'>

======================================================================
FAIL: test_finite_huge_exponent_is_finance_validation_error_with_zero_effect (a07_extreme_decimal_tests.ExtremeDecimalBoundaryTests.test_finite_huge_exponent_is_finance_validation_error_with_zero_effect) (check='domain_refusal', currency='USD', amount='1e9999999')
----------------------------------------------------------------------
Traceback (most recent call last):
  File "/workspace/scratch/c7b51e996a9f/tmp/a07_extreme_decimal_tests.py", line 49, in test_finite_huge_exponent_is_finance_validation_error_with_zero_effect
    self.assertIsInstance(error, ValidationError)
AssertionError: Overflow([<class 'decimal.Overflow'>]) is not an instance of <class 'django.core.exceptions.ValidationError'>

======================================================================
FAIL: test_finite_huge_exponent_is_finance_validation_error_with_zero_effect (a07_extreme_decimal_tests.ExtremeDecimalBoundaryTests.test_finite_huge_exponent_is_finance_validation_error_with_zero_effect) (check='domain_refusal', currency='USD', amount='-1e9999999')
----------------------------------------------------------------------
Traceback (most recent call last):
  File "/workspace/scratch/c7b51e996a9f/tmp/a07_extreme_decimal_tests.py", line 49, in test_finite_huge_exponent_is_finance_validation_error_with_zero_effect
    self.assertIsInstance(error, ValidationError)
AssertionError: Overflow([<class 'decimal.Overflow'>]) is not an instance of <class 'django.core.exceptions.ValidationError'>

======================================================================
FAIL: test_finite_huge_exponent_is_finance_validation_error_with_zero_effect (a07_extreme_decimal_tests.ExtremeDecimalBoundaryTests.test_finite_huge_exponent_is_finance_validation_error_with_zero_effect) (check='domain_refusal', currency='UAH', amount='1e9999999')
----------------------------------------------------------------------
Traceback (most recent call last):
  File "/workspace/scratch/c7b51e996a9f/tmp/a07_extreme_decimal_tests.py", line 49, in test_finite_huge_exponent_is_finance_validation_error_with_zero_effect
    self.assertIsInstance(error, ValidationError)
AssertionError: Overflow([<class 'decimal.Overflow'>]) is not an instance of <class 'django.core.exceptions.ValidationError'>

======================================================================
FAIL: test_finite_huge_exponent_is_finance_validation_error_with_zero_effect (a07_extreme_decimal_tests.ExtremeDecimalBoundaryTests.test_finite_huge_exponent_is_finance_validation_error_with_zero_effect) (check='domain_refusal', currency='UAH', amount='-1e9999999')
----------------------------------------------------------------------
Traceback (most recent call last):
  File "/workspace/scratch/c7b51e996a9f/tmp/a07_extreme_decimal_tests.py", line 49, in test_finite_huge_exponent_is_finance_validation_error_with_zero_effect
    self.assertIsInstance(error, ValidationError)
AssertionError: Overflow([<class 'decimal.Overflow'>]) is not an instance of <class 'django.core.exceptions.ValidationError'>

----------------------------------------------------------------------
Ran 2 tests in 0.855s

FAILED (failures=24)
Destroying test database for alias 'default' ('/workspace/scratch/c7b51e996a9f/tmp/a07_extreme_first.sqlite3_django_test')...
 OK
System check identified no issues (0 silenced).
A07_OBSERVED {"boundary": "N01/extreme/quantity/1e9999999", "adapter": "dispatch", "status": null, "exception": "Overflow", "changed_tables": [], "business_sql_writes": []}
A07_OBSERVED {"boundary": "N01/extreme/quantity/1e9999999", "adapter": "preview", "status": 500, "exception": null, "changed_tables": [], "business_sql_writes": []}
A07_OBSERVED {"boundary": "N01/extreme/quantity/1e9999999", "adapter": "confirm", "status": 500, "exception": null, "changed_tables": [], "business_sql_writes": []}
A07_OBSERVED {"boundary": "N01/extreme/quantity/-1e9999999", "adapter": "dispatch", "status": null, "exception": "Overflow", "changed_tables": [], "business_sql_writes": []}
A07_OBSERVED {"boundary": "N01/extreme/quantity/-1e9999999", "adapter": "preview", "status": 500, "exception": null, "changed_tables": [], "business_sql_writes": []}
A07_OBSERVED {"boundary": "N01/extreme/quantity/-1e9999999", "adapter": "confirm", "status": 500, "exception": null, "changed_tables": [], "business_sql_writes": []}
A07_OBSERVED {"boundary": "N01/extreme/unit_cost/1e9999999", "adapter": "dispatch", "status": null, "exception": "Overflow", "changed_tables": [], "business_sql_writes": []}
A07_OBSERVED {"boundary": "N01/extreme/unit_cost/1e9999999", "adapter": "preview", "status": 500, "exception": null, "changed_tables": [], "business_sql_writes": []}
A07_OBSERVED {"boundary": "N01/extreme/unit_cost/1e9999999", "adapter": "confirm", "status": 500, "exception": null, "changed_tables": [], "business_sql_writes": []}
A07_OBSERVED {"boundary": "N01/extreme/unit_cost/-1e9999999", "adapter": "dispatch", "status": null, "exception": "Overflow", "changed_tables": [], "business_sql_writes": []}
A07_OBSERVED {"boundary": "N01/extreme/unit_cost/-1e9999999", "adapter": "preview", "status": 500, "exception": null, "changed_tables": [], "business_sql_writes": []}
A07_OBSERVED {"boundary": "N01/extreme/unit_cost/-1e9999999", "adapter": "confirm", "status": 500, "exception": null, "changed_tables": [], "business_sql_writes": []}
A07_OBSERVED {"boundary": "N01/extreme/amount/1e9999999", "adapter": "dispatch", "status": null, "exception": "Overflow", "changed_tables": [], "business_sql_writes": []}
A07_OBSERVED {"boundary": "N01/extreme/amount/1e9999999", "adapter": "preview", "status": 500, "exception": null, "changed_tables": [], "business_sql_writes": []}
A07_OBSERVED {"boundary": "N01/extreme/amount/1e9999999", "adapter": "confirm", "status": 500, "exception": null, "changed_tables": [], "business_sql_writes": []}
A07_OBSERVED {"boundary": "N01/extreme/amount/-1e9999999", "adapter": "dispatch", "status": null, "exception": "Overflow", "changed_tables": [], "business_sql_writes": []}
A07_OBSERVED {"boundary": "N01/extreme/amount/-1e9999999", "adapter": "preview", "status": 500, "exception": null, "changed_tables": [], "business_sql_writes": []}
A07_OBSERVED {"boundary": "N01/extreme/amount/-1e9999999", "adapter": "confirm", "status": 500, "exception": null, "changed_tables": [], "business_sql_writes": []}
A07_EXTREME_FINANCE {"currency": "EUR", "amount": "1e9999999", "exception": "Overflow", "changed_tables": []}
A07_EXTREME_FINANCE {"currency": "EUR", "amount": "-1e9999999", "exception": "Overflow", "changed_tables": []}
A07_EXTREME_FINANCE {"currency": "USD", "amount": "1e9999999", "exception": "Overflow", "changed_tables": []}
A07_EXTREME_FINANCE {"currency": "USD", "amount": "-1e9999999", "exception": "Overflow", "changed_tables": []}
A07_EXTREME_FINANCE {"currency": "UAH", "amount": "1e9999999", "exception": "Overflow", "changed_tables": []}
A07_EXTREME_FINANCE {"currency": "UAH", "amount": "-1e9999999", "exception": "Overflow", "changed_tables": []}
