Creating test database for alias 'default'...
Destroying old test database for alias 'default'...
..
----------------------------------------------------------------------
Ran 2 tests in 0.855s

OK
Destroying test database for alias 'default'...
Found 2 test(s).
System check identified no issues (0 silenced).
A07_OBSERVED {"boundary": "N01/extreme/quantity/1e9999999", "adapter": "dispatch", "status": null, "exception": "ValueError", "changed_tables": [], "business_sql_writes": []}
A07_OBSERVED {"boundary": "N01/extreme/quantity/1e9999999", "adapter": "preview", "status": 422, "exception": null, "changed_tables": [], "business_sql_writes": []}
A07_OBSERVED {"boundary": "N01/extreme/quantity/1e9999999", "adapter": "confirm", "status": 422, "exception": null, "changed_tables": [], "business_sql_writes": []}
A07_OBSERVED {"boundary": "N01/extreme/quantity/-1e9999999", "adapter": "dispatch", "status": null, "exception": "ValueError", "changed_tables": [], "business_sql_writes": []}
A07_OBSERVED {"boundary": "N01/extreme/quantity/-1e9999999", "adapter": "preview", "status": 422, "exception": null, "changed_tables": [], "business_sql_writes": []}
A07_OBSERVED {"boundary": "N01/extreme/quantity/-1e9999999", "adapter": "confirm", "status": 422, "exception": null, "changed_tables": [], "business_sql_writes": []}
A07_OBSERVED {"boundary": "N01/extreme/unit_cost/1e9999999", "adapter": "dispatch", "status": null, "exception": "ValueError", "changed_tables": [], "business_sql_writes": []}
A07_OBSERVED {"boundary": "N01/extreme/unit_cost/1e9999999", "adapter": "preview", "status": 422, "exception": null, "changed_tables": [], "business_sql_writes": []}
A07_OBSERVED {"boundary": "N01/extreme/unit_cost/1e9999999", "adapter": "confirm", "status": 422, "exception": null, "changed_tables": [], "business_sql_writes": []}
A07_OBSERVED {"boundary": "N01/extreme/unit_cost/-1e9999999", "adapter": "dispatch", "status": null, "exception": "ValueError", "changed_tables": [], "business_sql_writes": []}
A07_OBSERVED {"boundary": "N01/extreme/unit_cost/-1e9999999", "adapter": "preview", "status": 422, "exception": null, "changed_tables": [], "business_sql_writes": []}
A07_OBSERVED {"boundary": "N01/extreme/unit_cost/-1e9999999", "adapter": "confirm", "status": 422, "exception": null, "changed_tables": [], "business_sql_writes": []}
A07_OBSERVED {"boundary": "N01/extreme/amount/1e9999999", "adapter": "dispatch", "status": null, "exception": "ValueError", "changed_tables": [], "business_sql_writes": []}
A07_OBSERVED {"boundary": "N01/extreme/amount/1e9999999", "adapter": "preview", "status": 422, "exception": null, "changed_tables": [], "business_sql_writes": []}
A07_OBSERVED {"boundary": "N01/extreme/amount/1e9999999", "adapter": "confirm", "status": 422, "exception": null, "changed_tables": [], "business_sql_writes": []}
A07_OBSERVED {"boundary": "N01/extreme/amount/-1e9999999", "adapter": "dispatch", "status": null, "exception": "ValueError", "changed_tables": [], "business_sql_writes": []}
A07_OBSERVED {"boundary": "N01/extreme/amount/-1e9999999", "adapter": "preview", "status": 422, "exception": null, "changed_tables": [], "business_sql_writes": []}
A07_OBSERVED {"boundary": "N01/extreme/amount/-1e9999999", "adapter": "confirm", "status": 422, "exception": null, "changed_tables": [], "business_sql_writes": []}
A07_EXTREME_FINANCE {"currency": "EUR", "amount": "1e9999999", "exception": "ValidationError", "changed_tables": []}
A07_EXTREME_FINANCE {"currency": "EUR", "amount": "-1e9999999", "exception": "ValidationError", "changed_tables": []}
A07_EXTREME_FINANCE {"currency": "USD", "amount": "1e9999999", "exception": "ValidationError", "changed_tables": []}
A07_EXTREME_FINANCE {"currency": "USD", "amount": "-1e9999999", "exception": "ValidationError", "changed_tables": []}
A07_EXTREME_FINANCE {"currency": "UAH", "amount": "1e9999999", "exception": "ValidationError", "changed_tables": []}
A07_EXTREME_FINANCE {"currency": "UAH", "amount": "-1e9999999", "exception": "ValidationError", "changed_tables": []}
