Creating test database for alias 'default' ('/tmp/bos-a03-complete.sqlite3_django_test')...
Destroying old test database for alias 'default' ('/tmp/bos-a03-complete.sqlite3_django_test')...
Found 34 test(s).
Operations to perform:
  Synchronize unmigrated apps: django_filters, messages, rest_framework, staticfiles
  Apply all migrations: admin, ai_assistant, auth, branches, contenttypes, employees, erp, finance, operations, sessions, tasks
Synchronizing apps without migrations:
  Creating tables...
    Running deferred SQL...
Running migrations:
  Applying contenttypes.0001_initial... OK
  Applying auth.0001_initial... OK
  Applying admin.0001_initial... OK
  Applying admin.0002_logentry_remove_auto_add... OK
  Applying admin.0003_logentry_add_action_flag_choices... OK
  Applying ai_assistant.0001_initial... OK
  Applying ai_assistant.0002_taskchangelog... OK
  Applying ai_assistant.0003_claudeusagelog... OK
  Applying ai_assistant.0004_employeechangelog... OK
  Applying ai_assistant.0005_chatfile... OK
  Applying ai_assistant.0006_alter_chatmessage_created_at_and_more... OK
  Applying ai_assistant.0007_employeechangelog_undone_at... OK
  Applying contenttypes.0002_remove_content_type_name... OK
  Applying auth.0002_alter_permission_name_max_length... OK
  Applying auth.0003_alter_user_email_max_length... OK
  Applying auth.0004_alter_user_username_opts... OK
  Applying auth.0005_alter_user_last_login_null... OK
  Applying auth.0006_require_contenttypes_0002... OK
  Applying auth.0007_alter_validators_add_error_messages... OK
  Applying auth.0008_alter_user_username_max_length... OK
  Applying auth.0009_alter_user_last_name_max_length... OK
  Applying auth.0010_alter_group_name_max_length... OK
  Applying auth.0011_update_proxy_permissions... OK
  Applying auth.0012_alter_user_first_name_max_length... OK
  Applying branches.0001_initial... OK
  Applying branches.0002_branch_short_name... OK
  Applying branches.0003_fill_short_names... OK
  Applying employees.0001_initial... OK
  Applying employees.0002_alter_employee_department... OK
  Applying employees.0003_employee_branch... OK
  Applying employees.0004_employee_archived_at... OK
  Applying employees.0005_employee_user... OK
  Applying tasks.0001_initial... OK
  Applying tasks.0002_alter_task_priority... OK
  Applying tasks.0003_alter_task_deadline_alter_task_priority_and_more... OK
  Applying tasks.0004_task_branch... OK
  Applying finance.0001_initial... OK
  Applying finance.0002_alter_salary_unique_together_alter_contract_status_and_more... OK
  Applying finance.0003_transaction_branch... OK
  Applying operations.0001_initial... OK
  Applying erp.0001_initial... OK
  Applying finance.0004_salary_archived_at_transaction_archived_at_and_more... OK
  Applying finance.0005_alter_transaction_branch_alter_transaction_contract_and_more... OK
  Applying operations.0002_actionproposal_user... OK
  Applying operations.0003_loginattempt... OK
  Applying sessions.0001_initial...test_anonymous_fake_session_role_has_no_business_access (employees.test_identity.AuthenticationTests.test_anonymous_fake_session_role_has_no_business_access) ... ok
test_bad_credentials_and_inactive_user_cannot_login (employees.test_identity.AuthenticationTests.test_bad_credentials_and_inactive_user_cannot_login) ... ok
test_csrf_bootstrap_never_creates_a_ceo_session (employees.test_identity.AuthenticationTests.test_csrf_bootstrap_never_creates_a_ceo_session) ... ok
test_deactivated_user_and_revoked_group_lose_existing_access (employees.test_identity.AuthenticationTests.test_deactivated_user_and_revoked_group_lose_existing_access) ... ok
test_five_failed_logins_limit_the_sixth_for_60_seconds (employees.test_identity.AuthenticationTests.test_five_failed_logins_limit_the_sixth_for_60_seconds) ... ok
test_login_payload_and_session_role_do_not_grant_ceo (employees.test_identity.AuthenticationTests.test_login_payload_and_session_role_do_not_grant_ceo) ... ok
test_login_requires_csrf_and_rotates_session_and_token (employees.test_identity.AuthenticationTests.test_login_requires_csrf_and_rotates_session_and_token) ... ok
test_login_requires_exactly_one_business_group (employees.test_identity.AuthenticationTests.test_login_requires_exactly_one_business_group) ... ok
test_logout_requires_csrf_and_invalidates_old_cookie (employees.test_identity.AuthenticationTests.test_logout_requires_csrf_and_invalidates_old_cookie) ... ok
test_working_role_setter_is_404_for_every_method (employees.test_identity.AuthenticationTests.test_working_role_setter_is_404_for_every_method) ... ok
test_demo_switch_uses_real_users_without_creating_a_seventh_employee (employees.test_identity.DemoIdentityTests.test_demo_switch_uses_real_users_without_creating_a_seventh_employee) ... ok
test_archiving_linked_employee_revokes_access_without_losing_history (employees.test_identity.IdentityLinkTests.test_archiving_linked_employee_revokes_access_without_losing_history) ... ok
test_conflicting_mapping_is_rejected_without_rebinding (employees.test_identity.IdentityLinkTests.test_conflicting_mapping_is_rejected_without_rebinding) ... ok
test_database_rejects_two_employees_for_the_same_user (employees.test_identity.IdentityLinkTests.test_database_rejects_two_employees_for_the_same_user) ... ok
test_employee_user_schema_is_nullable_one_to_one_set_null (employees.test_identity.IdentityLinkTests.test_employee_user_schema_is_nullable_one_to_one_set_null) ... ok
test_explicit_link_preserves_employee_and_payroll_ids (employees.test_identity.IdentityLinkTests.test_explicit_link_preserves_employee_and_payroll_ids) ... ok
test_link_does_not_infer_authority_from_employee_job_title (employees.test_identity.IdentityLinkTests.test_link_does_not_infer_authority_from_employee_job_title) ... ok
test_link_to_missing_id_does_not_create_or_guess_an_employee (employees.test_identity.IdentityLinkTests.test_link_to_missing_id_does_not_create_or_guess_an_employee) ... ok
test_set_null_keeps_employee_and_salary_when_synthetic_user_is_deleted (employees.test_identity.IdentityLinkTests.test_set_null_keeps_employee_and_salary_when_synthetic_user_is_deleted) ... ok
test_author_and_legacy_checks_happen_before_receipt (employees.test_identity.ProposalIdentityTests.test_author_and_legacy_checks_happen_before_receipt) ... ok
test_deactivation_prevents_confirmation (employees.test_identity.ProposalIdentityTests.test_deactivation_prevents_confirmation) ... ok
test_different_author_is_rejected_even_if_session_field_matches (employees.test_identity.ProposalIdentityTests.test_different_author_is_rejected_even_if_session_field_matches) ... ok
test_legacy_proposal_without_author_requires_a_new_preview (employees.test_identity.ProposalIdentityTests.test_legacy_proposal_without_author_requires_a_new_preview) ... ok
test_logout_and_relogin_does_not_reuse_old_proposal (employees.test_identity.ProposalIdentityTests.test_logout_and_relogin_does_not_reuse_old_proposal) ... ok
test_proposal_has_nullable_real_user_fk_for_legacy_migration (employees.test_identity.ProposalIdentityTests.test_proposal_has_nullable_real_user_fk_for_legacy_migration) ... ok
test_real_author_session_and_successful_replay (employees.test_identity.ProposalIdentityTests.test_real_author_session_and_successful_replay) ... ok
test_role_change_between_preview_and_confirm_is_rechecked (employees.test_identity.ProposalIdentityTests.test_role_change_between_preview_and_confirm_is_rechecked) ... ok
test_role_revocation_is_checked_before_returning_old_receipt (employees.test_identity.ProposalIdentityTests.test_role_revocation_is_checked_before_returning_old_receipt) ... ok
test_same_user_in_another_real_session_cannot_confirm (employees.test_identity.ProposalIdentityTests.test_same_user_in_another_real_session_cannot_confirm) ... ok
test_stale_admin_profile_preserves_explicit_user_link (employees.test_identity_stale.IdentityStaleTests.test_stale_admin_profile_preserves_explicit_user_link) ... ok
test_stale_profile_serializer_preserves_explicit_user_link (employees.test_identity_stale.IdentityStaleTests.test_stale_profile_serializer_preserves_explicit_user_link) ... ok
test_admin_stale_save_cannot_restore_archived_employee (finance.test_archive_stale.EmployeeArchiveStaleReviewTests.test_admin_stale_save_cannot_restore_archived_employee) ... ok
test_api_serializer_stale_save_cannot_restore_archived_employee (finance.test_archive_stale.EmployeeArchiveStaleReviewTests.test_api_serializer_stale_save_cannot_restore_archived_employee) ... ok
test_completed_concurrent_failures_cannot_lose_the_rate_counter (employees.test_login_concurrency.ConcurrentLoginLimitTests.test_completed_concurrent_failures_cannot_lose_the_rate_counter) ... ok

----------------------------------------------------------------------
Ran 34 tests in 10.658s

OK
Destroying test database for alias 'default' ('/tmp/bos-a03-complete.sqlite3_django_test')...
 OK
System check identified no issues (0 silenced).
