Creating test database for alias 'default' ('file:memorydb_default?mode=memory&cache=shared')...
Found 6 test(s).
Operations to perform:
  Synchronize unmigrated apps: django_filters, messages, rest_framework, staticfiles
  Apply all migrations: admin, ai_assistant, auth, branches, contenttypes, employees, erp, finance, operations, sessions, tasks
Synchronizing apps without migrations:
  Creating tables...
    Running deferred SQL...
Running migrations:
  Applying contenttypes.0001_initial... OK
  Applying auth.0001_initial... OK
  Applying admin.0001_initial... OK
  Applying admin.0002_logentry_remove_auto_add... OK
  Applying admin.0003_logentry_add_action_flag_choices... OK
  Applying ai_assistant.0001_initial... OK
  Applying ai_assistant.0002_taskchangelog... OK
  Applying ai_assistant.0003_claudeusagelog... OK
  Applying ai_assistant.0004_employeechangelog... OK
  Applying ai_assistant.0005_chatfile... OK
  Applying ai_assistant.0006_alter_chatmessage_created_at_and_more... OK
  Applying contenttypes.0002_remove_content_type_name... OK
  Applying auth.0002_alter_permission_name_max_length... OK
  Applying auth.0003_alter_user_email_max_length... OK
  Applying auth.0004_alter_user_username_opts... OK
  Applying auth.0005_alter_user_last_login_null... OK
  Applying auth.0006_require_contenttypes_0002... OK
  Applying auth.0007_alter_validators_add_error_messages... OK
  Applying auth.0008_alter_user_username_max_length... OK
  Applying auth.0009_alter_user_last_name_max_length... OK
  Applying auth.0010_alter_group_name_max_length... OK
  Applying auth.0011_update_proxy_permissions... OK
  Applying auth.0012_alter_user_first_name_max_length... OK
  Applying branches.0001_initial... OK
  Applying branches.0002_branch_short_name... OK
  Applying branches.0003_fill_short_names... OK
  Applying employees.0001_initial... OK
  Applying employees.0002_alter_employee_department... OK
  Applying employees.0003_employee_branch... OK
  Applying tasks.0001_initial... OK
  Applying tasks.0002_alter_task_priority... OK
  Applying tasks.0003_alter_task_deadline_alter_task_priority_and_more... OK
  Applying tasks.0004_task_branch... OK
  Applying finance.0001_initial... OK
  Applying finance.0002_alter_salary_unique_together_alter_contract_status_and_more... OK
  Applying finance.0003_transaction_branch... OK
  Applying operations.0001_initial... OK
  Applying erp.0001_initial... OK
  Applying sessions.0001_initial...test_different_lots_keep_separate_quantities_and_costs (erp.tests.FinishIntegrityTests.test_different_lots_keep_separate_quantities_and_costs) ... FAIL
test_generic_proposal_locks_before_erp_fingerprint (erp.tests.FinishIntegrityTests.test_generic_proposal_locks_before_erp_fingerprint) ... FAIL
test_overproduction_rejected_without_partial_write (erp.tests.FinishIntegrityTests.test_overproduction_rejected_without_partial_write) ... ok
test_partial_six_then_four_keeps_reservations_and_balance (erp.tests.FinishIntegrityTests.test_partial_six_then_four_keeps_reservations_and_balance) ... FAIL
test_preview_and_confirm_lock_before_fingerprint_and_snapshot (erp.tests.FinishIntegrityTests.test_preview_and_confirm_lock_before_fingerprint_and_snapshot) ... FAIL
test_two_reservations_consume_one_current_lot_and_replay_is_identical (erp.tests.FinishIntegrityTests.test_two_reservations_consume_one_current_lot_and_replay_is_identical) ... FAIL

======================================================================
FAIL: test_different_lots_keep_separate_quantities_and_costs (erp.tests.FinishIntegrityTests.test_different_lots_keep_separate_quantities_and_costs)
----------------------------------------------------------------------
Traceback (most recent call last):
  File "/workspace/sites/bos-original-refined/erp/tests.py", line 91, in test_different_lots_keep_separate_quantities_and_costs
    self.assert_balance(a, '0'); self.assert_balance(b, '0')
    ^^^^^^^^^^^^^^^^^^^^^^^^^^^
  File "/workspace/sites/bos-original-refined/erp/tests.py", line 60, in assert_balance
    self.assertEqual(lot.quantity, D(expected))
AssertionError: Decimal('2.000') != Decimal('0')

======================================================================
FAIL: test_generic_proposal_locks_before_erp_fingerprint (erp.tests.FinishIntegrityTests.test_generic_proposal_locks_before_erp_fingerprint)
----------------------------------------------------------------------
Traceback (most recent call last):
  File "/workspace/sites/bos-original-refined/erp/tests.py", line 117, in test_generic_proposal_locks_before_erp_fingerprint
    self.assert_lock_precedes_business_reads(preview.captured_queries)
  File "/workspace/sites/bos-original-refined/erp/tests.py", line 98, in assert_lock_precedes_business_reads
    self.assertTrue(locks, 'Запис блокує спільний ERP mutex')
AssertionError: [] is not true : Запис блокує спільний ERP mutex

======================================================================
FAIL: test_partial_six_then_four_keeps_reservations_and_balance (erp.tests.FinishIntegrityTests.test_partial_six_then_four_keeps_reservations_and_balance)
----------------------------------------------------------------------
Traceback (most recent call last):
  File "/workspace/sites/bos-original-refined/erp/tests.py", line 79, in test_partial_six_then_four_keeps_reservations_and_balance
    self.finish(6, 'A01-OUT-6'); self.assert_balance(lot, '4')
                                 ^^^^^^^^^^^^^^^^^^^^^^^^^^^^^
  File "/workspace/sites/bos-original-refined/erp/tests.py", line 60, in assert_balance
    self.assertEqual(lot.quantity, D(expected))
AssertionError: Decimal('9.000') != Decimal('4')

======================================================================
FAIL: test_preview_and_confirm_lock_before_fingerprint_and_snapshot (erp.tests.FinishIntegrityTests.test_preview_and_confirm_lock_before_fingerprint_and_snapshot)
----------------------------------------------------------------------
Traceback (most recent call last):
  File "/workspace/sites/bos-original-refined/erp/tests.py", line 107, in test_preview_and_confirm_lock_before_fingerprint_and_snapshot
    self.assert_lock_precedes_business_reads(preview.captured_queries)
  File "/workspace/sites/bos-original-refined/erp/tests.py", line 100, in assert_lock_precedes_business_reads
    self.assertLess(min(locks), min(reads), 'Блокування потрібне до fingerprint та знімка «Було»')
AssertionError: 51 not less than 2 : Блокування потрібне до fingerprint та знімка «Було»

======================================================================
FAIL: test_two_reservations_consume_one_current_lot_and_replay_is_identical (erp.tests.FinishIntegrityTests.test_two_reservations_consume_one_current_lot_and_replay_is_identical)
----------------------------------------------------------------------
Traceback (most recent call last):
  File "/workspace/sites/bos-original-refined/erp/tests.py", line 69, in test_two_reservations_consume_one_current_lot_and_replay_is_identical
    self.assert_balance(lot, '0')
  File "/workspace/sites/bos-original-refined/erp/tests.py", line 60, in assert_balance
    self.assertEqual(lot.quantity, D(expected))
AssertionError: Decimal('5.000') != Decimal('0')

----------------------------------------------------------------------
Ran 6 tests in 0.362s

FAILED (failures=5)
Destroying test database for alias 'default' ('file:memorydb_default?mode=memory&cache=shared')...
 OK
System check identified no issues (0 silenced).
