Found 19 test(s).
Operations to perform:
  Synchronize unmigrated apps: django_filters, messages, rest_framework, staticfiles
  Apply all migrations: admin, ai_assistant, auth, branches, contenttypes, employees, erp, finance, operations, sessions, tasks
Synchronizing apps without migrations:
  Creating tables...
    Running deferred SQL...
Running migrations:
  Applying contenttypes.0001_initial... OK
  Applying auth.0001_initial... OK
  Applying admin.0001_initial... OK
  Applying admin.0002_logentry_remove_auto_add... OK
  Applying admin.0003_logentry_add_action_flag_choices... OK
  Applying ai_assistant.0001_initial... OK
  Applying ai_assistant.0002_taskchangelog... OK
  Applying ai_assistant.0003_claudeusagelog... OK
  Applying ai_assistant.0004_employeechangelog... OK
  Applying ai_assistant.0005_chatfile... OK
  Applying ai_assistant.0006_alter_chatmessage_created_at_and_more... OK
  Applying ai_assistant.0007_employeechangelog_undone_at... OK
  Applying ai_assistant.0008_chatmessage_archived_at_chatmessage_user_and_more... OK
  Applying ai_assistant.0009_private_documents... OK
  Applying contenttypes.0002_remove_content_type_name... OK
  Applying auth.0002_alter_permission_name_max_length... OK
  Applying auth.0003_alter_user_email_max_length... OK
  Applying auth.0004_alter_user_username_opts... OK
  Applying auth.0005_alter_user_last_login_null... OK
  Applying auth.0006_require_contenttypes_0002... OK
  Applying auth.0007_alter_validators_add_error_messages... OK
  Applying auth.0008_alter_user_username_max_length... OK
  Applying auth.0009_alter_user_last_name_max_length... OK
  Applying auth.0010_alter_group_name_max_length... OK
  Applying auth.0011_update_proxy_permissions... OK
  Applying auth.0012_alter_user_first_name_max_length... OK
  Applying branches.0001_initial... OK
  Applying branches.0002_branch_short_name... OK
  Applying branches.0003_fill_short_names... OK
  Applying employees.0001_initial... OK
  Applying employees.0002_alter_employee_department... OK
  Applying employees.0003_employee_branch... OK
  Applying employees.0004_employee_archived_at... OK
  Applying employees.0005_employee_user... OK
  Applying tasks.0001_initial... OK
  Applying tasks.0002_alter_task_priority... OK
  Applying tasks.0003_alter_task_deadline_alter_task_priority_and_more... OK
  Applying tasks.0004_task_branch... OK
  Applying finance.0001_initial... OK
  Applying finance.0002_alter_salary_unique_together_alter_contract_status_and_more... OK
  Applying finance.0003_transaction_branch... OK
  Applying operations.0001_initial... OK
  Applying operations.0002_actionproposal_user... OK
  Applying operations.0003_loginattempt... OK
  Applying operations.0004_alter_document_options_document_access_level... OK
  Applying operations.0005_invoice_boundaries... OK
  Applying operations.0006_private_documents... OK
  Applying finance.0004_salary_archived_at_transaction_archived_at_and_more... OK
  Applying finance.0005_alter_transaction_branch_alter_transaction_contract_and_more... OK
  Applying finance.0006_financialintent... OK
  Applying finance.0007_money_boundaries... OK
  Applying erp.0001_initial... OK
  Applying erp.0002_row_boundaries... OK
  Applying erp.0003_purchase_source... OK
  Applying erp.0004_initial_import_ledger... OK
  Applying erp.0005_source_corrections... OK
  Applying finance.0008_statement_ledgers... OK
  Applying operations.0007_actionproposal_dependency_context... OK
  Applying sessions.0001_initial... OK
  Applying tasks.0005_controlled_tasks... OK
System check identified no issues (0 silenced).

--- STDERR ---
Creating test database for alias 'default' ('/tmp/bos-targeted-zoka5tte/check_88b0dd41193b43e2abb92c7c6a6dbdc4.sqlite3_django_test')...
Destroying old test database for alias 'default' ('/tmp/bos-targeted-zoka5tte/check_88b0dd41193b43e2abb92c7c6a6dbdc4.sqlite3_django_test')...
test_access_change_during_preview_does_not_issue_scoped_proposal (erp.test_adjustment_proposals.AdjustmentProposalTests.test_access_change_during_preview_does_not_issue_scoped_proposal) ... ok
test_context_keeps_initial_global_fingerprint_and_not_client_fields (erp.test_adjustment_proposals.AdjustmentProposalTests.test_context_keeps_initial_global_fingerprint_and_not_client_fields) ... ok
test_document_versions_metadata_and_real_source_bytes_invalidate (erp.test_adjustment_proposals.AdjustmentProposalTests.test_document_versions_metadata_and_real_source_bytes_invalidate) ... ok
test_erp_lock_precedes_dependency_reads_and_fresh_policy_after_wait (erp.test_adjustment_proposals.AdjustmentProposalTests.test_erp_lock_precedes_dependency_reads_and_fresh_policy_after_wait) ... ok
test_expiry_other_session_role_permission_and_archive_refuse (erp.test_adjustment_proposals.AdjustmentProposalTests.test_expiry_other_session_role_permission_and_archive_refuse) ... 
  test_expiry_other_session_role_permission_and_archive_refuse (erp.test_adjustment_proposals.AdjustmentProposalTests.test_expiry_other_session_role_permission_and_archive_refuse) (mutation='archive') ... ERROR
test_frozen_expected_effect_and_impact_mismatch_roll_back_all_writes (erp.test_adjustment_proposals.AdjustmentProposalTests.test_frozen_expected_effect_and_impact_mismatch_roll_back_all_writes) ... ok
test_independent_users_keep_original_effect_after_other_lot_confirmation (erp.test_adjustment_proposals.AdjustmentProposalTests.test_independent_users_keep_original_effect_after_other_lot_confirmation) ... ok
test_invalid_initial_source_remains_explicit_legacy_mode (erp.test_adjustment_proposals.AdjustmentProposalTests.test_invalid_initial_source_remains_explicit_legacy_mode) ... ok
test_legacy_generic_and_null_context_still_use_original_global_token (erp.test_adjustment_proposals.AdjustmentProposalTests.test_legacy_generic_and_null_context_still_use_original_global_token) ... ok
test_lot_only_impact_matches_complete_snapshot_for_displayed_effects (erp.test_adjustment_proposals.AdjustmentProposalTests.test_lot_only_impact_matches_complete_snapshot_for_displayed_effects) ... ok
test_malformed_future_and_wrong_action_contexts_fail_closed (erp.test_adjustment_proposals.AdjustmentProposalTests.test_malformed_future_and_wrong_action_contexts_fail_closed) ... ok
test_missing_document_becoming_present_invalidates (erp.test_adjustment_proposals.AdjustmentProposalTests.test_missing_document_becoming_present_invalidates) ... ok
test_payload_tampering_fails_closed (erp.test_adjustment_proposals.AdjustmentProposalTests.test_payload_tampering_fails_closed) ... ok
test_replay_after_changes_keeps_one_receipt_and_current_policy (erp.test_adjustment_proposals.AdjustmentProposalTests.test_replay_after_changes_keeps_one_receipt_and_current_policy) ... ok
test_reservation_creation_edit_deletion_and_same_sum_membership_invalidate (erp.test_adjustment_proposals.AdjustmentProposalTests.test_reservation_creation_edit_deletion_and_same_sum_membership_invalidate) ... ok
test_same_lot_conflicts_without_any_second_effect (erp.test_adjustment_proposals.AdjustmentProposalTests.test_same_lot_conflicts_without_any_second_effect) ... ok
test_target_lot_item_and_location_changes_invalidate (erp.test_adjustment_proposals.AdjustmentProposalTests.test_target_lot_item_and_location_changes_invalidate) ... ok
test_target_movement_membership_invalidate_even_without_quantity_change (erp.test_adjustment_proposals.AdjustmentProposalTests.test_target_movement_membership_invalidate_even_without_quantity_change) ... ok
test_unrelated_reservation_does_not_invalidate (erp.test_adjustment_proposals.AdjustmentProposalTests.test_unrelated_reservation_does_not_invalidate) ... ok

======================================================================
ERROR: test_expiry_other_session_role_permission_and_archive_refuse (erp.test_adjustment_proposals.AdjustmentProposalTests.test_expiry_other_session_role_permission_and_archive_refuse) (mutation='archive')
----------------------------------------------------------------------
Traceback (most recent call last):
  File "/workspace/scratch/4dbe5b4c73ee/execution/batch02/n2/source/erp/test_adjustment_proposals.py", line 247, in test_expiry_other_session_role_permission_and_archive_refuse
    Employee.objects.create(full_name='Archived N2 actor', user=self.user_a, archived_at=timezone.now()); expected=403
    ^^^^^^^^^^^^^^^^^^^^^^^^^^^^^^^^^^^^^^^^^^^^^^^^^^^^^^^^^^^^^^^^^^^^^^^^^^^^^^^^^^^^^^^^^^^^^^^^^^^^
  File "/workspace/scratch/4dbe5b4c73ee/execution/venv/lib/python3.12/site-packages/django/db/models/manager.py", line 87, in manager_method
    return getattr(self.get_queryset(), name)(*args, **kwargs)
           ^^^^^^^^^^^^^^^^^^^^^^^^^^^^^^^^^^^^^^^^^^^^^^^^^^^
  File "/workspace/scratch/4dbe5b4c73ee/execution/venv/lib/python3.12/site-packages/django/db/models/query.py", line 669, in create
    obj.save(force_insert=True, using=self.db)
  File "/workspace/scratch/4dbe5b4c73ee/execution/batch02/n2/source/boss_project/archive.py", line 84, in save
    raise ValidationError('Новий запис архівується окремою командою зі збереженням історії.')
django.core.exceptions.ValidationError: ['Новий запис архівується окремою командою зі збереженням історії.']

----------------------------------------------------------------------
Ran 19 tests in 21.323s

FAILED (errors=1)
Destroying test database for alias 'default' ('/tmp/bos-targeted-zoka5tte/check_88b0dd41193b43e2abb92c7c6a6dbdc4.sqlite3_django_test')...
