{'backend': 'sqlite', 'database': '/workspace/scratch/c7b51e996a9f/tmp/a07_full_transfer_1/check_99b65e25c971456990ee0a5a8b9c6832.sqlite3', 'media_root': '/workspace/scratch/c7b51e996a9f/tmp/a07_full_transfer_1/source-media'}
{
  "format": "BoS-A08-document-rehearsal-1",
  "backend": "actual SQLite",
  "input_unchanged": true,
  "schema_rows_and_high_water_preserved": true,
  "all_business_rows_preserved": true,
  "restore_rows_files_ids_access_preserved": true,
  "first": {
    "plan_sha256": "72b1d1ce8c65dac314ae8ab32006dd7eb04ddce3eae8f6445f8389283103f55c",
    "new_files": 3,
    "observed_chat_checksums": [
      1
    ],
    "documents": [
      {
        "id": 7,
        "source_key": "documents/9a/9adf57c1ccba4c5499f6e085f5d40529.blob",
        "sha256": "e777992e54e7c19341de38a19449d75c986d02acf71c169c7a4e1ebdf58d02b4",
        "size": 64
      },
      {
        "id": 1001,
        "source_key": "documents/99/998ca1b2e2014d8997ee26e40b129288.blob",
        "sha256": "0ca1f8b55b1843a11d8c5dfc60a2554f29eeb1b5effb799d9aa757c8b571f334",
        "size": 318
      },
      {
        "id": 90001,
        "source_key": "documents/d8/d828ede189a14eec9b06fb27810cab4b.blob",
        "sha256": "e3b0c44298fc1c149afbf4c8996fb92427ae41e4649b934ca495991b7852b855",
        "size": 0
      }
    ],
    "historical_blobs_preserved": true,
    "historical_chat_authenticity_claimed": false
  },
  "replay": {
    "plan_sha256": "72b1d1ce8c65dac314ae8ab32006dd7eb04ddce3eae8f6445f8389283103f55c",
    "new_files": 0,
    "observed_chat_checksums": [],
    "documents": [
      {
        "id": 7,
        "source_key": "documents/9a/9adf57c1ccba4c5499f6e085f5d40529.blob",
        "sha256": "e777992e54e7c19341de38a19449d75c986d02acf71c169c7a4e1ebdf58d02b4",
        "size": 64
      },
      {
        "id": 1001,
        "source_key": "documents/99/998ca1b2e2014d8997ee26e40b129288.blob",
        "sha256": "0ca1f8b55b1843a11d8c5dfc60a2554f29eeb1b5effb799d9aa757c8b571f334",
        "size": 318
      },
      {
        "id": 90001,
        "source_key": "documents/d8/d828ede189a14eec9b06fb27810cab4b.blob",
        "sha256": "e3b0c44298fc1c149afbf4c8996fb92427ae41e4649b934ca495991b7852b855",
        "size": 0
      }
    ],
    "historical_blobs_preserved": true,
    "historical_chat_authenticity_claimed": false
  },
  "plan": {
    "format": "BoS-A08-document-plan-1",
    "owned_copy_sha256": "1233a7fc2abd59ee46dbfb77d1d01c7ac2831a9c4854b3f185b8a3bfc86605ee",
    "documents": [
      {
        "id": 7,
        "source_key": "",
        "sha256": "e777992e54e7c19341de38a19449d75c986d02acf71c169c7a4e1ebdf58d02b4",
        "size": 64,
        "action": "copy",
        "checksum_basis": "legacy_blob",
        "preserved_sha256": "80c4d097b7365173214cf5ba12b1a54b8a2409f1b9a7ce062dfe8a7402eda3bc"
      },
      {
        "id": 1001,
        "source_key": "",
        "sha256": "0ca1f8b55b1843a11d8c5dfc60a2554f29eeb1b5effb799d9aa757c8b571f334",
        "size": 318,
        "action": "copy",
        "checksum_basis": "legacy_blob",
        "preserved_sha256": "191f8c00861b102ddbb5e27d1b55b1807f32e9cf45a15b8a9b0d87870d80968f"
      },
      {
        "id": 90001,
        "source_key": "",
        "sha256": "e3b0c44298fc1c149afbf4c8996fb92427ae41e4649b934ca495991b7852b855",
        "size": 0,
        "action": "copy",
        "checksum_basis": "empty_original",
        "preserved_sha256": "deb56b7a5570caf79ae926e6bbc89e94832e0c52ac54cc7dfd306b8c647aa2cc"
      }
    ],
    "chat_files": [
      {
        "id": 1,
        "source_key": "chat_files/2026/09/a07_fixture_bytes.bin",
        "sha256": "57cc50404f044a9b62bfb03f49d5e6358b165c9fbda8fb68db18b3780ec56679",
        "size": 305,
        "action": "record_observed_checksum",
        "historical_authenticity_verified": false,
        "checksum_basis": "observed_current_bytes",
        "preserved_sha256": "25dcf5e5e2fb04a266b25881c6883eabb1e7f157ea031a26e7c491b6ae1ddfc1"
      }
    ],
    "usage": {
      "physical_bytes": 305,
      "legacy_blob_bytes": 382,
      "additional_bytes": 382,
      "quota_bytes": 1073741824
    },
    "plan_sha256": "72b1d1ce8c65dac314ae8ab32006dd7eb04ddce3eae8f6445f8389283103f55c"
  },
  "postgres": "НЕ ЗАПУЩЕНО",
  "windows": "НЕ ЗАПУЩЕНО"
}
