Creating test database for alias 'default' ('/workspace/scratch/c7b51e996a9f/tmp/check_a08_red_ef814a1e.sqlite3_django_test')...
Destroying old test database for alias 'default' ('/workspace/scratch/c7b51e996a9f/tmp/check_a08_red_ef814a1e.sqlite3_django_test')...
Found 8 test(s).
Operations to perform:
  Synchronize unmigrated apps: django_filters, messages, rest_framework, staticfiles
  Apply all migrations: admin, ai_assistant, auth, branches, contenttypes, employees, erp, finance, operations, sessions, tasks
Synchronizing apps without migrations:
  Creating tables...
    Running deferred SQL...
Running migrations:
  Applying contenttypes.0001_initial... OK
  Applying auth.0001_initial... OK
  Applying admin.0001_initial... OK
  Applying admin.0002_logentry_remove_auto_add... OK
  Applying admin.0003_logentry_add_action_flag_choices... OK
  Applying ai_assistant.0001_initial... OK
  Applying ai_assistant.0002_taskchangelog... OK
  Applying ai_assistant.0003_claudeusagelog... OK
  Applying ai_assistant.0004_employeechangelog... OK
  Applying ai_assistant.0005_chatfile... OK
  Applying ai_assistant.0006_alter_chatmessage_created_at_and_more... OK
  Applying ai_assistant.0007_employeechangelog_undone_at... OK
  Applying ai_assistant.0008_chatmessage_archived_at_chatmessage_user_and_more... OK
  Applying contenttypes.0002_remove_content_type_name... OK
  Applying auth.0002_alter_permission_name_max_length... OK
  Applying auth.0003_alter_user_email_max_length... OK
  Applying auth.0004_alter_user_username_opts... OK
  Applying auth.0005_alter_user_last_login_null... OK
  Applying auth.0006_require_contenttypes_0002... OK
  Applying auth.0007_alter_validators_add_error_messages... OK
  Applying auth.0008_alter_user_username_max_length... OK
  Applying auth.0009_alter_user_last_name_max_length... OK
  Applying auth.0010_alter_group_name_max_length... OK
  Applying auth.0011_update_proxy_permissions... OK
  Applying auth.0012_alter_user_first_name_max_length... OK
  Applying branches.0001_initial... OK
  Applying branches.0002_branch_short_name... OK
  Applying branches.0003_fill_short_names... OK
  Applying employees.0001_initial... OK
  Applying employees.0002_alter_employee_department... OK
  Applying employees.0003_employee_branch... OK
  Applying employees.0004_employee_archived_at... OK
  Applying employees.0005_employee_user... OK
  Applying tasks.0001_initial... OK
  Applying tasks.0002_alter_task_priority... OK
  Applying tasks.0003_alter_task_deadline_alter_task_priority_and_more... OK
  Applying tasks.0004_task_branch... OK
  Applying finance.0001_initial... OK
  Applying finance.0002_alter_salary_unique_together_alter_contract_status_and_more... OK
  Applying finance.0003_transaction_branch... OK
  Applying operations.0001_initial... OK
  Applying erp.0001_initial... OK
  Applying erp.0002_row_boundaries... OK
  Applying finance.0004_salary_archived_at_transaction_archived_at_and_more... OK
  Applying finance.0005_alter_transaction_branch_alter_transaction_contract_and_more... OK
  Applying finance.0006_financialintent... OK
  Applying finance.0007_money_boundaries... OK
  Applying operations.0002_actionproposal_user... OK
  Applying operations.0003_loginattempt... OK
  Applying operations.0004_alter_document_options_document_access_level... OK
  Applying operations.0005_invoice_boundaries... OK
  Applying sessions.0001_initial...test_corrupted_blob_cannot_be_approved_using_stored_checksum (a08_document_integrity_tests.A08DocumentIntegrityTests.test_corrupted_blob_cannot_be_approved_using_stored_checksum) ... FAIL
test_corrupted_blob_cannot_be_downloaded_under_original_checksum (a08_document_integrity_tests.A08DocumentIntegrityTests.test_corrupted_blob_cannot_be_downloaded_under_original_checksum) ... ERROR
test_empty_original_hash_serves_empty_bytes_not_unrelated_text (a08_document_integrity_tests.A08DocumentIntegrityTests.test_empty_original_hash_serves_empty_bytes_not_unrelated_text) ... ERROR
test_legacy_text_only_download_requires_exact_stored_hash (a08_document_integrity_tests.A08DocumentIntegrityTests.test_legacy_text_only_download_requires_exact_stored_hash) ... ERROR
test_legacy_text_only_review_requires_exact_stored_hash (a08_document_integrity_tests.A08DocumentIntegrityTests.test_legacy_text_only_review_requires_exact_stored_hash) ... ERROR
test_metadata_list_and_detail_do_not_select_binary_content (a08_document_integrity_tests.A08DocumentIntegrityTests.test_metadata_list_and_detail_do_not_select_binary_content) ... ERROR
test_missing_download_permission_is_denied_before_integrity_oracle (a08_document_integrity_tests.A08DocumentIntegrityTests.test_missing_download_permission_is_denied_before_integrity_oracle) ... ERROR
test_valid_legacy_text_only_remains_downloadable_without_repair (a08_document_integrity_tests.A08DocumentIntegrityTests.test_valid_legacy_text_only_remains_downloadable_without_repair) ... ERROR

======================================================================
ERROR: test_corrupted_blob_cannot_be_downloaded_under_original_checksum (a08_document_integrity_tests.A08DocumentIntegrityTests.test_corrupted_blob_cannot_be_downloaded_under_original_checksum)
----------------------------------------------------------------------
Traceback (most recent call last):
  File "/workspace/scratch/c7b51e996a9f/demo-check-env/lib/python3.12/site-packages/django/db/backends/base/base.py", line 298, in _cursor
    return self._prepare_cursor(self.create_cursor(name))
                                ^^^^^^^^^^^^^^^^^^^^^^^^
  File "/workspace/scratch/c7b51e996a9f/demo-check-env/lib/python3.12/site-packages/django/db/backends/sqlite3/base.py", line 218, in create_cursor
    return self.connection.cursor(factory=SQLiteCursorWrapper)
           ^^^^^^^^^^^^^^^^^^^^^^^^^^^^^^^^^^^^^^^^^^^^^^^^^^^
sqlite3.ProgrammingError: Cannot operate on a closed database.

The above exception was the direct cause of the following exception:

Traceback (most recent call last):
  File "/workspace/scratch/c7b51e996a9f/tmp/a08_document_integrity_tests.py", line 61, in test_corrupted_blob_cannot_be_downloaded_under_original_checksum
    self.assertEqual(self.rows(), before, 'Read must not silently repair the evidence')
                     ^^^^^^^^^^^
  File "/workspace/scratch/c7b51e996a9f/tmp/a08_document_integrity_tests.py", line 46, in rows
    return {'documents': list(Document.objects.order_by('pk').values()),
                         ^^^^^^^^^^^^^^^^^^^^^^^^^^^^^^^^^^^^^^^^^^^^^^
  File "/workspace/scratch/c7b51e996a9f/demo-check-env/lib/python3.12/site-packages/django/db/models/query.py", line 390, in __iter__
    self._fetch_all()
  File "/workspace/scratch/c7b51e996a9f/demo-check-env/lib/python3.12/site-packages/django/db/models/query.py", line 2000, in _fetch_all
    self._result_cache = list(self._iterable_class(self))
                         ^^^^^^^^^^^^^^^^^^^^^^^^^^^^^^^^
  File "/workspace/scratch/c7b51e996a9f/demo-check-env/lib/python3.12/site-packages/django/db/models/query.py", line 222, in __iter__
    for row in compiler.results_iter(
               ^^^^^^^^^^^^^^^^^^^^^^
  File "/workspace/scratch/c7b51e996a9f/demo-check-env/lib/python3.12/site-packages/django/db/models/sql/compiler.py", line 1573, in results_iter
    results = self.execute_sql(
              ^^^^^^^^^^^^^^^^^
  File "/workspace/scratch/c7b51e996a9f/demo-check-env/lib/python3.12/site-packages/django/db/models/sql/compiler.py", line 1622, in execute_sql
    cursor = self.connection.cursor()
             ^^^^^^^^^^^^^^^^^^^^^^^^
  File "/workspace/scratch/c7b51e996a9f/demo-check-env/lib/python3.12/site-packages/django/utils/asyncio.py", line 26, in inner
    return func(*args, **kwargs)
           ^^^^^^^^^^^^^^^^^^^^^
  File "/workspace/scratch/c7b51e996a9f/demo-check-env/lib/python3.12/site-packages/django/db/backends/base/base.py", line 320, in cursor
    return self._cursor()
           ^^^^^^^^^^^^^^
  File "/workspace/scratch/c7b51e996a9f/demo-check-env/lib/python3.12/site-packages/django/db/backends/base/base.py", line 297, in _cursor
    with self.wrap_database_errors:
         ^^^^^^^^^^^^^^^^^^^^^^^^^
  File "/workspace/scratch/c7b51e996a9f/demo-check-env/lib/python3.12/site-packages/django/db/utils.py", line 94, in __exit__
    raise dj_exc_value.with_traceback(traceback) from exc_value
  File "/workspace/scratch/c7b51e996a9f/demo-check-env/lib/python3.12/site-packages/django/db/backends/base/base.py", line 298, in _cursor
    return self._prepare_cursor(self.create_cursor(name))
                                ^^^^^^^^^^^^^^^^^^^^^^^^
  File "/workspace/scratch/c7b51e996a9f/demo-check-env/lib/python3.12/site-packages/django/db/backends/sqlite3/base.py", line 218, in create_cursor
    return self.connection.cursor(factory=SQLiteCursorWrapper)
           ^^^^^^^^^^^^^^^^^^^^^^^^^^^^^^^^^^^^^^^^^^^^^^^^^^^
django.db.utils.ProgrammingError: Cannot operate on a closed database.

======================================================================
ERROR: test_empty_original_hash_serves_empty_bytes_not_unrelated_text (a08_document_integrity_tests.A08DocumentIntegrityTests.test_empty_original_hash_serves_empty_bytes_not_unrelated_text)
----------------------------------------------------------------------
Traceback (most recent call last):
  File "/workspace/scratch/c7b51e996a9f/demo-check-env/lib/python3.12/site-packages/django/db/backends/base/base.py", line 298, in _cursor
    return self._prepare_cursor(self.create_cursor(name))
                                ^^^^^^^^^^^^^^^^^^^^^^^^
  File "/workspace/scratch/c7b51e996a9f/demo-check-env/lib/python3.12/site-packages/django/db/backends/sqlite3/base.py", line 218, in create_cursor
    return self.connection.cursor(factory=SQLiteCursorWrapper)
           ^^^^^^^^^^^^^^^^^^^^^^^^^^^^^^^^^^^^^^^^^^^^^^^^^^^
sqlite3.ProgrammingError: Cannot operate on a closed database.

The above exception was the direct cause of the following exception:

Traceback (most recent call last):
  File "/workspace/scratch/c7b51e996a9f/tmp/a08_document_integrity_tests.py", line 35, in setUp
    login_test_client(self.client, 'ceo', capabilities=('view_document', 'download_document', 'export_workspace'))
  File "/workspace/sites/bos-original-refined/scripts/check_support.py", line 66, in login_test_client
    user = get_user_model().objects.create_user(username='bos-test-' + uuid4().hex,
           ^^^^^^^^^^^^^^^^^^^^^^^^^^^^^^^^^^^^^^^^^^^^^^^^^^^^^^^^^^^^^^^^^^^^^^^^
  File "/workspace/scratch/c7b51e996a9f/demo-check-env/lib/python3.12/site-packages/django/contrib/auth/models.py", line 175, in create_user
    return self._create_user(username, email, password, **extra_fields)
           ^^^^^^^^^^^^^^^^^^^^^^^^^^^^^^^^^^^^^^^^^^^^^^^^^^^^^^^^^^^^
  File "/workspace/scratch/c7b51e996a9f/demo-check-env/lib/python3.12/site-packages/django/contrib/auth/models.py", line 163, in _create_user
    user.save(using=self._db)
  File "/workspace/scratch/c7b51e996a9f/demo-check-env/lib/python3.12/site-packages/django/contrib/auth/base_user.py", line 62, in save
    super().save(**kwargs)
  File "/workspace/scratch/c7b51e996a9f/demo-check-env/lib/python3.12/site-packages/django/db/models/base.py", line 874, in save
    self.save_base(
  File "/workspace/scratch/c7b51e996a9f/demo-check-env/lib/python3.12/site-packages/django/db/models/base.py", line 966, in save_base
    updated = self._save_table(
              ^^^^^^^^^^^^^^^^^
  File "/workspace/scratch/c7b51e996a9f/demo-check-env/lib/python3.12/site-packages/django/db/models/base.py", line 1169, in _save_table
    results = self._do_insert(
              ^^^^^^^^^^^^^^^^
  File "/workspace/scratch/c7b51e996a9f/demo-check-env/lib/python3.12/site-packages/django/db/models/base.py", line 1220, in _do_insert
    return manager._insert(
           ^^^^^^^^^^^^^^^^
  File "/workspace/scratch/c7b51e996a9f/demo-check-env/lib/python3.12/site-packages/django/db/models/manager.py", line 87, in manager_method
    return getattr(self.get_queryset(), name)(*args, **kwargs)
           ^^^^^^^^^^^^^^^^^^^^^^^^^^^^^^^^^^^^^^^^^^^^^^^^^^^
  File "/workspace/scratch/c7b51e996a9f/demo-check-env/lib/python3.12/site-packages/django/db/models/query.py", line 1918, in _insert
    return query.get_compiler(using=using).execute_sql(returning_fields)
           ^^^^^^^^^^^^^^^^^^^^^^^^^^^^^^^^^^^^^^^^^^^^^^^^^^^^^^^^^^^^^
  File "/workspace/scratch/c7b51e996a9f/demo-check-env/lib/python3.12/site-packages/django/db/models/sql/compiler.py", line 1923, in execute_sql
    with self.connection.cursor() as cursor:
         ^^^^^^^^^^^^^^^^^^^^^^^^
  File "/workspace/scratch/c7b51e996a9f/demo-check-env/lib/python3.12/site-packages/django/utils/asyncio.py", line 26, in inner
    return func(*args, **kwargs)
           ^^^^^^^^^^^^^^^^^^^^^
  File "/workspace/scratch/c7b51e996a9f/demo-check-env/lib/python3.12/site-packages/django/db/backends/base/base.py", line 320, in cursor
    return self._cursor()
           ^^^^^^^^^^^^^^
  File "/workspace/scratch/c7b51e996a9f/demo-check-env/lib/python3.12/site-packages/django/db/backends/base/base.py", line 297, in _cursor
    with self.wrap_database_errors:
         ^^^^^^^^^^^^^^^^^^^^^^^^^
  File "/workspace/scratch/c7b51e996a9f/demo-check-env/lib/python3.12/site-packages/django/db/utils.py", line 94, in __exit__
    raise dj_exc_value.with_traceback(traceback) from exc_value
  File "/workspace/scratch/c7b51e996a9f/demo-check-env/lib/python3.12/site-packages/django/db/backends/base/base.py", line 298, in _cursor
    return self._prepare_cursor(self.create_cursor(name))
                                ^^^^^^^^^^^^^^^^^^^^^^^^
  File "/workspace/scratch/c7b51e996a9f/demo-check-env/lib/python3.12/site-packages/django/db/backends/sqlite3/base.py", line 218, in create_cursor
    return self.connection.cursor(factory=SQLiteCursorWrapper)
           ^^^^^^^^^^^^^^^^^^^^^^^^^^^^^^^^^^^^^^^^^^^^^^^^^^^
django.db.utils.ProgrammingError: Cannot operate on a closed database.

======================================================================
ERROR: test_legacy_text_only_download_requires_exact_stored_hash (a08_document_integrity_tests.A08DocumentIntegrityTests.test_legacy_text_only_download_requires_exact_stored_hash)
----------------------------------------------------------------------
Traceback (most recent call last):
  File "/workspace/scratch/c7b51e996a9f/demo-check-env/lib/python3.12/site-packages/django/db/backends/base/base.py", line 298, in _cursor
    return self._prepare_cursor(self.create_cursor(name))
                                ^^^^^^^^^^^^^^^^^^^^^^^^
  File "/workspace/scratch/c7b51e996a9f/demo-check-env/lib/python3.12/site-packages/django/db/backends/sqlite3/base.py", line 218, in create_cursor
    return self.connection.cursor(factory=SQLiteCursorWrapper)
           ^^^^^^^^^^^^^^^^^^^^^^^^^^^^^^^^^^^^^^^^^^^^^^^^^^^
sqlite3.ProgrammingError: Cannot operate on a closed database.

The above exception was the direct cause of the following exception:

Traceback (most recent call last):
  File "/workspace/scratch/c7b51e996a9f/tmp/a08_document_integrity_tests.py", line 35, in setUp
    login_test_client(self.client, 'ceo', capabilities=('view_document', 'download_document', 'export_workspace'))
  File "/workspace/sites/bos-original-refined/scripts/check_support.py", line 66, in login_test_client
    user = get_user_model().objects.create_user(username='bos-test-' + uuid4().hex,
           ^^^^^^^^^^^^^^^^^^^^^^^^^^^^^^^^^^^^^^^^^^^^^^^^^^^^^^^^^^^^^^^^^^^^^^^^
  File "/workspace/scratch/c7b51e996a9f/demo-check-env/lib/python3.12/site-packages/django/contrib/auth/models.py", line 175, in create_user
    return self._create_user(username, email, password, **extra_fields)
           ^^^^^^^^^^^^^^^^^^^^^^^^^^^^^^^^^^^^^^^^^^^^^^^^^^^^^^^^^^^^
  File "/workspace/scratch/c7b51e996a9f/demo-check-env/lib/python3.12/site-packages/django/contrib/auth/models.py", line 163, in _create_user
    user.save(using=self._db)
  File "/workspace/scratch/c7b51e996a9f/demo-check-env/lib/python3.12/site-packages/django/contrib/auth/base_user.py", line 62, in save
    super().save(**kwargs)
  File "/workspace/scratch/c7b51e996a9f/demo-check-env/lib/python3.12/site-packages/django/db/models/base.py", line 874, in save
    self.save_base(
  File "/workspace/scratch/c7b51e996a9f/demo-check-env/lib/python3.12/site-packages/django/db/models/base.py", line 966, in save_base
    updated = self._save_table(
              ^^^^^^^^^^^^^^^^^
  File "/workspace/scratch/c7b51e996a9f/demo-check-env/lib/python3.12/site-packages/django/db/models/base.py", line 1169, in _save_table
    results = self._do_insert(
              ^^^^^^^^^^^^^^^^
  File "/workspace/scratch/c7b51e996a9f/demo-check-env/lib/python3.12/site-packages/django/db/models/base.py", line 1220, in _do_insert
    return manager._insert(
           ^^^^^^^^^^^^^^^^
  File "/workspace/scratch/c7b51e996a9f/demo-check-env/lib/python3.12/site-packages/django/db/models/manager.py", line 87, in manager_method
    return getattr(self.get_queryset(), name)(*args, **kwargs)
           ^^^^^^^^^^^^^^^^^^^^^^^^^^^^^^^^^^^^^^^^^^^^^^^^^^^
  File "/workspace/scratch/c7b51e996a9f/demo-check-env/lib/python3.12/site-packages/django/db/models/query.py", line 1918, in _insert
    return query.get_compiler(using=using).execute_sql(returning_fields)
           ^^^^^^^^^^^^^^^^^^^^^^^^^^^^^^^^^^^^^^^^^^^^^^^^^^^^^^^^^^^^^
  File "/workspace/scratch/c7b51e996a9f/demo-check-env/lib/python3.12/site-packages/django/db/models/sql/compiler.py", line 1923, in execute_sql
    with self.connection.cursor() as cursor:
         ^^^^^^^^^^^^^^^^^^^^^^^^
  File "/workspace/scratch/c7b51e996a9f/demo-check-env/lib/python3.12/site-packages/django/utils/asyncio.py", line 26, in inner
    return func(*args, **kwargs)
           ^^^^^^^^^^^^^^^^^^^^^
  File "/workspace/scratch/c7b51e996a9f/demo-check-env/lib/python3.12/site-packages/django/db/backends/base/base.py", line 320, in cursor
    return self._cursor()
           ^^^^^^^^^^^^^^
  File "/workspace/scratch/c7b51e996a9f/demo-check-env/lib/python3.12/site-packages/django/db/backends/base/base.py", line 297, in _cursor
    with self.wrap_database_errors:
         ^^^^^^^^^^^^^^^^^^^^^^^^^
  File "/workspace/scratch/c7b51e996a9f/demo-check-env/lib/python3.12/site-packages/django/db/utils.py", line 94, in __exit__
    raise dj_exc_value.with_traceback(traceback) from exc_value
  File "/workspace/scratch/c7b51e996a9f/demo-check-env/lib/python3.12/site-packages/django/db/backends/base/base.py", line 298, in _cursor
    return self._prepare_cursor(self.create_cursor(name))
                                ^^^^^^^^^^^^^^^^^^^^^^^^
  File "/workspace/scratch/c7b51e996a9f/demo-check-env/lib/python3.12/site-packages/django/db/backends/sqlite3/base.py", line 218, in create_cursor
    return self.connection.cursor(factory=SQLiteCursorWrapper)
           ^^^^^^^^^^^^^^^^^^^^^^^^^^^^^^^^^^^^^^^^^^^^^^^^^^^
django.db.utils.ProgrammingError: Cannot operate on a closed database.

======================================================================
ERROR: test_legacy_text_only_review_requires_exact_stored_hash (a08_document_integrity_tests.A08DocumentIntegrityTests.test_legacy_text_only_review_requires_exact_stored_hash)
----------------------------------------------------------------------
Traceback (most recent call last):
  File "/workspace/scratch/c7b51e996a9f/demo-check-env/lib/python3.12/site-packages/django/db/backends/base/base.py", line 298, in _cursor
    return self._prepare_cursor(self.create_cursor(name))
                                ^^^^^^^^^^^^^^^^^^^^^^^^
  File "/workspace/scratch/c7b51e996a9f/demo-check-env/lib/python3.12/site-packages/django/db/backends/sqlite3/base.py", line 218, in create_cursor
    return self.connection.cursor(factory=SQLiteCursorWrapper)
           ^^^^^^^^^^^^^^^^^^^^^^^^^^^^^^^^^^^^^^^^^^^^^^^^^^^
sqlite3.ProgrammingError: Cannot operate on a closed database.

The above exception was the direct cause of the following exception:

Traceback (most recent call last):
  File "/workspace/scratch/c7b51e996a9f/tmp/a08_document_integrity_tests.py", line 35, in setUp
    login_test_client(self.client, 'ceo', capabilities=('view_document', 'download_document', 'export_workspace'))
  File "/workspace/sites/bos-original-refined/scripts/check_support.py", line 66, in login_test_client
    user = get_user_model().objects.create_user(username='bos-test-' + uuid4().hex,
           ^^^^^^^^^^^^^^^^^^^^^^^^^^^^^^^^^^^^^^^^^^^^^^^^^^^^^^^^^^^^^^^^^^^^^^^^
  File "/workspace/scratch/c7b51e996a9f/demo-check-env/lib/python3.12/site-packages/django/contrib/auth/models.py", line 175, in create_user
    return self._create_user(username, email, password, **extra_fields)
           ^^^^^^^^^^^^^^^^^^^^^^^^^^^^^^^^^^^^^^^^^^^^^^^^^^^^^^^^^^^^
  File "/workspace/scratch/c7b51e996a9f/demo-check-env/lib/python3.12/site-packages/django/contrib/auth/models.py", line 163, in _create_user
    user.save(using=self._db)
  File "/workspace/scratch/c7b51e996a9f/demo-check-env/lib/python3.12/site-packages/django/contrib/auth/base_user.py", line 62, in save
    super().save(**kwargs)
  File "/workspace/scratch/c7b51e996a9f/demo-check-env/lib/python3.12/site-packages/django/db/models/base.py", line 874, in save
    self.save_base(
  File "/workspace/scratch/c7b51e996a9f/demo-check-env/lib/python3.12/site-packages/django/db/models/base.py", line 966, in save_base
    updated = self._save_table(
              ^^^^^^^^^^^^^^^^^
  File "/workspace/scratch/c7b51e996a9f/demo-check-env/lib/python3.12/site-packages/django/db/models/base.py", line 1169, in _save_table
    results = self._do_insert(
              ^^^^^^^^^^^^^^^^
  File "/workspace/scratch/c7b51e996a9f/demo-check-env/lib/python3.12/site-packages/django/db/models/base.py", line 1220, in _do_insert
    return manager._insert(
           ^^^^^^^^^^^^^^^^
  File "/workspace/scratch/c7b51e996a9f/demo-check-env/lib/python3.12/site-packages/django/db/models/manager.py", line 87, in manager_method
    return getattr(self.get_queryset(), name)(*args, **kwargs)
           ^^^^^^^^^^^^^^^^^^^^^^^^^^^^^^^^^^^^^^^^^^^^^^^^^^^
  File "/workspace/scratch/c7b51e996a9f/demo-check-env/lib/python3.12/site-packages/django/db/models/query.py", line 1918, in _insert
    return query.get_compiler(using=using).execute_sql(returning_fields)
           ^^^^^^^^^^^^^^^^^^^^^^^^^^^^^^^^^^^^^^^^^^^^^^^^^^^^^^^^^^^^^
  File "/workspace/scratch/c7b51e996a9f/demo-check-env/lib/python3.12/site-packages/django/db/models/sql/compiler.py", line 1923, in execute_sql
    with self.connection.cursor() as cursor:
         ^^^^^^^^^^^^^^^^^^^^^^^^
  File "/workspace/scratch/c7b51e996a9f/demo-check-env/lib/python3.12/site-packages/django/utils/asyncio.py", line 26, in inner
    return func(*args, **kwargs)
           ^^^^^^^^^^^^^^^^^^^^^
  File "/workspace/scratch/c7b51e996a9f/demo-check-env/lib/python3.12/site-packages/django/db/backends/base/base.py", line 320, in cursor
    return self._cursor()
           ^^^^^^^^^^^^^^
  File "/workspace/scratch/c7b51e996a9f/demo-check-env/lib/python3.12/site-packages/django/db/backends/base/base.py", line 297, in _cursor
    with self.wrap_database_errors:
         ^^^^^^^^^^^^^^^^^^^^^^^^^
  File "/workspace/scratch/c7b51e996a9f/demo-check-env/lib/python3.12/site-packages/django/db/utils.py", line 94, in __exit__
    raise dj_exc_value.with_traceback(traceback) from exc_value
  File "/workspace/scratch/c7b51e996a9f/demo-check-env/lib/python3.12/site-packages/django/db/backends/base/base.py", line 298, in _cursor
    return self._prepare_cursor(self.create_cursor(name))
                                ^^^^^^^^^^^^^^^^^^^^^^^^
  File "/workspace/scratch/c7b51e996a9f/demo-check-env/lib/python3.12/site-packages/django/db/backends/sqlite3/base.py", line 218, in create_cursor
    return self.connection.cursor(factory=SQLiteCursorWrapper)
           ^^^^^^^^^^^^^^^^^^^^^^^^^^^^^^^^^^^^^^^^^^^^^^^^^^^
django.db.utils.ProgrammingError: Cannot operate on a closed database.

======================================================================
ERROR: test_metadata_list_and_detail_do_not_select_binary_content (a08_document_integrity_tests.A08DocumentIntegrityTests.test_metadata_list_and_detail_do_not_select_binary_content)
----------------------------------------------------------------------
Traceback (most recent call last):
  File "/workspace/scratch/c7b51e996a9f/demo-check-env/lib/python3.12/site-packages/django/db/backends/base/base.py", line 298, in _cursor
    return self._prepare_cursor(self.create_cursor(name))
                                ^^^^^^^^^^^^^^^^^^^^^^^^
  File "/workspace/scratch/c7b51e996a9f/demo-check-env/lib/python3.12/site-packages/django/db/backends/sqlite3/base.py", line 218, in create_cursor
    return self.connection.cursor(factory=SQLiteCursorWrapper)
           ^^^^^^^^^^^^^^^^^^^^^^^^^^^^^^^^^^^^^^^^^^^^^^^^^^^
sqlite3.ProgrammingError: Cannot operate on a closed database.

The above exception was the direct cause of the following exception:

Traceback (most recent call last):
  File "/workspace/scratch/c7b51e996a9f/tmp/a08_document_integrity_tests.py", line 35, in setUp
    login_test_client(self.client, 'ceo', capabilities=('view_document', 'download_document', 'export_workspace'))
  File "/workspace/sites/bos-original-refined/scripts/check_support.py", line 66, in login_test_client
    user = get_user_model().objects.create_user(username='bos-test-' + uuid4().hex,
           ^^^^^^^^^^^^^^^^^^^^^^^^^^^^^^^^^^^^^^^^^^^^^^^^^^^^^^^^^^^^^^^^^^^^^^^^
  File "/workspace/scratch/c7b51e996a9f/demo-check-env/lib/python3.12/site-packages/django/contrib/auth/models.py", line 175, in create_user
    return self._create_user(username, email, password, **extra_fields)
           ^^^^^^^^^^^^^^^^^^^^^^^^^^^^^^^^^^^^^^^^^^^^^^^^^^^^^^^^^^^^
  File "/workspace/scratch/c7b51e996a9f/demo-check-env/lib/python3.12/site-packages/django/contrib/auth/models.py", line 163, in _create_user
    user.save(using=self._db)
  File "/workspace/scratch/c7b51e996a9f/demo-check-env/lib/python3.12/site-packages/django/contrib/auth/base_user.py", line 62, in save
    super().save(**kwargs)
  File "/workspace/scratch/c7b51e996a9f/demo-check-env/lib/python3.12/site-packages/django/db/models/base.py", line 874, in save
    self.save_base(
  File "/workspace/scratch/c7b51e996a9f/demo-check-env/lib/python3.12/site-packages/django/db/models/base.py", line 966, in save_base
    updated = self._save_table(
              ^^^^^^^^^^^^^^^^^
  File "/workspace/scratch/c7b51e996a9f/demo-check-env/lib/python3.12/site-packages/django/db/models/base.py", line 1169, in _save_table
    results = self._do_insert(
              ^^^^^^^^^^^^^^^^
  File "/workspace/scratch/c7b51e996a9f/demo-check-env/lib/python3.12/site-packages/django/db/models/base.py", line 1220, in _do_insert
    return manager._insert(
           ^^^^^^^^^^^^^^^^
  File "/workspace/scratch/c7b51e996a9f/demo-check-env/lib/python3.12/site-packages/django/db/models/manager.py", line 87, in manager_method
    return getattr(self.get_queryset(), name)(*args, **kwargs)
           ^^^^^^^^^^^^^^^^^^^^^^^^^^^^^^^^^^^^^^^^^^^^^^^^^^^
  File "/workspace/scratch/c7b51e996a9f/demo-check-env/lib/python3.12/site-packages/django/db/models/query.py", line 1918, in _insert
    return query.get_compiler(using=using).execute_sql(returning_fields)
           ^^^^^^^^^^^^^^^^^^^^^^^^^^^^^^^^^^^^^^^^^^^^^^^^^^^^^^^^^^^^^
  File "/workspace/scratch/c7b51e996a9f/demo-check-env/lib/python3.12/site-packages/django/db/models/sql/compiler.py", line 1923, in execute_sql
    with self.connection.cursor() as cursor:
         ^^^^^^^^^^^^^^^^^^^^^^^^
  File "/workspace/scratch/c7b51e996a9f/demo-check-env/lib/python3.12/site-packages/django/utils/asyncio.py", line 26, in inner
    return func(*args, **kwargs)
           ^^^^^^^^^^^^^^^^^^^^^
  File "/workspace/scratch/c7b51e996a9f/demo-check-env/lib/python3.12/site-packages/django/db/backends/base/base.py", line 320, in cursor
    return self._cursor()
           ^^^^^^^^^^^^^^
  File "/workspace/scratch/c7b51e996a9f/demo-check-env/lib/python3.12/site-packages/django/db/backends/base/base.py", line 297, in _cursor
    with self.wrap_database_errors:
         ^^^^^^^^^^^^^^^^^^^^^^^^^
  File "/workspace/scratch/c7b51e996a9f/demo-check-env/lib/python3.12/site-packages/django/db/utils.py", line 94, in __exit__
    raise dj_exc_value.with_traceback(traceback) from exc_value
  File "/workspace/scratch/c7b51e996a9f/demo-check-env/lib/python3.12/site-packages/django/db/backends/base/base.py", line 298, in _cursor
    return self._prepare_cursor(self.create_cursor(name))
                                ^^^^^^^^^^^^^^^^^^^^^^^^
  File "/workspace/scratch/c7b51e996a9f/demo-check-env/lib/python3.12/site-packages/django/db/backends/sqlite3/base.py", line 218, in create_cursor
    return self.connection.cursor(factory=SQLiteCursorWrapper)
           ^^^^^^^^^^^^^^^^^^^^^^^^^^^^^^^^^^^^^^^^^^^^^^^^^^^
django.db.utils.ProgrammingError: Cannot operate on a closed database.

======================================================================
ERROR: test_missing_download_permission_is_denied_before_integrity_oracle (a08_document_integrity_tests.A08DocumentIntegrityTests.test_missing_download_permission_is_denied_before_integrity_oracle)
----------------------------------------------------------------------
Traceback (most recent call last):
  File "/workspace/scratch/c7b51e996a9f/demo-check-env/lib/python3.12/site-packages/django/db/backends/base/base.py", line 298, in _cursor
    return self._prepare_cursor(self.create_cursor(name))
                                ^^^^^^^^^^^^^^^^^^^^^^^^
  File "/workspace/scratch/c7b51e996a9f/demo-check-env/lib/python3.12/site-packages/django/db/backends/sqlite3/base.py", line 218, in create_cursor
    return self.connection.cursor(factory=SQLiteCursorWrapper)
           ^^^^^^^^^^^^^^^^^^^^^^^^^^^^^^^^^^^^^^^^^^^^^^^^^^^
sqlite3.ProgrammingError: Cannot operate on a closed database.

The above exception was the direct cause of the following exception:

Traceback (most recent call last):
  File "/workspace/scratch/c7b51e996a9f/tmp/a08_document_integrity_tests.py", line 35, in setUp
    login_test_client(self.client, 'ceo', capabilities=('view_document', 'download_document', 'export_workspace'))
  File "/workspace/sites/bos-original-refined/scripts/check_support.py", line 66, in login_test_client
    user = get_user_model().objects.create_user(username='bos-test-' + uuid4().hex,
           ^^^^^^^^^^^^^^^^^^^^^^^^^^^^^^^^^^^^^^^^^^^^^^^^^^^^^^^^^^^^^^^^^^^^^^^^
  File "/workspace/scratch/c7b51e996a9f/demo-check-env/lib/python3.12/site-packages/django/contrib/auth/models.py", line 175, in create_user
    return self._create_user(username, email, password, **extra_fields)
           ^^^^^^^^^^^^^^^^^^^^^^^^^^^^^^^^^^^^^^^^^^^^^^^^^^^^^^^^^^^^
  File "/workspace/scratch/c7b51e996a9f/demo-check-env/lib/python3.12/site-packages/django/contrib/auth/models.py", line 163, in _create_user
    user.save(using=self._db)
  File "/workspace/scratch/c7b51e996a9f/demo-check-env/lib/python3.12/site-packages/django/contrib/auth/base_user.py", line 62, in save
    super().save(**kwargs)
  File "/workspace/scratch/c7b51e996a9f/demo-check-env/lib/python3.12/site-packages/django/db/models/base.py", line 874, in save
    self.save_base(
  File "/workspace/scratch/c7b51e996a9f/demo-check-env/lib/python3.12/site-packages/django/db/models/base.py", line 966, in save_base
    updated = self._save_table(
              ^^^^^^^^^^^^^^^^^
  File "/workspace/scratch/c7b51e996a9f/demo-check-env/lib/python3.12/site-packages/django/db/models/base.py", line 1169, in _save_table
    results = self._do_insert(
              ^^^^^^^^^^^^^^^^
  File "/workspace/scratch/c7b51e996a9f/demo-check-env/lib/python3.12/site-packages/django/db/models/base.py", line 1220, in _do_insert
    return manager._insert(
           ^^^^^^^^^^^^^^^^
  File "/workspace/scratch/c7b51e996a9f/demo-check-env/lib/python3.12/site-packages/django/db/models/manager.py", line 87, in manager_method
    return getattr(self.get_queryset(), name)(*args, **kwargs)
           ^^^^^^^^^^^^^^^^^^^^^^^^^^^^^^^^^^^^^^^^^^^^^^^^^^^
  File "/workspace/scratch/c7b51e996a9f/demo-check-env/lib/python3.12/site-packages/django/db/models/query.py", line 1918, in _insert
    return query.get_compiler(using=using).execute_sql(returning_fields)
           ^^^^^^^^^^^^^^^^^^^^^^^^^^^^^^^^^^^^^^^^^^^^^^^^^^^^^^^^^^^^^
  File "/workspace/scratch/c7b51e996a9f/demo-check-env/lib/python3.12/site-packages/django/db/models/sql/compiler.py", line 1923, in execute_sql
    with self.connection.cursor() as cursor:
         ^^^^^^^^^^^^^^^^^^^^^^^^
  File "/workspace/scratch/c7b51e996a9f/demo-check-env/lib/python3.12/site-packages/django/utils/asyncio.py", line 26, in inner
    return func(*args, **kwargs)
           ^^^^^^^^^^^^^^^^^^^^^
  File "/workspace/scratch/c7b51e996a9f/demo-check-env/lib/python3.12/site-packages/django/db/backends/base/base.py", line 320, in cursor
    return self._cursor()
           ^^^^^^^^^^^^^^
  File "/workspace/scratch/c7b51e996a9f/demo-check-env/lib/python3.12/site-packages/django/db/backends/base/base.py", line 297, in _cursor
    with self.wrap_database_errors:
         ^^^^^^^^^^^^^^^^^^^^^^^^^
  File "/workspace/scratch/c7b51e996a9f/demo-check-env/lib/python3.12/site-packages/django/db/utils.py", line 94, in __exit__
    raise dj_exc_value.with_traceback(traceback) from exc_value
  File "/workspace/scratch/c7b51e996a9f/demo-check-env/lib/python3.12/site-packages/django/db/backends/base/base.py", line 298, in _cursor
    return self._prepare_cursor(self.create_cursor(name))
                                ^^^^^^^^^^^^^^^^^^^^^^^^
  File "/workspace/scratch/c7b51e996a9f/demo-check-env/lib/python3.12/site-packages/django/db/backends/sqlite3/base.py", line 218, in create_cursor
    return self.connection.cursor(factory=SQLiteCursorWrapper)
           ^^^^^^^^^^^^^^^^^^^^^^^^^^^^^^^^^^^^^^^^^^^^^^^^^^^
django.db.utils.ProgrammingError: Cannot operate on a closed database.

======================================================================
ERROR: test_valid_legacy_text_only_remains_downloadable_without_repair (a08_document_integrity_tests.A08DocumentIntegrityTests.test_valid_legacy_text_only_remains_downloadable_without_repair)
----------------------------------------------------------------------
Traceback (most recent call last):
  File "/workspace/scratch/c7b51e996a9f/demo-check-env/lib/python3.12/site-packages/django/db/backends/base/base.py", line 298, in _cursor
    return self._prepare_cursor(self.create_cursor(name))
                                ^^^^^^^^^^^^^^^^^^^^^^^^
  File "/workspace/scratch/c7b51e996a9f/demo-check-env/lib/python3.12/site-packages/django/db/backends/sqlite3/base.py", line 218, in create_cursor
    return self.connection.cursor(factory=SQLiteCursorWrapper)
           ^^^^^^^^^^^^^^^^^^^^^^^^^^^^^^^^^^^^^^^^^^^^^^^^^^^
sqlite3.ProgrammingError: Cannot operate on a closed database.

The above exception was the direct cause of the following exception:

Traceback (most recent call last):
  File "/workspace/scratch/c7b51e996a9f/tmp/a08_document_integrity_tests.py", line 35, in setUp
    login_test_client(self.client, 'ceo', capabilities=('view_document', 'download_document', 'export_workspace'))
  File "/workspace/sites/bos-original-refined/scripts/check_support.py", line 66, in login_test_client
    user = get_user_model().objects.create_user(username='bos-test-' + uuid4().hex,
           ^^^^^^^^^^^^^^^^^^^^^^^^^^^^^^^^^^^^^^^^^^^^^^^^^^^^^^^^^^^^^^^^^^^^^^^^
  File "/workspace/scratch/c7b51e996a9f/demo-check-env/lib/python3.12/site-packages/django/contrib/auth/models.py", line 175, in create_user
    return self._create_user(username, email, password, **extra_fields)
           ^^^^^^^^^^^^^^^^^^^^^^^^^^^^^^^^^^^^^^^^^^^^^^^^^^^^^^^^^^^^
  File "/workspace/scratch/c7b51e996a9f/demo-check-env/lib/python3.12/site-packages/django/contrib/auth/models.py", line 163, in _create_user
    user.save(using=self._db)
  File "/workspace/scratch/c7b51e996a9f/demo-check-env/lib/python3.12/site-packages/django/contrib/auth/base_user.py", line 62, in save
    super().save(**kwargs)
  File "/workspace/scratch/c7b51e996a9f/demo-check-env/lib/python3.12/site-packages/django/db/models/base.py", line 874, in save
    self.save_base(
  File "/workspace/scratch/c7b51e996a9f/demo-check-env/lib/python3.12/site-packages/django/db/models/base.py", line 966, in save_base
    updated = self._save_table(
              ^^^^^^^^^^^^^^^^^
  File "/workspace/scratch/c7b51e996a9f/demo-check-env/lib/python3.12/site-packages/django/db/models/base.py", line 1169, in _save_table
    results = self._do_insert(
              ^^^^^^^^^^^^^^^^
  File "/workspace/scratch/c7b51e996a9f/demo-check-env/lib/python3.12/site-packages/django/db/models/base.py", line 1220, in _do_insert
    return manager._insert(
           ^^^^^^^^^^^^^^^^
  File "/workspace/scratch/c7b51e996a9f/demo-check-env/lib/python3.12/site-packages/django/db/models/manager.py", line 87, in manager_method
    return getattr(self.get_queryset(), name)(*args, **kwargs)
           ^^^^^^^^^^^^^^^^^^^^^^^^^^^^^^^^^^^^^^^^^^^^^^^^^^^
  File "/workspace/scratch/c7b51e996a9f/demo-check-env/lib/python3.12/site-packages/django/db/models/query.py", line 1918, in _insert
    return query.get_compiler(using=using).execute_sql(returning_fields)
           ^^^^^^^^^^^^^^^^^^^^^^^^^^^^^^^^^^^^^^^^^^^^^^^^^^^^^^^^^^^^^
  File "/workspace/scratch/c7b51e996a9f/demo-check-env/lib/python3.12/site-packages/django/db/models/sql/compiler.py", line 1923, in execute_sql
    with self.connection.cursor() as cursor:
         ^^^^^^^^^^^^^^^^^^^^^^^^
  File "/workspace/scratch/c7b51e996a9f/demo-check-env/lib/python3.12/site-packages/django/utils/asyncio.py", line 26, in inner
    return func(*args, **kwargs)
           ^^^^^^^^^^^^^^^^^^^^^
  File "/workspace/scratch/c7b51e996a9f/demo-check-env/lib/python3.12/site-packages/django/db/backends/base/base.py", line 320, in cursor
    return self._cursor()
           ^^^^^^^^^^^^^^
  File "/workspace/scratch/c7b51e996a9f/demo-check-env/lib/python3.12/site-packages/django/db/backends/base/base.py", line 297, in _cursor
    with self.wrap_database_errors:
         ^^^^^^^^^^^^^^^^^^^^^^^^^
  File "/workspace/scratch/c7b51e996a9f/demo-check-env/lib/python3.12/site-packages/django/db/utils.py", line 94, in __exit__
    raise dj_exc_value.with_traceback(traceback) from exc_value
  File "/workspace/scratch/c7b51e996a9f/demo-check-env/lib/python3.12/site-packages/django/db/backends/base/base.py", line 298, in _cursor
    return self._prepare_cursor(self.create_cursor(name))
                                ^^^^^^^^^^^^^^^^^^^^^^^^
  File "/workspace/scratch/c7b51e996a9f/demo-check-env/lib/python3.12/site-packages/django/db/backends/sqlite3/base.py", line 218, in create_cursor
    return self.connection.cursor(factory=SQLiteCursorWrapper)
           ^^^^^^^^^^^^^^^^^^^^^^^^^^^^^^^^^^^^^^^^^^^^^^^^^^^
django.db.utils.ProgrammingError: Cannot operate on a closed database.

======================================================================
FAIL: test_corrupted_blob_cannot_be_approved_using_stored_checksum (a08_document_integrity_tests.A08DocumentIntegrityTests.test_corrupted_blob_cannot_be_approved_using_stored_checksum)
----------------------------------------------------------------------
Traceback (most recent call last):
  File "/workspace/scratch/c7b51e996a9f/tmp/a08_document_integrity_tests.py", line 69, in test_corrupted_blob_cannot_be_approved_using_stored_checksum
    self.assertEqual(response.status_code, 422, response.content)
AssertionError: 200 != 422 : b'{"id": 1, "code": "A08-CERT", "revision": "A", "title": "\\u0421\\u0438\\u043d\\u0442\\u0435\\u0442\\u0438\\u0447\\u043d\\u0438\\u0439 \\u0441\\u0435\\u0440\\u0442\\u0438\\u0444\\u0456\\u043a\\u0430\\u0442 A08", "status": "approved", "filename": "a08-certificate.txt", "checksum": "f8615ccea56c790ab9cd0eadca0245f02a38ca3ab9cd922c3de83d225260c102", "contract_id": null, "created_at": "2026-09-11T21:56:14.073865+00:00", "current": true}'

----------------------------------------------------------------------
Ran 8 tests in 0.043s

FAILED (failures=1, errors=7)
Destroying test database for alias 'default' ('/workspace/scratch/c7b51e996a9f/tmp/check_a08_red_ef814a1e.sqlite3_django_test')...
 OK
System check identified no issues (0 silenced).
