Creating test database for alias 'default' ('/workspace/scratch/c7b51e996a9f/tmp/check_a08_red_f301b6d2.sqlite3_django_test')...
Destroying old test database for alias 'default' ('/workspace/scratch/c7b51e996a9f/tmp/check_a08_red_f301b6d2.sqlite3_django_test')...
Found 8 test(s).
Operations to perform:
  Synchronize unmigrated apps: django_filters, messages, rest_framework, staticfiles
  Apply all migrations: admin, ai_assistant, auth, branches, contenttypes, employees, erp, finance, operations, sessions, tasks
Synchronizing apps without migrations:
  Creating tables...
    Running deferred SQL...
Running migrations:
  Applying contenttypes.0001_initial... OK
  Applying auth.0001_initial... OK
  Applying admin.0001_initial... OK
  Applying admin.0002_logentry_remove_auto_add... OK
  Applying admin.0003_logentry_add_action_flag_choices... OK
  Applying ai_assistant.0001_initial... OK
  Applying ai_assistant.0002_taskchangelog... OK
  Applying ai_assistant.0003_claudeusagelog... OK
  Applying ai_assistant.0004_employeechangelog... OK
  Applying ai_assistant.0005_chatfile... OK
  Applying ai_assistant.0006_alter_chatmessage_created_at_and_more... OK
  Applying ai_assistant.0007_employeechangelog_undone_at... OK
  Applying ai_assistant.0008_chatmessage_archived_at_chatmessage_user_and_more... OK
  Applying contenttypes.0002_remove_content_type_name... OK
  Applying auth.0002_alter_permission_name_max_length... OK
  Applying auth.0003_alter_user_email_max_length... OK
  Applying auth.0004_alter_user_username_opts... OK
  Applying auth.0005_alter_user_last_login_null... OK
  Applying auth.0006_require_contenttypes_0002... OK
  Applying auth.0007_alter_validators_add_error_messages... OK
  Applying auth.0008_alter_user_username_max_length... OK
  Applying auth.0009_alter_user_last_name_max_length... OK
  Applying auth.0010_alter_group_name_max_length... OK
  Applying auth.0011_update_proxy_permissions... OK
  Applying auth.0012_alter_user_first_name_max_length... OK
  Applying branches.0001_initial... OK
  Applying branches.0002_branch_short_name... OK
  Applying branches.0003_fill_short_names... OK
  Applying employees.0001_initial... OK
  Applying employees.0002_alter_employee_department... OK
  Applying employees.0003_employee_branch... OK
  Applying employees.0004_employee_archived_at... OK
  Applying employees.0005_employee_user... OK
  Applying tasks.0001_initial... OK
  Applying tasks.0002_alter_task_priority... OK
  Applying tasks.0003_alter_task_deadline_alter_task_priority_and_more... OK
  Applying tasks.0004_task_branch... OK
  Applying finance.0001_initial... OK
  Applying finance.0002_alter_salary_unique_together_alter_contract_status_and_more... OK
  Applying finance.0003_transaction_branch... OK
  Applying operations.0001_initial... OK
  Applying erp.0001_initial... OK
  Applying erp.0002_row_boundaries... OK
  Applying finance.0004_salary_archived_at_transaction_archived_at_and_more... OK
  Applying finance.0005_alter_transaction_branch_alter_transaction_contract_and_more... OK
  Applying finance.0006_financialintent... OK
  Applying finance.0007_money_boundaries... OK
  Applying operations.0002_actionproposal_user... OK
  Applying operations.0003_loginattempt... OK
  Applying operations.0004_alter_document_options_document_access_level... OK
  Applying operations.0005_invoice_boundaries... OK
  Applying sessions.0001_initial...test_corrupted_blob_cannot_be_approved_using_stored_checksum (a08_document_integrity_tests.A08DocumentIntegrityTests.test_corrupted_blob_cannot_be_approved_using_stored_checksum) ... FAIL
test_corrupted_blob_cannot_be_downloaded_under_original_checksum (a08_document_integrity_tests.A08DocumentIntegrityTests.test_corrupted_blob_cannot_be_downloaded_under_original_checksum) ... FAIL
test_empty_original_hash_serves_empty_bytes_not_unrelated_text (a08_document_integrity_tests.A08DocumentIntegrityTests.test_empty_original_hash_serves_empty_bytes_not_unrelated_text) ... FAIL
test_legacy_text_only_download_requires_exact_stored_hash (a08_document_integrity_tests.A08DocumentIntegrityTests.test_legacy_text_only_download_requires_exact_stored_hash) ... FAIL
test_legacy_text_only_review_requires_exact_stored_hash (a08_document_integrity_tests.A08DocumentIntegrityTests.test_legacy_text_only_review_requires_exact_stored_hash) ... FAIL
test_metadata_list_and_detail_do_not_select_binary_content (a08_document_integrity_tests.A08DocumentIntegrityTests.test_metadata_list_and_detail_do_not_select_binary_content) ... 
  test_metadata_list_and_detail_do_not_select_binary_content (a08_document_integrity_tests.A08DocumentIntegrityTests.test_metadata_list_and_detail_do_not_select_binary_content) (path='/api/operations/documents/') ... FAIL
  test_metadata_list_and_detail_do_not_select_binary_content (a08_document_integrity_tests.A08DocumentIntegrityTests.test_metadata_list_and_detail_do_not_select_binary_content) (path='/api/operations/documents/1/') ... FAIL
test_missing_download_permission_is_denied_before_integrity_oracle (a08_document_integrity_tests.A08DocumentIntegrityTests.test_missing_download_permission_is_denied_before_integrity_oracle) ... ok
test_valid_legacy_text_only_remains_downloadable_without_repair (a08_document_integrity_tests.A08DocumentIntegrityTests.test_valid_legacy_text_only_remains_downloadable_without_repair) ... ok

======================================================================
FAIL: test_corrupted_blob_cannot_be_approved_using_stored_checksum (a08_document_integrity_tests.A08DocumentIntegrityTests.test_corrupted_blob_cannot_be_approved_using_stored_checksum)
----------------------------------------------------------------------
Traceback (most recent call last):
  File "/workspace/scratch/c7b51e996a9f/tmp/a08_document_integrity_tests.py", line 68, in test_corrupted_blob_cannot_be_approved_using_stored_checksum
    self.assertEqual(response.status_code, 422, response.content)
AssertionError: 200 != 422 : b'{"id": 1, "code": "A08-CERT", "revision": "A", "title": "\\u0421\\u0438\\u043d\\u0442\\u0435\\u0442\\u0438\\u0447\\u043d\\u0438\\u0439 \\u0441\\u0435\\u0440\\u0442\\u0438\\u0444\\u0456\\u043a\\u0430\\u0442 A08", "status": "approved", "filename": "a08-certificate.txt", "checksum": "f8615ccea56c790ab9cd0eadca0245f02a38ca3ab9cd922c3de83d225260c102", "contract_id": null, "created_at": "2026-09-11T21:56:58.975479+00:00", "current": true}'

======================================================================
FAIL: test_corrupted_blob_cannot_be_downloaded_under_original_checksum (a08_document_integrity_tests.A08DocumentIntegrityTests.test_corrupted_blob_cannot_be_downloaded_under_original_checksum)
----------------------------------------------------------------------
Traceback (most recent call last):
  File "/workspace/scratch/c7b51e996a9f/tmp/a08_document_integrity_tests.py", line 61, in test_corrupted_blob_cannot_be_downloaded_under_original_checksum
    self.assertEqual(status, 422, body)
AssertionError: 200 != 422 : b'A08 CORRUPTED FILE BYTES'

======================================================================
FAIL: test_empty_original_hash_serves_empty_bytes_not_unrelated_text (a08_document_integrity_tests.A08DocumentIntegrityTests.test_empty_original_hash_serves_empty_bytes_not_unrelated_text)
----------------------------------------------------------------------
Traceback (most recent call last):
  File "/workspace/scratch/c7b51e996a9f/tmp/a08_document_integrity_tests.py", line 103, in test_empty_original_hash_serves_empty_bytes_not_unrelated_text
    self.assertEqual(body, b'', 'An empty original is identified by its actual SHA, not truthiness')
AssertionError: b'A08 DERIVED TEXT IS NOT ORIGINAL' != b'' : An empty original is identified by its actual SHA, not truthiness

======================================================================
FAIL: test_legacy_text_only_download_requires_exact_stored_hash (a08_document_integrity_tests.A08DocumentIntegrityTests.test_legacy_text_only_download_requires_exact_stored_hash)
----------------------------------------------------------------------
Traceback (most recent call last):
  File "/workspace/scratch/c7b51e996a9f/tmp/a08_document_integrity_tests.py", line 77, in test_legacy_text_only_download_requires_exact_stored_hash
    self.assertEqual(status, 422, body)
AssertionError: 200 != 422 : b'A08 UNVERIFIED FALLBACK'

======================================================================
FAIL: test_legacy_text_only_review_requires_exact_stored_hash (a08_document_integrity_tests.A08DocumentIntegrityTests.test_legacy_text_only_review_requires_exact_stored_hash)
----------------------------------------------------------------------
Traceback (most recent call last):
  File "/workspace/scratch/c7b51e996a9f/tmp/a08_document_integrity_tests.py", line 84, in test_legacy_text_only_review_requires_exact_stored_hash
    self.assertEqual(response.status_code, 422, response.content)
AssertionError: 200 != 422 : b'{"id": 1, "code": "A08-CERT", "revision": "A", "title": "\\u0421\\u0438\\u043d\\u0442\\u0435\\u0442\\u0438\\u0447\\u043d\\u0438\\u0439 \\u0441\\u0435\\u0440\\u0442\\u0438\\u0444\\u0456\\u043a\\u0430\\u0442 A08", "status": "approved", "filename": "a08-certificate.txt", "checksum": "f8615ccea56c790ab9cd0eadca0245f02a38ca3ab9cd922c3de83d225260c102", "contract_id": null, "created_at": "2026-09-11T21:56:59.045791+00:00", "current": true}'

======================================================================
FAIL: test_metadata_list_and_detail_do_not_select_binary_content (a08_document_integrity_tests.A08DocumentIntegrityTests.test_metadata_list_and_detail_do_not_select_binary_content) (path='/api/operations/documents/')
----------------------------------------------------------------------
Traceback (most recent call last):
  File "/workspace/scratch/c7b51e996a9f/tmp/a08_document_integrity_tests.py", line 116, in test_metadata_list_and_detail_do_not_select_binary_content
    self.assertEqual(blob_selects, [], 'Metadata must not hydrate originals from BLOB storage')
AssertionError: Lists differ: ['SELECT "operations_document"."id", "oper[1027 chars]T 1'] != []

First list contains 2 additional elements.
First extra element 0:
'SELECT "operations_document"."id", "operations_document"."access_level", "operations_document"."code", "operations_document"."revision", "operations_document"."title", "operations_document"."filename", "operations_document"."content", "operations_document"."text", "operations_document"."sections", "operations_document"."status", "operations_document"."checksum", "operations_document"."contract_id", "operations_document"."created_at" FROM "operations_document" ORDER BY "operations_document"."id" DESC'

Diff is 1175 characters long. Set self.maxDiff to None to see it. : Metadata must not hydrate originals from BLOB storage

======================================================================
FAIL: test_metadata_list_and_detail_do_not_select_binary_content (a08_document_integrity_tests.A08DocumentIntegrityTests.test_metadata_list_and_detail_do_not_select_binary_content) (path='/api/operations/documents/1/')
----------------------------------------------------------------------
Traceback (most recent call last):
  File "/workspace/scratch/c7b51e996a9f/tmp/a08_document_integrity_tests.py", line 116, in test_metadata_list_and_detail_do_not_select_binary_content
    self.assertEqual(blob_selects, [], 'Metadata must not hydrate originals from BLOB storage')
AssertionError: Lists differ: ['SELECT "operations_document"."id", "oper[2164 chars]T 1'] != []

First list contains 4 additional elements.
First extra element 0:
'SELECT "operations_document"."id", "operations_document"."access_level", "operations_document"."code", "operations_document"."revision", "operations_document"."title", "operations_document"."filename", "operations_document"."content", "operations_document"."text", "operations_document"."sections", "operations_document"."status", "operations_document"."checksum", "operations_document"."contract_id", "operations_document"."created_at" FROM "operations_document" WHERE "operations_document"."id" = 1 LIMIT 21'

Diff is 2414 characters long. Set self.maxDiff to None to see it. : Metadata must not hydrate originals from BLOB storage

----------------------------------------------------------------------
Ran 8 tests in 0.145s

FAILED (failures=7)
Destroying test database for alias 'default' ('/workspace/scratch/c7b51e996a9f/tmp/check_a08_red_f301b6d2.sqlite3_django_test')...
 OK
System check identified no issues (0 silenced).
