Creating test database for alias 'default' ('/workspace/scratch/c7b51e996a9f/tmp/check_a08_erp_red_389bb4b1.sqlite3_django_test')...
Destroying old test database for alias 'default' ('/workspace/scratch/c7b51e996a9f/tmp/check_a08_erp_red_389bb4b1.sqlite3_django_test')...
Found 1 test(s).
Operations to perform:
  Synchronize unmigrated apps: django_filters, messages, rest_framework, staticfiles
  Apply all migrations: admin, ai_assistant, auth, branches, contenttypes, employees, erp, finance, operations, sessions, tasks
Synchronizing apps without migrations:
  Creating tables...
    Running deferred SQL...
Running migrations:
  Applying contenttypes.0001_initial... OK
  Applying auth.0001_initial... OK
  Applying admin.0001_initial... OK
  Applying admin.0002_logentry_remove_auto_add... OK
  Applying admin.0003_logentry_add_action_flag_choices... OK
  Applying ai_assistant.0001_initial... OK
  Applying ai_assistant.0002_taskchangelog... OK
  Applying ai_assistant.0003_claudeusagelog... OK
  Applying ai_assistant.0004_employeechangelog... OK
  Applying ai_assistant.0005_chatfile... OK
  Applying ai_assistant.0006_alter_chatmessage_created_at_and_more... OK
  Applying ai_assistant.0007_employeechangelog_undone_at... OK
  Applying ai_assistant.0008_chatmessage_archived_at_chatmessage_user_and_more... OK
  Applying contenttypes.0002_remove_content_type_name... OK
  Applying auth.0002_alter_permission_name_max_length... OK
  Applying auth.0003_alter_user_email_max_length... OK
  Applying auth.0004_alter_user_username_opts... OK
  Applying auth.0005_alter_user_last_login_null... OK
  Applying auth.0006_require_contenttypes_0002... OK
  Applying auth.0007_alter_validators_add_error_messages... OK
  Applying auth.0008_alter_user_username_max_length... OK
  Applying auth.0009_alter_user_last_name_max_length... OK
  Applying auth.0010_alter_group_name_max_length... OK
  Applying auth.0011_update_proxy_permissions... OK
  Applying auth.0012_alter_user_first_name_max_length... OK
  Applying branches.0001_initial... OK
  Applying branches.0002_branch_short_name... OK
  Applying branches.0003_fill_short_names... OK
  Applying employees.0001_initial... OK
  Applying employees.0002_alter_employee_department... OK
  Applying employees.0003_employee_branch... OK
  Applying employees.0004_employee_archived_at... OK
  Applying employees.0005_employee_user... OK
  Applying tasks.0001_initial... OK
  Applying tasks.0002_alter_task_priority... OK
  Applying tasks.0003_alter_task_deadline_alter_task_priority_and_more... OK
  Applying tasks.0004_task_branch... OK
  Applying finance.0001_initial... OK
  Applying finance.0002_alter_salary_unique_together_alter_contract_status_and_more... OK
  Applying finance.0003_transaction_branch... OK
  Applying operations.0001_initial... OK
  Applying erp.0001_initial... OK
  Applying erp.0002_row_boundaries... OK
  Applying finance.0004_salary_archived_at_transaction_archived_at_and_more... OK
  Applying finance.0005_alter_transaction_branch_alter_transaction_contract_and_more... OK
  Applying finance.0006_financialintent... OK
  Applying finance.0007_money_boundaries... OK
  Applying operations.0002_actionproposal_user... OK
  Applying operations.0003_loginattempt... OK
  Applying operations.0004_alter_document_options_document_access_level... OK
  Applying operations.0005_invoice_boundaries... OK
  Applying sessions.0001_initial...test_confirmation_rechecks_original_bytes_for_quality_change_and_apply_change (a08_erp_document_integrity_tests.A08ERPDocumentIntegrityTests.test_confirmation_rechecks_original_bytes_for_quality_change_and_apply_change) ... 
  test_confirmation_rechecks_original_bytes_for_quality_change_and_apply_change (a08_erp_document_integrity_tests.A08ERPDocumentIntegrityTests.test_confirmation_rechecks_original_bytes_for_quality_change_and_apply_change) (action='quality', contract='controlled refusal') ... FAIL
  test_confirmation_rechecks_original_bytes_for_quality_change_and_apply_change (a08_erp_document_integrity_tests.A08ERPDocumentIntegrityTests.test_confirmation_rechecks_original_bytes_for_quality_change_and_apply_change) (action='quality', contract='no stock/version/receipt mutation') ... FAIL
  test_confirmation_rechecks_original_bytes_for_quality_change_and_apply_change (a08_erp_document_integrity_tests.A08ERPDocumentIntegrityTests.test_confirmation_rechecks_original_bytes_for_quality_change_and_apply_change) (action='change', contract='controlled refusal') ... FAIL
  test_confirmation_rechecks_original_bytes_for_quality_change_and_apply_change (a08_erp_document_integrity_tests.A08ERPDocumentIntegrityTests.test_confirmation_rechecks_original_bytes_for_quality_change_and_apply_change) (action='change', contract='no stock/version/receipt mutation') ... FAIL
  test_confirmation_rechecks_original_bytes_for_quality_change_and_apply_change (a08_erp_document_integrity_tests.A08ERPDocumentIntegrityTests.test_confirmation_rechecks_original_bytes_for_quality_change_and_apply_change) (action='apply_change', contract='controlled refusal') ... FAIL
  test_confirmation_rechecks_original_bytes_for_quality_change_and_apply_change (a08_erp_document_integrity_tests.A08ERPDocumentIntegrityTests.test_confirmation_rechecks_original_bytes_for_quality_change_and_apply_change) (action='apply_change', contract='no stock/version/receipt mutation') ... FAIL

======================================================================
FAIL: test_confirmation_rechecks_original_bytes_for_quality_change_and_apply_change (a08_erp_document_integrity_tests.A08ERPDocumentIntegrityTests.test_confirmation_rechecks_original_bytes_for_quality_change_and_apply_change) (action='quality', contract='controlled refusal')
----------------------------------------------------------------------
Traceback (most recent call last):
  File "/workspace/scratch/c7b51e996a9f/tmp/a08_erp_document_integrity_tests.py", line 92, in test_confirmation_rechecks_original_bytes_for_quality_change_and_apply_change
    self.assertEqual(confirmed.status_code, 422, confirmed.content)
AssertionError: 200 != 422 : b'{"state": "succeeded", "inspection_id": 1, "lot_id": 1, "quality": "approved", "erp_event_id": 1, "impact": [{"kind": "lots", "id": 1, "code": "A08-QUALITY", "field": "available", "label": "\\u041f\\u0440\\u0438\\u0434\\u0430\\u0442\\u043d\\u043e \\u0439 \\u0432\\u0456\\u043b\\u044c\\u043d\\u043e", "before": "0", "after": "10.000", "currency": "EUR"}, {"kind": "lots", "id": 1, "code": "A08-QUALITY", "field": "quality", "label": "\\u042f\\u043a\\u0456\\u0441\\u0442\\u044c", "before": "pending", "after": "approved", "currency": "EUR"}]}'

======================================================================
FAIL: test_confirmation_rechecks_original_bytes_for_quality_change_and_apply_change (a08_erp_document_integrity_tests.A08ERPDocumentIntegrityTests.test_confirmation_rechecks_original_bytes_for_quality_change_and_apply_change) (action='quality', contract='no stock/version/receipt mutation')
----------------------------------------------------------------------
Traceback (most recent call last):
  File "/workspace/scratch/c7b51e996a9f/tmp/a08_erp_document_integrity_tests.py", line 94, in test_confirmation_rechecks_original_bytes_for_quality_change_and_apply_change
    self.assertEqual(changed, [], 'Changed models: ' + ', '.join(changed))
AssertionError: Lists differ: ['erp.Lot', 'erp.Inspection', 'erp.Event',[52 chars]sal'] != []

First list contains 5 additional elements.
First extra element 0:
'erp.Lot'

+ []
- ['erp.Lot',
-  'erp.Inspection',
-  'erp.Event',
-  'operations.Configuration',
-  'operations.ActionProposal'] : Changed models: erp.Lot, erp.Inspection, erp.Event, operations.Configuration, operations.ActionProposal

======================================================================
FAIL: test_confirmation_rechecks_original_bytes_for_quality_change_and_apply_change (a08_erp_document_integrity_tests.A08ERPDocumentIntegrityTests.test_confirmation_rechecks_original_bytes_for_quality_change_and_apply_change) (action='change', contract='controlled refusal')
----------------------------------------------------------------------
Traceback (most recent call last):
  File "/workspace/scratch/c7b51e996a9f/tmp/a08_erp_document_integrity_tests.py", line 92, in test_confirmation_rechecks_original_bytes_for_quality_change_and_apply_change
    self.assertEqual(confirmed.status_code, 422, confirmed.content)
AssertionError: 200 != 422 : b'{"state": "succeeded", "change_id": 1, "code": "A08-CHANGE", "erp_event_id": 2, "impact": [{"kind": "changes", "id": 1, "code": "A08-CHANGE", "field": "status", "label": "\\u0421\\u0442\\u0430\\u043d \\u0437\\u043c\\u0456\\u043d\\u0438", "before": null, "after": "draft", "currency": ""}]}'

======================================================================
FAIL: test_confirmation_rechecks_original_bytes_for_quality_change_and_apply_change (a08_erp_document_integrity_tests.A08ERPDocumentIntegrityTests.test_confirmation_rechecks_original_bytes_for_quality_change_and_apply_change) (action='change', contract='no stock/version/receipt mutation')
----------------------------------------------------------------------
Traceback (most recent call last):
  File "/workspace/scratch/c7b51e996a9f/tmp/a08_erp_document_integrity_tests.py", line 94, in test_confirmation_rechecks_original_bytes_for_quality_change_and_apply_change
    self.assertEqual(changed, [], 'Changed models: ' + ', '.join(changed))
AssertionError: Lists differ: ['erp.ChangeOrder', 'erp.Event', 'operatio[42 chars]sal'] != []

First list contains 4 additional elements.
First extra element 0:
'erp.ChangeOrder'

+ []
- ['erp.ChangeOrder',
-  'erp.Event',
-  'operations.Configuration',
-  'operations.ActionProposal'] : Changed models: erp.ChangeOrder, erp.Event, operations.Configuration, operations.ActionProposal

======================================================================
FAIL: test_confirmation_rechecks_original_bytes_for_quality_change_and_apply_change (a08_erp_document_integrity_tests.A08ERPDocumentIntegrityTests.test_confirmation_rechecks_original_bytes_for_quality_change_and_apply_change) (action='apply_change', contract='controlled refusal')
----------------------------------------------------------------------
Traceback (most recent call last):
  File "/workspace/scratch/c7b51e996a9f/tmp/a08_erp_document_integrity_tests.py", line 92, in test_confirmation_rechecks_original_bytes_for_quality_change_and_apply_change
    self.assertEqual(confirmed.status_code, 422, confirmed.content)
AssertionError: 200 != 422 : b'{"state": "succeeded", "change_id": 2, "affected_jobs": [], "note": "\\u0412\\u0456\\u0434\\u043a\\u0440\\u0438\\u0442\\u0456 \\u0440\\u043e\\u0431\\u043e\\u0442\\u0438 \\u043f\\u0440\\u0438\\u0437\\u0443\\u043f\\u0438\\u043d\\u0435\\u043d\\u043e \\u0434\\u043e \\u043e\\u043a\\u0440\\u0435\\u043c\\u043e\\u0433\\u043e \\u043f\\u043e\\u0433\\u043e\\u0434\\u0436\\u0435\\u043d\\u043d\\u044f; \\u0432\\u0435\\u0440\\u0441\\u0456\\u044e \\u043f\\u0440\\u0438\\u0439\\u043d\\u044f\\u0442\\u0438\\u0445 \\u043f\\u0440\\u043e\\u0434\\u0430\\u0436\\u0456\\u0432 \\u0430\\u0432\\u0442\\u043e\\u043c\\u0430\\u0442\\u0438\\u0447\\u043d\\u043e \\u043d\\u0435 \\u0437\\u043c\\u0456\\u043d\\u0435\\u043d\\u043e.", "erp_event_id": 4, "impact": [{"kind": "items", "id": 3, "code": "A08-APPLY_CHANGE", "field": "revision", "label": "\\u0412\\u0435\\u0440\\u0441\\u0456\\u044f \\u0432\\u0438\\u0440\\u043e\\u0431\\u0443", "before": "A", "after": "B", "currency": "EUR"}, {"kind": "changes", "id": 2, "code": "A08-APPLY_CHANGE", "field": "status", "label": "\\u0421\\u0442\\u0430\\u043d \\u0437\\u043c\\u0456\\u043d\\u0438", "before": "draft", "after": "approved", "currency": ""}]}'

======================================================================
FAIL: test_confirmation_rechecks_original_bytes_for_quality_change_and_apply_change (a08_erp_document_integrity_tests.A08ERPDocumentIntegrityTests.test_confirmation_rechecks_original_bytes_for_quality_change_and_apply_change) (action='apply_change', contract='no stock/version/receipt mutation')
----------------------------------------------------------------------
Traceback (most recent call last):
  File "/workspace/scratch/c7b51e996a9f/tmp/a08_erp_document_integrity_tests.py", line 94, in test_confirmation_rechecks_original_bytes_for_quality_change_and_apply_change
    self.assertEqual(changed, [], 'Changed models: ' + ', '.join(changed))
AssertionError: Lists differ: ['erp.Item', 'erp.ChangeOrder', 'erp.Event[54 chars]sal'] != []

First list contains 5 additional elements.
First extra element 0:
'erp.Item'

+ []
- ['erp.Item',
-  'erp.ChangeOrder',
-  'erp.Event',
-  'operations.Configuration',
-  'operations.ActionProposal'] : Changed models: erp.Item, erp.ChangeOrder, erp.Event, operations.Configuration, operations.ActionProposal

----------------------------------------------------------------------
Ran 1 test in 0.255s

FAILED (failures=6)
Destroying test database for alias 'default' ('/workspace/scratch/c7b51e996a9f/tmp/check_a08_erp_red_389bb4b1.sqlite3_django_test')...
 OK
System check identified no issues (0 silenced).
