Creating test database for alias 'default' ('/workspace/scratch/c7b51e996a9f/tmp/check_a08_integrity_839fac7d.sqlite3_django_test')...
Destroying old test database for alias 'default' ('/workspace/scratch/c7b51e996a9f/tmp/check_a08_integrity_839fac7d.sqlite3_django_test')...
Found 9 test(s).
Operations to perform:
  Synchronize unmigrated apps: django_filters, messages, rest_framework, staticfiles
  Apply all migrations: admin, ai_assistant, auth, branches, contenttypes, employees, erp, finance, operations, sessions, tasks
Synchronizing apps without migrations:
  Creating tables...
    Running deferred SQL...
Running migrations:
  Applying contenttypes.0001_initial... OK
  Applying auth.0001_initial... OK
  Applying admin.0001_initial... OK
  Applying admin.0002_logentry_remove_auto_add... OK
  Applying admin.0003_logentry_add_action_flag_choices... OK
  Applying ai_assistant.0001_initial... OK
  Applying ai_assistant.0002_taskchangelog... OK
  Applying ai_assistant.0003_claudeusagelog... OK
  Applying ai_assistant.0004_employeechangelog... OK
  Applying ai_assistant.0005_chatfile... OK
  Applying ai_assistant.0006_alter_chatmessage_created_at_and_more... OK
  Applying ai_assistant.0007_employeechangelog_undone_at... OK
  Applying ai_assistant.0008_chatmessage_archived_at_chatmessage_user_and_more... OK
  Applying contenttypes.0002_remove_content_type_name... OK
  Applying auth.0002_alter_permission_name_max_length... OK
  Applying auth.0003_alter_user_email_max_length... OK
  Applying auth.0004_alter_user_username_opts... OK
  Applying auth.0005_alter_user_last_login_null... OK
  Applying auth.0006_require_contenttypes_0002... OK
  Applying auth.0007_alter_validators_add_error_messages... OK
  Applying auth.0008_alter_user_username_max_length... OK
  Applying auth.0009_alter_user_last_name_max_length... OK
  Applying auth.0010_alter_group_name_max_length... OK
  Applying auth.0011_update_proxy_permissions... OK
  Applying auth.0012_alter_user_first_name_max_length... OK
  Applying branches.0001_initial... OK
  Applying branches.0002_branch_short_name... OK
  Applying branches.0003_fill_short_names... OK
  Applying employees.0001_initial... OK
  Applying employees.0002_alter_employee_department... OK
  Applying employees.0003_employee_branch... OK
  Applying employees.0004_employee_archived_at... OK
  Applying employees.0005_employee_user... OK
  Applying tasks.0001_initial... OK
  Applying tasks.0002_alter_task_priority... OK
  Applying tasks.0003_alter_task_deadline_alter_task_priority_and_more... OK
  Applying tasks.0004_task_branch... OK
  Applying finance.0001_initial... OK
  Applying finance.0002_alter_salary_unique_together_alter_contract_status_and_more... OK
  Applying finance.0003_transaction_branch... OK
  Applying operations.0001_initial... OK
  Applying erp.0001_initial... OK
  Applying erp.0002_row_boundaries... OK
  Applying finance.0004_salary_archived_at_transaction_archived_at_and_more... OK
  Applying finance.0005_alter_transaction_branch_alter_transaction_contract_and_more... OK
  Applying finance.0006_financialintent... OK
  Applying finance.0007_money_boundaries... OK
  Applying operations.0002_actionproposal_user... OK
  Applying operations.0003_loginattempt... OK
  Applying operations.0004_alter_document_options_document_access_level... OK
  Applying operations.0005_invoice_boundaries... OK
  Applying sessions.0001_initial...test_corrupted_blob_cannot_be_approved_using_stored_checksum (operations.test_document_integrity.A08DocumentIntegrityTests.test_corrupted_blob_cannot_be_approved_using_stored_checksum) ... ok
test_corrupted_blob_cannot_be_downloaded_under_original_checksum (operations.test_document_integrity.A08DocumentIntegrityTests.test_corrupted_blob_cannot_be_downloaded_under_original_checksum) ... ok
test_empty_original_hash_serves_empty_bytes_not_unrelated_text (operations.test_document_integrity.A08DocumentIntegrityTests.test_empty_original_hash_serves_empty_bytes_not_unrelated_text) ... ok
test_legacy_text_only_download_requires_exact_stored_hash (operations.test_document_integrity.A08DocumentIntegrityTests.test_legacy_text_only_download_requires_exact_stored_hash) ... ok
test_legacy_text_only_review_requires_exact_stored_hash (operations.test_document_integrity.A08DocumentIntegrityTests.test_legacy_text_only_review_requires_exact_stored_hash) ... ok
test_metadata_list_and_detail_do_not_select_binary_content (operations.test_document_integrity.A08DocumentIntegrityTests.test_metadata_list_and_detail_do_not_select_binary_content) ... ok
test_missing_download_permission_is_denied_before_integrity_oracle (operations.test_document_integrity.A08DocumentIntegrityTests.test_missing_download_permission_is_denied_before_integrity_oracle) ... ok
test_valid_legacy_text_only_remains_downloadable_without_repair (operations.test_document_integrity.A08DocumentIntegrityTests.test_valid_legacy_text_only_remains_downloadable_without_repair) ... ok
test_confirmation_rechecks_original_bytes_for_quality_change_and_apply_change (erp.test_document_integrity.A08ERPDocumentIntegrityTests.test_confirmation_rechecks_original_bytes_for_quality_change_and_apply_change) ... ok

----------------------------------------------------------------------
Ran 9 tests in 0.316s

OK
Destroying test database for alias 'default' ('/workspace/scratch/c7b51e996a9f/tmp/check_a08_integrity_839fac7d.sqlite3_django_test')...
 OK
System check identified no issues (0 silenced).
