Creating test database for alias 'default' ('/workspace/scratch/c7b51e996a9f/tmp/check_a08_upload_review_41b6687a.sqlite3_django_test')...
Destroying old test database for alias 'default' ('/workspace/scratch/c7b51e996a9f/tmp/check_a08_upload_review_41b6687a.sqlite3_django_test')...
Found 26 test(s).
Operations to perform:
  Synchronize unmigrated apps: django_filters, messages, rest_framework, staticfiles
  Apply all migrations: admin, ai_assistant, auth, branches, contenttypes, employees, erp, finance, operations, sessions, tasks
Synchronizing apps without migrations:
  Creating tables...
    Running deferred SQL...
Running migrations:
  Applying contenttypes.0001_initial... OK
  Applying auth.0001_initial... OK
  Applying admin.0001_initial... OK
  Applying admin.0002_logentry_remove_auto_add... OK
  Applying admin.0003_logentry_add_action_flag_choices... OK
  Applying ai_assistant.0001_initial... OK
  Applying ai_assistant.0002_taskchangelog... OK
  Applying ai_assistant.0003_claudeusagelog... OK
  Applying ai_assistant.0004_employeechangelog... OK
  Applying ai_assistant.0005_chatfile... OK
  Applying ai_assistant.0006_alter_chatmessage_created_at_and_more... OK
  Applying ai_assistant.0007_employeechangelog_undone_at... OK
  Applying ai_assistant.0008_chatmessage_archived_at_chatmessage_user_and_more... OK
  Applying ai_assistant.0009_private_documents... OK
  Applying contenttypes.0002_remove_content_type_name... OK
  Applying auth.0002_alter_permission_name_max_length... OK
  Applying auth.0003_alter_user_email_max_length... OK
  Applying auth.0004_alter_user_username_opts... OK
  Applying auth.0005_alter_user_last_login_null... OK
  Applying auth.0006_require_contenttypes_0002... OK
  Applying auth.0007_alter_validators_add_error_messages... OK
  Applying auth.0008_alter_user_username_max_length... OK
  Applying auth.0009_alter_user_last_name_max_length... OK
  Applying auth.0010_alter_group_name_max_length... OK
  Applying auth.0011_update_proxy_permissions... OK
  Applying auth.0012_alter_user_first_name_max_length... OK
  Applying branches.0001_initial... OK
  Applying branches.0002_branch_short_name... OK
  Applying branches.0003_fill_short_names... OK
  Applying employees.0001_initial... OK
  Applying employees.0002_alter_employee_department... OK
  Applying employees.0003_employee_branch... OK
  Applying employees.0004_employee_archived_at... OK
  Applying employees.0005_employee_user... OK
  Applying tasks.0001_initial... OK
  Applying tasks.0002_alter_task_priority... OK
  Applying tasks.0003_alter_task_deadline_alter_task_priority_and_more... OK
  Applying tasks.0004_task_branch... OK
  Applying finance.0001_initial... OK
  Applying finance.0002_alter_salary_unique_together_alter_contract_status_and_more... OK
  Applying finance.0003_transaction_branch... OK
  Applying operations.0001_initial... OK
  Applying erp.0001_initial... OK
  Applying erp.0002_row_boundaries... OK
  Applying finance.0004_salary_archived_at_transaction_archived_at_and_more... OK
  Applying finance.0005_alter_transaction_branch_alter_transaction_contract_and_more... OK
  Applying finance.0006_financialintent... OK
  Applying finance.0007_money_boundaries... OK
  Applying operations.0002_actionproposal_user... OK
  Applying operations.0003_loginattempt... OK
  Applying operations.0004_alter_document_options_document_access_level... OK
  Applying operations.0005_invoice_boundaries... OK
  Applying operations.0006_private_documents... OK
  Applying sessions.0001_initial...test_bound_original_without_recorded_size_is_not_usable (a08_upload_tests.A08UploadTests.test_bound_original_without_recorded_size_is_not_usable) ... FAIL
test_denied_and_oversize_upload_create_no_document_or_file (a08_upload_tests.A08UploadTests.test_denied_and_oversize_upload_create_no_document_or_file) ... ok
test_duplicate_version_rolls_back_only_own_new_file (a08_upload_tests.A08UploadTests.test_duplicate_version_rolls_back_only_own_new_file) ... ok
test_invalid_quota_configuration_refuses_instead_of_disabling_limit (a08_upload_tests.A08UploadTests.test_invalid_quota_configuration_refuses_instead_of_disabling_limit) ... 
  test_invalid_quota_configuration_refuses_instead_of_disabling_limit (a08_upload_tests.A08UploadTests.test_invalid_quota_configuration_refuses_instead_of_disabling_limit) (value=-1) ... FAIL
  test_invalid_quota_configuration_refuses_instead_of_disabling_limit (a08_upload_tests.A08UploadTests.test_invalid_quota_configuration_refuses_instead_of_disabling_limit) (value=True) ... FAIL
  test_invalid_quota_configuration_refuses_instead_of_disabling_limit (a08_upload_tests.A08UploadTests.test_invalid_quota_configuration_refuses_instead_of_disabling_limit) (value='10') ... FAIL
  test_invalid_quota_configuration_refuses_instead_of_disabling_limit (a08_upload_tests.A08UploadTests.test_invalid_quota_configuration_refuses_instead_of_disabling_limit) (value=None) ... FAIL
test_late_actual_sql_failure_cleans_new_file_preserves_previous_file (a08_upload_tests.A08UploadTests.test_late_actual_sql_failure_cleans_new_file_preserves_previous_file) ... ok
test_missing_or_corrupted_bound_original_never_uses_valid_legacy_backup (a08_upload_tests.A08UploadTests.test_missing_or_corrupted_bound_original_never_uses_valid_legacy_backup) ... ok
test_private_file_has_no_raw_media_route_or_permission_bypass (a08_upload_tests.A08UploadTests.test_private_file_has_no_raw_media_route_or_permission_bypass) ... ok
test_quota_counts_legacy_blob_and_all_existing_physical_files (a08_upload_tests.A08UploadTests.test_quota_counts_legacy_blob_and_all_existing_physical_files) ... FAIL
test_quota_exact_limit_then_next_byte_refused_without_side_effects (a08_upload_tests.A08UploadTests.test_quota_exact_limit_then_next_byte_refused_without_side_effects) ... FAIL
test_two_real_uploads_cannot_both_spend_one_remaining_quota (a08_upload_tests.A08UploadTests.test_two_real_uploads_cannot_both_spend_one_remaining_quota) ... FAIL
test_upload_persists_private_original_and_reads_after_new_request (a08_upload_tests.A08UploadTests.test_upload_persists_private_original_and_reads_after_new_request) ... FAIL
test_nested_private_media_export_preserves_private_directory_access (a08_transfer_private_mode_test.A08PrivateTransferModeTests.test_nested_private_media_export_preserves_private_directory_access) ... FAIL
test_changed_target_refused_without_erasing_new_rows (erp.test_data_transfer.SyntheticTransfer.test_changed_target_refused_without_erasing_new_rows) ... ok
test_dangling_fk (erp.test_data_transfer.SyntheticTransfer.test_dangling_fk) ... ok
test_decimal_scale_overflow_nonfinite_no_rounding (erp.test_data_transfer.SyntheticTransfer.test_decimal_scale_overflow_nonfinite_no_rounding) ... ok
test_duplicate_json_keys (erp.test_data_transfer.SyntheticTransfer.test_duplicate_json_keys) ... ok
test_exact_round_trip_system_ids_types_and_empty_sequences (erp.test_data_transfer.SyntheticTransfer.test_exact_round_trip_system_ids_types_and_empty_sequences) ... ok
test_forged_target_guard_and_reuse_refused (erp.test_data_transfer.SyntheticTransfer.test_forged_target_guard_and_reuse_refused) ... ok
test_json_nul_surrogate_nonfinite_huge_numeric (erp.test_data_transfer.SyntheticTransfer.test_json_nul_surrogate_nonfinite_huge_numeric) ... ok
test_media_missing_and_wrong_size (erp.test_data_transfer.SyntheticTransfer.test_media_missing_and_wrong_size) ... ok
test_media_symlink_and_traversal_refused (erp.test_data_transfer.SyntheticTransfer.test_media_symlink_and_traversal_refused) ... ok
test_media_tampering_before_import_leaves_target_bootstrap (erp.test_data_transfer.SyntheticTransfer.test_media_tampering_before_import_leaves_target_bootstrap) ... ok
test_real_late_trigger_rolls_back_all_rows_and_bootstrap (erp.test_data_transfer.SyntheticTransfer.test_real_late_trigger_rolls_back_all_rows_and_bootstrap) ... ok
test_schema_drift_is_refused_before_values (erp.test_data_transfer.SyntheticTransfer.test_schema_drift_is_refused_before_values) ... ok
test_snapshot_sidecar_refused (erp.test_data_transfer.SyntheticTransfer.test_snapshot_sidecar_refused) ... ok
test_text_nul_and_length_preserve_source (erp.test_data_transfer.SyntheticTransfer.test_text_nul_and_length_preserve_source) ... ok

======================================================================
FAIL: test_bound_original_without_recorded_size_is_not_usable (a08_upload_tests.A08UploadTests.test_bound_original_without_recorded_size_is_not_usable)
----------------------------------------------------------------------
Traceback (most recent call last):
  File "/workspace/scratch/c7b51e996a9f/tmp/a08_upload_tests.py", line 230, in test_bound_original_without_recorded_size_is_not_usable
    self.assertEqual(download.status_code, 422, response_bytes(download))
AssertionError: 200 != 422 : b'12345'

======================================================================
FAIL: test_invalid_quota_configuration_refuses_instead_of_disabling_limit (a08_upload_tests.A08UploadTests.test_invalid_quota_configuration_refuses_instead_of_disabling_limit) (value=-1)
----------------------------------------------------------------------
Traceback (most recent call last):
  File "/workspace/scratch/c7b51e996a9f/tmp/a08_upload_tests.py", line 124, in test_invalid_quota_configuration_refuses_instead_of_disabling_limit
    self.assertEqual(response.status_code, 422, response.content)
AssertionError: 201 != 422 : b'{"id": 3, "code": "A08-QUOTA--1", "revision": "A", "title": "\\u0421\\u0438\\u043d\\u0442\\u0435\\u0442\\u0438\\u0447\\u043d\\u0438\\u0439 \\u0434\\u043e\\u043a\\u0443\\u043c\\u0435\\u043d\\u0442 A08", "status": "needs_review", "filename": "a08-evidence.txt", "checksum": "5994471abb01112afcc18159f6cc74b4f511b99806da59b3caf5a9c173cacfc5", "contract_id": null, "created_at": "2026-09-12T08:34:32.680059+00:00", "current": true}'

======================================================================
FAIL: test_invalid_quota_configuration_refuses_instead_of_disabling_limit (a08_upload_tests.A08UploadTests.test_invalid_quota_configuration_refuses_instead_of_disabling_limit) (value=True)
----------------------------------------------------------------------
Traceback (most recent call last):
  File "/workspace/scratch/c7b51e996a9f/tmp/a08_upload_tests.py", line 124, in test_invalid_quota_configuration_refuses_instead_of_disabling_limit
    self.assertEqual(response.status_code, 422, response.content)
AssertionError: 201 != 422 : b'{"id": 4, "code": "A08-QUOTA-True", "revision": "A", "title": "\\u0421\\u0438\\u043d\\u0442\\u0435\\u0442\\u0438\\u0447\\u043d\\u0438\\u0439 \\u0434\\u043e\\u043a\\u0443\\u043c\\u0435\\u043d\\u0442 A08", "status": "needs_review", "filename": "a08-evidence.txt", "checksum": "5994471abb01112afcc18159f6cc74b4f511b99806da59b3caf5a9c173cacfc5", "contract_id": null, "created_at": "2026-09-12T08:34:32.688065+00:00", "current": true}'

======================================================================
FAIL: test_invalid_quota_configuration_refuses_instead_of_disabling_limit (a08_upload_tests.A08UploadTests.test_invalid_quota_configuration_refuses_instead_of_disabling_limit) (value='10')
----------------------------------------------------------------------
Traceback (most recent call last):
  File "/workspace/scratch/c7b51e996a9f/tmp/a08_upload_tests.py", line 124, in test_invalid_quota_configuration_refuses_instead_of_disabling_limit
    self.assertEqual(response.status_code, 422, response.content)
AssertionError: 201 != 422 : b'{"id": 5, "code": "A08-QUOTA-10", "revision": "A", "title": "\\u0421\\u0438\\u043d\\u0442\\u0435\\u0442\\u0438\\u0447\\u043d\\u0438\\u0439 \\u0434\\u043e\\u043a\\u0443\\u043c\\u0435\\u043d\\u0442 A08", "status": "needs_review", "filename": "a08-evidence.txt", "checksum": "5994471abb01112afcc18159f6cc74b4f511b99806da59b3caf5a9c173cacfc5", "contract_id": null, "created_at": "2026-09-12T08:34:32.695742+00:00", "current": true}'

======================================================================
FAIL: test_invalid_quota_configuration_refuses_instead_of_disabling_limit (a08_upload_tests.A08UploadTests.test_invalid_quota_configuration_refuses_instead_of_disabling_limit) (value=None)
----------------------------------------------------------------------
Traceback (most recent call last):
  File "/workspace/scratch/c7b51e996a9f/tmp/a08_upload_tests.py", line 124, in test_invalid_quota_configuration_refuses_instead_of_disabling_limit
    self.assertEqual(response.status_code, 422, response.content)
AssertionError: 201 != 422 : b'{"id": 6, "code": "A08-QUOTA-None", "revision": "A", "title": "\\u0421\\u0438\\u043d\\u0442\\u0435\\u0442\\u0438\\u0447\\u043d\\u0438\\u0439 \\u0434\\u043e\\u043a\\u0443\\u043c\\u0435\\u043d\\u0442 A08", "status": "needs_review", "filename": "a08-evidence.txt", "checksum": "5994471abb01112afcc18159f6cc74b4f511b99806da59b3caf5a9c173cacfc5", "contract_id": null, "created_at": "2026-09-12T08:34:32.702971+00:00", "current": true}'

======================================================================
FAIL: test_quota_counts_legacy_blob_and_all_existing_physical_files (a08_upload_tests.A08UploadTests.test_quota_counts_legacy_blob_and_all_existing_physical_files)
----------------------------------------------------------------------
Traceback (most recent call last):
  File "/workspace/scratch/c7b51e996a9f/tmp/a08_upload_tests.py", line 101, in test_quota_counts_legacy_blob_and_all_existing_physical_files
    self.assertEqual(response.status_code, 422, response.content)
AssertionError: 201 != 422 : b'{"id": 11, "code": "A08-UPLOAD", "revision": "A", "title": "\\u0421\\u0438\\u043d\\u0442\\u0435\\u0442\\u0438\\u0447\\u043d\\u0438\\u0439 \\u0434\\u043e\\u043a\\u0443\\u043c\\u0435\\u043d\\u0442 A08", "status": "needs_review", "filename": "a08-evidence.txt", "checksum": "8d969eef6ecad3c29a3a629280e686cf0c3f5d5a86aff3ca12020c923adc6c92", "contract_id": null, "created_at": "2026-09-12T08:34:32.917358+00:00", "current": true}'

======================================================================
FAIL: test_quota_exact_limit_then_next_byte_refused_without_side_effects (a08_upload_tests.A08UploadTests.test_quota_exact_limit_then_next_byte_refused_without_side_effects)
----------------------------------------------------------------------
Traceback (most recent call last):
  File "/workspace/scratch/c7b51e996a9f/tmp/a08_upload_tests.py", line 112, in test_quota_exact_limit_then_next_byte_refused_without_side_effects
    self.assertEqual(second.status_code, 422, second.content)
AssertionError: 201 != 422 : b'{"id": 14, "code": "A08-OVER", "revision": "A", "title": "\\u0421\\u0438\\u043d\\u0442\\u0435\\u0442\\u0438\\u0447\\u043d\\u0438\\u0439 \\u0434\\u043e\\u043a\\u0443\\u043c\\u0435\\u043d\\u0442 A08", "status": "needs_review", "filename": "a08-evidence.txt", "checksum": "6b86b273ff34fce19d6b804eff5a3f5747ada4eaa22f1d49c01e52ddb7875b4b", "contract_id": null, "created_at": "2026-09-12T08:34:32.965282+00:00", "current": true}'

======================================================================
FAIL: test_two_real_uploads_cannot_both_spend_one_remaining_quota (a08_upload_tests.A08UploadTests.test_two_real_uploads_cannot_both_spend_one_remaining_quota)
----------------------------------------------------------------------
Traceback (most recent call last):
  File "/workspace/scratch/c7b51e996a9f/tmp/a08_upload_tests.py", line 220, in test_two_real_uploads_cannot_both_spend_one_remaining_quota
    self.assertEqual(sorted(x['final'] for x in results), [201,422], results)
AssertionError: Lists differ: [201, 201] != [201, 422]

First differing element 1:
201
422

- [201, 201]
?        ^^

+ [201, 422]
?       + ^
 : [{'worker': 0, 'statuses': [409, 201], 'final': 201, 'body': '{"id": 17, "code": "A08-PARALLEL-0", "revision": "A", "title": "\\u0421\\u0438\\u043d\\u0442\\u0435\\u0442\\u0438\\u0447\\u043d\\u0438\\u0439 \\u0434\\u043e\\u043a\\u0443\\u043c\\u0435\\u043d\\u0442 A08", "status": "needs_review", "filename": "a08-evidence.txt", "checksum": "5994471abb01112afcc18159f6cc74b4f511b99806da59b3caf5a9c173cacfc5", "contract_id": null, "created_at": "2026-09-12T08:34:33.024769+00:00", "current": true}'}, {'worker': 1, 'statuses': [201], 'final': 201, 'body': '{"id": 16, "code": "A08-PARALLEL-1", "revision": "A", "title": "\\u0421\\u0438\\u043d\\u0442\\u0435\\u0442\\u0438\\u0447\\u043d\\u0438\\u0439 \\u0434\\u043e\\u043a\\u0443\\u043c\\u0435\\u043d\\u0442 A08", "status": "needs_review", "filename": "a08-evidence.txt", "checksum": "5994471abb01112afcc18159f6cc74b4f511b99806da59b3caf5a9c173cacfc5", "contract_id": null, "created_at": "2026-09-12T08:34:33.018051+00:00", "current": true}'}]

======================================================================
FAIL: test_upload_persists_private_original_and_reads_after_new_request (a08_upload_tests.A08UploadTests.test_upload_persists_private_original_and_reads_after_new_request)
----------------------------------------------------------------------
Traceback (most recent call last):
  File "/workspace/scratch/c7b51e996a9f/tmp/a08_upload_tests.py", line 77, in test_upload_persists_private_original_and_reads_after_new_request
    self.assertEqual(bytes(doc.content), b'')
AssertionError: b'\xd0\xa1\xd0\xb5\xd1\x80\xd1\x82\xd0\xb8\[128 chars] A08' != b''

======================================================================
FAIL: test_nested_private_media_export_preserves_private_directory_access (a08_transfer_private_mode_test.A08PrivateTransferModeTests.test_nested_private_media_export_preserves_private_directory_access)
----------------------------------------------------------------------
Traceback (most recent call last):
  File "/workspace/scratch/c7b51e996a9f/tmp/a08_transfer_private_mode_test.py", line 35, in test_nested_private_media_export_preserves_private_directory_access
    self.assertEqual(modes,{'media':0o700,'media/documents':0o700,'media/documents/ab':0o700,'media/'+key:0o600})
AssertionError: {'med[25 chars]s': 493, 'media/documents/ab': 448, 'media/doc[49 chars] 384} != {'med[25 chars]s': 448, 'media/documents/ab': 448, 'media/doc[49 chars] 384}
  {'media': 448,
-  'media/documents': 493,
?                      ^^

+  'media/documents': 448,
?                      ^^

   'media/documents/ab': 448,
   'media/documents/ab/ab111111111111111111111111111111.blob': 384}

----------------------------------------------------------------------
Ran 26 tests in 0.797s

FAILED (failures=10)
Destroying test database for alias 'default' ('/workspace/scratch/c7b51e996a9f/tmp/check_a08_upload_review_41b6687a.sqlite3_django_test')...
 OK
System check identified no issues (0 silenced).
BOS_A08_UPLOAD_CONCURRENCY [{"worker": 0, "statuses": [409, 201], "final": 201, "body": "{\"id\": 17, \"code\": \"A08-PARALLEL-0\", \"revision\": \"A\", \"title\": \"\\u0421\\u0438\\u043d\\u0442\\u0435\\u0442\\u0438\\u0447\\u043d\\u0438\\u0439 \\u0434\\u043e\\u043a\\u0443\\u043c\\u0435\\u043d\\u0442 A08\", \"status\": \"needs_review\", \"filename\": \"a08-evidence.txt\", \"checksum\": \"5994471abb01112afcc18159f6cc74b4f511b99806da59b3caf5a9c173cacfc5\", \"contract_id\": null, \"created_at\": \"2026-09-12T08:34:33.024769+00:00\", \"current\": true}"}, {"worker": 1, "statuses": [201], "final": 201, "body": "{\"id\": 16, \"code\": \"A08-PARALLEL-1\", \"revision\": \"A\", \"title\": \"\\u0421\\u0438\\u043d\\u0442\\u0435\\u0442\\u0438\\u0447\\u043d\\u0438\\u0439 \\u0434\\u043e\\u043a\\u0443\\u043c\\u0435\\u043d\\u0442 A08\", \"status\": \"needs_review\", \"filename\": \"a08-evidence.txt\", \"checksum\": \"5994471abb01112afcc18159f6cc74b4f511b99806da59b3caf5a9c173cacfc5\", \"contract_id\": null, \"created_at\": \"2026-09-12T08:34:33.018051+00:00\", \"current\": true}"}]
BOS_A08_TRANSFER_MODES {'media': 448, 'media/documents': 493, 'media/documents/ab': 448, 'media/documents/ab/ab111111111111111111111111111111.blob': 384}
