Creating test database for alias 'default' ('/workspace/scratch/c7b51e996a9f/tmp/b02_candidate/check_final_focused2.sqlite3_django_test')...
Destroying old test database for alias 'default' ('/workspace/scratch/c7b51e996a9f/tmp/b02_candidate/check_final_focused2.sqlite3_django_test')...
Found 44 test(s).
Operations to perform:
  Synchronize unmigrated apps: django_filters, messages, rest_framework, staticfiles
  Apply all migrations: admin, ai_assistant, auth, branches, contenttypes, employees, erp, finance, operations, sessions, tasks
Synchronizing apps without migrations:
  Creating tables...
    Running deferred SQL...
Running migrations:
  Applying contenttypes.0001_initial... OK
  Applying auth.0001_initial... OK
  Applying admin.0001_initial... OK
  Applying admin.0002_logentry_remove_auto_add... OK
  Applying admin.0003_logentry_add_action_flag_choices... OK
  Applying ai_assistant.0001_initial... OK
  Applying ai_assistant.0002_taskchangelog... OK
  Applying ai_assistant.0003_claudeusagelog... OK
  Applying ai_assistant.0004_employeechangelog... OK
  Applying ai_assistant.0005_chatfile... OK
  Applying ai_assistant.0006_alter_chatmessage_created_at_and_more... OK
  Applying ai_assistant.0007_employeechangelog_undone_at... OK
  Applying ai_assistant.0008_chatmessage_archived_at_chatmessage_user_and_more... OK
  Applying ai_assistant.0009_private_documents... OK
  Applying contenttypes.0002_remove_content_type_name... OK
  Applying auth.0002_alter_permission_name_max_length... OK
  Applying auth.0003_alter_user_email_max_length... OK
  Applying auth.0004_alter_user_username_opts... OK
  Applying auth.0005_alter_user_last_login_null... OK
  Applying auth.0006_require_contenttypes_0002... OK
  Applying auth.0007_alter_validators_add_error_messages... OK
  Applying auth.0008_alter_user_username_max_length... OK
  Applying auth.0009_alter_user_last_name_max_length... OK
  Applying auth.0010_alter_group_name_max_length... OK
  Applying auth.0011_update_proxy_permissions... OK
  Applying auth.0012_alter_user_first_name_max_length... OK
  Applying branches.0001_initial... OK
  Applying branches.0002_branch_short_name... OK
  Applying branches.0003_fill_short_names... OK
  Applying employees.0001_initial... OK
  Applying employees.0002_alter_employee_department... OK
  Applying employees.0003_employee_branch... OK
  Applying employees.0004_employee_archived_at... OK
  Applying employees.0005_employee_user... OK
  Applying finance.0001_initial... OK
  Applying finance.0002_alter_salary_unique_together_alter_contract_status_and_more... OK
  Applying finance.0003_transaction_branch... OK
  Applying finance.0004_salary_archived_at_transaction_archived_at_and_more... OK
  Applying finance.0005_alter_transaction_branch_alter_transaction_contract_and_more... OK
  Applying finance.0006_financialintent... OK
  Applying finance.0007_money_boundaries... OK
  Applying tasks.0001_initial... OK
  Applying tasks.0002_alter_task_priority... OK
  Applying tasks.0003_alter_task_deadline_alter_task_priority_and_more... OK
  Applying tasks.0004_task_branch... OK
  Applying operations.0001_initial... OK
  Applying operations.0002_actionproposal_user... OK
  Applying operations.0003_loginattempt... OK
  Applying operations.0004_alter_document_options_document_access_level... OK
  Applying operations.0005_invoice_boundaries... OK
  Applying operations.0006_private_documents... OK
  Applying erp.0001_initial... OK
  Applying erp.0002_row_boundaries... OK
  Applying erp.0003_purchase_source... OK
  Applying erp.0004_initial_import_ledger... OK
  Applying sessions.0001_initial...test_actual_three_currency_import_preserves_overdue_origin_and_pending_stock (erp.test_initial_import.InitialImportTests.test_actual_three_currency_import_preserves_overdue_origin_and_pending_stock) ... ok
test_binding_only_mapping_reuse_and_profile_validation (erp.test_initial_import.InitialImportTests.test_binding_only_mapping_reuse_and_profile_validation) ... ok
test_current_targets_include_reused_rows_without_reparenting_identities (erp.test_initial_import.InitialImportTests.test_current_targets_include_reused_rows_without_reparenting_identities) ... ok
test_exact_replay_after_actual_receipt_keeps_source_totals_and_current_rows (erp.test_initial_import.InitialImportTests.test_exact_replay_after_actual_receipt_keeps_source_totals_and_current_rows) ... ok
test_existing_source_document_bytes_and_versions_are_rechecked (erp.test_initial_import.InitialImportTests.test_existing_source_document_bytes_and_versions_are_rechecked) ... ok
test_explicit_multipart_binding_keeps_raw_source_and_rejects_duplicate (erp.test_initial_import.InitialImportTests.test_explicit_multipart_binding_keeps_raw_source_and_rejects_duplicate) ... ok
test_forged_context_and_preview_phase_cannot_commit_historical_purchase (erp.test_initial_import.InitialImportTests.test_forged_context_and_preview_phase_cannot_commit_historical_purchase) ... ok
test_import_does_not_bypass_normal_purchase_and_roles_or_stale_owner (erp.test_initial_import.InitialImportTests.test_import_does_not_bypass_normal_purchase_and_roles_or_stale_owner) ... ok
test_imported_source_projection_hides_commercial_values_from_observer (erp.test_initial_import.InitialImportTests.test_imported_source_projection_hides_commercial_values_from_observer) ... ok
test_json_csv_canonical_identity_and_whole_sales_composition (erp.test_initial_import.InitialImportTests.test_json_csv_canonical_identity_and_whole_sales_composition) ... ok
test_late_real_sql_failure_rolls_back_all_new_rows_and_receipt (erp.test_initial_import.InitialImportTests.test_late_real_sql_failure_rolls_back_all_new_rows_and_receipt) ... ok
test_late_sql_value_tampering_is_detected_before_atomic_commit (erp.test_initial_import.InitialImportTests.test_late_sql_value_tampering_is_detected_before_atomic_commit) ... ok
test_multiple_row_errors_and_totals_mismatch_never_commit (erp.test_initial_import.InitialImportTests.test_multiple_row_errors_and_totals_mismatch_never_commit) ... ok
test_new_rows_recheck_profile_of_reused_bindings (erp.test_initial_import.InitialImportTests.test_new_rows_recheck_profile_of_reused_bindings) ... ok
test_persisted_opening_conflict_and_batch_source_export (erp.test_initial_import.InitialImportTests.test_persisted_opening_conflict_and_batch_source_export) ... ok
test_raw_duplicate_json_oversize_and_server_templates (erp.test_initial_import.InitialImportTests.test_raw_duplicate_json_oversize_and_server_templates) ... ok
test_strict_uuid_text_and_control_count_types_refuse_without_http500 (erp.test_initial_import.InitialImportTests.test_strict_uuid_text_and_control_count_types_refuse_without_http500) ... ok
test_new_four_routes_all_five_roles_and_nine_methods (erp.test_import_access.ImportAccessMatrixTests.test_new_four_routes_all_five_roles_and_nine_methods) ... ok
test_bound_private_file_bytes_are_rechecked_without_fallback (erp.test_procurement_bridge.ProcurementBridgeTests.test_bound_private_file_bytes_are_rechecked_without_fallback) ... ok
test_changed_request_or_quote_invalidates_old_proposal_without_rewriting_history (erp.test_procurement_bridge.ProcurementBridgeTests.test_changed_request_or_quote_invalidates_old_proposal_without_rewriting_history) ... ok
test_creation_writers_lock_before_reading_source_rows (erp.test_procurement_bridge.ProcurementBridgeTests.test_creation_writers_lock_before_reading_source_rows) ... ok
test_direct_purchase_needs_reason_and_preserves_explicit_reason (erp.test_procurement_bridge.ProcurementBridgeTests.test_direct_purchase_needs_reason_and_preserves_explicit_reason) ... ok
test_direct_request_allocation_and_mapping_are_checked (erp.test_procurement_bridge.ProcurementBridgeTests.test_direct_request_allocation_and_mapping_are_checked) ... ok
test_event_failure_rolls_back_po_and_receipt_then_retry_succeeds (erp.test_procurement_bridge.ProcurementBridgeTests.test_event_failure_rolls_back_po_and_receipt_then_retry_succeeds) ... ok
test_existing_netto_tax_basis_is_preserved_and_unknown_tax_basis_refused (erp.test_procurement_bridge.ProcurementBridgeTests.test_existing_netto_tax_basis_is_preserved_and_unknown_tax_basis_refused) ... ok
test_fractional_allocation_and_item_planning_currency_are_not_extra_restrictions (erp.test_procurement_bridge.ProcurementBridgeTests.test_fractional_allocation_and_item_planning_currency_are_not_extra_restrictions) ... ok
test_historical_snapshot_source_hides_po_not_an_operational_lot_or_partial_aggregate (erp.test_procurement_bridge.ProcurementBridgeTests.test_historical_snapshot_source_hides_po_not_an_operational_lot_or_partial_aggregate) ... ok
test_ineligible_or_unverified_source_is_refused (erp.test_procurement_bridge.ProcurementBridgeTests.test_ineligible_or_unverified_source_is_refused) ... ok
test_original_bytes_and_latest_version_rechecked_at_confirmation (erp.test_procurement_bridge.ProcurementBridgeTests.test_original_bytes_and_latest_version_rechecked_at_confirmation) ... ok
test_quote_bound_fields_and_confirmation_are_not_client_controlled (erp.test_procurement_bridge.ProcurementBridgeTests.test_quote_bound_fields_and_confirmation_are_not_client_controlled) ... ok
test_quote_purchase_and_partial_receipts_in_three_currencies (erp.test_procurement_bridge.ProcurementBridgeTests.test_quote_purchase_and_partial_receipts_in_three_currencies) ... ok
test_source_scope_and_observer_projection_are_enforced (erp.test_procurement_bridge.ProcurementBridgeTests.test_source_scope_and_observer_projection_are_enforced) ... ok
test_split_allocation_and_compare_remainder_preserve_multiple_suppliers (erp.test_procurement_bridge.ProcurementBridgeTests.test_split_allocation_and_compare_remainder_preserve_multiple_suppliers) ... ok
test_local_and_server_hooks_reject_before_downstream_parsing (erp.test_import_body.ImportBodyBoundaryTests.test_local_and_server_hooks_reject_before_downstream_parsing) ... ok
test_missing_or_forged_length_reads_at_most_limit_plus_one_before_parser (erp.test_import_body.ImportBodyBoundaryTests.test_missing_or_forged_length_reads_at_most_limit_plus_one_before_parser) ... ok
test_populated_import_history_refuses_backward_migration_unchanged (erp.test_import_preservation.ImportPreservationTests.test_populated_import_history_refuses_backward_migration_unchanged) ... ok
test_populated_ledger_full_typed_transfer_preserves_source_receipts_and_ids (erp.test_import_preservation.ImportPreservationTests.test_populated_ledger_full_typed_transfer_preserves_source_receipts_and_ids) ... ok
test_counterparty_update_serializes_behind_import_reference_lock (erp.test_import_concurrency.ERPImportConcurrencyTests.test_counterparty_update_serializes_behind_import_reference_lock) ... ok
test_distinct_batches_same_source_ids_have_one_effect_and_stale_loser (erp.test_import_concurrency.ERPImportConcurrencyTests.test_distinct_batches_same_source_ids_have_one_effect_and_stale_loser) ... ok
test_employee_archive_serializes_behind_import_reference_lock (erp.test_import_concurrency.ERPImportConcurrencyTests.test_employee_archive_serializes_behind_import_reference_lock) ... ok
test_http_pair_import_batch (erp.test_import_concurrency.ERPImportConcurrencyTests.test_http_pair_import_batch) ...  OK
System check identified no issues (0 silenced).
A06_PAIR {"mode": "http", "action": "import_batch", "currency": "EUR", "workers": [{"status": 200, "json": {"state": "succeeded", "batch_id": "c946eae1-5c67-48df-bfcc-9a2333c7b3a2", "namespace": "synthetic-eur", "semantic_sha256": "101aa1db9fedc8284f6b8f7b5bc7fa6cada94a62c08d7ea46c654cb8ef3e106a", "counts": {"create": 9, "reuse": 0, "bind": 0}, "mappings": [{"entity": "counterparty", "external_id": "customer", "row": 1, "part": "json", "decision": "create", "target_model": "counterparty", "target_id": 11, "bos_code": "", "display_name": "B02 клієнт EUR"}, {"entity": "counterparty", "external_id": "supplier", "row": 2, "part": "json", "decision": "create", "target_model": "counterparty", "target_id": 12, "bos_code": "", "display_name": "B02 постачальник EUR"}, {"entity": "item", "external_id": "material", "row": 3, "part": "json", "decision": "create", "target_model": "item", "target_id": 6, "bos_code": "B02-EUR-I", "display_name": "B02 матеріал"}, {"entity": "location", "external_id": "warehouse", "row": 4, "part": "json", "decision": "create", "target_model": "location", "target_id": 6, "bos_code": "B02-EUR-W", "display_name": "B02 склад"}, {"entity": "opening_lot", "external_id": "lot-one", "row": 5, "part": "json", "decision": "create", "target_model": "lot", "target_id": 11, "bos_code": "B02-EUR-L1", "display_name": "lot-one"}, {"entity": "opening_lot", "external_id": "lot-two", "row": 6, "part": "json", "decision": "create", "target_model": "lot", "target_id": 12, "bos_code": "B02-EUR-L2", "display_name": "lot-two"}, {"entity": "purchase_open_balance", "external_id": "purchase-line", "row": 7, "part": "json", "decision": "create", "target_model": "purchase", "target_id": 6, "bos_code": "B02-EUR-PO", "display_name": "SOURCE-PO-7"}, {"entity": "sales_line", "external_id": "sale-line", "row": 8, "part": "json", "decision": "create", "target_model": "line", "target_id": 6, "bos_code": "", "display_name": "sale-line"}, {"entity": "sales_order", "external_id": "sale", "row": 9, "part": "json", "decision": "create", "target_model": "order", "target_id": 6, "bos_code": "B02-EUR-SO", "display_name": "sale"}], "source_control_totals": {"counts": {"counterparty": 2, "item": 1, "location": 1, "opening_lot": 2, "sales_order": 1, "sales_line": 1, "purchase_open_balance": 1}, "money": [{"currency": "EUR", "opening_raw_value": "11.70000", "opening_movement_cost": "11.70", "sales_open_value": "10.30000", "purchase_original_value": "10.64000", "purchase_cutover_open_value": "6.55000"}, {"currency": "UAH", "opening_raw_value": "0.00000", "opening_movement_cost": "0.00", "sales_open_value": "0.00000", "purchase_original_value": "0.00000", "purchase_cutover_open_value": "0.00000"}, {"currency": "USD", "opening_raw_value": "0.00000", "opening_movement_cost": "0.00", "sales_open_value": "0.00000", "purchase_original_value": "0.00000", "purchase_cutover_open_value": "0.00000"}], "stock": [{"item_ref": "material", "location_ref": "warehouse", "unit": "кг", "revision": "A", "currency": "EUR", "quantity": "5.000"}]}, "committed_delta": {"counts": {"counterparty": 2, "item": 1, "location": 1, "opening_lot": 2, "sales_order": 1, "sales_line": 1, "purchase_open_balance": 1}, "money": [{"currency": "EUR", "opening_raw_value": "11.70000", "opening_movement_cost": "11.70", "sales_open_value": "10.30000", "purchase_original_value": "10.64000", "purchase_cutover_open_value": "6.55000"}, {"currency": "UAH", "opening_raw_value": "0.00000", "opening_movement_cost": "0.00", "sales_open_value": "0.00000", "purchase_original_value": "0.00000", "purchase_cutover_open_value": "0.00000"}, {"currency": "USD", "opening_raw_value": "0.00000", "opening_movement_cost": "0.00", "sales_open_value": "0.00000", "purchase_original_value": "0.00000", "purchase_cutover_open_value": "0.00000"}], "stock": [{"item_ref": "material", "location_ref": "warehouse", "unit": "кг", "revision": "A", "currency": "EUR", "quantity": "5.000"}]}, "live_before": {"scope": "batch_targets_and_opening_groups", "money": [{"currency": "EUR", "inventory_raw_value": "0.00000", "opening_movement_cost": "0.00", "sales_open_value": "0.00", "purchase_open_value": "0.00"}, {"currency": "UAH", "inventory_raw_value": "0.00000", "opening_movement_cost": "0.00", "sales_open_value": "0.00", "purchase_open_value": "0.00"}, {"currency": "USD", "inventory_raw_value": "0.00000", "opening_movement_cost": "0.00", "sales_open_value": "0.00", "purchase_open_value": "0.00"}], "stock": [{"item_ref": "material", "location_ref": "warehouse", "unit": "кг", "revision": "A", "currency": "EUR", "physical": "0.000", "available": "0.000"}]}, "live_after": {"scope": "batch_targets_and_opening_groups", "money": [{"currency": "EUR", "inventory_raw_value": "11.70000", "opening_movement_cost": "11.70", "sales_open_value": "10.30", "purchase_open_value": "6.55"}, {"currency": "UAH", "inventory_raw_value": "0.00000", "opening_movement_cost": "0.00", "sales_open_value": "0.00", "purchase_open_value": "0.00"}, {"currency": "USD", "inventory_raw_value": "0.00000", "opening_movement_cost": "0.00", "sales_open_value": "0.00", "purchase_open_value": "0.00"}], "stock": [{"item_ref": "material", "location_ref": "warehouse", "unit": "кг", "revision": "A", "currency": "EUR", "physical": "5.000", "available": "0.000"}]}, "impact": {"title": "Початковий імпорт", "changes": []}, "erp_event_id": 6}}, {"status": 409, "json": {"error": "Дані змінилися або дія вже виконується. Оновіть перегляд."}}]}
A06_PASS {"mode": "http", "action": "import_batch", "currency": "EUR", "inventory_id": "ERP-import_batch", "erp_event_id": 6, "statuses": [200, 409], "one_effect": true, "replay_unchanged": true}
A06_PAIR {"mode": "http", "action": "import_batch", "currency": "USD", "workers": [{"status": 409, "json": {"error": "Дані змінилися або дія вже виконується. Оновіть перегляд."}}, {"status": 200, "json": {"state": "succeeded", "batch_id": "d89840d1-6a32-48b6-8361-7d06f59bab93", "namespace": "synthetic-usd", "semantic_sha256": "959298efce8b7c97bf46e89c6408558f3bfbe2301c80e4d07ba86b003e34c505", "counts": {"create": 9, "reuse": 0, "bind": 0}, "mappings": [{"entity": "counterparty", "external_id": "customer", "row": 1, "part": "json", "decision": "create", "target_model": "counterparty", "target_id": 13, "bos_code": "", "display_name": "B02 клієнт USD"}, {"entity": "counterparty", "external_id": "supplier", "row": 2, "part": "json", "decision": "create", "target_model": "counterparty", "target_id": 14, "bos_code": "", "display_name": "B02 постачальник USD"}, {"entity": "item", "external_id": "material", "row": 3, "part": "json", "decision": "create", "target_model": "item", "target_id": 7, "bos_code": "B02-USD-I", "display_name": "B02 матеріал"}, {"entity": "location", "external_id": "warehouse", "row": 4, "part": "json", "decision": "create", "target_model": "location", "target_id": 7, "bos_code": "B02-USD-W", "display_name": "B02 склад"}, {"entity": "opening_lot", "external_id": "lot-one", "row": 5, "part": "json", "decision": "create", "target_model": "lot", "target_id": 13, "bos_code": "B02-USD-L1", "display_name": "lot-one"}, {"entity": "opening_lot", "external_id": "lot-two", "row": 6, "part": "json", "decision": "create", "target_model": "lot", "target_id": 14, "bos_code": "B02-USD-L2", "display_name": "lot-two"}, {"entity": "purchase_open_balance", "external_id": "purchase-line", "row": 7, "part": "json", "decision": "create", "target_model": "purchase", "target_id": 7, "bos_code": "B02-USD-PO", "display_name": "SOURCE-PO-7"}, {"entity": "sales_line", "external_id": "sale-line", "row": 8, "part": "json", "decision": "create", "target_model": "line", "target_id": 7, "bos_code": "", "display_name": "sale-line"}, {"entity": "sales_order", "external_id": "sale", "row": 9, "part": "json", "decision": "create", "target_model": "order", "target_id": 7, "bos_code": "B02-USD-SO", "display_name": "sale"}], "source_control_totals": {"counts": {"counterparty": 2, "item": 1, "location": 1, "opening_lot": 2, "sales_order": 1, "sales_line": 1, "purchase_open_balance": 1}, "money": [{"currency": "EUR", "opening_raw_value": "0.00000", "opening_movement_cost": "0.00", "sales_open_value": "0.00000", "purchase_original_value": "0.00000", "purchase_cutover_open_value": "0.00000"}, {"currency": "UAH", "opening_raw_value": "0.00000", "opening_movement_cost": "0.00", "sales_open_value": "0.00000", "purchase_original_value": "0.00000", "purchase_cutover_open_value": "0.00000"}, {"currency": "USD", "opening_raw_value": "11.70000", "opening_movement_cost": "11.70", "sales_open_value": "10.30000", "purchase_original_value": "10.64000", "purchase_cutover_open_value": "6.55000"}], "stock": [{"item_ref": "material", "location_ref": "warehouse", "unit": "кг", "revision": "A", "currency": "USD", "quantity": "5.000"}]}, "committed_delta": {"counts": {"counterparty": 2, "item": 1, "location": 1, "opening_lot": 2, "sales_order": 1, "sales_line": 1, "purchase_open_balance": 1}, "money": [{"currency": "EUR", "opening_raw_value": "0.00000", "opening_movement_cost": "0.00", "sales_open_value": "0.00000", "purchase_original_value": "0.00000", "purchase_cutover_open_value": "0.00000"}, {"currency": "UAH", "opening_raw_value": "0.00000", "opening_movement_cost": "0.00", "sales_open_value": "0.00000", "purchase_original_value": "0.00000", "purchase_cutover_open_value": "0.00000"}, {"currency": "USD", "opening_raw_value": "11.70000", "opening_movement_cost": "11.70", "sales_open_value": "10.30000", "purchase_original_value": "10.64000", "purchase_cutover_open_value": "6.55000"}], "stock": [{"item_ref": "material", "location_ref": "warehouse", "unit": "кг", "revision": "A", "currency": "USD", "quantity": "5.000"}]}, "live_before": {"scope": "batch_targets_and_opening_groups", "money": [{"currency": "EUR", "inventory_raw_value": "0.00000", "opening_movement_cost": "0.00", "sales_open_value": "0.00", "purchase_open_value": "0.00"}, {"currency": "UAH", "inventory_raw_value": "0.00000", "opening_movement_cost": "0.00", "sales_open_value": "0.00", "purchase_open_value": "0.00"}, {"currency": "USD", "inventory_raw_value": "0.00000", "opening_movement_cost": "0.00", "sales_open_value": "0.00", "purchase_open_value": "0.00"}], "stock": [{"item_ref": "material", "location_ref": "warehouse", "unit": "кг", "revision": "A", "currency": "USD", "physical": "0.000", "available": "0.000"}]}, "live_after": {"scope": "batch_targets_and_opening_groups", "money": [{"currency": "EUR", "inventory_raw_value": "0.00000", "opening_movement_cost": "0.00", "sales_open_value": "0.00", "purchase_open_value": "0.00"}, {"currency": "UAH", "inventory_raw_value": "0.00000", "opening_movement_cost": "0.00", "sales_open_value": "0.00", "purchase_open_value": "0.00"}, {"currency": "USD", "inventory_raw_value": "11.70000", "opening_movement_cost": "11.70", "sales_open_value": "10.30", "purchase_open_value": "6.55"}], "stock": [{"item_ref": "material", "location_ref": "warehouse", "unit": "кг", "revision": "A", "currency": "USD", "physical": "5.000", "available": "0.000"}]}, "impact": {"title": "Початковий імпорт", "changes": []}, "erp_event_id": 7}}]}ok
test_two_confirmations_cannot_overallocate_and_successful_replay_is_identical (erp.test_procurement_bridge.ProcurementBridgeConcurrencyTests.test_two_confirmations_cannot_overallocate_and_successful_replay_is_identical) ... ok
test_historical_rows_ids_and_deleted_highwater_survive_forwards_and_backwards (erp.test_procurement_bridge.PurchaseSourceMigrationTests.test_historical_rows_ids_and_deleted_highwater_survive_forwards_and_backwards) ... ok
test_actual_approved_po_refuses_lossy_rollback_with_schema_and_rows_unchanged (erp.test_procurement_bridge.PurchaseSourceRollbackRefusalTests.test_actual_approved_po_refuses_lossy_rollback_with_schema_and_rows_unchanged) ... ok

----------------------------------------------------------------------
Ran 44 tests in 16.373s

OK
Destroying test database for alias 'default' ('/workspace/scratch/c7b51e996a9f/tmp/b02_candidate/check_final_focused2.sqlite3_django_test')...

A06_PASS {"mode": "http", "action": "import_batch", "currency": "USD", "inventory_id": "ERP-import_batch", "erp_event_id": 7, "statuses": [409, 200], "one_effect": true, "replay_unchanged": true}
A06_PAIR {"mode": "http", "action": "import_batch", "currency": "UAH", "workers": [{"status": 200, "json": {"state": "succeeded", "batch_id": "f0748399-7dd3-4d41-a371-6c91b7965b65", "namespace": "synthetic-uah", "semantic_sha256": "cbc354bcecc6a94f53f305c0568305f1bd6f34929eaba26a6068b6dc4f1ce5c9", "counts": {"create": 9, "reuse": 0, "bind": 0}, "mappings": [{"entity": "counterparty", "external_id": "customer", "row": 1, "part": "json", "decision": "create", "target_model": "counterparty", "target_id": 15, "bos_code": "", "display_name": "B02 клієнт UAH"}, {"entity": "counterparty", "external_id": "supplier", "row": 2, "part": "json", "decision": "create", "target_model": "counterparty", "target_id": 16, "bos_code": "", "display_name": "B02 постачальник UAH"}, {"entity": "item", "external_id": "material", "row": 3, "part": "json", "decision": "create", "target_model": "item", "target_id": 8, "bos_code": "B02-UAH-I", "display_name": "B02 матеріал"}, {"entity": "location", "external_id": "warehouse", "row": 4, "part": "json", "decision": "create", "target_model": "location", "target_id": 8, "bos_code": "B02-UAH-W", "display_name": "B02 склад"}, {"entity": "opening_lot", "external_id": "lot-one", "row": 5, "part": "json", "decision": "create", "target_model": "lot", "target_id": 15, "bos_code": "B02-UAH-L1", "display_name": "lot-one"}, {"entity": "opening_lot", "external_id": "lot-two", "row": 6, "part": "json", "decision": "create", "target_model": "lot", "target_id": 16, "bos_code": "B02-UAH-L2", "display_name": "lot-two"}, {"entity": "purchase_open_balance", "external_id": "purchase-line", "row": 7, "part": "json", "decision": "create", "target_model": "purchase", "target_id": 8, "bos_code": "B02-UAH-PO", "display_name": "SOURCE-PO-7"}, {"entity": "sales_line", "external_id": "sale-line", "row": 8, "part": "json", "decision": "create", "target_model": "line", "target_id": 8, "bos_code": "", "display_name": "sale-line"}, {"entity": "sales_order", "external_id": "sale", "row": 9, "part": "json", "decision": "create", "target_model": "order", "target_id": 8, "bos_code": "B02-UAH-SO", "display_name": "sale"}], "source_control_totals": {"counts": {"counterparty": 2, "item": 1, "location": 1, "opening_lot": 2, "sales_order": 1, "sales_line": 1, "purchase_open_balance": 1}, "money": [{"currency": "EUR", "opening_raw_value": "0.00000", "opening_movement_cost": "0.00", "sales_open_value": "0.00000", "purchase_original_value": "0.00000", "purchase_cutover_open_value": "0.00000"}, {"currency": "UAH", "opening_raw_value": "11.70000", "opening_movement_cost": "11.70", "sales_open_value": "10.30000", "purchase_original_value": "10.64000", "purchase_cutover_open_value": "6.55000"}, {"currency": "USD", "opening_raw_value": "0.00000", "opening_movement_cost": "0.00", "sales_open_value": "0.00000", "purchase_original_value": "0.00000", "purchase_cutover_open_value": "0.00000"}], "stock": [{"item_ref": "material", "location_ref": "warehouse", "unit": "кг", "revision": "A", "currency": "UAH", "quantity": "5.000"}]}, "committed_delta": {"counts": {"counterparty": 2, "item": 1, "location": 1, "opening_lot": 2, "sales_order": 1, "sales_line": 1, "purchase_open_balance": 1}, "money": [{"currency": "EUR", "opening_raw_value": "0.00000", "opening_movement_cost": "0.00", "sales_open_value": "0.00000", "purchase_original_value": "0.00000", "purchase_cutover_open_value": "0.00000"}, {"currency": "UAH", "opening_raw_value": "11.70000", "opening_movement_cost": "11.70", "sales_open_value": "10.30000", "purchase_original_value": "10.64000", "purchase_cutover_open_value": "6.55000"}, {"currency": "USD", "opening_raw_value": "0.00000", "opening_movement_cost": "0.00", "sales_open_value": "0.00000", "purchase_original_value": "0.00000", "purchase_cutover_open_value": "0.00000"}], "stock": [{"item_ref": "material", "location_ref": "warehouse", "unit": "кг", "revision": "A", "currency": "UAH", "quantity": "5.000"}]}, "live_before": {"scope": "batch_targets_and_opening_groups", "money": [{"currency": "EUR", "inventory_raw_value": "0.00000", "opening_movement_cost": "0.00", "sales_open_value": "0.00", "purchase_open_value": "0.00"}, {"currency": "UAH", "inventory_raw_value": "0.00000", "opening_movement_cost": "0.00", "sales_open_value": "0.00", "purchase_open_value": "0.00"}, {"currency": "USD", "inventory_raw_value": "0.00000", "opening_movement_cost": "0.00", "sales_open_value": "0.00", "purchase_open_value": "0.00"}], "stock": [{"item_ref": "material", "location_ref": "warehouse", "unit": "кг", "revision": "A", "currency": "UAH", "physical": "0.000", "available": "0.000"}]}, "live_after": {"scope": "batch_targets_and_opening_groups", "money": [{"currency": "EUR", "inventory_raw_value": "0.00000", "opening_movement_cost": "0.00", "sales_open_value": "0.00", "purchase_open_value": "0.00"}, {"currency": "UAH", "inventory_raw_value": "11.70000", "opening_movement_cost": "11.70", "sales_open_value": "10.30", "purchase_open_value": "6.55"}, {"currency": "USD", "inventory_raw_value": "0.00000", "opening_movement_cost": "0.00", "sales_open_value": "0.00", "purchase_open_value": "0.00"}], "stock": [{"item_ref": "material", "location_ref": "warehouse", "unit": "кг", "revision": "A", "currency": "UAH", "physical": "5.000", "available": "0.000"}]}, "impact": {"title": "Початковий імпорт", "changes": []}, "erp_event_id": 8}}, {"status": 409, "json": {"error": "Дані змінилися або дія вже виконується. Оновіть перегляд."}}]}
A06_PASS {"mode": "http", "action": "import_batch", "currency": "UAH", "inventory_id": "ERP-import_batch", "erp_event_id": 8, "statuses": [200, 409], "one_effect": true, "replay_unchanged": true}
B01_CONCURRENCY [{"status": 409, "json": {"error": "Дані змінилися або дія вже виконується. Оновіть перегляд."}, "proposal": "137e2889-1862-4410-9067-1f4f9f4e3aa5"}, {"status": 200, "json": {"state": "succeeded", "purchase_id": 9, "code": "B01-PO-7db1a6d50c46", "erp_event_id": 9, "impact": [{"kind": "purchases", "id": 9, "code": "B01-PO-7db1a6d50c46", "field": "quantity", "label": "Замовлено", "before": null, "after": "6.000", "currency": "EUR"}, {"kind": "purchases", "id": 9, "code": "B01-PO-7db1a6d50c46", "field": "price", "label": "Ціна одиниці", "before": null, "after": "12.34", "currency": "EUR"}, {"kind": "purchases", "id": 9, "code": "B01-PO-7db1a6d50c46", "field": "extras", "label": "Додаткові витрати", "before": null, "after": "5.00", "currency": "EUR"}, {"kind": "purchases", "id": 9, "code": "B01-PO-7db1a6d50c46", "field": "received", "label": "Отримано", "before": null, "after": "0.000", "currency": "EUR"}, {"kind": "purchases", "id": 9, "code": "B01-PO-7db1a6d50c46", "field": "status", "label": "Стан поставки", "before": null, "after": "ordered", "currency": "EUR"}, {"kind": "purchases", "id": 9, "code": "B01-PO-7db1a6d50c46", "field": "due_date", "label": "Очікувана дата", "before": null, "after": "2026-10-20", "currency": "EUR"}]}, "proposal": "6fa1281c-da55-4350-8d65-c3b7f9a0a977"}]
B01_SOURCE_ROLLBACK {"refused": true, "changed": [], "purchase_id": 14, "source": "actual HTTP approved quote purchase"}
