Creating test database for alias 'default' ('/workspace/scratch/c7b51e996a9f/tmp/b02_candidate/check_ref_red.sqlite3_django_test')...
Destroying old test database for alias 'default' ('/workspace/scratch/c7b51e996a9f/tmp/b02_candidate/check_ref_red.sqlite3_django_test')...
Found 1 test(s).
Operations to perform:
  Synchronize unmigrated apps: django_filters, messages, rest_framework, staticfiles
  Apply all migrations: admin, ai_assistant, auth, branches, contenttypes, employees, erp, finance, operations, sessions, tasks
Synchronizing apps without migrations:
  Creating tables...
    Running deferred SQL...
Running migrations:
  Applying contenttypes.0001_initial... OK
  Applying auth.0001_initial... OK
  Applying admin.0001_initial... OK
  Applying admin.0002_logentry_remove_auto_add... OK
  Applying admin.0003_logentry_add_action_flag_choices... OK
  Applying ai_assistant.0001_initial... OK
  Applying ai_assistant.0002_taskchangelog... OK
  Applying ai_assistant.0003_claudeusagelog... OK
  Applying ai_assistant.0004_employeechangelog... OK
  Applying ai_assistant.0005_chatfile... OK
  Applying ai_assistant.0006_alter_chatmessage_created_at_and_more... OK
  Applying ai_assistant.0007_employeechangelog_undone_at... OK
  Applying ai_assistant.0008_chatmessage_archived_at_chatmessage_user_and_more... OK
  Applying ai_assistant.0009_private_documents... OK
  Applying contenttypes.0002_remove_content_type_name... OK
  Applying auth.0002_alter_permission_name_max_length... OK
  Applying auth.0003_alter_user_email_max_length... OK
  Applying auth.0004_alter_user_username_opts... OK
  Applying auth.0005_alter_user_last_login_null... OK
  Applying auth.0006_require_contenttypes_0002... OK
  Applying auth.0007_alter_validators_add_error_messages... OK
  Applying auth.0008_alter_user_username_max_length... OK
  Applying auth.0009_alter_user_last_name_max_length... OK
  Applying auth.0010_alter_group_name_max_length... OK
  Applying auth.0011_update_proxy_permissions... OK
  Applying auth.0012_alter_user_first_name_max_length... OK
  Applying branches.0001_initial... OK
  Applying branches.0002_branch_short_name... OK
  Applying branches.0003_fill_short_names... OK
  Applying employees.0001_initial... OK
  Applying employees.0002_alter_employee_department... OK
  Applying employees.0003_employee_branch... OK
  Applying employees.0004_employee_archived_at... OK
  Applying employees.0005_employee_user... OK
  Applying finance.0001_initial... OK
  Applying finance.0002_alter_salary_unique_together_alter_contract_status_and_more... OK
  Applying finance.0003_transaction_branch... OK
  Applying finance.0004_salary_archived_at_transaction_archived_at_and_more... OK
  Applying finance.0005_alter_transaction_branch_alter_transaction_contract_and_more... OK
  Applying finance.0006_financialintent... OK
  Applying finance.0007_money_boundaries... OK
  Applying tasks.0001_initial... OK
  Applying tasks.0002_alter_task_priority... OK
  Applying tasks.0003_alter_task_deadline_alter_task_priority_and_more... OK
  Applying tasks.0004_task_branch... OK
  Applying operations.0001_initial... OK
  Applying operations.0002_actionproposal_user... OK
  Applying operations.0003_loginattempt... OK
  Applying operations.0004_alter_document_options_document_access_level... OK
  Applying operations.0005_invoice_boundaries... OK
  Applying operations.0006_private_documents... OK
  Applying erp.0001_initial... OK
  Applying erp.0002_row_boundaries... OK
  Applying erp.0003_purchase_source... OK
  Applying erp.0004_initial_import_ledger... OK
  Applying sessions.0001_initial...test_new_rows_recheck_profile_of_reused_bindings (erp.test_initial_import.InitialImportTests.test_new_rows_recheck_profile_of_reused_bindings) ... FAIL

======================================================================
FAIL: test_new_rows_recheck_profile_of_reused_bindings (erp.test_initial_import.InitialImportTests.test_new_rows_recheck_profile_of_reused_bindings)
----------------------------------------------------------------------
Traceback (most recent call last):
  File "/workspace/scratch/c7b51e996a9f/tmp/b02_candidate/source/erp/test_initial_import.py", line 313, in test_new_rows_recheck_profile_of_reused_bindings
    self.assertEqual(denied.status_code,422,denied.content);self.assertEqual(self.state(),before)
    ^^^^^^^^^^^^^^^^^^^^^^^^^^^^^^^^^^^^^^^^^^^^^^^^^^^^^^^
AssertionError: 200 != 422 : b'{"valid": true, "batch_id": "708d24f4-fc6a-423f-8d85-0e5b658829b5", "namespace": "synthetic-a", "semantic_sha256": "96d4ce332be00793a6da7adcad0ad182e251b59bdbecec841dc4b890edb278f9", "errors": [], "warnings": [], "counts": {"create": 1, "reuse": 2, "bind": 0}, "mappings": [{"entity": "opening_lot", "external_id": "lot-one", "row": 1, "part": "json", "decision": "create", "target_model": "lot", "target_id": null, "bos_code": "B02-A-L1", "display_name": "lot-one"}, {"entity": "item", "external_id": "material", "row": null, "part": "bindings", "decision": "reuse", "target_model": "item", "target_id": 1, "bos_code": "B02-BOUND-ITEM", "display_name": "\\u041d\\u0430\\u044f\\u0432\\u043d\\u0438\\u0439 \\u043c\\u0430\\u0442\\u0435\\u0440\\u0456\\u0430\\u043b"}, {"entity": "location", "external_id": "warehouse", "row": null, "part": "bindings", "decision": "reuse", "target_model": "location", "target_id": 1, "bos_code": "B02-BOUND-WH", "display_name": "\\u041d\\u0430\\u044f\\u0432\\u043d\\u0438\\u0439 \\u0441\\u043a\\u043b\\u0430\\u0434"}], "source_control_totals": {"counts": {"counterparty": 0, "item": 0, "location": 0, "opening_lot": 1, "sales_order": 0, "sales_line": 0, "purchase_open_balance": 0}, "money": [{"currency": "EUR", "opening_raw_value": "2.92500", "opening_movement_cost": "2.92", "sales_open_value": "0.00000", "purchase_original_value": "0.00000", "purchase_cutover_open_value": "0.00000"}, {"currency": "UAH", "opening_raw_value": "0.00000", "opening_movement_cost": "0.00", "sales_open_value": "0.00000", "purchase_original_value": "0.00000", "purchase_cutover_open_value": "0.00000"}, {"currency": "USD", "opening_raw_value": "0.00000", "opening_movement_cost": "0.00", "sales_open_value": "0.00000", "purchase_original_value": "0.00000", "purchase_cutover_open_value": "0.00000"}], "stock": [{"item_ref": "material", "location_ref": "warehouse", "unit": "\\u043a\\u0433", "revision": "A", "currency": "EUR", "quantity": "1.250"}]}, "planned_delta": {"counts": {"counterparty": 0, "item": 0, "location": 0, "opening_lot": 1, "sales_order": 0, "sales_line": 0, "purchase_open_balance": 0}, "money": [{"currency": "EUR", "opening_raw_value": "2.92500", "opening_movement_cost": "2.92", "sales_open_value": "0.00000", "purchase_original_value": "0.00000", "purchase_cutover_open_value": "0.00000"}, {"currency": "UAH", "opening_raw_value": "0.00000", "opening_movement_cost": "0.00", "sales_open_value": "0.00000", "purchase_original_value": "0.00000", "purchase_cutover_open_value": "0.00000"}, {"currency": "USD", "opening_raw_value": "0.00000", "opening_movement_cost": "0.00", "sales_open_value": "0.00000", "purchase_original_value": "0.00000", "purchase_cutover_open_value": "0.00000"}], "stock": [{"item_ref": "material", "location_ref": "warehouse", "unit": "\\u043a\\u0433", "revision": "A", "currency": "EUR", "quantity": "1.250"}]}, "live_before": {"scope": "batch_targets_and_opening_groups", "money": [{"currency": "EUR", "inventory_raw_value": "0.00000", "opening_movement_cost": "0.00", "sales_open_value": "0.00", "purchase_open_value": "0.00"}, {"currency": "UAH", "inventory_raw_value": "0.00000", "opening_movement_cost": "0.00", "sales_open_value": "0.00", "purchase_open_value": "0.00"}, {"currency": "USD", "inventory_raw_value": "0.00000", "opening_movement_cost": "0.00", "sales_open_value": "0.00", "purchase_open_value": "0.00"}], "stock": [{"item_ref": "material", "location_ref": "warehouse", "unit": "\\u043a\\u0433", "revision": "A", "currency": "EUR", "physical": "0.000", "available": "0.000"}]}, "projected_after": {"scope": "batch_targets_and_opening_groups", "money": [{"currency": "EUR", "inventory_raw_value": "2.92500", "opening_movement_cost": "2.92", "sales_open_value": "0.00", "purchase_open_value": "0.00"}, {"currency": "UAH", "inventory_raw_value": "0.00000", "opening_movement_cost": "0.00", "sales_open_value": "0.00", "purchase_open_value": "0.00"}, {"currency": "USD", "inventory_raw_value": "0.00000", "opening_movement_cost": "0.00", "sales_open_value": "0.00", "purchase_open_value": "0.00"}], "stock": [{"item_ref": "material", "location_ref": "warehouse", "unit": "\\u043a\\u0433", "revision": "A", "currency": "EUR", "physical": "1.250", "available": "0.000"}]}, "proposal": {"id": "bb9a3a4c-d985-431c-a2f5-9462f06e6444", "expires_at": "2026-09-12T12:49:26.163314+00:00"}, "first_commit_receipt": null}'

----------------------------------------------------------------------
Ran 1 test in 0.093s

FAILED (failures=1)
Destroying test database for alias 'default' ('/workspace/scratch/c7b51e996a9f/tmp/b02_candidate/check_ref_red.sqlite3_django_test')...
 OK
System check identified no issues (0 silenced).
