Creating test database for alias 'default' ('/tmp/bos-a05-after.sqlite3_django_test')...
Destroying old test database for alias 'default' ('/tmp/bos-a05-after.sqlite3_django_test')...
Found 44 test(s).
Operations to perform:
  Synchronize unmigrated apps: django_filters, messages, rest_framework, staticfiles
  Apply all migrations: admin, ai_assistant, auth, branches, contenttypes, employees, erp, finance, operations, sessions, tasks
Synchronizing apps without migrations:
  Creating tables...
    Running deferred SQL...
Running migrations:
  Applying contenttypes.0001_initial... OK
  Applying auth.0001_initial... OK
  Applying admin.0001_initial... OK
  Applying admin.0002_logentry_remove_auto_add... OK
  Applying admin.0003_logentry_add_action_flag_choices... OK
  Applying ai_assistant.0001_initial... OK
  Applying ai_assistant.0002_taskchangelog... OK
  Applying ai_assistant.0003_claudeusagelog... OK
  Applying ai_assistant.0004_employeechangelog... OK
  Applying ai_assistant.0005_chatfile... OK
  Applying ai_assistant.0006_alter_chatmessage_created_at_and_more... OK
  Applying ai_assistant.0007_employeechangelog_undone_at... OK
  Applying contenttypes.0002_remove_content_type_name... OK
  Applying auth.0002_alter_permission_name_max_length... OK
  Applying auth.0003_alter_user_email_max_length... OK
  Applying auth.0004_alter_user_username_opts... OK
  Applying auth.0005_alter_user_last_login_null... OK
  Applying auth.0006_require_contenttypes_0002... OK
  Applying auth.0007_alter_validators_add_error_messages... OK
  Applying auth.0008_alter_user_username_max_length... OK
  Applying auth.0009_alter_user_last_name_max_length... OK
  Applying auth.0010_alter_group_name_max_length... OK
  Applying auth.0011_update_proxy_permissions... OK
  Applying auth.0012_alter_user_first_name_max_length... OK
  Applying branches.0001_initial... OK
  Applying branches.0002_branch_short_name... OK
  Applying branches.0003_fill_short_names... OK
  Applying employees.0001_initial... OK
  Applying employees.0002_alter_employee_department... OK
  Applying employees.0003_employee_branch... OK
  Applying employees.0004_employee_archived_at... OK
  Applying tasks.0001_initial... OK
  Applying tasks.0002_alter_task_priority... OK
  Applying tasks.0003_alter_task_deadline_alter_task_priority_and_more... OK
  Applying tasks.0004_task_branch... OK
  Applying finance.0001_initial... OK
  Applying finance.0002_alter_salary_unique_together_alter_contract_status_and_more... OK
  Applying finance.0003_transaction_branch... OK
  Applying operations.0001_initial... OK
  Applying erp.0001_initial... OK
  Applying finance.0004_salary_archived_at_transaction_archived_at_and_more... OK
  Applying sessions.0001_initial...test_admin_bulk_employee_delete_archives (finance.test_finance_integrity.FinanceHistoryAdminTests.test_admin_bulk_employee_delete_archives) ... ok
test_admin_bulk_expense_delete_archives (finance.test_finance_integrity.FinanceHistoryAdminTests.test_admin_bulk_expense_delete_archives) ... ok
test_admin_bulk_salary_delete_archives (finance.test_finance_integrity.FinanceHistoryAdminTests.test_admin_bulk_salary_delete_archives) ... ok
test_admin_cannot_rewrite_a_paid_salary (finance.test_finance_integrity.FinanceHistoryAdminTests.test_admin_cannot_rewrite_a_paid_salary) ... ok
test_admin_cannot_rewrite_the_linked_expense (finance.test_finance_integrity.FinanceHistoryAdminTests.test_admin_cannot_rewrite_the_linked_expense) ... ok
test_admin_paid_without_expense_is_rejected_or_posted_atomically (finance.test_finance_integrity.FinanceHistoryAdminTests.test_admin_paid_without_expense_is_rejected_or_posted_atomically) ... ok
test_admin_single_employee_delete_archives (finance.test_finance_integrity.FinanceHistoryAdminTests.test_admin_single_employee_delete_archives) ... ok
test_admin_single_expense_delete_archives (finance.test_finance_integrity.FinanceHistoryAdminTests.test_admin_single_expense_delete_archives) ... ok
test_admin_single_salary_delete_archives (finance.test_finance_integrity.FinanceHistoryAdminTests.test_admin_single_salary_delete_archives) ... ok
test_archived_employee_cannot_receive_a_new_accrual (finance.test_finance_integrity.FinanceHistoryHTTPTests.test_archived_employee_cannot_receive_a_new_accrual) ... ok
test_archived_expenses_remain_in_financial_api_totals (finance.test_finance_integrity.FinanceHistoryHTTPTests.test_archived_expenses_remain_in_financial_api_totals) ... ok
test_archived_pending_salary_cannot_be_paid (finance.test_finance_integrity.FinanceHistoryHTTPTests.test_archived_pending_salary_cannot_be_paid) ... ok
test_create_paid_cannot_leave_an_unlinked_salary_in_any_currency (finance.test_finance_integrity.FinanceHistoryHTTPTests.test_create_paid_cannot_leave_an_unlinked_salary_in_any_currency) ... ok
test_delete_employee_archives_and_preserves_source_and_three_currency_totals (finance.test_finance_integrity.FinanceHistoryHTTPTests.test_delete_employee_archives_and_preserves_source_and_three_currency_totals) ... ok
test_delete_expense_archives_and_preserves_source_and_three_currency_totals (finance.test_finance_integrity.FinanceHistoryHTTPTests.test_delete_expense_archives_and_preserves_source_and_three_currency_totals) ... ok
test_delete_salary_archives_and_preserves_source_and_three_currency_totals (finance.test_finance_integrity.FinanceHistoryHTTPTests.test_delete_salary_archives_and_preserves_source_and_three_currency_totals) ... ok
test_editing_a_pending_salary_still_works (finance.test_finance_integrity.FinanceHistoryHTTPTests.test_editing_a_pending_salary_still_works) ... ok
test_linked_expense_financial_fields_are_immutable (finance.test_finance_integrity.FinanceHistoryHTTPTests.test_linked_expense_financial_fields_are_immutable) ... ok
test_paid_salary_cannot_be_reassigned_to_another_existing_employee (finance.test_finance_integrity.FinanceHistoryHTTPTests.test_paid_salary_cannot_be_reassigned_to_another_existing_employee) ... ok
test_paid_salary_financial_fields_are_immutable (finance.test_finance_integrity.FinanceHistoryHTTPTests.test_paid_salary_financial_fields_are_immutable) ... ok
test_put_cannot_bypass_linked_expense_protection (finance.test_finance_integrity.FinanceHistoryHTTPTests.test_put_cannot_bypass_linked_expense_protection) ... ok
test_put_cannot_bypass_paid_salary_protection (finance.test_finance_integrity.FinanceHistoryHTTPTests.test_put_cannot_bypass_paid_salary_protection) ... ok
test_reopen_attempt_followed_by_pay_has_one_original_expense (finance.test_finance_integrity.FinanceHistoryHTTPTests.test_reopen_attempt_followed_by_pay_has_one_original_expense) ... ok
test_replay_after_expense_archive_never_creates_second_payment (finance.test_finance_integrity.FinanceHistoryHTTPTests.test_replay_after_expense_archive_never_creates_second_payment) ... ok
test_ai_cannot_create_negative_financial_rows (finance.test_finance_integrity.FinanceLegacyEntryTests.test_ai_cannot_create_negative_financial_rows) ... Tool create_salary crashed with unexpected error: {'amount': ['Потрібна додатна скінченна сума.']}
Traceback (most recent call last):
  File "/workspace/sites/bos-original-refined/ai_assistant/views.py", line 632, in execute_tool
    return handler(args)
           ^^^^^^^^^^^^^
  File "/workspace/sites/bos-original-refined/ai_assistant/views.py", line 571, in _create_salary
    sal = save_salary(changes={'employee': emp, **args})
          ^^^^^^^^^^^^^^^^^^^^^^^^^^^^^^^^^^^^^^^^^^^^^^
  File "/workspace/sites/bos-original-refined/finance/commands.py", line 268, in save_salary
    return _save(Salary, validate_salary, SALARY_FIELDS, 'status', instance, changes, actor)
           ^^^^^^^^^^^^^^^^^^^^^^^^^^^^^^^^^^^^^^^^^^^^^^^^^^^^^^^^^^^^^^^^^^^^^^^^^^^^^^^^^
  File "/workspace/sites/bos-original-refined/finance/commands.py", line 253, in _save
    candidate.full_clean()
  File "/workspace/scratch/c7b51e996a9f/demo-check-env/lib/python3.12/site-packages/django/db/models/base.py", line 1712, in full_clean
    raise ValidationError(errors)
django.core.exceptions.ValidationError: {'amount': ['Потрібна додатна скінченна сума.']}
Tool create_transaction crashed with unexpected error: {'amount': ['Потрібна додатна скінченна сума.']}
Traceback (most recent call last):
  File "/workspace/sites/bos-original-refined/ai_assistant/views.py", line 632, in execute_tool
    return handler(args)
           ^^^^^^^^^^^^^
  File "/workspace/sites/bos-original-refined/ai_assistant/views.py", line 530, in _create_transaction
    tx = save_transaction(changes=args)
         ^^^^^^^^^^^^^^^^^^^^^^^^^^^^^^
  File "/workspace/sites/bos-original-refined/finance/commands.py", line 273, in save_transaction
    return _save(Transaction, validate_transaction, TRANSACTION_FIELDS, 'direction', instance, changes, actor)
           ^^^^^^^^^^^^^^^^^^^^^^^^^^^^^^^^^^^^^^^^^^^^^^^^^^^^^^^^^^^^^^^^^^^^^^^^^^^^^^^^^^^^^^^^^^^^^^^^^^^
  File "/workspace/sites/bos-original-refined/finance/commands.py", line 253, in _save
    candidate.full_clean()
  File "/workspace/scratch/c7b51e996a9f/demo-check-env/lib/python3.12/site-packages/django/db/models/base.py", line 1712, in full_clean
    raise ValidationError(errors)
django.core.exceptions.ValidationError: {'amount': ['Потрібна додатна скінченна сума.']}
ok
test_ai_create_paid_never_leaves_a_salary_without_expense (finance.test_finance_integrity.FinanceLegacyEntryTests.test_ai_create_paid_never_leaves_a_salary_without_expense) ... Tool create_salary crashed with unexpected error: {'status': ['Виплату виконуйте дією «Виплатити», яка створює пов’язану витрату.'], 'payment_date': ['Дата виплати задається під час проведення виплати.']}
Traceback (most recent call last):
  File "/workspace/sites/bos-original-refined/ai_assistant/views.py", line 632, in execute_tool
    return handler(args)
           ^^^^^^^^^^^^^
  File "/workspace/sites/bos-original-refined/ai_assistant/views.py", line 571, in _create_salary
    sal = save_salary(changes={'employee': emp, **args})
          ^^^^^^^^^^^^^^^^^^^^^^^^^^^^^^^^^^^^^^^^^^^^^^
  File "/workspace/sites/bos-original-refined/finance/commands.py", line 268, in save_salary
    return _save(Salary, validate_salary, SALARY_FIELDS, 'status', instance, changes, actor)
           ^^^^^^^^^^^^^^^^^^^^^^^^^^^^^^^^^^^^^^^^^^^^^^^^^^^^^^^^^^^^^^^^^^^^^^^^^^^^^^^^^
  File "/workspace/sites/bos-original-refined/finance/commands.py", line 253, in _save
    candidate.full_clean()
  File "/workspace/scratch/c7b51e996a9f/demo-check-env/lib/python3.12/site-packages/django/db/models/base.py", line 1712, in full_clean
    raise ValidationError(errors)
django.core.exceptions.ValidationError: {'status': ['Виплату виконуйте дією «Виплатити», яка створює пов’язану витрату.'], 'payment_date': ['Дата виплати задається під час проведення виплати.']}
ok
test_ai_delete_employee_preserves_history_and_archives_same_id (finance.test_finance_integrity.FinanceLegacyEntryTests.test_ai_delete_employee_preserves_history_and_archives_same_id) ... ok
test_ai_undo_employee_archive_never_allocates_a_replacement_id (finance.test_finance_integrity.FinanceLegacyEntryTests.test_ai_undo_employee_archive_never_allocates_a_replacement_id) ... ok
test_ai_undo_employee_creation_preserves_existing_payroll_history (finance.test_finance_integrity.FinanceLegacyEntryTests.test_ai_undo_employee_creation_preserves_existing_payroll_history) ... ok
test_cli_branch_reset_cannot_detach_historical_expense (finance.test_finance_integrity.FinanceLegacyEntryTests.test_cli_branch_reset_cannot_detach_historical_expense) ... ok
test_cli_branch_seed_cannot_change_working_financial_attribution (finance.test_finance_integrity.FinanceLegacyEntryTests.test_cli_branch_seed_cannot_change_working_financial_attribution) ... ok
test_cli_demo_seeds_refuse_working_mode_without_touching_history (finance.test_finance_integrity.FinanceLegacyEntryTests.test_cli_demo_seeds_refuse_working_mode_without_touching_history) ... ok
test_birthday_in_future_rejected (employees.tests.EmployeeAPITestCase.test_birthday_in_future_rejected) ... ok
test_create_employee (employees.tests.EmployeeAPITestCase.test_create_employee) ... ok
test_delete_employee (employees.tests.EmployeeAPITestCase.test_delete_employee) ... ok
test_kpi_out_of_range_rejected (employees.tests.EmployeeAPITestCase.test_kpi_out_of_range_rejected) ... ok
test_name_too_short_rejected (employees.tests.EmployeeAPITestCase.test_name_too_short_rejected) ... ok
test_search_and_filter (employees.tests.EmployeeAPITestCase.test_search_and_filter) ... ok
test_each_currency_is_preserved (finance.test_payment_integrity.PaymentIntegrityTests.test_each_currency_is_preserved) ... ok
test_error_after_expense_insert_rolls_back_and_retry_succeeds (finance.test_payment_integrity.PaymentIntegrityTests.test_error_after_expense_insert_rolls_back_and_retry_succeeds) ... ok
test_http_replay_returns_same_receipt_without_second_expense (finance.test_payment_integrity.PaymentIntegrityTests.test_http_replay_returns_same_receipt_without_second_expense) ... ok
test_inconsistent_paid_history_is_not_rewritten (finance.test_payment_integrity.PaymentIntegrityTests.test_inconsistent_paid_history_is_not_rewritten) ... ok
test_two_concurrent_http_requests_return_identical_receipts (finance.test_payment_integrity.PaymentIntegrityTests.test_two_concurrent_http_requests_return_identical_receipts) ... ok
test_two_concurrent_stale_instances_produce_one_expense (finance.test_payment_integrity.PaymentIntegrityTests.test_two_concurrent_stale_instances_produce_one_expense) ... ok

----------------------------------------------------------------------
Ran 44 tests in 3.087s

OK
Destroying test database for alias 'default' ('/tmp/bos-a05-after.sqlite3_django_test')...
 OK
System check identified no issues (0 silenced).
