Creating test database for alias 'default' ('/tmp/bos-a05-links.sqlite3_django_test')...
Destroying old test database for alias 'default' ('/tmp/bos-a05-links.sqlite3_django_test')...
Found 4 test(s).
Operations to perform:
  Synchronize unmigrated apps: django_filters, messages, rest_framework, staticfiles
  Apply all migrations: admin, ai_assistant, auth, branches, contenttypes, employees, erp, finance, operations, sessions, tasks
Synchronizing apps without migrations:
  Creating tables...
    Running deferred SQL...
Running migrations:
  Applying contenttypes.0001_initial... OK
  Applying auth.0001_initial... OK
  Applying admin.0001_initial... OK
  Applying admin.0002_logentry_remove_auto_add... OK
  Applying admin.0003_logentry_add_action_flag_choices... OK
  Applying ai_assistant.0001_initial... OK
  Applying ai_assistant.0002_taskchangelog... OK
  Applying ai_assistant.0003_claudeusagelog... OK
  Applying ai_assistant.0004_employeechangelog... OK
  Applying ai_assistant.0005_chatfile... OK
  Applying ai_assistant.0006_alter_chatmessage_created_at_and_more... OK
  Applying ai_assistant.0007_employeechangelog_undone_at... OK
  Applying contenttypes.0002_remove_content_type_name... OK
  Applying auth.0002_alter_permission_name_max_length... OK
  Applying auth.0003_alter_user_email_max_length... OK
  Applying auth.0004_alter_user_username_opts... OK
  Applying auth.0005_alter_user_last_login_null... OK
  Applying auth.0006_require_contenttypes_0002... OK
  Applying auth.0007_alter_validators_add_error_messages... OK
  Applying auth.0008_alter_user_username_max_length... OK
  Applying auth.0009_alter_user_last_name_max_length... OK
  Applying auth.0010_alter_group_name_max_length... OK
  Applying auth.0011_update_proxy_permissions... OK
  Applying auth.0012_alter_user_first_name_max_length... OK
  Applying branches.0001_initial... OK
  Applying branches.0002_branch_short_name... OK
  Applying branches.0003_fill_short_names... OK
  Applying employees.0001_initial... OK
  Applying employees.0002_alter_employee_department... OK
  Applying employees.0003_employee_branch... OK
  Applying employees.0004_employee_archived_at... OK
  Applying tasks.0001_initial... OK
  Applying tasks.0002_alter_task_priority... OK
  Applying tasks.0003_alter_task_deadline_alter_task_priority_and_more... OK
  Applying tasks.0004_task_branch... OK
  Applying finance.0001_initial... OK
  Applying finance.0002_alter_salary_unique_together_alter_contract_status_and_more... OK
  Applying finance.0003_transaction_branch... OK
  Applying operations.0001_initial... OK
  Applying erp.0001_initial... OK
  Applying finance.0004_salary_archived_at_transaction_archived_at_and_more... OK
  Applying sessions.0001_initial...test_admin_branch_delete_cannot_null_paid_expense_attribution (finance.test_attribution_regressions.AttributionReviewTests.test_admin_branch_delete_cannot_null_paid_expense_attribution) ... FAIL
test_ai_counterparty_delete_cannot_null_paid_expense_attribution (finance.test_attribution_regressions.AttributionReviewTests.test_ai_counterparty_delete_cannot_null_paid_expense_attribution) ... FAIL
test_api_contract_delete_cannot_null_paid_expense_attribution (finance.test_attribution_regressions.AttributionReviewTests.test_api_contract_delete_cannot_null_paid_expense_attribution) ... FAIL
test_api_counterparty_delete_cannot_null_paid_expense_attribution (finance.test_attribution_regressions.AttributionReviewTests.test_api_counterparty_delete_cannot_null_paid_expense_attribution) ... FAIL

======================================================================
FAIL: test_admin_branch_delete_cannot_null_paid_expense_attribution (finance.test_attribution_regressions.AttributionReviewTests.test_admin_branch_delete_cannot_null_paid_expense_attribution)
----------------------------------------------------------------------
Traceback (most recent call last):
  File "/workspace/sites/bos-original-refined/finance/test_attribution_regressions.py", line 47, in test_admin_branch_delete_cannot_null_paid_expense_attribution
    self.assert_attribution_unchanged()
  File "/workspace/sites/bos-original-refined/finance/test_attribution_regressions.py", line 30, in assert_attribution_unchanged
    self.assert_history_unchanged(self.before)
  File "/workspace/sites/bos-original-refined/finance/test_finance_integrity.py", line 91, in assert_history_unchanged
    self.assertEqual(model._base_manager.values(*fields).get(pk=pk), before[key])
AssertionError: {'id'[186 chars]id': None, 'counterparty_id': 1, 'contract_id'[94 chars]utc)} != {'id'[186 chars]id': 1, 'counterparty_id': 1, 'contract_id': 1[91 chars]utc)}
  {'amount': Decimal('100.25'),
-  'branch_id': None,
?               ^^^^

+  'branch_id': 1,
?               ^

   'category': 'salary',
   'contract_id': 1,
   'counterparty_id': 1,
   'created_at': datetime.datetime(2026, 9, 11, 18, 57, 53, 38228, tzinfo=datetime.timezone.utc),
   'currency': 'EUR',
   'date': datetime.date(2026, 9, 11),
   'description': 'Синтетична історична виплата',
   'direction': 'out',
   'id': 1}

======================================================================
FAIL: test_ai_counterparty_delete_cannot_null_paid_expense_attribution (finance.test_attribution_regressions.AttributionReviewTests.test_ai_counterparty_delete_cannot_null_paid_expense_attribution)
----------------------------------------------------------------------
Traceback (most recent call last):
  File "/workspace/sites/bos-original-refined/finance/test_attribution_regressions.py", line 54, in test_ai_counterparty_delete_cannot_null_paid_expense_attribution
    self.assert_attribution_unchanged()
  File "/workspace/sites/bos-original-refined/finance/test_attribution_regressions.py", line 30, in assert_attribution_unchanged
    self.assert_history_unchanged(self.before)
  File "/workspace/sites/bos-original-refined/finance/test_finance_integrity.py", line 91, in assert_history_unchanged
    self.assertEqual(model._base_manager.values(*fields).get(pk=pk), before[key])
AssertionError: {'id'[208 chars]id': None, 'contract_id': None, 'created_at': [76 chars]utc)} != {'id'[208 chars]id': 1, 'contract_id': 1, 'created_at': dateti[70 chars]utc)}
  {'amount': Decimal('100.25'),
   'branch_id': 1,
   'category': 'salary',
-  'contract_id': None,
?                 ^^^^

+  'contract_id': 1,
?                 ^

-  'counterparty_id': None,
?                     ^^^^

+  'counterparty_id': 1,
?                     ^

   'created_at': datetime.datetime(2026, 9, 11, 18, 57, 53, 245514, tzinfo=datetime.timezone.utc),
   'currency': 'EUR',
   'date': datetime.date(2026, 9, 11),
   'description': 'Синтетична історична виплата',
   'direction': 'out',
   'id': 1}

======================================================================
FAIL: test_api_contract_delete_cannot_null_paid_expense_attribution (finance.test_attribution_regressions.AttributionReviewTests.test_api_contract_delete_cannot_null_paid_expense_attribution)
----------------------------------------------------------------------
Traceback (most recent call last):
  File "/workspace/sites/bos-original-refined/finance/test_attribution_regressions.py", line 42, in test_api_contract_delete_cannot_null_paid_expense_attribution
    self.assert_attribution_unchanged()
  File "/workspace/sites/bos-original-refined/finance/test_attribution_regressions.py", line 30, in assert_attribution_unchanged
    self.assert_history_unchanged(self.before)
  File "/workspace/sites/bos-original-refined/finance/test_finance_integrity.py", line 91, in assert_history_unchanged
    self.assertEqual(model._base_manager.values(*fields).get(pk=pk), before[key])
AssertionError: {'id'[226 chars]id': None, 'created_at': datetime.datetime(202[55 chars]utc)} != {'id'[226 chars]id': 1, 'created_at': datetime.datetime(2026, [52 chars]utc)}
  {'amount': Decimal('100.25'),
   'branch_id': 1,
   'category': 'salary',
-  'contract_id': None,
?                 ^^^^

+  'contract_id': 1,
?                 ^

   'counterparty_id': 1,
   'created_at': datetime.datetime(2026, 9, 11, 18, 57, 53, 253579, tzinfo=datetime.timezone.utc),
   'currency': 'EUR',
   'date': datetime.date(2026, 9, 11),
   'description': 'Синтетична історична виплата',
   'direction': 'out',
   'id': 1}

======================================================================
FAIL: test_api_counterparty_delete_cannot_null_paid_expense_attribution (finance.test_attribution_regressions.AttributionReviewTests.test_api_counterparty_delete_cannot_null_paid_expense_attribution)
----------------------------------------------------------------------
Traceback (most recent call last):
  File "/workspace/sites/bos-original-refined/finance/test_attribution_regressions.py", line 37, in test_api_counterparty_delete_cannot_null_paid_expense_attribution
    self.assert_attribution_unchanged()
  File "/workspace/sites/bos-original-refined/finance/test_attribution_regressions.py", line 30, in assert_attribution_unchanged
    self.assert_history_unchanged(self.before)
  File "/workspace/sites/bos-original-refined/finance/test_finance_integrity.py", line 91, in assert_history_unchanged
    self.assertEqual(model._base_manager.values(*fields).get(pk=pk), before[key])
AssertionError: {'id'[208 chars]id': None, 'contract_id': None, 'created_at': [76 chars]utc)} != {'id'[208 chars]id': 1, 'contract_id': 1, 'created_at': dateti[70 chars]utc)}
  {'amount': Decimal('100.25'),
   'branch_id': 1,
   'category': 'salary',
-  'contract_id': None,
?                 ^^^^

+  'contract_id': 1,
?                 ^

-  'counterparty_id': None,
?                     ^^^^

+  'counterparty_id': 1,
?                     ^

   'created_at': datetime.datetime(2026, 9, 11, 18, 57, 53, 261072, tzinfo=datetime.timezone.utc),
   'currency': 'EUR',
   'date': datetime.date(2026, 9, 11),
   'description': 'Синтетична історична виплата',
   'direction': 'out',
   'id': 1}

----------------------------------------------------------------------
Ran 4 tests in 0.404s

FAILED (failures=4)
Destroying test database for alias 'default' ('/tmp/bos-a05-links.sqlite3_django_test')...
 OK
System check identified no issues (0 silenced).
