Creating test database for alias 'default' ('/tmp/bos-a05-before.sqlite3_django_test')...
Destroying old test database for alias 'default' ('/tmp/bos-a05-before.sqlite3_django_test')...
Found 32 test(s).
Operations to perform:
  Synchronize unmigrated apps: django_filters, messages, rest_framework, staticfiles
  Apply all migrations: admin, ai_assistant, auth, branches, contenttypes, employees, erp, finance, operations, sessions, tasks
Synchronizing apps without migrations:
  Creating tables...
    Running deferred SQL...
Running migrations:
  Applying contenttypes.0001_initial... OK
  Applying auth.0001_initial... OK
  Applying admin.0001_initial... OK
  Applying admin.0002_logentry_remove_auto_add... OK
  Applying admin.0003_logentry_add_action_flag_choices... OK
  Applying ai_assistant.0001_initial... OK
  Applying ai_assistant.0002_taskchangelog... OK
  Applying ai_assistant.0003_claudeusagelog... OK
  Applying ai_assistant.0004_employeechangelog... OK
  Applying ai_assistant.0005_chatfile... OK
  Applying ai_assistant.0006_alter_chatmessage_created_at_and_more... OK
  Applying contenttypes.0002_remove_content_type_name... OK
  Applying auth.0002_alter_permission_name_max_length... OK
  Applying auth.0003_alter_user_email_max_length... OK
  Applying auth.0004_alter_user_username_opts... OK
  Applying auth.0005_alter_user_last_login_null... OK
  Applying auth.0006_require_contenttypes_0002... OK
  Applying auth.0007_alter_validators_add_error_messages... OK
  Applying auth.0008_alter_user_username_max_length... OK
  Applying auth.0009_alter_user_last_name_max_length... OK
  Applying auth.0010_alter_group_name_max_length... OK
  Applying auth.0011_update_proxy_permissions... OK
  Applying auth.0012_alter_user_first_name_max_length... OK
  Applying branches.0001_initial... OK
  Applying branches.0002_branch_short_name... OK
  Applying branches.0003_fill_short_names... OK
  Applying employees.0001_initial... OK
  Applying employees.0002_alter_employee_department... OK
  Applying employees.0003_employee_branch... OK
  Applying tasks.0001_initial... OK
  Applying tasks.0002_alter_task_priority... OK
  Applying tasks.0003_alter_task_deadline_alter_task_priority_and_more... OK
  Applying tasks.0004_task_branch... OK
  Applying finance.0001_initial... OK
  Applying finance.0002_alter_salary_unique_together_alter_contract_status_and_more... OK
  Applying finance.0003_transaction_branch... OK
  Applying operations.0001_initial... OK
  Applying erp.0001_initial... OK
  Applying sessions.0001_initial...test_admin_bulk_employee_delete_archives (finance.test_finance_integrity.FinanceHistoryAdminTests.test_admin_bulk_employee_delete_archives) ... FAIL
test_admin_bulk_expense_delete_archives (finance.test_finance_integrity.FinanceHistoryAdminTests.test_admin_bulk_expense_delete_archives) ... FAIL
test_admin_bulk_salary_delete_archives (finance.test_finance_integrity.FinanceHistoryAdminTests.test_admin_bulk_salary_delete_archives) ... FAIL
test_admin_cannot_rewrite_a_paid_salary (finance.test_finance_integrity.FinanceHistoryAdminTests.test_admin_cannot_rewrite_a_paid_salary) ... FAIL
test_admin_cannot_rewrite_the_linked_expense (finance.test_finance_integrity.FinanceHistoryAdminTests.test_admin_cannot_rewrite_the_linked_expense) ... FAIL
test_admin_paid_without_expense_is_rejected_or_posted_atomically (finance.test_finance_integrity.FinanceHistoryAdminTests.test_admin_paid_without_expense_is_rejected_or_posted_atomically) ... 
  test_admin_paid_without_expense_is_rejected_or_posted_atomically (finance.test_finance_integrity.FinanceHistoryAdminTests.test_admin_paid_without_expense_is_rejected_or_posted_atomically) (currency='EUR') ... FAIL
  test_admin_paid_without_expense_is_rejected_or_posted_atomically (finance.test_finance_integrity.FinanceHistoryAdminTests.test_admin_paid_without_expense_is_rejected_or_posted_atomically) (currency='USD') ... FAIL
  test_admin_paid_without_expense_is_rejected_or_posted_atomically (finance.test_finance_integrity.FinanceHistoryAdminTests.test_admin_paid_without_expense_is_rejected_or_posted_atomically) (currency='UAH') ... FAIL
test_admin_single_employee_delete_archives (finance.test_finance_integrity.FinanceHistoryAdminTests.test_admin_single_employee_delete_archives) ... FAIL
test_admin_single_expense_delete_archives (finance.test_finance_integrity.FinanceHistoryAdminTests.test_admin_single_expense_delete_archives) ... FAIL
test_admin_single_salary_delete_archives (finance.test_finance_integrity.FinanceHistoryAdminTests.test_admin_single_salary_delete_archives) ... FAIL
test_archived_employee_cannot_receive_a_new_accrual (finance.test_finance_integrity.FinanceHistoryHTTPTests.test_archived_employee_cannot_receive_a_new_accrual) ... FAIL
test_archived_expenses_remain_in_financial_api_totals (finance.test_finance_integrity.FinanceHistoryHTTPTests.test_archived_expenses_remain_in_financial_api_totals) ... FAIL
test_archived_pending_salary_cannot_be_paid (finance.test_finance_integrity.FinanceHistoryHTTPTests.test_archived_pending_salary_cannot_be_paid) ... FAIL
test_create_paid_cannot_leave_an_unlinked_salary_in_any_currency (finance.test_finance_integrity.FinanceHistoryHTTPTests.test_create_paid_cannot_leave_an_unlinked_salary_in_any_currency) ... 
  test_create_paid_cannot_leave_an_unlinked_salary_in_any_currency (finance.test_finance_integrity.FinanceHistoryHTTPTests.test_create_paid_cannot_leave_an_unlinked_salary_in_any_currency) (currency='EUR') ... FAIL
  test_create_paid_cannot_leave_an_unlinked_salary_in_any_currency (finance.test_finance_integrity.FinanceHistoryHTTPTests.test_create_paid_cannot_leave_an_unlinked_salary_in_any_currency) (currency='USD') ... FAIL
  test_create_paid_cannot_leave_an_unlinked_salary_in_any_currency (finance.test_finance_integrity.FinanceHistoryHTTPTests.test_create_paid_cannot_leave_an_unlinked_salary_in_any_currency) (currency='UAH') ... FAIL
test_delete_employee_archives_and_preserves_source_and_three_currency_totals (finance.test_finance_integrity.FinanceHistoryHTTPTests.test_delete_employee_archives_and_preserves_source_and_three_currency_totals) ... 
  test_delete_employee_archives_and_preserves_source_and_three_currency_totals (finance.test_finance_integrity.FinanceHistoryHTTPTests.test_delete_employee_archives_and_preserves_source_and_three_currency_totals) (model='Employee', currency='EUR') ... FAIL
  test_delete_employee_archives_and_preserves_source_and_three_currency_totals (finance.test_finance_integrity.FinanceHistoryHTTPTests.test_delete_employee_archives_and_preserves_source_and_three_currency_totals) (model='Employee', currency='USD') ... FAIL
  test_delete_employee_archives_and_preserves_source_and_three_currency_totals (finance.test_finance_integrity.FinanceHistoryHTTPTests.test_delete_employee_archives_and_preserves_source_and_three_currency_totals) (model='Employee', currency='UAH') ... FAIL
test_delete_expense_archives_and_preserves_source_and_three_currency_totals (finance.test_finance_integrity.FinanceHistoryHTTPTests.test_delete_expense_archives_and_preserves_source_and_three_currency_totals) ... 
  test_delete_expense_archives_and_preserves_source_and_three_currency_totals (finance.test_finance_integrity.FinanceHistoryHTTPTests.test_delete_expense_archives_and_preserves_source_and_three_currency_totals) (model='Transaction', currency='EUR') ... FAIL
  test_delete_expense_archives_and_preserves_source_and_three_currency_totals (finance.test_finance_integrity.FinanceHistoryHTTPTests.test_delete_expense_archives_and_preserves_source_and_three_currency_totals) (model='Transaction', currency='USD') ... FAIL
  test_delete_expense_archives_and_preserves_source_and_three_currency_totals (finance.test_finance_integrity.FinanceHistoryHTTPTests.test_delete_expense_archives_and_preserves_source_and_three_currency_totals) (model='Transaction', currency='UAH') ... FAIL
test_delete_salary_archives_and_preserves_source_and_three_currency_totals (finance.test_finance_integrity.FinanceHistoryHTTPTests.test_delete_salary_archives_and_preserves_source_and_three_currency_totals) ... 
  test_delete_salary_archives_and_preserves_source_and_three_currency_totals (finance.test_finance_integrity.FinanceHistoryHTTPTests.test_delete_salary_archives_and_preserves_source_and_three_currency_totals) (model='Salary', currency='EUR') ... FAIL
  test_delete_salary_archives_and_preserves_source_and_three_currency_totals (finance.test_finance_integrity.FinanceHistoryHTTPTests.test_delete_salary_archives_and_preserves_source_and_three_currency_totals) (model='Salary', currency='USD') ... FAIL
  test_delete_salary_archives_and_preserves_source_and_three_currency_totals (finance.test_finance_integrity.FinanceHistoryHTTPTests.test_delete_salary_archives_and_preserves_source_and_three_currency_totals) (model='Salary', currency='UAH') ... FAIL
test_editing_a_pending_salary_still_works (finance.test_finance_integrity.FinanceHistoryHTTPTests.test_editing_a_pending_salary_still_works) ... ok
test_linked_expense_financial_fields_are_immutable (finance.test_finance_integrity.FinanceHistoryHTTPTests.test_linked_expense_financial_fields_are_immutable) ... 
  test_linked_expense_financial_fields_are_immutable (finance.test_finance_integrity.FinanceHistoryHTTPTests.test_linked_expense_financial_fields_are_immutable) (change={'amount': '300.25'}) ... FAIL
  test_linked_expense_financial_fields_are_immutable (finance.test_finance_integrity.FinanceHistoryHTTPTests.test_linked_expense_financial_fields_are_immutable) (change={'direction': 'in'}) ... FAIL
  test_linked_expense_financial_fields_are_immutable (finance.test_finance_integrity.FinanceHistoryHTTPTests.test_linked_expense_financial_fields_are_immutable) (change={'currency': 'EUR'}) ... FAIL
  test_linked_expense_financial_fields_are_immutable (finance.test_finance_integrity.FinanceHistoryHTTPTests.test_linked_expense_financial_fields_are_immutable) (change={'date': '2026-09-12'}) ... FAIL
  test_linked_expense_financial_fields_are_immutable (finance.test_finance_integrity.FinanceHistoryHTTPTests.test_linked_expense_financial_fields_are_immutable) (change={'category': 'other'}) ... FAIL
  test_linked_expense_financial_fields_are_immutable (finance.test_finance_integrity.FinanceHistoryHTTPTests.test_linked_expense_financial_fields_are_immutable) (change={'branch': None}) ... FAIL
test_paid_salary_cannot_be_reassigned_to_another_existing_employee (finance.test_finance_integrity.FinanceHistoryHTTPTests.test_paid_salary_cannot_be_reassigned_to_another_existing_employee) ... FAIL
test_paid_salary_financial_fields_are_immutable (finance.test_finance_integrity.FinanceHistoryHTTPTests.test_paid_salary_financial_fields_are_immutable) ... 
  test_paid_salary_financial_fields_are_immutable (finance.test_finance_integrity.FinanceHistoryHTTPTests.test_paid_salary_financial_fields_are_immutable) (change={'amount': '200.75'}) ... FAIL
  test_paid_salary_financial_fields_are_immutable (finance.test_finance_integrity.FinanceHistoryHTTPTests.test_paid_salary_financial_fields_are_immutable) (change={'currency': 'USD'}) ... FAIL
  test_paid_salary_financial_fields_are_immutable (finance.test_finance_integrity.FinanceHistoryHTTPTests.test_paid_salary_financial_fields_are_immutable) (change={'status': 'pending'}) ... FAIL
  test_paid_salary_financial_fields_are_immutable (finance.test_finance_integrity.FinanceHistoryHTTPTests.test_paid_salary_financial_fields_are_immutable) (change={'status': 'cancelled'}) ... FAIL
  test_paid_salary_financial_fields_are_immutable (finance.test_finance_integrity.FinanceHistoryHTTPTests.test_paid_salary_financial_fields_are_immutable) (change={'transaction': None}) ... FAIL
  test_paid_salary_financial_fields_are_immutable (finance.test_finance_integrity.FinanceHistoryHTTPTests.test_paid_salary_financial_fields_are_immutable) (change={'payment_date': '2026-09-12'}) ... FAIL
  test_paid_salary_financial_fields_are_immutable (finance.test_finance_integrity.FinanceHistoryHTTPTests.test_paid_salary_financial_fields_are_immutable) (change={'period_month': 10}) ... FAIL
test_put_cannot_bypass_linked_expense_protection (finance.test_finance_integrity.FinanceHistoryHTTPTests.test_put_cannot_bypass_linked_expense_protection) ... FAIL
test_put_cannot_bypass_paid_salary_protection (finance.test_finance_integrity.FinanceHistoryHTTPTests.test_put_cannot_bypass_paid_salary_protection) ... FAIL
test_reopen_attempt_followed_by_pay_has_one_original_expense (finance.test_finance_integrity.FinanceHistoryHTTPTests.test_reopen_attempt_followed_by_pay_has_one_original_expense) ... FAIL
test_replay_after_expense_archive_never_creates_second_payment (finance.test_finance_integrity.FinanceHistoryHTTPTests.test_replay_after_expense_archive_never_creates_second_payment) ... FAIL
test_ai_cannot_create_negative_financial_rows (finance.test_finance_integrity.FinanceLegacyEntryTests.test_ai_cannot_create_negative_financial_rows) ... 
  test_ai_cannot_create_negative_financial_rows (finance.test_finance_integrity.FinanceLegacyEntryTests.test_ai_cannot_create_negative_financial_rows) (tool='create_salary') ... FAIL
  test_ai_cannot_create_negative_financial_rows (finance.test_finance_integrity.FinanceLegacyEntryTests.test_ai_cannot_create_negative_financial_rows) (tool='create_transaction') ... FAIL
test_ai_create_paid_never_leaves_a_salary_without_expense (finance.test_finance_integrity.FinanceLegacyEntryTests.test_ai_create_paid_never_leaves_a_salary_without_expense) ... FAIL
test_ai_delete_employee_preserves_history_and_archives_same_id (finance.test_finance_integrity.FinanceLegacyEntryTests.test_ai_delete_employee_preserves_history_and_archives_same_id) ... FAIL
test_ai_undo_employee_archive_never_allocates_a_replacement_id (finance.test_finance_integrity.FinanceLegacyEntryTests.test_ai_undo_employee_archive_never_allocates_a_replacement_id) ... FAIL
test_ai_undo_employee_creation_preserves_existing_payroll_history (finance.test_finance_integrity.FinanceLegacyEntryTests.test_ai_undo_employee_creation_preserves_existing_payroll_history) ... FAIL
test_cli_branch_reset_cannot_detach_historical_expense (finance.test_finance_integrity.FinanceLegacyEntryTests.test_cli_branch_reset_cannot_detach_historical_expense) ... FAIL
test_cli_branch_seed_cannot_change_working_financial_attribution (finance.test_finance_integrity.FinanceLegacyEntryTests.test_cli_branch_seed_cannot_change_working_financial_attribution) ... FAIL
test_cli_demo_seeds_refuse_working_mode_without_touching_history (finance.test_finance_integrity.FinanceLegacyEntryTests.test_cli_demo_seeds_refuse_working_mode_without_touching_history) ... ok

======================================================================
FAIL: test_admin_bulk_employee_delete_archives (finance.test_finance_integrity.FinanceHistoryAdminTests.test_admin_bulk_employee_delete_archives)
----------------------------------------------------------------------
Traceback (most recent call last):
  File "/workspace/sites/bos-original-refined/finance/test_finance_integrity.py", line 389, in test_admin_bulk_employee_delete_archives
    self._check_admin_archive(Employee, 'employee', 'bulk')
  File "/workspace/sites/bos-original-refined/finance/test_finance_integrity.py", line 369, in _check_admin_archive
    self.assert_archived(model, pk)
  File "/workspace/sites/bos-original-refined/finance/test_finance_integrity.py", line 104, in assert_archived
    self.assertTrue(model._base_manager.filter(pk=pk).exists(), f'Physical deletion of {model.__name__} #{pk}')
AssertionError: False is not true : Physical deletion of Employee #1

======================================================================
FAIL: test_admin_bulk_expense_delete_archives (finance.test_finance_integrity.FinanceHistoryAdminTests.test_admin_bulk_expense_delete_archives)
----------------------------------------------------------------------
Traceback (most recent call last):
  File "/workspace/sites/bos-original-refined/finance/test_finance_integrity.py", line 383, in test_admin_bulk_expense_delete_archives
    self._check_admin_archive(Transaction, 'expense', 'bulk')
  File "/workspace/sites/bos-original-refined/finance/test_finance_integrity.py", line 369, in _check_admin_archive
    self.assert_archived(model, pk)
  File "/workspace/sites/bos-original-refined/finance/test_finance_integrity.py", line 104, in assert_archived
    self.assertTrue(model._base_manager.filter(pk=pk).exists(), f'Physical deletion of {model.__name__} #{pk}')
AssertionError: False is not true : Physical deletion of Transaction #1

======================================================================
FAIL: test_admin_bulk_salary_delete_archives (finance.test_finance_integrity.FinanceHistoryAdminTests.test_admin_bulk_salary_delete_archives)
----------------------------------------------------------------------
Traceback (most recent call last):
  File "/workspace/sites/bos-original-refined/finance/test_finance_integrity.py", line 377, in test_admin_bulk_salary_delete_archives
    self._check_admin_archive(Salary, 'salary', 'bulk')
  File "/workspace/sites/bos-original-refined/finance/test_finance_integrity.py", line 369, in _check_admin_archive
    self.assert_archived(model, pk)
  File "/workspace/sites/bos-original-refined/finance/test_finance_integrity.py", line 104, in assert_archived
    self.assertTrue(model._base_manager.filter(pk=pk).exists(), f'Physical deletion of {model.__name__} #{pk}')
AssertionError: False is not true : Physical deletion of Salary #1

======================================================================
FAIL: test_admin_cannot_rewrite_a_paid_salary (finance.test_finance_integrity.FinanceHistoryAdminTests.test_admin_cannot_rewrite_a_paid_salary)
----------------------------------------------------------------------
Traceback (most recent call last):
  File "/workspace/sites/bos-original-refined/finance/test_finance_integrity.py", line 346, in test_admin_cannot_rewrite_a_paid_salary
    self.assert_admin_rejected(response)
  File "/workspace/sites/bos-original-refined/finance/test_finance_integrity.py", line 113, in assert_admin_rejected
    self.assertEqual(response.status_code, 200, response.content)
AssertionError: 302 != 200 : b''

======================================================================
FAIL: test_admin_cannot_rewrite_the_linked_expense (finance.test_finance_integrity.FinanceHistoryAdminTests.test_admin_cannot_rewrite_the_linked_expense)
----------------------------------------------------------------------
Traceback (most recent call last):
  File "/workspace/sites/bos-original-refined/finance/test_finance_integrity.py", line 354, in test_admin_cannot_rewrite_the_linked_expense
    self.assert_admin_rejected(response)
  File "/workspace/sites/bos-original-refined/finance/test_finance_integrity.py", line 113, in assert_admin_rejected
    self.assertEqual(response.status_code, 200, response.content)
AssertionError: 302 != 200 : b''

======================================================================
FAIL: test_admin_paid_without_expense_is_rejected_or_posted_atomically (finance.test_finance_integrity.FinanceHistoryAdminTests.test_admin_paid_without_expense_is_rejected_or_posted_atomically) (currency='EUR')
----------------------------------------------------------------------
Traceback (most recent call last):
  File "/workspace/sites/bos-original-refined/finance/test_finance_integrity.py", line 333, in test_admin_paid_without_expense_is_rejected_or_posted_atomically
    self.assertIsNotNone(sal.transaction_id)
AssertionError: unexpectedly None

======================================================================
FAIL: test_admin_paid_without_expense_is_rejected_or_posted_atomically (finance.test_finance_integrity.FinanceHistoryAdminTests.test_admin_paid_without_expense_is_rejected_or_posted_atomically) (currency='USD')
----------------------------------------------------------------------
Traceback (most recent call last):
  File "/workspace/sites/bos-original-refined/finance/test_finance_integrity.py", line 333, in test_admin_paid_without_expense_is_rejected_or_posted_atomically
    self.assertIsNotNone(sal.transaction_id)
AssertionError: unexpectedly None

======================================================================
FAIL: test_admin_paid_without_expense_is_rejected_or_posted_atomically (finance.test_finance_integrity.FinanceHistoryAdminTests.test_admin_paid_without_expense_is_rejected_or_posted_atomically) (currency='UAH')
----------------------------------------------------------------------
Traceback (most recent call last):
  File "/workspace/sites/bos-original-refined/finance/test_finance_integrity.py", line 333, in test_admin_paid_without_expense_is_rejected_or_posted_atomically
    self.assertIsNotNone(sal.transaction_id)
AssertionError: unexpectedly None

======================================================================
FAIL: test_admin_single_employee_delete_archives (finance.test_finance_integrity.FinanceHistoryAdminTests.test_admin_single_employee_delete_archives)
----------------------------------------------------------------------
Traceback (most recent call last):
  File "/workspace/sites/bos-original-refined/finance/test_finance_integrity.py", line 386, in test_admin_single_employee_delete_archives
    self._check_admin_archive(Employee, 'employee', 'single')
  File "/workspace/sites/bos-original-refined/finance/test_finance_integrity.py", line 369, in _check_admin_archive
    self.assert_archived(model, pk)
  File "/workspace/sites/bos-original-refined/finance/test_finance_integrity.py", line 104, in assert_archived
    self.assertTrue(model._base_manager.filter(pk=pk).exists(), f'Physical deletion of {model.__name__} #{pk}')
AssertionError: False is not true : Physical deletion of Employee #1

======================================================================
FAIL: test_admin_single_expense_delete_archives (finance.test_finance_integrity.FinanceHistoryAdminTests.test_admin_single_expense_delete_archives)
----------------------------------------------------------------------
Traceback (most recent call last):
  File "/workspace/sites/bos-original-refined/finance/test_finance_integrity.py", line 380, in test_admin_single_expense_delete_archives
    self._check_admin_archive(Transaction, 'expense', 'single')
  File "/workspace/sites/bos-original-refined/finance/test_finance_integrity.py", line 369, in _check_admin_archive
    self.assert_archived(model, pk)
  File "/workspace/sites/bos-original-refined/finance/test_finance_integrity.py", line 104, in assert_archived
    self.assertTrue(model._base_manager.filter(pk=pk).exists(), f'Physical deletion of {model.__name__} #{pk}')
AssertionError: False is not true : Physical deletion of Transaction #1

======================================================================
FAIL: test_admin_single_salary_delete_archives (finance.test_finance_integrity.FinanceHistoryAdminTests.test_admin_single_salary_delete_archives)
----------------------------------------------------------------------
Traceback (most recent call last):
  File "/workspace/sites/bos-original-refined/finance/test_finance_integrity.py", line 374, in test_admin_single_salary_delete_archives
    self._check_admin_archive(Salary, 'salary', 'single')
  File "/workspace/sites/bos-original-refined/finance/test_finance_integrity.py", line 369, in _check_admin_archive
    self.assert_archived(model, pk)
  File "/workspace/sites/bos-original-refined/finance/test_finance_integrity.py", line 104, in assert_archived
    self.assertTrue(model._base_manager.filter(pk=pk).exists(), f'Physical deletion of {model.__name__} #{pk}')
AssertionError: False is not true : Physical deletion of Salary #1

======================================================================
FAIL: test_archived_employee_cannot_receive_a_new_accrual (finance.test_finance_integrity.FinanceHistoryHTTPTests.test_archived_employee_cannot_receive_a_new_accrual)
----------------------------------------------------------------------
Traceback (most recent call last):
  File "/workspace/sites/bos-original-refined/finance/test_finance_integrity.py", line 303, in test_archived_employee_cannot_receive_a_new_accrual
    self.assert_archived(Employee, sal.employee_id)
  File "/workspace/sites/bos-original-refined/finance/test_finance_integrity.py", line 104, in assert_archived
    self.assertTrue(model._base_manager.filter(pk=pk).exists(), f'Physical deletion of {model.__name__} #{pk}')
AssertionError: False is not true : Physical deletion of Employee #1

======================================================================
FAIL: test_archived_expenses_remain_in_financial_api_totals (finance.test_finance_integrity.FinanceHistoryHTTPTests.test_archived_expenses_remain_in_financial_api_totals)
----------------------------------------------------------------------
Traceback (most recent call last):
  File "/workspace/sites/bos-original-refined/finance/test_finance_integrity.py", line 266, in test_archived_expenses_remain_in_financial_api_totals
    self.assert_archived(Transaction, sal.transaction_id)
  File "/workspace/sites/bos-original-refined/finance/test_finance_integrity.py", line 104, in assert_archived
    self.assertTrue(model._base_manager.filter(pk=pk).exists(), f'Physical deletion of {model.__name__} #{pk}')
AssertionError: False is not true : Physical deletion of Transaction #1

======================================================================
FAIL: test_archived_pending_salary_cannot_be_paid (finance.test_finance_integrity.FinanceHistoryHTTPTests.test_archived_pending_salary_cannot_be_paid)
----------------------------------------------------------------------
Traceback (most recent call last):
  File "/workspace/sites/bos-original-refined/finance/test_finance_integrity.py", line 291, in test_archived_pending_salary_cannot_be_paid
    self.assert_archived(Salary, sal.pk)
  File "/workspace/sites/bos-original-refined/finance/test_finance_integrity.py", line 104, in assert_archived
    self.assertTrue(model._base_manager.filter(pk=pk).exists(), f'Physical deletion of {model.__name__} #{pk}')
AssertionError: False is not true : Physical deletion of Salary #1

======================================================================
FAIL: test_create_paid_cannot_leave_an_unlinked_salary_in_any_currency (finance.test_finance_integrity.FinanceHistoryHTTPTests.test_create_paid_cannot_leave_an_unlinked_salary_in_any_currency) (currency='EUR')
----------------------------------------------------------------------
Traceback (most recent call last):
  File "/workspace/sites/bos-original-refined/finance/test_finance_integrity.py", line 156, in test_create_paid_cannot_leave_an_unlinked_salary_in_any_currency
    self.assertIsNotNone(sal.transaction_id, 'paid must have exactly one expense')
AssertionError: unexpectedly None : paid must have exactly one expense

======================================================================
FAIL: test_create_paid_cannot_leave_an_unlinked_salary_in_any_currency (finance.test_finance_integrity.FinanceHistoryHTTPTests.test_create_paid_cannot_leave_an_unlinked_salary_in_any_currency) (currency='USD')
----------------------------------------------------------------------
Traceback (most recent call last):
  File "/workspace/sites/bos-original-refined/finance/test_finance_integrity.py", line 156, in test_create_paid_cannot_leave_an_unlinked_salary_in_any_currency
    self.assertIsNotNone(sal.transaction_id, 'paid must have exactly one expense')
AssertionError: unexpectedly None : paid must have exactly one expense

======================================================================
FAIL: test_create_paid_cannot_leave_an_unlinked_salary_in_any_currency (finance.test_finance_integrity.FinanceHistoryHTTPTests.test_create_paid_cannot_leave_an_unlinked_salary_in_any_currency) (currency='UAH')
----------------------------------------------------------------------
Traceback (most recent call last):
  File "/workspace/sites/bos-original-refined/finance/test_finance_integrity.py", line 156, in test_create_paid_cannot_leave_an_unlinked_salary_in_any_currency
    self.assertIsNotNone(sal.transaction_id, 'paid must have exactly one expense')
AssertionError: unexpectedly None : paid must have exactly one expense

======================================================================
FAIL: test_delete_employee_archives_and_preserves_source_and_three_currency_totals (finance.test_finance_integrity.FinanceHistoryHTTPTests.test_delete_employee_archives_and_preserves_source_and_three_currency_totals) (model='Employee', currency='EUR')
----------------------------------------------------------------------
Traceback (most recent call last):
  File "/workspace/sites/bos-original-refined/finance/test_finance_integrity.py", line 249, in _check_api_archive
    archived = self.assert_archived(model, pk)
               ^^^^^^^^^^^^^^^^^^^^^^^^^^^^^^^
  File "/workspace/sites/bos-original-refined/finance/test_finance_integrity.py", line 104, in assert_archived
    self.assertTrue(model._base_manager.filter(pk=pk).exists(), f'Physical deletion of {model.__name__} #{pk}')
AssertionError: False is not true : Physical deletion of Employee #1

======================================================================
FAIL: test_delete_employee_archives_and_preserves_source_and_three_currency_totals (finance.test_finance_integrity.FinanceHistoryHTTPTests.test_delete_employee_archives_and_preserves_source_and_three_currency_totals) (model='Employee', currency='USD')
----------------------------------------------------------------------
Traceback (most recent call last):
  File "/workspace/sites/bos-original-refined/finance/test_finance_integrity.py", line 249, in _check_api_archive
    archived = self.assert_archived(model, pk)
               ^^^^^^^^^^^^^^^^^^^^^^^^^^^^^^^
  File "/workspace/sites/bos-original-refined/finance/test_finance_integrity.py", line 104, in assert_archived
    self.assertTrue(model._base_manager.filter(pk=pk).exists(), f'Physical deletion of {model.__name__} #{pk}')
AssertionError: False is not true : Physical deletion of Employee #2

======================================================================
FAIL: test_delete_employee_archives_and_preserves_source_and_three_currency_totals (finance.test_finance_integrity.FinanceHistoryHTTPTests.test_delete_employee_archives_and_preserves_source_and_three_currency_totals) (model='Employee', currency='UAH')
----------------------------------------------------------------------
Traceback (most recent call last):
  File "/workspace/sites/bos-original-refined/finance/test_finance_integrity.py", line 249, in _check_api_archive
    archived = self.assert_archived(model, pk)
               ^^^^^^^^^^^^^^^^^^^^^^^^^^^^^^^
  File "/workspace/sites/bos-original-refined/finance/test_finance_integrity.py", line 104, in assert_archived
    self.assertTrue(model._base_manager.filter(pk=pk).exists(), f'Physical deletion of {model.__name__} #{pk}')
AssertionError: False is not true : Physical deletion of Employee #3

======================================================================
FAIL: test_delete_expense_archives_and_preserves_source_and_three_currency_totals (finance.test_finance_integrity.FinanceHistoryHTTPTests.test_delete_expense_archives_and_preserves_source_and_three_currency_totals) (model='Transaction', currency='EUR')
----------------------------------------------------------------------
Traceback (most recent call last):
  File "/workspace/sites/bos-original-refined/finance/test_finance_integrity.py", line 249, in _check_api_archive
    archived = self.assert_archived(model, pk)
               ^^^^^^^^^^^^^^^^^^^^^^^^^^^^^^^
  File "/workspace/sites/bos-original-refined/finance/test_finance_integrity.py", line 104, in assert_archived
    self.assertTrue(model._base_manager.filter(pk=pk).exists(), f'Physical deletion of {model.__name__} #{pk}')
AssertionError: False is not true : Physical deletion of Transaction #1

======================================================================
FAIL: test_delete_expense_archives_and_preserves_source_and_three_currency_totals (finance.test_finance_integrity.FinanceHistoryHTTPTests.test_delete_expense_archives_and_preserves_source_and_three_currency_totals) (model='Transaction', currency='USD')
----------------------------------------------------------------------
Traceback (most recent call last):
  File "/workspace/sites/bos-original-refined/finance/test_finance_integrity.py", line 249, in _check_api_archive
    archived = self.assert_archived(model, pk)
               ^^^^^^^^^^^^^^^^^^^^^^^^^^^^^^^
  File "/workspace/sites/bos-original-refined/finance/test_finance_integrity.py", line 104, in assert_archived
    self.assertTrue(model._base_manager.filter(pk=pk).exists(), f'Physical deletion of {model.__name__} #{pk}')
AssertionError: False is not true : Physical deletion of Transaction #2

======================================================================
FAIL: test_delete_expense_archives_and_preserves_source_and_three_currency_totals (finance.test_finance_integrity.FinanceHistoryHTTPTests.test_delete_expense_archives_and_preserves_source_and_three_currency_totals) (model='Transaction', currency='UAH')
----------------------------------------------------------------------
Traceback (most recent call last):
  File "/workspace/sites/bos-original-refined/finance/test_finance_integrity.py", line 249, in _check_api_archive
    archived = self.assert_archived(model, pk)
               ^^^^^^^^^^^^^^^^^^^^^^^^^^^^^^^
  File "/workspace/sites/bos-original-refined/finance/test_finance_integrity.py", line 104, in assert_archived
    self.assertTrue(model._base_manager.filter(pk=pk).exists(), f'Physical deletion of {model.__name__} #{pk}')
AssertionError: False is not true : Physical deletion of Transaction #3

======================================================================
FAIL: test_delete_salary_archives_and_preserves_source_and_three_currency_totals (finance.test_finance_integrity.FinanceHistoryHTTPTests.test_delete_salary_archives_and_preserves_source_and_three_currency_totals) (model='Salary', currency='EUR')
----------------------------------------------------------------------
Traceback (most recent call last):
  File "/workspace/sites/bos-original-refined/finance/test_finance_integrity.py", line 249, in _check_api_archive
    archived = self.assert_archived(model, pk)
               ^^^^^^^^^^^^^^^^^^^^^^^^^^^^^^^
  File "/workspace/sites/bos-original-refined/finance/test_finance_integrity.py", line 104, in assert_archived
    self.assertTrue(model._base_manager.filter(pk=pk).exists(), f'Physical deletion of {model.__name__} #{pk}')
AssertionError: False is not true : Physical deletion of Salary #1

======================================================================
FAIL: test_delete_salary_archives_and_preserves_source_and_three_currency_totals (finance.test_finance_integrity.FinanceHistoryHTTPTests.test_delete_salary_archives_and_preserves_source_and_three_currency_totals) (model='Salary', currency='USD')
----------------------------------------------------------------------
Traceback (most recent call last):
  File "/workspace/sites/bos-original-refined/finance/test_finance_integrity.py", line 249, in _check_api_archive
    archived = self.assert_archived(model, pk)
               ^^^^^^^^^^^^^^^^^^^^^^^^^^^^^^^
  File "/workspace/sites/bos-original-refined/finance/test_finance_integrity.py", line 104, in assert_archived
    self.assertTrue(model._base_manager.filter(pk=pk).exists(), f'Physical deletion of {model.__name__} #{pk}')
AssertionError: False is not true : Physical deletion of Salary #2

======================================================================
FAIL: test_delete_salary_archives_and_preserves_source_and_three_currency_totals (finance.test_finance_integrity.FinanceHistoryHTTPTests.test_delete_salary_archives_and_preserves_source_and_three_currency_totals) (model='Salary', currency='UAH')
----------------------------------------------------------------------
Traceback (most recent call last):
  File "/workspace/sites/bos-original-refined/finance/test_finance_integrity.py", line 249, in _check_api_archive
    archived = self.assert_archived(model, pk)
               ^^^^^^^^^^^^^^^^^^^^^^^^^^^^^^^
  File "/workspace/sites/bos-original-refined/finance/test_finance_integrity.py", line 104, in assert_archived
    self.assertTrue(model._base_manager.filter(pk=pk).exists(), f'Physical deletion of {model.__name__} #{pk}')
AssertionError: False is not true : Physical deletion of Salary #3

======================================================================
FAIL: test_linked_expense_financial_fields_are_immutable (finance.test_finance_integrity.FinanceHistoryHTTPTests.test_linked_expense_financial_fields_are_immutable) (change={'amount': '300.25'})
----------------------------------------------------------------------
Traceback (most recent call last):
  File "/workspace/sites/bos-original-refined/finance/test_finance_integrity.py", line 215, in test_linked_expense_financial_fields_are_immutable
    self.assert_rejected(response)
  File "/workspace/sites/bos-original-refined/finance/test_finance_integrity.py", line 110, in assert_rejected
    self.assertIn(response.status_code, (400, 409, 422), response.content)
AssertionError: 200 not found in (400, 409, 422) : b'{"id":1,"direction":"out","amount":"300.25","currency":"UAH","date":"2026-09-11","description":"\xd0\x97\xd0\xb0\xd1\x80\xd0\xbf\xd0\xbb\xd0\xb0\xd1\x82\xd0\xb0 \xd0\xa1\xd0\xb8\xd0\xbd\xd1\x82\xd0\xb5\xd1\x82\xd0\xb8\xd1\x87\xd0\xbd\xd0\xb8\xd0\xb9 \xd0\xbf\xd1\x80\xd0\xb0\xd1\x86\xd1\x96\xd0\xb2\xd0\xbd\xd0\xb8\xd0\xba A05 1 2026-09","category":"salary","counterparty":null,"contract":null,"branch":1,"branch_name":"\xd0\xa1\xd0\xb8\xd0\xbd\xd1\x82\xd0\xb5\xd1\x82\xd0\xb8\xd1\x87\xd0\xbd\xd0\xb8\xd0\xb9 \xd0\xbf\xd1\x96\xd0\xb4\xd1\x80\xd0\xbe\xd0\xb7\xd0\xb4\xd1\x96\xd0\xbb A05","created_at":"2026-09-11T20:47:44.237664+02:00"}'

======================================================================
FAIL: test_linked_expense_financial_fields_are_immutable (finance.test_finance_integrity.FinanceHistoryHTTPTests.test_linked_expense_financial_fields_are_immutable) (change={'direction': 'in'})
----------------------------------------------------------------------
Traceback (most recent call last):
  File "/workspace/sites/bos-original-refined/finance/test_finance_integrity.py", line 215, in test_linked_expense_financial_fields_are_immutable
    self.assert_rejected(response)
  File "/workspace/sites/bos-original-refined/finance/test_finance_integrity.py", line 110, in assert_rejected
    self.assertIn(response.status_code, (400, 409, 422), response.content)
AssertionError: 200 not found in (400, 409, 422) : b'{"id":2,"direction":"in","amount":"100.25","currency":"UAH","date":"2026-09-11","description":"\xd0\x97\xd0\xb0\xd1\x80\xd0\xbf\xd0\xbb\xd0\xb0\xd1\x82\xd0\xb0 \xd0\xa1\xd0\xb8\xd0\xbd\xd1\x82\xd0\xb5\xd1\x82\xd0\xb8\xd1\x87\xd0\xbd\xd0\xb8\xd0\xb9 \xd0\xbf\xd1\x80\xd0\xb0\xd1\x86\xd1\x96\xd0\xb2\xd0\xbd\xd0\xb8\xd0\xba A05 2 2026-09","category":"salary","counterparty":null,"contract":null,"branch":1,"branch_name":"\xd0\xa1\xd0\xb8\xd0\xbd\xd1\x82\xd0\xb5\xd1\x82\xd0\xb8\xd1\x87\xd0\xbd\xd0\xb8\xd0\xb9 \xd0\xbf\xd1\x96\xd0\xb4\xd1\x80\xd0\xbe\xd0\xb7\xd0\xb4\xd1\x96\xd0\xbb A05","created_at":"2026-09-11T20:47:44.244667+02:00"}'

======================================================================
FAIL: test_linked_expense_financial_fields_are_immutable (finance.test_finance_integrity.FinanceHistoryHTTPTests.test_linked_expense_financial_fields_are_immutable) (change={'currency': 'EUR'})
----------------------------------------------------------------------
Traceback (most recent call last):
  File "/workspace/sites/bos-original-refined/finance/test_finance_integrity.py", line 215, in test_linked_expense_financial_fields_are_immutable
    self.assert_rejected(response)
  File "/workspace/sites/bos-original-refined/finance/test_finance_integrity.py", line 110, in assert_rejected
    self.assertIn(response.status_code, (400, 409, 422), response.content)
AssertionError: 200 not found in (400, 409, 422) : b'{"id":3,"direction":"out","amount":"100.25","currency":"EUR","date":"2026-09-11","description":"\xd0\x97\xd0\xb0\xd1\x80\xd0\xbf\xd0\xbb\xd0\xb0\xd1\x82\xd0\xb0 \xd0\xa1\xd0\xb8\xd0\xbd\xd1\x82\xd0\xb5\xd1\x82\xd0\xb8\xd1\x87\xd0\xbd\xd0\xb8\xd0\xb9 \xd0\xbf\xd1\x80\xd0\xb0\xd1\x86\xd1\x96\xd0\xb2\xd0\xbd\xd0\xb8\xd0\xba A05 3 2026-09","category":"salary","counterparty":null,"contract":null,"branch":1,"branch_name":"\xd0\xa1\xd0\xb8\xd0\xbd\xd1\x82\xd0\xb5\xd1\x82\xd0\xb8\xd1\x87\xd0\xbd\xd0\xb8\xd0\xb9 \xd0\xbf\xd1\x96\xd0\xb4\xd1\x80\xd0\xbe\xd0\xb7\xd0\xb4\xd1\x96\xd0\xbb A05","created_at":"2026-09-11T20:47:44.251208+02:00"}'

======================================================================
FAIL: test_linked_expense_financial_fields_are_immutable (finance.test_finance_integrity.FinanceHistoryHTTPTests.test_linked_expense_financial_fields_are_immutable) (change={'date': '2026-09-12'})
----------------------------------------------------------------------
Traceback (most recent call last):
  File "/workspace/sites/bos-original-refined/finance/test_finance_integrity.py", line 215, in test_linked_expense_financial_fields_are_immutable
    self.assert_rejected(response)
  File "/workspace/sites/bos-original-refined/finance/test_finance_integrity.py", line 110, in assert_rejected
    self.assertIn(response.status_code, (400, 409, 422), response.content)
AssertionError: 200 not found in (400, 409, 422) : b'{"id":4,"direction":"out","amount":"100.25","currency":"UAH","date":"2026-09-12","description":"\xd0\x97\xd0\xb0\xd1\x80\xd0\xbf\xd0\xbb\xd0\xb0\xd1\x82\xd0\xb0 \xd0\xa1\xd0\xb8\xd0\xbd\xd1\x82\xd0\xb5\xd1\x82\xd0\xb8\xd1\x87\xd0\xbd\xd0\xb8\xd0\xb9 \xd0\xbf\xd1\x80\xd0\xb0\xd1\x86\xd1\x96\xd0\xb2\xd0\xbd\xd0\xb8\xd0\xba A05 4 2026-09","category":"salary","counterparty":null,"contract":null,"branch":1,"branch_name":"\xd0\xa1\xd0\xb8\xd0\xbd\xd1\x82\xd0\xb5\xd1\x82\xd0\xb8\xd1\x87\xd0\xbd\xd0\xb8\xd0\xb9 \xd0\xbf\xd1\x96\xd0\xb4\xd1\x80\xd0\xbe\xd0\xb7\xd0\xb4\xd1\x96\xd0\xbb A05","created_at":"2026-09-11T20:47:44.257967+02:00"}'

======================================================================
FAIL: test_linked_expense_financial_fields_are_immutable (finance.test_finance_integrity.FinanceHistoryHTTPTests.test_linked_expense_financial_fields_are_immutable) (change={'category': 'other'})
----------------------------------------------------------------------
Traceback (most recent call last):
  File "/workspace/sites/bos-original-refined/finance/test_finance_integrity.py", line 215, in test_linked_expense_financial_fields_are_immutable
    self.assert_rejected(response)
  File "/workspace/sites/bos-original-refined/finance/test_finance_integrity.py", line 110, in assert_rejected
    self.assertIn(response.status_code, (400, 409, 422), response.content)
AssertionError: 200 not found in (400, 409, 422) : b'{"id":5,"direction":"out","amount":"100.25","currency":"UAH","date":"2026-09-11","description":"\xd0\x97\xd0\xb0\xd1\x80\xd0\xbf\xd0\xbb\xd0\xb0\xd1\x82\xd0\xb0 \xd0\xa1\xd0\xb8\xd0\xbd\xd1\x82\xd0\xb5\xd1\x82\xd0\xb8\xd1\x87\xd0\xbd\xd0\xb8\xd0\xb9 \xd0\xbf\xd1\x80\xd0\xb0\xd1\x86\xd1\x96\xd0\xb2\xd0\xbd\xd0\xb8\xd0\xba A05 5 2026-09","category":"other","counterparty":null,"contract":null,"branch":1,"branch_name":"\xd0\xa1\xd0\xb8\xd0\xbd\xd1\x82\xd0\xb5\xd1\x82\xd0\xb8\xd1\x87\xd0\xbd\xd0\xb8\xd0\xb9 \xd0\xbf\xd1\x96\xd0\xb4\xd1\x80\xd0\xbe\xd0\xb7\xd0\xb4\xd1\x96\xd0\xbb A05","created_at":"2026-09-11T20:47:44.265040+02:00"}'

======================================================================
FAIL: test_linked_expense_financial_fields_are_immutable (finance.test_finance_integrity.FinanceHistoryHTTPTests.test_linked_expense_financial_fields_are_immutable) (change={'branch': None})
----------------------------------------------------------------------
Traceback (most recent call last):
  File "/workspace/sites/bos-original-refined/finance/test_finance_integrity.py", line 215, in test_linked_expense_financial_fields_are_immutable
    self.assert_rejected(response)
  File "/workspace/sites/bos-original-refined/finance/test_finance_integrity.py", line 110, in assert_rejected
    self.assertIn(response.status_code, (400, 409, 422), response.content)
AssertionError: 200 not found in (400, 409, 422) : b'{"id":6,"direction":"out","amount":"100.25","currency":"UAH","date":"2026-09-11","description":"\xd0\x97\xd0\xb0\xd1\x80\xd0\xbf\xd0\xbb\xd0\xb0\xd1\x82\xd0\xb0 \xd0\xa1\xd0\xb8\xd0\xbd\xd1\x82\xd0\xb5\xd1\x82\xd0\xb8\xd1\x87\xd0\xbd\xd0\xb8\xd0\xb9 \xd0\xbf\xd1\x80\xd0\xb0\xd1\x86\xd1\x96\xd0\xb2\xd0\xbd\xd0\xb8\xd0\xba A05 6 2026-09","category":"salary","counterparty":null,"contract":null,"branch":null,"created_at":"2026-09-11T20:47:44.271541+02:00"}'

======================================================================
FAIL: test_paid_salary_cannot_be_reassigned_to_another_existing_employee (finance.test_finance_integrity.FinanceHistoryHTTPTests.test_paid_salary_cannot_be_reassigned_to_another_existing_employee)
----------------------------------------------------------------------
Traceback (most recent call last):
  File "/workspace/sites/bos-original-refined/finance/test_finance_integrity.py", line 191, in test_paid_salary_cannot_be_reassigned_to_another_existing_employee
    self.assert_rejected(response)
  File "/workspace/sites/bos-original-refined/finance/test_finance_integrity.py", line 110, in assert_rejected
    self.assertIn(response.status_code, (400, 409, 422), response.content)
AssertionError: 200 not found in (400, 409, 422) : b'{"id":1,"employee":2,"employee_name":"\xd0\xa1\xd0\xb8\xd0\xbd\xd1\x82\xd0\xb5\xd1\x82\xd0\xb8\xd1\x87\xd0\xbd\xd0\xb8\xd0\xb9 \xd0\xbf\xd1\x80\xd0\xb0\xd1\x86\xd1\x96\xd0\xb2\xd0\xbd\xd0\xb8\xd0\xba A05 2","employee_role":"\xd0\xa2\xd0\xb5\xd1\x81\xd1\x82\xd1\x83\xd0\xb2\xd0\xb0\xd0\xbb\xd1\x8c\xd0\xbd\xd0\xb8\xd0\xba","employee_dept":"","amount":"100.25","currency":"UAH","period_year":2026,"period_month":9,"payment_date":"2026-09-11","status":"paid","notes":"","transaction":1,"created_at":"2026-09-11T20:47:44.277969+02:00"}'

======================================================================
FAIL: test_paid_salary_financial_fields_are_immutable (finance.test_finance_integrity.FinanceHistoryHTTPTests.test_paid_salary_financial_fields_are_immutable) (change={'amount': '200.75'})
----------------------------------------------------------------------
Traceback (most recent call last):
  File "/workspace/sites/bos-original-refined/finance/test_finance_integrity.py", line 183, in test_paid_salary_financial_fields_are_immutable
    self.assert_rejected(response)
  File "/workspace/sites/bos-original-refined/finance/test_finance_integrity.py", line 110, in assert_rejected
    self.assertIn(response.status_code, (400, 409, 422), response.content)
AssertionError: 200 not found in (400, 409, 422) : b'{"id":1,"employee":1,"employee_name":"\xd0\xa1\xd0\xb8\xd0\xbd\xd1\x82\xd0\xb5\xd1\x82\xd0\xb8\xd1\x87\xd0\xbd\xd0\xb8\xd0\xb9 \xd0\xbf\xd1\x80\xd0\xb0\xd1\x86\xd1\x96\xd0\xb2\xd0\xbd\xd0\xb8\xd0\xba A05 1","employee_role":"\xd0\xa2\xd0\xb5\xd1\x81\xd1\x82\xd1\x83\xd0\xb2\xd0\xb0\xd0\xbb\xd1\x8c\xd0\xbd\xd0\xb8\xd0\xba","employee_dept":"","amount":"200.75","currency":"UAH","period_year":2026,"period_month":9,"payment_date":"2026-09-11","status":"paid","notes":"","transaction":1,"created_at":"2026-09-11T20:47:44.287473+02:00"}'

======================================================================
FAIL: test_paid_salary_financial_fields_are_immutable (finance.test_finance_integrity.FinanceHistoryHTTPTests.test_paid_salary_financial_fields_are_immutable) (change={'currency': 'USD'})
----------------------------------------------------------------------
Traceback (most recent call last):
  File "/workspace/sites/bos-original-refined/finance/test_finance_integrity.py", line 183, in test_paid_salary_financial_fields_are_immutable
    self.assert_rejected(response)
  File "/workspace/sites/bos-original-refined/finance/test_finance_integrity.py", line 110, in assert_rejected
    self.assertIn(response.status_code, (400, 409, 422), response.content)
AssertionError: 200 not found in (400, 409, 422) : b'{"id":2,"employee":2,"employee_name":"\xd0\xa1\xd0\xb8\xd0\xbd\xd1\x82\xd0\xb5\xd1\x82\xd0\xb8\xd1\x87\xd0\xbd\xd0\xb8\xd0\xb9 \xd0\xbf\xd1\x80\xd0\xb0\xd1\x86\xd1\x96\xd0\xb2\xd0\xbd\xd0\xb8\xd0\xba A05 2","employee_role":"\xd0\xa2\xd0\xb5\xd1\x81\xd1\x82\xd1\x83\xd0\xb2\xd0\xb0\xd0\xbb\xd1\x8c\xd0\xbd\xd0\xb8\xd0\xba","employee_dept":"","amount":"100.25","currency":"USD","period_year":2026,"period_month":9,"payment_date":"2026-09-11","status":"paid","notes":"","transaction":2,"created_at":"2026-09-11T20:47:44.294173+02:00"}'

======================================================================
FAIL: test_paid_salary_financial_fields_are_immutable (finance.test_finance_integrity.FinanceHistoryHTTPTests.test_paid_salary_financial_fields_are_immutable) (change={'status': 'pending'})
----------------------------------------------------------------------
Traceback (most recent call last):
  File "/workspace/sites/bos-original-refined/finance/test_finance_integrity.py", line 183, in test_paid_salary_financial_fields_are_immutable
    self.assert_rejected(response)
  File "/workspace/sites/bos-original-refined/finance/test_finance_integrity.py", line 110, in assert_rejected
    self.assertIn(response.status_code, (400, 409, 422), response.content)
AssertionError: 200 not found in (400, 409, 422) : b'{"id":3,"employee":3,"employee_name":"\xd0\xa1\xd0\xb8\xd0\xbd\xd1\x82\xd0\xb5\xd1\x82\xd0\xb8\xd1\x87\xd0\xbd\xd0\xb8\xd0\xb9 \xd0\xbf\xd1\x80\xd0\xb0\xd1\x86\xd1\x96\xd0\xb2\xd0\xbd\xd0\xb8\xd0\xba A05 3","employee_role":"\xd0\xa2\xd0\xb5\xd1\x81\xd1\x82\xd1\x83\xd0\xb2\xd0\xb0\xd0\xbb\xd1\x8c\xd0\xbd\xd0\xb8\xd0\xba","employee_dept":"","amount":"100.25","currency":"UAH","period_year":2026,"period_month":9,"payment_date":"2026-09-11","status":"pending","notes":"","transaction":3,"created_at":"2026-09-11T20:47:44.300842+02:00"}'

======================================================================
FAIL: test_paid_salary_financial_fields_are_immutable (finance.test_finance_integrity.FinanceHistoryHTTPTests.test_paid_salary_financial_fields_are_immutable) (change={'status': 'cancelled'})
----------------------------------------------------------------------
Traceback (most recent call last):
  File "/workspace/sites/bos-original-refined/finance/test_finance_integrity.py", line 183, in test_paid_salary_financial_fields_are_immutable
    self.assert_rejected(response)
  File "/workspace/sites/bos-original-refined/finance/test_finance_integrity.py", line 110, in assert_rejected
    self.assertIn(response.status_code, (400, 409, 422), response.content)
AssertionError: 200 not found in (400, 409, 422) : b'{"id":4,"employee":4,"employee_name":"\xd0\xa1\xd0\xb8\xd0\xbd\xd1\x82\xd0\xb5\xd1\x82\xd0\xb8\xd1\x87\xd0\xbd\xd0\xb8\xd0\xb9 \xd0\xbf\xd1\x80\xd0\xb0\xd1\x86\xd1\x96\xd0\xb2\xd0\xbd\xd0\xb8\xd0\xba A05 4","employee_role":"\xd0\xa2\xd0\xb5\xd1\x81\xd1\x82\xd1\x83\xd0\xb2\xd0\xb0\xd0\xbb\xd1\x8c\xd0\xbd\xd0\xb8\xd0\xba","employee_dept":"","amount":"100.25","currency":"UAH","period_year":2026,"period_month":9,"payment_date":"2026-09-11","status":"cancelled","notes":"","transaction":4,"created_at":"2026-09-11T20:47:44.307958+02:00"}'

======================================================================
FAIL: test_paid_salary_financial_fields_are_immutable (finance.test_finance_integrity.FinanceHistoryHTTPTests.test_paid_salary_financial_fields_are_immutable) (change={'transaction': None})
----------------------------------------------------------------------
Traceback (most recent call last):
  File "/workspace/sites/bos-original-refined/finance/test_finance_integrity.py", line 183, in test_paid_salary_financial_fields_are_immutable
    self.assert_rejected(response)
  File "/workspace/sites/bos-original-refined/finance/test_finance_integrity.py", line 110, in assert_rejected
    self.assertIn(response.status_code, (400, 409, 422), response.content)
AssertionError: 200 not found in (400, 409, 422) : b'{"id":5,"employee":5,"employee_name":"\xd0\xa1\xd0\xb8\xd0\xbd\xd1\x82\xd0\xb5\xd1\x82\xd0\xb8\xd1\x87\xd0\xbd\xd0\xb8\xd0\xb9 \xd0\xbf\xd1\x80\xd0\xb0\xd1\x86\xd1\x96\xd0\xb2\xd0\xbd\xd0\xb8\xd0\xba A05 5","employee_role":"\xd0\xa2\xd0\xb5\xd1\x81\xd1\x82\xd1\x83\xd0\xb2\xd0\xb0\xd0\xbb\xd1\x8c\xd0\xbd\xd0\xb8\xd0\xba","employee_dept":"","amount":"100.25","currency":"UAH","period_year":2026,"period_month":9,"payment_date":"2026-09-11","status":"paid","notes":"","transaction":null,"created_at":"2026-09-11T20:47:44.314766+02:00"}'

======================================================================
FAIL: test_paid_salary_financial_fields_are_immutable (finance.test_finance_integrity.FinanceHistoryHTTPTests.test_paid_salary_financial_fields_are_immutable) (change={'payment_date': '2026-09-12'})
----------------------------------------------------------------------
Traceback (most recent call last):
  File "/workspace/sites/bos-original-refined/finance/test_finance_integrity.py", line 183, in test_paid_salary_financial_fields_are_immutable
    self.assert_rejected(response)
  File "/workspace/sites/bos-original-refined/finance/test_finance_integrity.py", line 110, in assert_rejected
    self.assertIn(response.status_code, (400, 409, 422), response.content)
AssertionError: 200 not found in (400, 409, 422) : b'{"id":6,"employee":6,"employee_name":"\xd0\xa1\xd0\xb8\xd0\xbd\xd1\x82\xd0\xb5\xd1\x82\xd0\xb8\xd1\x87\xd0\xbd\xd0\xb8\xd0\xb9 \xd0\xbf\xd1\x80\xd0\xb0\xd1\x86\xd1\x96\xd0\xb2\xd0\xbd\xd0\xb8\xd0\xba A05 6","employee_role":"\xd0\xa2\xd0\xb5\xd1\x81\xd1\x82\xd1\x83\xd0\xb2\xd0\xb0\xd0\xbb\xd1\x8c\xd0\xbd\xd0\xb8\xd0\xba","employee_dept":"","amount":"100.25","currency":"UAH","period_year":2026,"period_month":9,"payment_date":"2026-09-12","status":"paid","notes":"","transaction":6,"created_at":"2026-09-11T20:47:44.321919+02:00"}'

======================================================================
FAIL: test_paid_salary_financial_fields_are_immutable (finance.test_finance_integrity.FinanceHistoryHTTPTests.test_paid_salary_financial_fields_are_immutable) (change={'period_month': 10})
----------------------------------------------------------------------
Traceback (most recent call last):
  File "/workspace/sites/bos-original-refined/finance/test_finance_integrity.py", line 183, in test_paid_salary_financial_fields_are_immutable
    self.assert_rejected(response)
  File "/workspace/sites/bos-original-refined/finance/test_finance_integrity.py", line 110, in assert_rejected
    self.assertIn(response.status_code, (400, 409, 422), response.content)
AssertionError: 200 not found in (400, 409, 422) : b'{"id":7,"employee":7,"employee_name":"\xd0\xa1\xd0\xb8\xd0\xbd\xd1\x82\xd0\xb5\xd1\x82\xd0\xb8\xd1\x87\xd0\xbd\xd0\xb8\xd0\xb9 \xd0\xbf\xd1\x80\xd0\xb0\xd1\x86\xd1\x96\xd0\xb2\xd0\xbd\xd0\xb8\xd0\xba A05 7","employee_role":"\xd0\xa2\xd0\xb5\xd1\x81\xd1\x82\xd1\x83\xd0\xb2\xd0\xb0\xd0\xbb\xd1\x8c\xd0\xbd\xd0\xb8\xd0\xba","employee_dept":"","amount":"100.25","currency":"UAH","period_year":2026,"period_month":10,"payment_date":"2026-09-11","status":"paid","notes":"","transaction":7,"created_at":"2026-09-11T20:47:44.329850+02:00"}'

======================================================================
FAIL: test_put_cannot_bypass_linked_expense_protection (finance.test_finance_integrity.FinanceHistoryHTTPTests.test_put_cannot_bypass_linked_expense_protection)
----------------------------------------------------------------------
Traceback (most recent call last):
  File "/workspace/sites/bos-original-refined/finance/test_finance_integrity.py", line 235, in test_put_cannot_bypass_linked_expense_protection
    self.assert_rejected(response)
  File "/workspace/sites/bos-original-refined/finance/test_finance_integrity.py", line 110, in assert_rejected
    self.assertIn(response.status_code, (400, 409, 422), response.content)
AssertionError: 200 not found in (400, 409, 422) : b'{"id":1,"direction":"in","amount":"400.25","currency":"UAH","date":"2026-09-11","description":"\xd0\x97\xd0\xb0\xd1\x80\xd0\xbf\xd0\xbb\xd0\xb0\xd1\x82\xd0\xb0 \xd0\xa1\xd0\xb8\xd0\xbd\xd1\x82\xd0\xb5\xd1\x82\xd0\xb8\xd1\x87\xd0\xbd\xd0\xb8\xd0\xb9 \xd0\xbf\xd1\x80\xd0\xb0\xd1\x86\xd1\x96\xd0\xb2\xd0\xbd\xd0\xb8\xd0\xba A05 1 2026-09","category":"salary","counterparty":null,"counterparty_name":null,"contract":null,"contract_number":null,"branch":1,"branch_name":"\xd0\xa1\xd0\xb8\xd0\xbd\xd1\x82\xd0\xb5\xd1\x82\xd0\xb8\xd1\x87\xd0\xbd\xd0\xb8\xd0\xb9 \xd0\xbf\xd1\x96\xd0\xb4\xd1\x80\xd0\xbe\xd0\xb7\xd0\xb4\xd1\x96\xd0\xbb A05","created_at":"2026-09-11T20:47:44.349740+02:00"}'

======================================================================
FAIL: test_put_cannot_bypass_paid_salary_protection (finance.test_finance_integrity.FinanceHistoryHTTPTests.test_put_cannot_bypass_paid_salary_protection)
----------------------------------------------------------------------
Traceback (most recent call last):
  File "/workspace/sites/bos-original-refined/finance/test_finance_integrity.py", line 224, in test_put_cannot_bypass_paid_salary_protection
    self.assert_rejected(response)
  File "/workspace/sites/bos-original-refined/finance/test_finance_integrity.py", line 110, in assert_rejected
    self.assertIn(response.status_code, (400, 409, 422), response.content)
AssertionError: 200 not found in (400, 409, 422) : b'{"id":1,"employee":1,"employee_name":"\xd0\xa1\xd0\xb8\xd0\xbd\xd1\x82\xd0\xb5\xd1\x82\xd0\xb8\xd1\x87\xd0\xbd\xd0\xb8\xd0\xb9 \xd0\xbf\xd1\x80\xd0\xb0\xd1\x86\xd1\x96\xd0\xb2\xd0\xbd\xd0\xb8\xd0\xba A05 1","employee_role":"\xd0\xa2\xd0\xb5\xd1\x81\xd1\x82\xd1\x83\xd0\xb2\xd0\xb0\xd0\xbb\xd1\x8c\xd0\xbd\xd0\xb8\xd0\xba","employee_dept":"","amount":"400.25","currency":"UAH","period_year":2026,"period_month":9,"payment_date":"2026-09-11","status":"paid","notes":"","transaction":1,"created_at":"2026-09-11T20:47:44.356609+02:00"}'

======================================================================
FAIL: test_reopen_attempt_followed_by_pay_has_one_original_expense (finance.test_finance_integrity.FinanceHistoryHTTPTests.test_reopen_attempt_followed_by_pay_has_one_original_expense)
----------------------------------------------------------------------
Traceback (most recent call last):
  File "/workspace/sites/bos-original-refined/finance/test_finance_integrity.py", line 199, in test_reopen_attempt_followed_by_pay_has_one_original_expense
    self.assert_rejected(response)
  File "/workspace/sites/bos-original-refined/finance/test_finance_integrity.py", line 110, in assert_rejected
    self.assertIn(response.status_code, (400, 409, 422), response.content)
AssertionError: 200 not found in (400, 409, 422) : b'{"id":1,"employee":1,"employee_name":"\xd0\xa1\xd0\xb8\xd0\xbd\xd1\x82\xd0\xb5\xd1\x82\xd0\xb8\xd1\x87\xd0\xbd\xd0\xb8\xd0\xb9 \xd0\xbf\xd1\x80\xd0\xb0\xd1\x86\xd1\x96\xd0\xb2\xd0\xbd\xd0\xb8\xd0\xba A05 1","employee_role":"\xd0\xa2\xd0\xb5\xd1\x81\xd1\x82\xd1\x83\xd0\xb2\xd0\xb0\xd0\xbb\xd1\x8c\xd0\xbd\xd0\xb8\xd0\xba","employee_dept":"","amount":"100.25","currency":"UAH","period_year":2026,"period_month":9,"payment_date":"2026-09-11","status":"pending","notes":"","transaction":null,"created_at":"2026-09-11T20:47:44.366308+02:00"}'

======================================================================
FAIL: test_replay_after_expense_archive_never_creates_second_payment (finance.test_finance_integrity.FinanceHistoryHTTPTests.test_replay_after_expense_archive_never_creates_second_payment)
----------------------------------------------------------------------
Traceback (most recent call last):
  File "/workspace/sites/bos-original-refined/finance/test_finance_integrity.py", line 315, in test_replay_after_expense_archive_never_creates_second_payment
    self.assert_archived(Transaction, sal.transaction_id)
  File "/workspace/sites/bos-original-refined/finance/test_finance_integrity.py", line 104, in assert_archived
    self.assertTrue(model._base_manager.filter(pk=pk).exists(), f'Physical deletion of {model.__name__} #{pk}')
AssertionError: False is not true : Physical deletion of Transaction #1

======================================================================
FAIL: test_ai_cannot_create_negative_financial_rows (finance.test_finance_integrity.FinanceLegacyEntryTests.test_ai_cannot_create_negative_financial_rows) (tool='create_salary')
----------------------------------------------------------------------
Traceback (most recent call last):
  File "/workspace/sites/bos-original-refined/finance/test_finance_integrity.py", line 425, in test_ai_cannot_create_negative_financial_rows
    self.assertEqual((Salary._base_manager.count(), Transaction._base_manager.count()), before, result)
AssertionError: Tuples differ: (1, 0) != (0, 0)

First differing element 0:
1
0

- (1, 0)
?  ^

+ (0, 0)
?  ^
 : Нараховано зарплату #1: Синтетичний працівник A05 1 за 2026-09 — -100.25 EUR (статус: очікує виплати).

======================================================================
FAIL: test_ai_cannot_create_negative_financial_rows (finance.test_finance_integrity.FinanceLegacyEntryTests.test_ai_cannot_create_negative_financial_rows) (tool='create_transaction')
----------------------------------------------------------------------
Traceback (most recent call last):
  File "/workspace/sites/bos-original-refined/finance/test_finance_integrity.py", line 425, in test_ai_cannot_create_negative_financial_rows
    self.assertEqual((Salary._base_manager.count(), Transaction._base_manager.count()), before, result)
AssertionError: Tuples differ: (1, 1) != (1, 0)

First differing element 1:
1
0

- (1, 1)
?     ^

+ (1, 0)
?     ^
 : Створено транзакцію #1: витрата -100.25 EUR — 'Синтетична недопустима витрата'.

======================================================================
FAIL: test_ai_create_paid_never_leaves_a_salary_without_expense (finance.test_finance_integrity.FinanceLegacyEntryTests.test_ai_create_paid_never_leaves_a_salary_without_expense)
----------------------------------------------------------------------
Traceback (most recent call last):
  File "/workspace/sites/bos-original-refined/finance/test_finance_integrity.py", line 406, in test_ai_create_paid_never_leaves_a_salary_without_expense
    self.assertIsNotNone(sal.transaction_id, result)
AssertionError: unexpectedly None : Нараховано зарплату #1: Синтетичний працівник A05 1 за 2026-09 — 100.25 EUR (статус: очікує виплати).

======================================================================
FAIL: test_ai_delete_employee_preserves_history_and_archives_same_id (finance.test_finance_integrity.FinanceLegacyEntryTests.test_ai_delete_employee_preserves_history_and_archives_same_id)
----------------------------------------------------------------------
Traceback (most recent call last):
  File "/workspace/sites/bos-original-refined/finance/test_finance_integrity.py", line 432, in test_ai_delete_employee_preserves_history_and_archives_same_id
    self.assert_archived(Employee, sal.employee_id)
  File "/workspace/sites/bos-original-refined/finance/test_finance_integrity.py", line 104, in assert_archived
    self.assertTrue(model._base_manager.filter(pk=pk).exists(), f'Physical deletion of {model.__name__} #{pk}')
AssertionError: False is not true : Physical deletion of Employee #1

======================================================================
FAIL: test_ai_undo_employee_archive_never_allocates_a_replacement_id (finance.test_finance_integrity.FinanceLegacyEntryTests.test_ai_undo_employee_archive_never_allocates_a_replacement_id)
----------------------------------------------------------------------
Traceback (most recent call last):
  File "/workspace/sites/bos-original-refined/finance/test_finance_integrity.py", line 454, in test_ai_undo_employee_archive_never_allocates_a_replacement_id
    self.assert_archived(Employee, sal.employee_id)
  File "/workspace/sites/bos-original-refined/finance/test_finance_integrity.py", line 104, in assert_archived
    self.assertTrue(model._base_manager.filter(pk=pk).exists(), f'Physical deletion of {model.__name__} #{pk}')
AssertionError: False is not true : Physical deletion of Employee #1

======================================================================
FAIL: test_ai_undo_employee_creation_preserves_existing_payroll_history (finance.test_finance_integrity.FinanceLegacyEntryTests.test_ai_undo_employee_creation_preserves_existing_payroll_history)
----------------------------------------------------------------------
Traceback (most recent call last):
  File "/workspace/sites/bos-original-refined/finance/test_finance_integrity.py", line 447, in test_ai_undo_employee_creation_preserves_existing_payroll_history
    self.assert_history_unchanged(before)
  File "/workspace/sites/bos-original-refined/finance/test_finance_integrity.py", line 90, in assert_history_unchanged
    self.assertTrue(model._base_manager.filter(pk=pk).exists(), f'Lost historical {key} #{pk}')
AssertionError: False is not true : Lost historical salary #1

======================================================================
FAIL: test_cli_branch_reset_cannot_detach_historical_expense (finance.test_finance_integrity.FinanceLegacyEntryTests.test_cli_branch_reset_cannot_detach_historical_expense)
----------------------------------------------------------------------
Traceback (most recent call last):
  File "/workspace/scratch/c7b51e996a9f/demo-check-env/lib/python3.12/site-packages/django/test/utils.py", line 458, in inner
    return func(*args, **kwargs)
           ^^^^^^^^^^^^^^^^^^^^^
  File "/workspace/sites/bos-original-refined/finance/test_finance_integrity.py", line 485, in test_cli_branch_reset_cannot_detach_historical_expense
    with self.assertRaises(CommandError):
         ^^^^^^^^^^^^^^^^^^^^^^^^^^^^^^^
AssertionError: CommandError not raised

======================================================================
FAIL: test_cli_branch_seed_cannot_change_working_financial_attribution (finance.test_finance_integrity.FinanceLegacyEntryTests.test_cli_branch_seed_cannot_change_working_financial_attribution)
----------------------------------------------------------------------
Traceback (most recent call last):
  File "/workspace/scratch/c7b51e996a9f/demo-check-env/lib/python3.12/site-packages/django/test/utils.py", line 458, in inner
    return func(*args, **kwargs)
           ^^^^^^^^^^^^^^^^^^^^^
  File "/workspace/sites/bos-original-refined/finance/test_finance_integrity.py", line 475, in test_cli_branch_seed_cannot_change_working_financial_attribution
    with self.assertRaises(CommandError):
         ^^^^^^^^^^^^^^^^^^^^^^^^^^^^^^^
AssertionError: CommandError not raised

----------------------------------------------------------------------
Ran 32 tests in 2.574s

FAILED (failures=52)
Destroying test database for alias 'default' ('/tmp/bos-a05-before.sqlite3_django_test')...
 OK
System check identified no issues (0 silenced).
