Creating test database for alias 'default' ('/tmp/bos-a05-review.sqlite3_django_test')...
Destroying old test database for alias 'default' ('/tmp/bos-a05-review.sqlite3_django_test')...
Found 6 test(s).
Operations to perform:
  Synchronize unmigrated apps: django_filters, messages, rest_framework, staticfiles
  Apply all migrations: admin, ai_assistant, auth, branches, contenttypes, employees, erp, finance, operations, sessions, tasks
Synchronizing apps without migrations:
  Creating tables...
    Running deferred SQL...
Running migrations:
  Applying contenttypes.0001_initial... OK
  Applying auth.0001_initial... OK
  Applying admin.0001_initial... OK
  Applying admin.0002_logentry_remove_auto_add... OK
  Applying admin.0003_logentry_add_action_flag_choices... OK
  Applying ai_assistant.0001_initial... OK
  Applying ai_assistant.0002_taskchangelog... OK
  Applying ai_assistant.0003_claudeusagelog... OK
  Applying ai_assistant.0004_employeechangelog... OK
  Applying ai_assistant.0005_chatfile... OK
  Applying ai_assistant.0006_alter_chatmessage_created_at_and_more... OK
  Applying ai_assistant.0007_employeechangelog_undone_at... OK
  Applying contenttypes.0002_remove_content_type_name... OK
  Applying auth.0002_alter_permission_name_max_length... OK
  Applying auth.0003_alter_user_email_max_length... OK
  Applying auth.0004_alter_user_username_opts... OK
  Applying auth.0005_alter_user_last_login_null... OK
  Applying auth.0006_require_contenttypes_0002... OK
  Applying auth.0007_alter_validators_add_error_messages... OK
  Applying auth.0008_alter_user_username_max_length... OK
  Applying auth.0009_alter_user_last_name_max_length... OK
  Applying auth.0010_alter_group_name_max_length... OK
  Applying auth.0011_update_proxy_permissions... OK
  Applying auth.0012_alter_user_first_name_max_length... OK
  Applying branches.0001_initial... OK
  Applying branches.0002_branch_short_name... OK
  Applying branches.0003_fill_short_names... OK
  Applying employees.0001_initial... OK
  Applying employees.0002_alter_employee_department... OK
  Applying employees.0003_employee_branch... OK
  Applying employees.0004_employee_archived_at... OK
  Applying tasks.0001_initial... OK
  Applying tasks.0002_alter_task_priority... OK
  Applying tasks.0003_alter_task_deadline_alter_task_priority_and_more... OK
  Applying tasks.0004_task_branch... OK
  Applying finance.0001_initial... OK
  Applying finance.0002_alter_salary_unique_together_alter_contract_status_and_more... OK
  Applying finance.0003_transaction_branch... OK
  Applying operations.0001_initial... OK
  Applying erp.0001_initial... OK
  Applying finance.0004_salary_archived_at_transaction_archived_at_and_more... OK
  Applying sessions.0001_initial...test_admin_bulk_archive_audit_failure_rolls_back_and_returns_409 (finance.test_archive_regressions.ArchiveReviewTests.test_admin_bulk_archive_audit_failure_rolls_back_and_returns_409) ... FAIL
test_admin_single_archive_audit_failure_rolls_back_and_returns_409 (finance.test_archive_regressions.ArchiveReviewTests.test_admin_single_archive_audit_failure_rolls_back_and_returns_409) ... FAIL
test_archive_replay_keeps_one_audit_record_and_original_timestamp (finance.test_archive_regressions.ArchiveReviewTests.test_archive_replay_keeps_one_audit_record_and_original_timestamp) ... ok
test_create_salary_locks_employee_before_active_status_read (finance.test_archive_regressions.ArchiveReviewTests.test_create_salary_locks_employee_before_active_status_read) ... FAIL
test_http_archive_audit_failure_rolls_back_and_returns_409 (finance.test_archive_regressions.ArchiveReviewTests.test_http_archive_audit_failure_rolls_back_and_returns_409) ... FAIL
test_shared_save_rolls_back_money_when_audit_insert_fails (finance.test_archive_regressions.ArchiveReviewTests.test_shared_save_rolls_back_money_when_audit_insert_fails) ... ok

======================================================================
FAIL: test_admin_bulk_archive_audit_failure_rolls_back_and_returns_409 (finance.test_archive_regressions.ArchiveReviewTests.test_admin_bulk_archive_audit_failure_rolls_back_and_returns_409)
----------------------------------------------------------------------
Traceback (most recent call last):
  File "/workspace/sites/bos-original-refined/finance/test_archive_regressions.py", line 93, in test_admin_bulk_archive_audit_failure_rolls_back_and_returns_409
    self.assertEqual(response.status_code, 409, 'Admin bulk-delete needs the same conflict response')
AssertionError: 500 != 409 : Admin bulk-delete needs the same conflict response

======================================================================
FAIL: test_admin_single_archive_audit_failure_rolls_back_and_returns_409 (finance.test_archive_regressions.ArchiveReviewTests.test_admin_single_archive_audit_failure_rolls_back_and_returns_409)
----------------------------------------------------------------------
Traceback (most recent call last):
  File "/workspace/sites/bos-original-refined/finance/test_archive_regressions.py", line 84, in test_admin_single_archive_audit_failure_rolls_back_and_returns_409
    self.assertEqual(response.status_code, 409, 'Admin single-delete needs the same conflict response')
AssertionError: 500 != 409 : Admin single-delete needs the same conflict response

======================================================================
FAIL: test_create_salary_locks_employee_before_active_status_read (finance.test_archive_regressions.ArchiveReviewTests.test_create_salary_locks_employee_before_active_status_read)
----------------------------------------------------------------------
Traceback (most recent call last):
  File "/workspace/sites/bos-original-refined/finance/test_archive_regressions.py", line 124, in test_create_salary_locks_employee_before_active_status_read
    self.assertTrue(updates, 'Employee archive-vs-create requires a shared row write lock')
AssertionError: [] is not true : Employee archive-vs-create requires a shared row write lock

======================================================================
FAIL: test_http_archive_audit_failure_rolls_back_and_returns_409 (finance.test_archive_regressions.ArchiveReviewTests.test_http_archive_audit_failure_rolls_back_and_returns_409)
----------------------------------------------------------------------
Traceback (most recent call last):
  File "/workspace/sites/bos-original-refined/finance/test_archive_regressions.py", line 76, in test_http_archive_audit_failure_rolls_back_and_returns_409
    self.assertEqual(response.status_code, 409, 'Rollback alone must not leave an HTTP 500')
AssertionError: 500 != 409 : Rollback alone must not leave an HTTP 500

----------------------------------------------------------------------
Ran 6 tests in 0.770s

FAILED (failures=4)
Destroying test database for alias 'default' ('/tmp/bos-a05-review.sqlite3_django_test')...
 OK
System check identified no issues (0 silenced).
