[20/Sep/2026 19:12:14] "GET /api/runtime/status/ HTTP/1.1" 200 148
[20/Sep/2026 19:12:15] "GET / HTTP/1.1" 200 27178
[20/Sep/2026 19:12:16] "GET /assets/react.js HTTP/1.1" 200 10737
[20/Sep/2026 19:12:16] "GET /assets/purify.js HTTP/1.1" 200 20931
[20/Sep/2026 19:12:16] "GET /assets/react-dom.js HTTP/1.1" 200 131882
[20/Sep/2026 19:12:16] "GET /assets/marked.js HTTP/1.1" 200 35159
[20/Sep/2026 19:12:16] "GET /assets/app.js HTTP/1.1" 200 907647
[20/Sep/2026 19:12:16] "GET /api/auth/csrf/ HTTP/1.1" 200 40
[20/Sep/2026 19:12:16] "GET /api/auth/me/ HTTP/1.1" 401 79
[20/Sep/2026 19:12:17] "POST /api/auth/demo/ HTTP/1.1" 200 50
[20/Sep/2026 19:12:17] "GET /api/operations/status/ HTTP/1.1" 200 1076
[20/Sep/2026 19:12:17] "GET /api/runtime/status/ HTTP/1.1" 200 148
[20/Sep/2026 19:12:17] "GET /api/contracts/ HTTP/1.1" 200 2
[20/Sep/2026 19:12:17] "GET /api/tasks/ HTTP/1.1" 200 4268
[20/Sep/2026 19:12:17] "GET /api/transactions/ HTTP/1.1" 200 2
[20/Sep/2026 19:12:17] "GET /api/salaries/ HTTP/1.1" 200 2
[20/Sep/2026 19:12:17] "GET /api/dashboard/summary/?period=month HTTP/1.1" 200 2985
[20/Sep/2026 19:12:17] "GET /api/counterparties/ HTTP/1.1" 200 2129
[20/Sep/2026 19:12:17] "GET /api/branches/ HTTP/1.1" 200 1076
[20/Sep/2026 19:12:17] "GET /api/employees/ HTTP/1.1" 200 2961
[20/Sep/2026 19:12:17] "GET /api/erp/snapshot/ HTTP/1.1" 200 70052
[20/Sep/2026 19:12:17] "GET /api/erp/orders/6/next/ HTTP/1.1" 200 329
[20/Sep/2026 19:12:17] "GET /api/erp/orders/2/next/ HTTP/1.1" 200 249
[20/Sep/2026 19:12:17] "GET /api/erp/orders/1/next/ HTTP/1.1" 200 323
[20/Sep/2026 19:12:17] "GET /api/erp/orders/8/next/ HTTP/1.1" 200 207
[20/Sep/2026 19:12:17] "GET /api/erp/orders/7/next/ HTTP/1.1" 200 330
[20/Sep/2026 19:12:17] "GET /api/erp/workpoints/ HTTP/1.1" 200 4284
[20/Sep/2026 19:12:18] "GET /api/erp/snapshot/ HTTP/1.1" 200 70052
[20/Sep/2026 19:12:18] "GET /api/erp/workpoints/ HTTP/1.1" 200 4284
[20/Sep/2026 19:12:18] "GET /api/erp/orders/6/next/ HTTP/1.1" 200 329
[20/Sep/2026 19:12:18] "GET /api/auth/me/ HTTP/1.1" 200 50
[20/Sep/2026 19:12:19] "GET / HTTP/1.1" 200 27178
[20/Sep/2026 19:12:19] "GET /assets/react.js HTTP/1.1" 200 10737
[20/Sep/2026 19:12:19] "GET /assets/marked.js HTTP/1.1" 200 35159
[20/Sep/2026 19:12:19] "GET /assets/react-dom.js HTTP/1.1" 200 131882
[20/Sep/2026 19:12:19] "GET /assets/purify.js HTTP/1.1" 200 20931
[20/Sep/2026 19:12:19] "GET /assets/app.js HTTP/1.1" 200 907647
[20/Sep/2026 19:12:19] "GET /api/auth/csrf/ HTTP/1.1" 200 39
[20/Sep/2026 19:12:19] "GET /api/auth/me/ HTTP/1.1" 200 50
[20/Sep/2026 19:12:19] "GET /api/operations/status/ HTTP/1.1" 200 1076
[20/Sep/2026 19:12:19] "GET /api/runtime/status/ HTTP/1.1" 200 148
[20/Sep/2026 19:12:19] "GET /api/transactions/ HTTP/1.1" 200 2
[20/Sep/2026 19:12:19] "GET /api/contracts/ HTTP/1.1" 200 2
[20/Sep/2026 19:12:19] "GET /api/counterparties/ HTTP/1.1" 200 2129
[20/Sep/2026 19:12:19] "GET /api/tasks/ HTTP/1.1" 200 4268
[20/Sep/2026 19:12:19] "GET /api/employees/ HTTP/1.1" 200 2961
[20/Sep/2026 19:12:19] "GET /api/salaries/ HTTP/1.1" 200 2
[20/Sep/2026 19:12:19] "GET /api/branches/ HTTP/1.1" 200 1076
[20/Sep/2026 19:12:19] "GET /api/dashboard/summary/?period=month HTTP/1.1" 200 2985
[20/Sep/2026 19:12:19] "GET /api/erp/snapshot/ HTTP/1.1" 200 70052
[20/Sep/2026 19:12:20] "GET /api/erp/orders/8/next/ HTTP/1.1" 200 207
[20/Sep/2026 19:12:20] "GET /api/erp/orders/1/next/ HTTP/1.1" 200 323
[20/Sep/2026 19:12:20] "GET /api/erp/orders/6/next/ HTTP/1.1" 200 329
[20/Sep/2026 19:12:20] "GET /api/erp/orders/7/next/ HTTP/1.1" 200 330
[20/Sep/2026 19:12:20] "GET /api/erp/orders/2/next/ HTTP/1.1" 200 249
[20/Sep/2026 19:12:20] "GET /api/erp/workpoints/ HTTP/1.1" 200 4284
[20/Sep/2026 19:12:20] "GET /api/erp/snapshot/ HTTP/1.1" 200 70052
[20/Sep/2026 19:12:20] "GET /api/erp/workpoints/ HTTP/1.1" 200 4284
[20/Sep/2026 19:12:21] "GET /api/erp/orders/6/next/ HTTP/1.1" 200 329
[20/Sep/2026 19:12:21] "GET /api/erp/workpoints/ HTTP/1.1" 200 4284
[20/Sep/2026 19:12:21] "GET /api/erp/snapshot/ HTTP/1.1" 200 70052
[20/Sep/2026 19:12:21] "GET /api/erp/workpoints/ HTTP/1.1" 200 4284
[20/Sep/2026 19:12:21] "GET /api/erp/orders/6/next/ HTTP/1.1" 200 329
[20/Sep/2026 19:12:22] "GET / HTTP/1.1" 200 27178
[20/Sep/2026 19:12:22] "GET /assets/purify.js HTTP/1.1" 200 20931
[20/Sep/2026 19:12:22] "GET /assets/marked.js HTTP/1.1" 200 35159
[20/Sep/2026 19:12:22] "GET /assets/react-dom.js HTTP/1.1" 200 131882
[20/Sep/2026 19:12:22] "GET /assets/react.js HTTP/1.1" 200 10737
[20/Sep/2026 19:12:22] "GET /assets/app.js HTTP/1.1" 200 907647
[20/Sep/2026 19:12:22] "GET /api/auth/csrf/ HTTP/1.1" 200 39
[20/Sep/2026 19:12:22] "GET /api/auth/me/ HTTP/1.1" 200 50
[20/Sep/2026 19:12:22] "GET /api/operations/status/ HTTP/1.1" 200 1076
[20/Sep/2026 19:12:22] "GET /api/runtime/status/ HTTP/1.1" 200 148
[20/Sep/2026 19:12:22] "GET /api/counterparties/ HTTP/1.1" 200 2129
[20/Sep/2026 19:12:22] "GET /api/transactions/ HTTP/1.1" 200 2
[20/Sep/2026 19:12:22] "GET /api/tasks/ HTTP/1.1" 200 4268
[20/Sep/2026 19:12:22] "GET /api/employees/ HTTP/1.1" 200 2961
[20/Sep/2026 19:12:22] "GET /api/branches/ HTTP/1.1" 200 1076
[20/Sep/2026 19:12:22] "GET /api/salaries/ HTTP/1.1" 200 2
[20/Sep/2026 19:12:22] "GET /api/contracts/ HTTP/1.1" 200 2
[20/Sep/2026 19:12:22] "GET /api/dashboard/summary/?period=month HTTP/1.1" 200 2985
[20/Sep/2026 19:12:22] "GET /api/erp/snapshot/ HTTP/1.1" 200 70052
[20/Sep/2026 19:12:23] "GET /api/erp/orders/1/next/ HTTP/1.1" 200 323
[20/Sep/2026 19:12:23] "GET /api/erp/orders/8/next/ HTTP/1.1" 200 207
[20/Sep/2026 19:12:23] "GET /api/erp/orders/7/next/ HTTP/1.1" 200 330
[20/Sep/2026 19:12:23] "GET /api/erp/orders/2/next/ HTTP/1.1" 200 249
[20/Sep/2026 19:12:23] "GET /api/erp/orders/6/next/ HTTP/1.1" 200 329
[20/Sep/2026 19:12:23] "GET /api/erp/workpoints/ HTTP/1.1" 200 4284
[20/Sep/2026 19:12:23] "GET /api/erp/snapshot/ HTTP/1.1" 200 70052
[20/Sep/2026 19:12:23] "GET /api/erp/workpoints/ HTTP/1.1" 200 4284
[20/Sep/2026 19:12:24] "GET /api/erp/orders/6/next/ HTTP/1.1" 200 329
[20/Sep/2026 19:12:24] "GET /api/erp/workpoints/ HTTP/1.1" 200 4284
[20/Sep/2026 19:12:24] "GET /api/erp/snapshot/ HTTP/1.1" 200 70052
[20/Sep/2026 19:12:24] "GET /api/erp/workpoints/ HTTP/1.1" 200 4284
[20/Sep/2026 19:12:24] "GET /api/erp/orders/6/next/ HTTP/1.1" 200 329
[20/Sep/2026 19:12:25] "GET /api/erp/workpoints/ HTTP/1.1" 200 4284
[20/Sep/2026 19:12:25] "GET /api/erp/snapshot/ HTTP/1.1" 200 70052
[20/Sep/2026 19:12:25] "GET /api/erp/workpoints/ HTTP/1.1" 200 4284
[20/Sep/2026 19:12:25] "GET /api/erp/orders/6/next/ HTTP/1.1" 200 329
[20/Sep/2026 19:12:26] "GET /api/erp/workpoints/ HTTP/1.1" 200 4284
[20/Sep/2026 19:12:26] "GET /api/erp/snapshot/ HTTP/1.1" 200 70052
[20/Sep/2026 19:12:27] "GET /api/erp/workpoints/ HTTP/1.1" 200 4284
[20/Sep/2026 19:12:27] "GET /api/erp/orders/6/next/ HTTP/1.1" 200 329
[20/Sep/2026 19:12:28] "GET /api/erp/workpoints/ HTTP/1.1" 200 4284
[20/Sep/2026 19:12:29] "GET /api/erp/snapshot/ HTTP/1.1" 200 70052
[20/Sep/2026 19:12:29] "GET /api/erp/workpoints/ HTTP/1.1" 200 4284
[20/Sep/2026 19:12:29] "GET /api/erp/orders/6/next/ HTTP/1.1" 200 329
[20/Sep/2026 19:12:29] "GET /api/erp/workpoints/ HTTP/1.1" 200 4284
[20/Sep/2026 19:12:30] "GET /api/erp/snapshot/ HTTP/1.1" 200 70052
[20/Sep/2026 19:12:30] "GET /api/erp/workpoints/ HTTP/1.1" 200 4284
[20/Sep/2026 19:12:30] "GET /api/erp/orders/6/next/ HTTP/1.1" 200 329
[20/Sep/2026 19:12:32] "POST /api/erp/preview/ HTTP/1.1" 200 1890
[20/Sep/2026 19:12:33] "POST /api/operations/confirm/ HTTP/1.1" 200 1588
[20/Sep/2026 19:12:33] "GET /api/erp/workpoints/ HTTP/1.1" 200 4287
[20/Sep/2026 19:12:34] "GET /api/erp/snapshot/ HTTP/1.1" 200 72511
[20/Sep/2026 19:12:34] "GET /api/erp/orders/8/next/ HTTP/1.1" 200 207
[20/Sep/2026 19:12:34] "GET /api/erp/orders/6/next/ HTTP/1.1" 200 329
[20/Sep/2026 19:12:34] "GET /api/erp/orders/7/next/ HTTP/1.1" 200 330
[20/Sep/2026 19:12:34] "GET /api/erp/orders/1/next/ HTTP/1.1" 200 323
[20/Sep/2026 19:12:34] "GET /api/erp/orders/2/next/ HTTP/1.1" 200 249
[20/Sep/2026 19:12:34] "GET /api/erp/orders/9/next/ HTTP/1.1" 200 207
[20/Sep/2026 19:12:34] "GET /api/erp/snapshot/ HTTP/1.1" 200 72511
[20/Sep/2026 19:12:34] "GET /api/erp/workpoints/ HTTP/1.1" 200 4287
[20/Sep/2026 19:12:34] "GET /api/erp/orders/6/next/ HTTP/1.1" 200 329
[20/Sep/2026 19:12:34] "GET /api/tasks/ HTTP/1.1" 200 4268
[20/Sep/2026 19:12:34] "GET /api/erp/orders/9/next/ HTTP/1.1" 200 207
[20/Sep/2026 19:12:35] "GET /api/erp/workpoints/ HTTP/1.1" 200 4287
[20/Sep/2026 19:12:35] "GET /api/erp/snapshot/ HTTP/1.1" 200 72511
[20/Sep/2026 19:12:35] "GET /api/erp/workpoints/ HTTP/1.1" 200 4287
[20/Sep/2026 19:12:36] "GET /api/erp/orders/9/next/ HTTP/1.1" 200 207
[20/Sep/2026 19:12:36] "GET /api/erp/orders/6/next/ HTTP/1.1" 200 329
[20/Sep/2026 19:12:36] "GET /api/erp/workpoints/ HTTP/1.1" 200 4287
[20/Sep/2026 19:12:36] "GET /api/erp/snapshot/ HTTP/1.1" 200 72511
[20/Sep/2026 19:12:36] "GET /api/erp/workpoints/ HTTP/1.1" 200 4287
[20/Sep/2026 19:12:36] "GET /api/erp/orders/9/next/ HTTP/1.1" 200 207
[20/Sep/2026 19:12:36] "GET /api/erp/orders/6/next/ HTTP/1.1" 200 329
[20/Sep/2026 19:12:36] "GET /api/erp/orders/6/next/ HTTP/1.1" 200 329
[20/Sep/2026 19:12:36] "GET /api/erp/orders/6/settlement/ HTTP/1.1" 200 1716
[20/Sep/2026 19:12:36] "GET /api/erp/orders/6/trace/ HTTP/1.1" 200 1913
[20/Sep/2026 19:12:37,217] - Broken pipe from ('127.0.0.1', 51776)
[20/Sep/2026 19:12:37] "GET /api/erp/lines/6/supply-options/?target_location_id=4 HTTP/1.1" 200 2821
[20/Sep/2026 19:12:37] "GET /api/erp/workpoints/ HTTP/1.1" 200 4287
[20/Sep/2026 19:12:37] "GET /api/erp/snapshot/ HTTP/1.1" 200 72511
[20/Sep/2026 19:12:37] "GET /api/erp/workpoints/ HTTP/1.1" 200 4287
[20/Sep/2026 19:12:37] "GET /api/erp/orders/9/next/ HTTP/1.1" 200 207
[20/Sep/2026 19:12:37] "GET /api/erp/orders/6/next/ HTTP/1.1" 200 329
[20/Sep/2026 19:12:38] "POST /api/erp/preview/ HTTP/1.1" 200 2422
[20/Sep/2026 19:12:39] "POST /api/operations/confirm/ HTTP/1.1" 200 2033
[20/Sep/2026 19:12:39] "GET /api/erp/workpoints/ HTTP/1.1" 200 4303
[20/Sep/2026 19:12:39] "GET /api/erp/snapshot/ HTTP/1.1" 200 75237
[20/Sep/2026 19:12:39] "GET /api/erp/orders/6/next/ HTTP/1.1" 200 329
[20/Sep/2026 19:12:39] "GET /api/erp/orders/8/next/ HTTP/1.1" 200 207
[20/Sep/2026 19:12:39] "GET /api/erp/orders/2/next/ HTTP/1.1" 200 249
[20/Sep/2026 19:12:39] "GET /api/erp/orders/7/next/ HTTP/1.1" 200 330
[20/Sep/2026 19:12:39] "GET /api/erp/orders/9/next/ HTTP/1.1" 200 207
[20/Sep/2026 19:12:39] "GET /api/erp/orders/1/next/ HTTP/1.1" 200 323
[20/Sep/2026 19:12:39] "GET /api/erp/snapshot/ HTTP/1.1" 200 75237
[20/Sep/2026 19:12:40] "GET /api/erp/workpoints/ HTTP/1.1" 200 4303
[20/Sep/2026 19:12:40] "GET /api/erp/orders/9/next/ HTTP/1.1" 200 207
[20/Sep/2026 19:12:40] "GET /api/tasks/ HTTP/1.1" 200 4268
[20/Sep/2026 19:12:40] "GET /api/erp/orders/6/next/ HTTP/1.1" 200 329
[20/Sep/2026 19:12:40] "POST /api/operations/confirm/ HTTP/1.1" 200 2033
[20/Sep/2026 19:12:40] "GET /api/erp/workpoints/ HTTP/1.1" 200 4303
[20/Sep/2026 19:12:40] "GET /api/erp/snapshot/ HTTP/1.1" 200 75237
[20/Sep/2026 19:12:40] "GET /api/erp/snapshot/ HTTP/1.1" 200 75237
[20/Sep/2026 19:12:40] "GET /api/erp/workpoints/ HTTP/1.1" 200 4303
[20/Sep/2026 19:12:40] "GET /api/erp/orders/9/next/ HTTP/1.1" 200 207
[20/Sep/2026 19:12:40] "GET /api/erp/orders/6/next/ HTTP/1.1" 200 329
[20/Sep/2026 19:12:41] "GET /api/erp/workpoints/ HTTP/1.1" 200 4303
[20/Sep/2026 19:12:41] "GET /api/erp/snapshot/ HTTP/1.1" 200 75237
[20/Sep/2026 19:12:41] "GET /api/erp/workpoints/ HTTP/1.1" 200 4303
[20/Sep/2026 19:12:41] "GET /api/erp/orders/6/next/ HTTP/1.1" 200 329
[20/Sep/2026 19:12:41] "GET /api/erp/orders/9/next/ HTTP/1.1" 200 207
[20/Sep/2026 19:12:41] "GET /api/erp/orders/6/next/ HTTP/1.1" 200 329
[20/Sep/2026 19:12:41] "GET /api/erp/orders/6/settlement/ HTTP/1.1" 200 1716
[20/Sep/2026 19:12:41] "GET /api/erp/orders/6/trace/ HTTP/1.1" 200 1913
[20/Sep/2026 19:12:42] "GET /api/erp/orders/6/settlement/ HTTP/1.1" 200 1716
[20/Sep/2026 19:12:42] "GET /api/erp/workpoints/ HTTP/1.1" 200 4303
[20/Sep/2026 19:12:42] "GET /api/erp/snapshot/ HTTP/1.1" 200 75237
[20/Sep/2026 19:12:42] "GET /api/erp/workpoints/ HTTP/1.1" 200 4303
[20/Sep/2026 19:12:42] "GET /api/erp/orders/9/next/ HTTP/1.1" 200 207
[20/Sep/2026 19:12:42] "GET /api/erp/orders/6/next/ HTTP/1.1" 200 329
[20/Sep/2026 19:12:43] "POST /api/erp/preview/ HTTP/1.1" 200 1208
[20/Sep/2026 19:12:44] "POST /api/operations/confirm/ HTTP/1.1" 200 1027
[20/Sep/2026 19:12:44] "GET /api/erp/workpoints/ HTTP/1.1" 200 4303
[20/Sep/2026 19:12:44] "GET /api/erp/snapshot/ HTTP/1.1" 200 76187
[20/Sep/2026 19:12:44] "GET /api/erp/orders/8/next/ HTTP/1.1" 200 207
[20/Sep/2026 19:12:44] "GET /api/erp/orders/1/next/ HTTP/1.1" 200 323
[20/Sep/2026 19:12:44] "GET /api/erp/orders/6/next/ HTTP/1.1" 200 329
[20/Sep/2026 19:12:44] "GET /api/erp/orders/2/next/ HTTP/1.1" 200 249
[20/Sep/2026 19:12:44] "GET /api/erp/orders/9/next/ HTTP/1.1" 200 207
[20/Sep/2026 19:12:44] "GET /api/erp/orders/7/next/ HTTP/1.1" 200 330
[20/Sep/2026 19:12:45] "GET /api/erp/snapshot/ HTTP/1.1" 200 76187
[20/Sep/2026 19:12:45] "GET /api/erp/workpoints/ HTTP/1.1" 200 4303
[20/Sep/2026 19:12:45] "GET /api/erp/orders/9/next/ HTTP/1.1" 200 207
[20/Sep/2026 19:12:45] "GET /api/tasks/ HTTP/1.1" 200 4268
[20/Sep/2026 19:12:45] "GET /api/erp/orders/6/next/ HTTP/1.1" 200 329
[20/Sep/2026 19:12:45] "POST /api/operations/confirm/ HTTP/1.1" 200 1027
[20/Sep/2026 19:12:46] "GET /api/erp/snapshot/ HTTP/1.1" 200 76187
[20/Sep/2026 19:12:46] "GET /api/erp/snapshot/ HTTP/1.1" 200 76187
[20/Sep/2026 19:12:46] "GET /api/erp/purchases/3/document-match/?document_id=18&supplier_id=8&item_id=4 HTTP/1.1" 200 607
