Creating test database for alias 'default' ('/workspace/scratch/c7b51e996a9f/tmp/c01_candidate/check_preserve_compat_red.sqlite3_django_test')...
Destroying old test database for alias 'default' ('/workspace/scratch/c7b51e996a9f/tmp/c01_candidate/check_preserve_compat_red.sqlite3_django_test')...
Found 7 test(s).
Operations to perform:
  Synchronize unmigrated apps: django_filters, messages, rest_framework, staticfiles
  Apply all migrations: admin, ai_assistant, auth, branches, contenttypes, employees, erp, finance, operations, sessions, tasks
Synchronizing apps without migrations:
  Creating tables...
    Running deferred SQL...
Running migrations:
  Applying contenttypes.0001_initial... OK
  Applying auth.0001_initial... OK
  Applying admin.0001_initial... OK
  Applying admin.0002_logentry_remove_auto_add... OK
  Applying admin.0003_logentry_add_action_flag_choices... OK
  Applying ai_assistant.0001_initial... OK
  Applying ai_assistant.0002_taskchangelog... OK
  Applying ai_assistant.0003_claudeusagelog... OK
  Applying ai_assistant.0004_employeechangelog... OK
  Applying ai_assistant.0005_chatfile... OK
  Applying ai_assistant.0006_alter_chatmessage_created_at_and_more... OK
  Applying ai_assistant.0007_employeechangelog_undone_at... OK
  Applying ai_assistant.0008_chatmessage_archived_at_chatmessage_user_and_more... OK
  Applying ai_assistant.0009_private_documents... OK
  Applying contenttypes.0002_remove_content_type_name... OK
  Applying auth.0002_alter_permission_name_max_length... OK
  Applying auth.0003_alter_user_email_max_length... OK
  Applying auth.0004_alter_user_username_opts... OK
  Applying auth.0005_alter_user_last_login_null... OK
  Applying auth.0006_require_contenttypes_0002... OK
  Applying auth.0007_alter_validators_add_error_messages... OK
  Applying auth.0008_alter_user_username_max_length... OK
  Applying auth.0009_alter_user_last_name_max_length... OK
  Applying auth.0010_alter_group_name_max_length... OK
  Applying auth.0011_update_proxy_permissions... OK
  Applying auth.0012_alter_user_first_name_max_length... OK
  Applying branches.0001_initial... OK
  Applying branches.0002_branch_short_name... OK
  Applying branches.0003_fill_short_names... OK
  Applying employees.0001_initial... OK
  Applying employees.0002_alter_employee_department... OK
  Applying employees.0003_employee_branch... OK
  Applying employees.0004_employee_archived_at... OK
  Applying employees.0005_employee_user... OK
  Applying tasks.0001_initial... OK
  Applying tasks.0002_alter_task_priority... OK
  Applying tasks.0003_alter_task_deadline_alter_task_priority_and_more... OK
  Applying tasks.0004_task_branch... OK
  Applying finance.0001_initial... OK
  Applying finance.0002_alter_salary_unique_together_alter_contract_status_and_more... OK
  Applying finance.0003_transaction_branch... OK
  Applying operations.0001_initial... OK
  Applying operations.0002_actionproposal_user... OK
  Applying operations.0003_loginattempt... OK
  Applying operations.0004_alter_document_options_document_access_level... OK
  Applying operations.0005_invoice_boundaries... OK
  Applying operations.0006_private_documents... OK
  Applying finance.0004_salary_archived_at_transaction_archived_at_and_more... OK
  Applying finance.0005_alter_transaction_branch_alter_transaction_contract_and_more... OK
  Applying finance.0006_financialintent... OK
  Applying finance.0007_money_boundaries... OK
  Applying erp.0001_initial... OK
  Applying erp.0002_row_boundaries... OK
  Applying erp.0003_purchase_source... OK
  Applying erp.0004_initial_import_ledger... OK
  Applying erp.0005_source_corrections... OK
  Applying sessions.0001_initial... OK
  Applying tasks.0005_controlled_tasks...test_historical_rows_ids_and_deleted_highwater_survive_forwards_and_backwards (erp.test_procurement_bridge.PurchaseSourceMigrationTests.test_historical_rows_ids_and_deleted_highwater_survive_forwards_and_backwards) ... ok
test_actual_approved_po_refuses_lossy_rollback_with_schema_and_rows_unchanged (erp.test_procurement_bridge.PurchaseSourceRollbackRefusalTests.test_actual_approved_po_refuses_lossy_rollback_with_schema_and_rows_unchanged) ... ok
test_populated_import_history_refuses_backward_migration_unchanged (erp.test_import_preservation.ImportPreservationTests.test_populated_import_history_refuses_backward_migration_unchanged) ... ok
test_populated_ledger_full_typed_transfer_preserves_source_receipts_and_ids (erp.test_import_preservation.ImportPreservationTests.test_populated_ledger_full_typed_transfer_preserves_source_receipts_and_ids) ... ERROR
test_actual_legacy_null_upgrade_and_empty_reverse_keep_values_ids_and_highwater (tasks.test_preservation.LegacyTaskMigrationIsolationTests.test_actual_legacy_null_upgrade_and_empty_reverse_keep_values_ids_and_highwater) ... ok
test_actual_completed_archived_result_refuses_reverse_before_any_schema_change (tasks.test_preservation.TaskPreservationTests.test_actual_completed_archived_result_refuses_reverse_before_any_schema_change) ... ok
test_mixed_tasks_and_receipts_typed_transfer_preserve_full_native_columns (tasks.test_preservation.TaskPreservationTests.test_mixed_tasks_and_receipts_typed_transfer_preserve_full_native_columns) ... ERROR

======================================================================
ERROR: test_populated_ledger_full_typed_transfer_preserves_source_receipts_and_ids (erp.test_import_preservation.ImportPreservationTests.test_populated_ledger_full_typed_transfer_preserves_source_receipts_and_ids)
----------------------------------------------------------------------
Traceback (most recent call last):
  File "/workspace/scratch/c7b51e996a9f/tmp/c01_candidate/source/erp/test_import_preservation.py", line 55, in test_populated_ledger_full_typed_transfer_preserves_source_receipts_and_ids
    transfer.import_to_disposable(bundle,target,verify_actual_schema=lambda row:inspect_schema(row.name))
  File "/workspace/scratch/c7b51e996a9f/tmp/c01_candidate/source/scripts/data_transfer.py", line 707, in import_to_disposable
    raise TargetRejected('TARGET_SQLITE_SCHEMA_MISMATCH')
scripts.data_transfer.TargetRejected: TARGET_SQLITE_SCHEMA_MISMATCH

======================================================================
ERROR: test_mixed_tasks_and_receipts_typed_transfer_preserve_full_native_columns (tasks.test_preservation.TaskPreservationTests.test_mixed_tasks_and_receipts_typed_transfer_preserve_full_native_columns)
----------------------------------------------------------------------
Traceback (most recent call last):
  File "/workspace/scratch/c7b51e996a9f/tmp/c01_candidate/source/tasks/test_preservation.py", line 43, in test_mixed_tasks_and_receipts_typed_transfer_preserve_full_native_columns
    transfer.import_to_disposable(bundle,target,verify_actual_schema=lambda row:inspect_schema(row.name));restored=transfer.validate_snapshot(Path(target.name),bundle/'media',inspect_schema=inspect_schema)
    ^^^^^^^^^^^^^^^^^^^^^^^^^^^^^^^^^^^^^^^^^^^^^^^^^^^^^^^^^^^^^^^^^^^^^^^^^^^^^^^^^^^^^^^^^^^^^^^^^^^^^
  File "/workspace/scratch/c7b51e996a9f/tmp/c01_candidate/source/scripts/data_transfer.py", line 707, in import_to_disposable
    raise TargetRejected('TARGET_SQLITE_SCHEMA_MISMATCH')
scripts.data_transfer.TargetRejected: TARGET_SQLITE_SCHEMA_MISMATCH

----------------------------------------------------------------------
Ran 7 tests in 18.877s

FAILED (errors=2)
Destroying test database for alias 'default' ('/workspace/scratch/c7b51e996a9f/tmp/c01_candidate/check_preserve_compat_red.sqlite3_django_test')...
 OK
System check identified no issues (0 silenced).
B01_SOURCE_ROLLBACK {"refused": true, "changed": [], "purchase_id": 5, "source": "actual HTTP approved quote purchase"}
C01_LEGACY {"exact_old_rows": true, "all_new_fields_null": true, "highwater": 80001, "next_id": 80002}
