Creating test database for alias 'default' ('/workspace/scratch/c7b51e996a9f/tmp/c01_candidate/check_scoped_final1.sqlite3_django_test')...
Destroying old test database for alias 'default' ('/workspace/scratch/c7b51e996a9f/tmp/c01_candidate/check_scoped_final1.sqlite3_django_test')...
Found 44 test(s).
Operations to perform:
  Synchronize unmigrated apps: django_filters, messages, rest_framework, staticfiles
  Apply all migrations: admin, ai_assistant, auth, branches, contenttypes, employees, erp, finance, operations, sessions, tasks
Synchronizing apps without migrations:
  Creating tables...
    Running deferred SQL...
Running migrations:
  Applying contenttypes.0001_initial... OK
  Applying auth.0001_initial... OK
  Applying admin.0001_initial... OK
  Applying admin.0002_logentry_remove_auto_add... OK
  Applying admin.0003_logentry_add_action_flag_choices... OK
  Applying ai_assistant.0001_initial... OK
  Applying ai_assistant.0002_taskchangelog... OK
  Applying ai_assistant.0003_claudeusagelog... OK
  Applying ai_assistant.0004_employeechangelog... OK
  Applying ai_assistant.0005_chatfile... OK
  Applying ai_assistant.0006_alter_chatmessage_created_at_and_more... OK
  Applying ai_assistant.0007_employeechangelog_undone_at... OK
  Applying ai_assistant.0008_chatmessage_archived_at_chatmessage_user_and_more... OK
  Applying ai_assistant.0009_private_documents... OK
  Applying contenttypes.0002_remove_content_type_name... OK
  Applying auth.0002_alter_permission_name_max_length... OK
  Applying auth.0003_alter_user_email_max_length... OK
  Applying auth.0004_alter_user_username_opts... OK
  Applying auth.0005_alter_user_last_login_null... OK
  Applying auth.0006_require_contenttypes_0002... OK
  Applying auth.0007_alter_validators_add_error_messages... OK
  Applying auth.0008_alter_user_username_max_length... OK
  Applying auth.0009_alter_user_last_name_max_length... OK
  Applying auth.0010_alter_group_name_max_length... OK
  Applying auth.0011_update_proxy_permissions... OK
  Applying auth.0012_alter_user_first_name_max_length... OK
  Applying branches.0001_initial... OK
  Applying branches.0002_branch_short_name... OK
  Applying branches.0003_fill_short_names... OK
  Applying employees.0001_initial... OK
  Applying employees.0002_alter_employee_department... OK
  Applying employees.0003_employee_branch... OK
  Applying employees.0004_employee_archived_at... OK
  Applying employees.0005_employee_user... OK
  Applying tasks.0001_initial... OK
  Applying tasks.0002_alter_task_priority... OK
  Applying tasks.0003_alter_task_deadline_alter_task_priority_and_more... OK
  Applying tasks.0004_task_branch... OK
  Applying finance.0001_initial... OK
  Applying finance.0002_alter_salary_unique_together_alter_contract_status_and_more... OK
  Applying finance.0003_transaction_branch... OK
  Applying operations.0001_initial... OK
  Applying operations.0002_actionproposal_user... OK
  Applying operations.0003_loginattempt... OK
  Applying operations.0004_alter_document_options_document_access_level... OK
  Applying operations.0005_invoice_boundaries... OK
  Applying operations.0006_private_documents... OK
  Applying finance.0004_salary_archived_at_transaction_archived_at_and_more... OK
  Applying finance.0005_alter_transaction_branch_alter_transaction_contract_and_more... OK
  Applying finance.0006_financialintent... OK
  Applying finance.0007_money_boundaries... OK
  Applying erp.0001_initial... OK
  Applying erp.0002_row_boundaries... OK
  Applying erp.0003_purchase_source... OK
  Applying erp.0004_initial_import_ledger... OK
  Applying erp.0005_source_corrections... OK
  Applying sessions.0001_initial... OK
  Applying tasks.0005_controlled_tasks...A04CommandAccessTests (unittest.loader._FailedTest.A04CommandAccessTests) ... ERROR
test_actual_effective_day_rollover_invalidates_task_proposal (tasks.test_commands.TaskCommandTests.test_actual_effective_day_rollover_invalidates_task_proposal) ... ok
test_all_historical_sources_hide_unlinked_task_history_summary_and_recovery (tasks.test_commands.TaskCommandTests.test_all_historical_sources_hide_unlinked_task_history_summary_and_recovery) ... ok
test_archive_restore_preserve_legacy_done_and_noop_creates_no_proposal (tasks.test_commands.TaskCommandTests.test_archive_restore_preserve_legacy_done_and_noop_creates_no_proposal) ... ok
test_create_uses_explicit_fk_full_name_and_one_audit_with_no_other_effect (tasks.test_commands.TaskCommandTests.test_create_uses_explicit_fk_full_name_and_one_audit_with_no_other_effect) ... ok
test_done_requires_explicit_new_result_and_reopen_keeps_previous_history (tasks.test_commands.TaskCommandTests.test_done_requires_explicit_new_result_and_reopen_keeps_previous_history) ... ok
test_draft_result_literal_is_not_completion_evidence (tasks.test_commands.TaskCommandTests.test_draft_result_literal_is_not_completion_evidence) ... ok
test_employee_rename_reassignment_and_archive_keep_historical_name_branch_and_result (tasks.test_commands.TaskCommandTests.test_employee_rename_reassignment_and_archive_keep_historical_name_branch_and_result) ... ok
test_history_cursor_binds_actor_task_revision_and_cutoff_without_duplicate_page (tasks.test_commands.TaskCommandTests.test_history_cursor_binds_actor_task_revision_and_cutoff_without_duplicate_page) ... ok
test_locked_stale_expiry_recovery_and_late_sql_failure_preserve_same_intent (tasks.test_commands.TaskCommandTests.test_locked_stale_expiry_recovery_and_late_sql_failure_preserve_same_intent) ... ok
test_new_session_can_read_exact_completed_proposal_but_cannot_confirm_it (tasks.test_commands.TaskCommandTests.test_new_session_can_read_exact_completed_proposal_but_cannot_confirm_it) ... ok
test_reopen_cannot_replace_previous_result_in_the_same_transition (tasks.test_commands.TaskCommandTests.test_reopen_cannot_replace_previous_result_in_the_same_transition) ... ok
test_shared_overdue_partition_excludes_archived_and_never_substitutes_demo_zero (tasks.test_commands.TaskCommandTests.test_shared_overdue_partition_excludes_archived_and_never_substitutes_demo_zero) ... ok
test_strict_fields_normalized_noops_and_archive_separate_intent (tasks.test_commands.TaskCommandTests.test_strict_fields_normalized_noops_and_archive_separate_intent) ... ok
test_create_task (tasks.tests.TaskAPITestCase.test_create_task) ... ok
test_deadline_in_past_allowed_for_update (tasks.tests.TaskAPITestCase.test_deadline_in_past_allowed_for_update) ... ok
test_deadline_in_past_rejected_for_new_task (tasks.tests.TaskAPITestCase.test_deadline_in_past_rejected_for_new_task) ... ok
test_delete_task (tasks.tests.TaskAPITestCase.test_delete_task) ... ok
test_filter_and_search (tasks.tests.TaskAPITestCase.test_filter_and_search) ... ok
test_priority_none_normalized (tasks.tests.TaskAPITestCase.test_priority_none_normalized) ... ok
test_title_too_short_rejected (tasks.tests.TaskAPITestCase.test_title_too_short_rejected) ... ok
test_author_and_legacy_checks_happen_before_receipt (employees.test_identity.ProposalIdentityTests.test_author_and_legacy_checks_happen_before_receipt) ... ok
test_deactivation_prevents_confirmation (employees.test_identity.ProposalIdentityTests.test_deactivation_prevents_confirmation) ... ok
test_different_author_is_rejected_even_if_session_field_matches (employees.test_identity.ProposalIdentityTests.test_different_author_is_rejected_even_if_session_field_matches) ... ok
test_legacy_proposal_without_author_requires_a_new_preview (employees.test_identity.ProposalIdentityTests.test_legacy_proposal_without_author_requires_a_new_preview) ... ok
test_logout_and_relogin_does_not_reuse_old_proposal (employees.test_identity.ProposalIdentityTests.test_logout_and_relogin_does_not_reuse_old_proposal) ... ok
test_proposal_has_nullable_real_user_fk_for_legacy_migration (employees.test_identity.ProposalIdentityTests.test_proposal_has_nullable_real_user_fk_for_legacy_migration) ... ok
test_real_author_session_and_successful_replay (employees.test_identity.ProposalIdentityTests.test_real_author_session_and_successful_replay) ... ok
test_role_change_between_preview_and_confirm_is_rechecked (employees.test_identity.ProposalIdentityTests.test_role_change_between_preview_and_confirm_is_rechecked) ... ok
test_role_revocation_is_checked_before_returning_old_receipt (employees.test_identity.ProposalIdentityTests.test_role_revocation_is_checked_before_returning_old_receipt) ... ok
test_same_user_in_another_real_session_cannot_confirm (employees.test_identity.ProposalIdentityTests.test_same_user_in_another_real_session_cannot_confirm) ... ok
test_blind_forms_cannot_create_or_relink_hidden_sources_or_versions (operations.test_blind_paths.A04BlindPathTests.test_blind_forms_cannot_create_or_relink_hidden_sources_or_versions) ... ok
test_browsable_html_and_metadata_share_the_same_field_and_fk_scope (operations.test_blind_paths.A04BlindPathTests.test_browsable_html_and_metadata_share_the_same_field_and_fk_scope) ... ok
test_completed_proposal_replay_rechecks_document_permission (operations.test_blind_paths.A04BlindPathTests.test_completed_proposal_replay_rechecks_document_permission) ... ok
test_nested_erp_ids_are_scoped_on_both_preview_adapters (operations.test_blind_paths.A04BlindPathTests.test_nested_erp_ids_are_scoped_on_both_preview_adapters) ... ok
test_projected_rows_never_retain_hidden_foreign_ids (operations.test_blind_paths.A04BlindPathTests.test_projected_rows_never_retain_hidden_foreign_ids) ... ok
test_competing_title_and_archive_have_one_winner_and_authoritative_stale (tasks.test_concurrency.TaskConcurrencyTests.test_competing_title_and_archive_have_one_winner_and_authoritative_stale) ... ok
test_employee_archive_and_reassignment_revalidate_after_real_row_writer (tasks.test_concurrency.TaskConcurrencyTests.test_employee_archive_and_reassignment_revalidate_after_real_row_writer) ... ok
test_same_archive_and_restore_retries_preserve_timestamp_and_history (tasks.test_concurrency.TaskConcurrencyTests.test_same_archive_and_restore_retries_preserve_timestamp_and_history) ... ok
test_same_create_proposal_two_actual_requests_commit_one_task_and_audit (tasks.test_concurrency.TaskConcurrencyTests.test_same_create_proposal_two_actual_requests_commit_one_task_and_audit) ... ok
test_uncommitted_confirm_recovery_is_not_false_authority_and_same_id_retries (tasks.test_concurrency.TaskConcurrencyTests.test_uncommitted_confirm_recovery_is_not_false_authority_and_same_id_retries) ... ok
test_actual_legacy_null_upgrade_and_empty_reverse_keep_values_ids_and_highwater (tasks.test_preservation.LegacyTaskMigrationIsolationTests.test_actual_legacy_null_upgrade_and_empty_reverse_keep_values_ids_and_highwater) ... ok
test_actual_completed_archived_result_refuses_reverse_before_any_schema_change (tasks.test_preservation.TaskPreservationTests.test_actual_completed_archived_result_refuses_reverse_before_any_schema_change) ... ok
test_mixed_tasks_and_receipts_typed_transfer_preserve_full_native_columns (tasks.test_preservation.TaskPreservationTests.test_mixed_tasks_and_receipts_typed_transfer_preserve_full_native_columns) ... ok

======================================================================
ERROR: A04CommandAccessTests (unittest.loader._FailedTest.A04CommandAccessTests)
----------------------------------------------------------------------
AttributeError: module 'operations.test_access' has no attribute 'A04CommandAccessTests'. Did you mean: 'A04AssistantAccessTests'?

----------------------------------------------------------------------
Ran 44 tests in 15.660s

FAILED (errors=1)
Destroying test database for alias 'default' ('/workspace/scratch/c7b51e996a9f/tmp/c01_candidate/check_scoped_final1.sqlite3_django_test')...
 OK
System check identified no issues (0 silenced).
C01_TASK_PAIR {"scenario": "employee_archive", "responses": [{"status": 409, "body": "{\"error\": \"\\u0414\\u0430\\u043d\\u0456 \\u0437\\u043c\\u0456\\u043d\\u0438\\u043b\\u0438\\u0441\\u044f \\u0430\\u0431\\u043e \\u0434\\u0456\\u044f \\u0432\\u0436\\u0435 \\u0432\\u0438\\u043a\\u043e\\u043d\\u0443\\u0454\\u0442\\u044c\\u0441\\u044f. \\u041e\\u043d\\u043e\\u0432\\u0456\\u0442\\u044c \\u043f\\u0435\\u0440\\u0435\\u0433\\u043b\\u044f\\u0434.\"}"}, {"status": 204, "body": ""}], "task_id": 2, "assignee_id": 3}
C01_TASK_PAIR {"scenario": "create", "statuses": [409, 200], "one_task_audit": true}
C01_LEGACY {"exact_old_rows": true, "all_new_fields_null": true, "highwater": 80001, "next_id": 80002}
C01_TYPED {"exact_tables": 53, "tasks": 2, "receipt_replays": 3, "legacy_null": true, "source_unchanged": true}
