Creating test database for alias 'default' ('/workspace/scratch/c7b51e996a9f/tmp/c01_candidate/check_initial_red.sqlite3_django_test')...
Destroying old test database for alias 'default' ('/workspace/scratch/c7b51e996a9f/tmp/c01_candidate/check_initial_red.sqlite3_django_test')...
Found 4 test(s).
Operations to perform:
  Synchronize unmigrated apps: django_filters, messages, rest_framework, staticfiles
  Apply all migrations: admin, ai_assistant, auth, branches, contenttypes, employees, erp, finance, operations, sessions, tasks
Synchronizing apps without migrations:
  Creating tables...
    Running deferred SQL...
Running migrations:
  Applying contenttypes.0001_initial... OK
  Applying auth.0001_initial... OK
  Applying admin.0001_initial... OK
  Applying admin.0002_logentry_remove_auto_add... OK
  Applying admin.0003_logentry_add_action_flag_choices... OK
  Applying ai_assistant.0001_initial... OK
  Applying ai_assistant.0002_taskchangelog... OK
  Applying ai_assistant.0003_claudeusagelog... OK
  Applying ai_assistant.0004_employeechangelog... OK
  Applying ai_assistant.0005_chatfile... OK
  Applying ai_assistant.0006_alter_chatmessage_created_at_and_more... OK
  Applying ai_assistant.0007_employeechangelog_undone_at... OK
  Applying ai_assistant.0008_chatmessage_archived_at_chatmessage_user_and_more... OK
  Applying ai_assistant.0009_private_documents... OK
  Applying contenttypes.0002_remove_content_type_name... OK
  Applying auth.0002_alter_permission_name_max_length... OK
  Applying auth.0003_alter_user_email_max_length... OK
  Applying auth.0004_alter_user_username_opts... OK
  Applying auth.0005_alter_user_last_login_null... OK
  Applying auth.0006_require_contenttypes_0002... OK
  Applying auth.0007_alter_validators_add_error_messages... OK
  Applying auth.0008_alter_user_username_max_length... OK
  Applying auth.0009_alter_user_last_name_max_length... OK
  Applying auth.0010_alter_group_name_max_length... OK
  Applying auth.0011_update_proxy_permissions... OK
  Applying auth.0012_alter_user_first_name_max_length... OK
  Applying branches.0001_initial... OK
  Applying branches.0002_branch_short_name... OK
  Applying branches.0003_fill_short_names... OK
  Applying employees.0001_initial... OK
  Applying employees.0002_alter_employee_department... OK
  Applying employees.0003_employee_branch... OK
  Applying employees.0004_employee_archived_at... OK
  Applying employees.0005_employee_user... OK
  Applying tasks.0001_initial... OK
  Applying tasks.0002_alter_task_priority... OK
  Applying tasks.0003_alter_task_deadline_alter_task_priority_and_more... OK
  Applying tasks.0004_task_branch... OK
  Applying finance.0001_initial... OK
  Applying finance.0002_alter_salary_unique_together_alter_contract_status_and_more... OK
  Applying finance.0003_transaction_branch... OK
  Applying operations.0001_initial... OK
  Applying operations.0002_actionproposal_user... OK
  Applying operations.0003_loginattempt... OK
  Applying operations.0004_alter_document_options_document_access_level... OK
  Applying operations.0005_invoice_boundaries... OK
  Applying operations.0006_private_documents... OK
  Applying finance.0004_salary_archived_at_transaction_archived_at_and_more... OK
  Applying finance.0005_alter_transaction_branch_alter_transaction_contract_and_more... OK
  Applying finance.0006_financialintent... OK
  Applying finance.0007_money_boundaries... OK
  Applying erp.0001_initial... OK
  Applying erp.0002_row_boundaries... OK
  Applying erp.0003_purchase_source... OK
  Applying erp.0004_initial_import_ledger... OK
  Applying erp.0005_source_corrections... OK
  Applying sessions.0001_initial...test_archive_restore_preserve_legacy_done_and_noop_creates_no_proposal (tasks.test_commands.TaskCommandTests.test_archive_restore_preserve_legacy_done_and_noop_creates_no_proposal) ... FAIL
test_create_uses_explicit_fk_full_name_and_one_audit_with_no_other_effect (tasks.test_commands.TaskCommandTests.test_create_uses_explicit_fk_full_name_and_one_audit_with_no_other_effect) ... FAIL
test_done_requires_explicit_new_result_and_reopen_keeps_previous_history (tasks.test_commands.TaskCommandTests.test_done_requires_explicit_new_result_and_reopen_keeps_previous_history) ... FAIL
test_new_session_can_read_exact_completed_proposal_but_cannot_confirm_it (tasks.test_commands.TaskCommandTests.test_new_session_can_read_exact_completed_proposal_but_cannot_confirm_it) ... FAIL

======================================================================
FAIL: test_archive_restore_preserve_legacy_done_and_noop_creates_no_proposal (tasks.test_commands.TaskCommandTests.test_archive_restore_preserve_legacy_done_and_noop_creates_no_proposal)
----------------------------------------------------------------------
Traceback (most recent call last):
  File "/workspace/scratch/c7b51e996a9f/tmp/c01_candidate/source/tasks/test_commands.py", line 57, in test_archive_restore_preserve_legacy_done_and_noop_creates_no_proposal
    proposal,receipt=self.command({'action':'update_task','task_id':task.pk,'archived':True,'reason':'Прибрати з робочого списку'})
                     ^^^^^^^^^^^^^^^^^^^^^^^^^^^^^^^^^^^^^^^^^^^^^^^^^^^^^^^^^^^^^^^^^^^^^^^^^^^^^^^^^^^^^^^^^^^^^^^^^^^^^^^^^^^^^^
  File "/workspace/scratch/c7b51e996a9f/tmp/c01_candidate/source/tasks/test_commands.py", line 32, in command
    proposal=self.preview(payload,client);response=self.confirm(proposal,client);self.assertEqual(response.status_code,200,response.content);return proposal,response.json()
             ^^^^^^^^^^^^^^^^^^^^^^^^^^^^
  File "/workspace/scratch/c7b51e996a9f/tmp/c01_candidate/source/tasks/test_commands.py", line 29, in preview
    before=self.state();response=self.post('/api/operations/preview/',payload,client);self.assertEqual(response.status_code,200,response.content);self.assertEqual(self.state(),before);return response.json()
                                                                                      ^^^^^^^^^^^^^^^^^^^^^^^^^^^^^^^^^^^^^^^^^^^^^^^^^^^^^^^^^^^
AssertionError: 422 != 200 : b'{"error": "\\u041d\\u0435\\u0432\\u0456\\u0434\\u043e\\u043c\\u0456 \\u043f\\u043e\\u043b\\u044f \\u0434\\u0456\\u0457."}'

======================================================================
FAIL: test_create_uses_explicit_fk_full_name_and_one_audit_with_no_other_effect (tasks.test_commands.TaskCommandTests.test_create_uses_explicit_fk_full_name_and_one_audit_with_no_other_effect)
----------------------------------------------------------------------
Traceback (most recent call last):
  File "/workspace/scratch/c7b51e996a9f/tmp/c01_candidate/source/tasks/test_commands.py", line 40, in test_create_uses_explicit_fk_full_name_and_one_audit_with_no_other_effect
    task,proposal,receipt=self.create(priority='none',category='')
                          ^^^^^^^^^^^^^^^^^^^^^^^^^^^^^^^^^^^^^^^^
  File "/workspace/scratch/c7b51e996a9f/tmp/c01_candidate/source/tasks/test_commands.py", line 35, in create
    proposal,receipt=self.command(payload);return Task.objects.get(pk=receipt['task_id']),proposal,receipt
                     ^^^^^^^^^^^^^^^^^^^^^
  File "/workspace/scratch/c7b51e996a9f/tmp/c01_candidate/source/tasks/test_commands.py", line 32, in command
    proposal=self.preview(payload,client);response=self.confirm(proposal,client);self.assertEqual(response.status_code,200,response.content);return proposal,response.json()
             ^^^^^^^^^^^^^^^^^^^^^^^^^^^^
  File "/workspace/scratch/c7b51e996a9f/tmp/c01_candidate/source/tasks/test_commands.py", line 29, in preview
    before=self.state();response=self.post('/api/operations/preview/',payload,client);self.assertEqual(response.status_code,200,response.content);self.assertEqual(self.state(),before);return response.json()
                                                                                      ^^^^^^^^^^^^^^^^^^^^^^^^^^^^^^^^^^^^^^^^^^^^^^^^^^^^^^^^^^^
AssertionError: 422 != 200 : b'{"error": "\\u041d\\u0435\\u0432\\u0456\\u0434\\u043e\\u043c\\u0456 \\u043f\\u043e\\u043b\\u044f \\u0434\\u0456\\u0457."}'

======================================================================
FAIL: test_done_requires_explicit_new_result_and_reopen_keeps_previous_history (tasks.test_commands.TaskCommandTests.test_done_requires_explicit_new_result_and_reopen_keeps_previous_history)
----------------------------------------------------------------------
Traceback (most recent call last):
  File "/workspace/scratch/c7b51e996a9f/tmp/c01_candidate/source/tasks/test_commands.py", line 48, in test_done_requires_explicit_new_result_and_reopen_keeps_previous_history
    task,_,_=self.create();p,done=self.command({'action':'update_task','task_id':task.pk,'status':'done','result':'  Отримано підтвердження\nДжерело DOC-1  ','reason':'Перевірено відповідальним'})
                                  ^^^^^^^^^^^^^^^^^^^^^^^^^^^^^^^^^^^^^^^^^^^^^^^^^^^^^^^^^^^^^^^^^^^^^^^^^^^^^^^^^^^^^^^^^^^^^^^^^^^^^^^^^^^^^^^^^^^^^^^^^^^^^^^^^^^^^^^^^^^^^^^^^^^^^^^^^^^^^^^^^^
  File "/workspace/scratch/c7b51e996a9f/tmp/c01_candidate/source/tasks/test_commands.py", line 32, in command
    proposal=self.preview(payload,client);response=self.confirm(proposal,client);self.assertEqual(response.status_code,200,response.content);return proposal,response.json()
             ^^^^^^^^^^^^^^^^^^^^^^^^^^^^
  File "/workspace/scratch/c7b51e996a9f/tmp/c01_candidate/source/tasks/test_commands.py", line 29, in preview
    before=self.state();response=self.post('/api/operations/preview/',payload,client);self.assertEqual(response.status_code,200,response.content);self.assertEqual(self.state(),before);return response.json()
                                                                                      ^^^^^^^^^^^^^^^^^^^^^^^^^^^^^^^^^^^^^^^^^^^^^^^^^^^^^^^^^^^
AssertionError: 422 != 200 : b'{"error": "\\u041d\\u0435\\u0432\\u0456\\u0434\\u043e\\u043c\\u0456 \\u043f\\u043e\\u043b\\u044f \\u0434\\u0456\\u0457."}'

======================================================================
FAIL: test_new_session_can_read_exact_completed_proposal_but_cannot_confirm_it (tasks.test_commands.TaskCommandTests.test_new_session_can_read_exact_completed_proposal_but_cannot_confirm_it)
----------------------------------------------------------------------
Traceback (most recent call last):
  File "/workspace/scratch/c7b51e996a9f/tmp/c01_candidate/source/tasks/test_commands.py", line 71, in test_new_session_can_read_exact_completed_proposal_but_cannot_confirm_it
    result=new.get('/api/operations/task-proposals/'+proposal['id']+'/');self.assertEqual(result.status_code,200,result.content);self.assertEqual(result.json()['receipt'],receipt);self.assertFalse(result.json()['same_session'])
                                                                         ^^^^^^^^^^^^^^^^^^^^^^^^^^^^^^^^^^^^^^^^^^^^^^^^^^^^^^^
AssertionError: 404 != 200 : b'\n<!doctype html>\n<html lang="en">\n<head>\n  <title>Not Found</title>\n</head>\n<body>\n  <h1>Not Found</h1><p>The requested resource was not found on this server.</p>\n</body>\n</html>\n'

----------------------------------------------------------------------
Ran 4 tests in 0.104s

FAILED (failures=4)
Destroying test database for alias 'default' ('/workspace/scratch/c7b51e996a9f/tmp/c01_candidate/check_initial_red.sqlite3_django_test')...
 OK
System check identified no issues (0 silenced).
