Creating test database for alias 'default' ('/workspace/scratch/c7b51e996a9f/tmp/c01_candidate/check_scope2.sqlite3_django_test')...
Destroying old test database for alias 'default' ('/workspace/scratch/c7b51e996a9f/tmp/c01_candidate/check_scope2.sqlite3_django_test')...
Found 10 test(s).
Operations to perform:
  Synchronize unmigrated apps: django_filters, messages, rest_framework, staticfiles
  Apply all migrations: admin, ai_assistant, auth, branches, contenttypes, employees, erp, finance, operations, sessions, tasks
Synchronizing apps without migrations:
  Creating tables...
    Running deferred SQL...
Running migrations:
  Applying contenttypes.0001_initial... OK
  Applying auth.0001_initial... OK
  Applying admin.0001_initial... OK
  Applying admin.0002_logentry_remove_auto_add... OK
  Applying admin.0003_logentry_add_action_flag_choices... OK
  Applying ai_assistant.0001_initial... OK
  Applying ai_assistant.0002_taskchangelog... OK
  Applying ai_assistant.0003_claudeusagelog... OK
  Applying ai_assistant.0004_employeechangelog... OK
  Applying ai_assistant.0005_chatfile... OK
  Applying ai_assistant.0006_alter_chatmessage_created_at_and_more... OK
  Applying ai_assistant.0007_employeechangelog_undone_at... OK
  Applying ai_assistant.0008_chatmessage_archived_at_chatmessage_user_and_more... OK
  Applying ai_assistant.0009_private_documents... OK
  Applying contenttypes.0002_remove_content_type_name... OK
  Applying auth.0002_alter_permission_name_max_length... OK
  Applying auth.0003_alter_user_email_max_length... OK
  Applying auth.0004_alter_user_username_opts... OK
  Applying auth.0005_alter_user_last_login_null... OK
  Applying auth.0006_require_contenttypes_0002... OK
  Applying auth.0007_alter_validators_add_error_messages... OK
  Applying auth.0008_alter_user_username_max_length... OK
  Applying auth.0009_alter_user_last_name_max_length... OK
  Applying auth.0010_alter_group_name_max_length... OK
  Applying auth.0011_update_proxy_permissions... OK
  Applying auth.0012_alter_user_first_name_max_length... OK
  Applying branches.0001_initial... OK
  Applying branches.0002_branch_short_name... OK
  Applying branches.0003_fill_short_names... OK
  Applying employees.0001_initial... OK
  Applying employees.0002_alter_employee_department... OK
  Applying employees.0003_employee_branch... OK
  Applying employees.0004_employee_archived_at... OK
  Applying employees.0005_employee_user... OK
  Applying tasks.0001_initial... OK
  Applying tasks.0002_alter_task_priority... OK
  Applying tasks.0003_alter_task_deadline_alter_task_priority_and_more... OK
  Applying tasks.0004_task_branch... OK
  Applying finance.0001_initial... OK
  Applying finance.0002_alter_salary_unique_together_alter_contract_status_and_more... OK
  Applying finance.0003_transaction_branch... OK
  Applying operations.0001_initial... OK
  Applying operations.0002_actionproposal_user... OK
  Applying operations.0003_loginattempt... OK
  Applying operations.0004_alter_document_options_document_access_level... OK
  Applying operations.0005_invoice_boundaries... OK
  Applying operations.0006_private_documents... OK
  Applying finance.0004_salary_archived_at_transaction_archived_at_and_more... OK
  Applying finance.0005_alter_transaction_branch_alter_transaction_contract_and_more... OK
  Applying finance.0006_financialintent... OK
  Applying finance.0007_money_boundaries... OK
  Applying erp.0001_initial... OK
  Applying erp.0002_row_boundaries... OK
  Applying erp.0003_purchase_source... OK
  Applying erp.0004_initial_import_ledger... OK
  Applying erp.0005_source_corrections... OK
  Applying sessions.0001_initial... OK
  Applying tasks.0005_controlled_tasks...test_all_historical_sources_hide_unlinked_task_history_summary_and_recovery (tasks.test_commands.TaskCommandTests.test_all_historical_sources_hide_unlinked_task_history_summary_and_recovery) ... ok
test_archive_restore_preserve_legacy_done_and_noop_creates_no_proposal (tasks.test_commands.TaskCommandTests.test_archive_restore_preserve_legacy_done_and_noop_creates_no_proposal) ... ok
test_create_uses_explicit_fk_full_name_and_one_audit_with_no_other_effect (tasks.test_commands.TaskCommandTests.test_create_uses_explicit_fk_full_name_and_one_audit_with_no_other_effect) ... ok
test_done_requires_explicit_new_result_and_reopen_keeps_previous_history (tasks.test_commands.TaskCommandTests.test_done_requires_explicit_new_result_and_reopen_keeps_previous_history) ... ok
test_employee_rename_reassignment_and_archive_keep_historical_name_branch_and_result (tasks.test_commands.TaskCommandTests.test_employee_rename_reassignment_and_archive_keep_historical_name_branch_and_result) ... ok
test_history_cursor_binds_actor_task_revision_and_cutoff_without_duplicate_page (tasks.test_commands.TaskCommandTests.test_history_cursor_binds_actor_task_revision_and_cutoff_without_duplicate_page) ... ok
test_locked_stale_expiry_recovery_and_late_sql_failure_preserve_same_intent (tasks.test_commands.TaskCommandTests.test_locked_stale_expiry_recovery_and_late_sql_failure_preserve_same_intent) ... ok
test_new_session_can_read_exact_completed_proposal_but_cannot_confirm_it (tasks.test_commands.TaskCommandTests.test_new_session_can_read_exact_completed_proposal_but_cannot_confirm_it) ... ok
test_shared_overdue_partition_excludes_archived_and_never_substitutes_demo_zero (tasks.test_commands.TaskCommandTests.test_shared_overdue_partition_excludes_archived_and_never_substitutes_demo_zero) ... ok
test_strict_fields_normalized_noops_and_archive_separate_intent (tasks.test_commands.TaskCommandTests.test_strict_fields_normalized_noops_and_archive_separate_intent) ... ok

----------------------------------------------------------------------
Ran 10 tests in 1.775s

OK
Destroying test database for alias 'default' ('/workspace/scratch/c7b51e996a9f/tmp/c01_candidate/check_scope2.sqlite3_django_test')...
 OK
System check identified no issues (0 silenced).
