test_exit_zero_cannot_admit_missing_or_inconsistent_evidence (scripts.test_verify_evidence.VerifyE2EEvidenceTests.test_exit_zero_cannot_admit_missing_or_inconsistent_evidence) ... 06. Наскрізний процес на чистій базі, звірка до копійки
  ПРОЙДЕНО
НЕ ПРИЙНЯТО: /tmp/bos-evidence-unit-wv8ls7v1/artifact-missing/report.json
06. Наскрізний процес на чистій базі, звірка до копійки
  ПРОЙДЕНО
НЕ ПРИЙНЯТО: /tmp/bos-evidence-unit-wv8ls7v1/artifact-wrong_digest/report.json
06. Наскрізний процес на чистій базі, звірка до копійки
  ПРОЙДЕНО
НЕ ПРИЙНЯТО: /tmp/bos-evidence-unit-wv8ls7v1/artifact-wrong_path/report.json
06. Наскрізний процес на чистій базі, звірка до копійки
  ПРОЙДЕНО
НЕ ПРИЙНЯТО: /tmp/bos-evidence-unit-wv8ls7v1/artifact-invalid_json/report.json
06. Наскрізний процес на чистій базі, звірка до копійки
  ПРОЙДЕНО
НЕ ПРИЙНЯТО: /tmp/bos-evidence-unit-wv8ls7v1/artifact-no_summary/report.json
06. Наскрізний процес на чистій базі, звірка до копійки
  ПРОЙДЕНО
НЕ ПРИЙНЯТО: /tmp/bos-evidence-unit-wv8ls7v1/artifact-wrong_vendor/report.json
06. Наскрізний процес на чистій базі, звірка до копійки
  ПРОЙДЕНО
НЕ ПРИЙНЯТО: /tmp/bos-evidence-unit-wv8ls7v1/artifact-inconsistent_complete/report.json
06. Наскрізний процес на чистій базі, звірка до копійки
  ПРОЙДЕНО
НЕ ПРИЙНЯТО: /tmp/bos-evidence-unit-wv8ls7v1/artifact-incomplete_exit_zero/report.json
ok
test_failed_fixture_preserves_its_detailed_evidence (scripts.test_verify_evidence.VerifyE2EEvidenceTests.test_failed_fixture_preserves_its_detailed_evidence) ... 06. Наскрізний процес на чистій базі, звірка до копійки
  ПОМИЛКА
НЕ ПРИЙНЯТО: /tmp/bos-evidence-unit-t5_cpcqa/artifact/report.json
ok
test_other_extensions_keep_their_existing_command (scripts.test_verify_evidence.VerifyE2EEvidenceTests.test_other_extensions_keep_their_existing_command) ... ok
test_routes_both_backend_files_inside_artifact_with_matching_hashes (scripts.test_verify_evidence.VerifyE2EEvidenceTests.test_routes_both_backend_files_inside_artifact_with_matching_hashes) ... ok
test_successful_fixture_with_complete_artifacts_is_accepted (scripts.test_verify_evidence.VerifyE2EEvidenceTests.test_successful_fixture_with_complete_artifacts_is_accepted) ... 06. Наскрізний процес на чистій базі, звірка до копійки
  ПРОЙДЕНО
ПРОЙДЕНО: /tmp/bos-evidence-unit-7eq3pycu/artifact/report.json
ok
test_directory_prefix_keeps_legacy_posix_component_order (scripts.test_source_digest.SourceDigestPathOrderTests.test_directory_prefix_keeps_legacy_posix_component_order) ... ok
test_mixed_case_paths_have_same_digest_on_both_path_flavours (scripts.test_source_digest.SourceDigestPathOrderTests.test_mixed_case_paths_have_same_digest_on_both_path_flavours) ... ok

----------------------------------------------------------------------
Ran 7 tests in 1.012s

OK
