Creating test database for alias 'default' ('/workspace/scratch/4dbe5b4c73ee/execution/n1/check_ship_red.sqlite3_django_test')...
Destroying old test database for alias 'default' ('/workspace/scratch/4dbe5b4c73ee/execution/n1/check_ship_red.sqlite3_django_test')...
Found 2 test(s).
Operations to perform:
  Synchronize unmigrated apps: django_filters, messages, rest_framework, staticfiles
  Apply all migrations: admin, ai_assistant, auth, branches, contenttypes, employees, erp, finance, operations, sessions, tasks
Synchronizing apps without migrations:
  Creating tables...
    Running deferred SQL...
Running migrations:
  Applying contenttypes.0001_initial... OK
  Applying auth.0001_initial... OK
  Applying admin.0001_initial... OK
  Applying admin.0002_logentry_remove_auto_add... OK
  Applying admin.0003_logentry_add_action_flag_choices... OK
  Applying ai_assistant.0001_initial... OK
  Applying ai_assistant.0002_taskchangelog... OK
  Applying ai_assistant.0003_claudeusagelog... OK
  Applying ai_assistant.0004_employeechangelog... OK
  Applying ai_assistant.0005_chatfile... OK
  Applying ai_assistant.0006_alter_chatmessage_created_at_and_more... OK
  Applying ai_assistant.0007_employeechangelog_undone_at... OK
  Applying ai_assistant.0008_chatmessage_archived_at_chatmessage_user_and_more... OK
  Applying ai_assistant.0009_private_documents... OK
  Applying contenttypes.0002_remove_content_type_name... OK
  Applying auth.0002_alter_permission_name_max_length... OK
  Applying auth.0003_alter_user_email_max_length... OK
  Applying auth.0004_alter_user_username_opts... OK
  Applying auth.0005_alter_user_last_login_null... OK
  Applying auth.0006_require_contenttypes_0002... OK
  Applying auth.0007_alter_validators_add_error_messages... OK
  Applying auth.0008_alter_user_username_max_length... OK
  Applying auth.0009_alter_user_last_name_max_length... OK
  Applying auth.0010_alter_group_name_max_length... OK
  Applying auth.0011_update_proxy_permissions... OK
  Applying auth.0012_alter_user_first_name_max_length... OK
  Applying branches.0001_initial... OK
  Applying branches.0002_branch_short_name... OK
  Applying branches.0003_fill_short_names... OK
  Applying employees.0001_initial... OK
  Applying employees.0002_alter_employee_department... OK
  Applying employees.0003_employee_branch... OK
  Applying employees.0004_employee_archived_at... OK
  Applying employees.0005_employee_user... OK
  Applying tasks.0001_initial... OK
  Applying tasks.0002_alter_task_priority... OK
  Applying tasks.0003_alter_task_deadline_alter_task_priority_and_more... OK
  Applying tasks.0004_task_branch... OK
  Applying finance.0001_initial... OK
  Applying finance.0002_alter_salary_unique_together_alter_contract_status_and_more... OK
  Applying finance.0003_transaction_branch... OK
  Applying operations.0001_initial... OK
  Applying operations.0002_actionproposal_user... OK
  Applying operations.0003_loginattempt... OK
  Applying operations.0004_alter_document_options_document_access_level... OK
  Applying operations.0005_invoice_boundaries... OK
  Applying operations.0006_private_documents... OK
  Applying finance.0004_salary_archived_at_transaction_archived_at_and_more... OK
  Applying finance.0005_alter_transaction_branch_alter_transaction_contract_and_more... OK
  Applying finance.0006_financialintent... OK
  Applying finance.0007_money_boundaries... OK
  Applying erp.0001_initial... OK
  Applying erp.0002_row_boundaries... OK
  Applying erp.0003_purchase_source... OK
  Applying erp.0004_initial_import_ledger... OK
  Applying erp.0005_source_corrections... OK
  Applying finance.0008_statement_ledgers... OK
  Applying sessions.0001_initial... OK
  Applying tasks.0005_controlled_tasks...test_raw_101_and_business_61_refused_without_partial_shipping (erp.test_shipping_reference_lengths.ShippingReferenceLengthTests.test_raw_101_and_business_61_refused_without_partial_shipping) ... 
  test_raw_101_and_business_61_refused_without_partial_shipping (erp.test_shipping_reference_lengths.ShippingReferenceLengthTests.test_raw_101_and_business_61_refused_without_partial_shipping) (reference='AAAAAAAAAAAAAAAAAAAAAAAAAAAAAAAAAAAAAAAAAAAAAAAAAAAAAAAAAAAA                                         ', adapter='dispatch') ... FAIL
  test_raw_101_and_business_61_refused_without_partial_shipping (erp.test_shipping_reference_lengths.ShippingReferenceLengthTests.test_raw_101_and_business_61_refused_without_partial_shipping) (reference='AAAAAAAAAAAAAAAAAAAAAAAAAAAAAAAAAAAAAAAAAAAAAAAAAAAAAAAAAAAA                                         ', adapter='/api/erp/preview/') ... FAIL
  test_raw_101_and_business_61_refused_without_partial_shipping (erp.test_shipping_reference_lengths.ShippingReferenceLengthTests.test_raw_101_and_business_61_refused_without_partial_shipping) (reference='AAAAAAAAAAAAAAAAAAAAAAAAAAAAAAAAAAAAAAAAAAAAAAAAAAAAAAAAAAAA                                         ', adapter='/api/operations/preview/') ... FAIL
  test_raw_101_and_business_61_refused_without_partial_shipping (erp.test_shipping_reference_lengths.ShippingReferenceLengthTests.test_raw_101_and_business_61_refused_without_partial_shipping) (reference='AAAAAAAAAAAAAAAAAAAAAAAAAAAAAAAAAAAAAAAAAAAAAAAAAAAAAAAAAAAA                                         ', adapter='confirm') ... FAIL
  test_raw_101_and_business_61_refused_without_partial_shipping (erp.test_shipping_reference_lengths.ShippingReferenceLengthTests.test_raw_101_and_business_61_refused_without_partial_shipping) (reference='                                         AAAAAAAAAAAAAAAAAAAAAAAAAAAAAAAAAAAAAAAAAAAAAAAAAAAAAAAAAAAA', adapter='dispatch') ... FAIL
  test_raw_101_and_business_61_refused_without_partial_shipping (erp.test_shipping_reference_lengths.ShippingReferenceLengthTests.test_raw_101_and_business_61_refused_without_partial_shipping) (reference='                                         AAAAAAAAAAAAAAAAAAAAAAAAAAAAAAAAAAAAAAAAAAAAAAAAAAAAAAAAAAAA', adapter='/api/erp/preview/') ... FAIL
  test_raw_101_and_business_61_refused_without_partial_shipping (erp.test_shipping_reference_lengths.ShippingReferenceLengthTests.test_raw_101_and_business_61_refused_without_partial_shipping) (reference='                                         AAAAAAAAAAAAAAAAAAAAAAAAAAAAAAAAAAAAAAAAAAAAAAAAAAAAAAAAAAAA', adapter='/api/operations/preview/') ... FAIL
  test_raw_101_and_business_61_refused_without_partial_shipping (erp.test_shipping_reference_lengths.ShippingReferenceLengthTests.test_raw_101_and_business_61_refused_without_partial_shipping) (reference='                                         AAAAAAAAAAAAAAAAAAAAAAAAAAAAAAAAAAAAAAAAAAAAAAAAAAAAAAAAAAAA', adapter='confirm') ... FAIL
  test_raw_101_and_business_61_refused_without_partial_shipping (erp.test_shipping_reference_lengths.ShippingReferenceLengthTests.test_raw_101_and_business_61_refused_without_partial_shipping) (reference='ЇЇЇЇЇЇЇЇЇЇЇЇЇЇЇЇЇЇЇЇЇЇЇЇЇЇЇЇЇЇЇЇЇЇЇЇЇЇЇЇЇЇЇЇЇЇЇЇЇЇЇЇЇЇЇЇЇЇЇЇ                                         ', adapter='dispatch') ... FAIL
  test_raw_101_and_business_61_refused_without_partial_shipping (erp.test_shipping_reference_lengths.ShippingReferenceLengthTests.test_raw_101_and_business_61_refused_without_partial_shipping) (reference='ЇЇЇЇЇЇЇЇЇЇЇЇЇЇЇЇЇЇЇЇЇЇЇЇЇЇЇЇЇЇЇЇЇЇЇЇЇЇЇЇЇЇЇЇЇЇЇЇЇЇЇЇЇЇЇЇЇЇЇЇ                                         ', adapter='/api/erp/preview/') ... FAIL
  test_raw_101_and_business_61_refused_without_partial_shipping (erp.test_shipping_reference_lengths.ShippingReferenceLengthTests.test_raw_101_and_business_61_refused_without_partial_shipping) (reference='ЇЇЇЇЇЇЇЇЇЇЇЇЇЇЇЇЇЇЇЇЇЇЇЇЇЇЇЇЇЇЇЇЇЇЇЇЇЇЇЇЇЇЇЇЇЇЇЇЇЇЇЇЇЇЇЇЇЇЇЇ                                         ', adapter='/api/operations/preview/') ... FAIL
  test_raw_101_and_business_61_refused_without_partial_shipping (erp.test_shipping_reference_lengths.ShippingReferenceLengthTests.test_raw_101_and_business_61_refused_without_partial_shipping) (reference='ЇЇЇЇЇЇЇЇЇЇЇЇЇЇЇЇЇЇЇЇЇЇЇЇЇЇЇЇЇЇЇЇЇЇЇЇЇЇЇЇЇЇЇЇЇЇЇЇЇЇЇЇЇЇЇЇЇЇЇЇ                                         ', adapter='confirm') ... FAIL
  test_raw_101_and_business_61_refused_without_partial_shipping (erp.test_shipping_reference_lengths.ShippingReferenceLengthTests.test_raw_101_and_business_61_refused_without_partial_shipping) (reference='                                         ЇЇЇЇЇЇЇЇЇЇЇЇЇЇЇЇЇЇЇЇЇЇЇЇЇЇЇЇЇЇЇЇЇЇЇЇЇЇЇЇЇЇЇЇЇЇЇЇЇЇЇЇЇЇЇЇЇЇЇЇ', adapter='dispatch') ... FAIL
  test_raw_101_and_business_61_refused_without_partial_shipping (erp.test_shipping_reference_lengths.ShippingReferenceLengthTests.test_raw_101_and_business_61_refused_without_partial_shipping) (reference='                                         ЇЇЇЇЇЇЇЇЇЇЇЇЇЇЇЇЇЇЇЇЇЇЇЇЇЇЇЇЇЇЇЇЇЇЇЇЇЇЇЇЇЇЇЇЇЇЇЇЇЇЇЇЇЇЇЇЇЇЇЇ', adapter='/api/erp/preview/') ... FAIL
  test_raw_101_and_business_61_refused_without_partial_shipping (erp.test_shipping_reference_lengths.ShippingReferenceLengthTests.test_raw_101_and_business_61_refused_without_partial_shipping) (reference='                                         ЇЇЇЇЇЇЇЇЇЇЇЇЇЇЇЇЇЇЇЇЇЇЇЇЇЇЇЇЇЇЇЇЇЇЇЇЇЇЇЇЇЇЇЇЇЇЇЇЇЇЇЇЇЇЇЇЇЇЇЇ', adapter='/api/operations/preview/') ... FAIL
  test_raw_101_and_business_61_refused_without_partial_shipping (erp.test_shipping_reference_lengths.ShippingReferenceLengthTests.test_raw_101_and_business_61_refused_without_partial_shipping) (reference='                                         ЇЇЇЇЇЇЇЇЇЇЇЇЇЇЇЇЇЇЇЇЇЇЇЇЇЇЇЇЇЇЇЇЇЇЇЇЇЇЇЇЇЇЇЇЇЇЇЇЇЇЇЇЇЇЇЇЇЇЇЇ', adapter='confirm') ... FAIL
  test_raw_101_and_business_61_refused_without_partial_shipping (erp.test_shipping_reference_lengths.ShippingReferenceLengthTests.test_raw_101_and_business_61_refused_without_partial_shipping) (reference='🙂🙂🙂🙂🙂🙂🙂🙂🙂🙂🙂🙂🙂🙂🙂🙂🙂🙂🙂🙂🙂🙂🙂🙂🙂🙂🙂🙂🙂🙂🙂🙂🙂🙂🙂🙂🙂🙂🙂🙂🙂🙂🙂🙂🙂🙂🙂🙂🙂🙂🙂🙂🙂🙂🙂🙂🙂🙂🙂🙂                                         ', adapter='dispatch') ... FAIL
  test_raw_101_and_business_61_refused_without_partial_shipping (erp.test_shipping_reference_lengths.ShippingReferenceLengthTests.test_raw_101_and_business_61_refused_without_partial_shipping) (reference='🙂🙂🙂🙂🙂🙂🙂🙂🙂🙂🙂🙂🙂🙂🙂🙂🙂🙂🙂🙂🙂🙂🙂🙂🙂🙂🙂🙂🙂🙂🙂🙂🙂🙂🙂🙂🙂🙂🙂🙂🙂🙂🙂🙂🙂🙂🙂🙂🙂🙂🙂🙂🙂🙂🙂🙂🙂🙂🙂🙂                                         ', adapter='/api/erp/preview/') ... FAIL
  test_raw_101_and_business_61_refused_without_partial_shipping (erp.test_shipping_reference_lengths.ShippingReferenceLengthTests.test_raw_101_and_business_61_refused_without_partial_shipping) (reference='🙂🙂🙂🙂🙂🙂🙂🙂🙂🙂🙂🙂🙂🙂🙂🙂🙂🙂🙂🙂🙂🙂🙂🙂🙂🙂🙂🙂🙂🙂🙂🙂🙂🙂🙂🙂🙂🙂🙂🙂🙂🙂🙂🙂🙂🙂🙂🙂🙂🙂🙂🙂🙂🙂🙂🙂🙂🙂🙂🙂                                         ', adapter='/api/operations/preview/') ... FAIL
  test_raw_101_and_business_61_refused_without_partial_shipping (erp.test_shipping_reference_lengths.ShippingReferenceLengthTests.test_raw_101_and_business_61_refused_without_partial_shipping) (reference='🙂🙂🙂🙂🙂🙂🙂🙂🙂🙂🙂🙂🙂🙂🙂🙂🙂🙂🙂🙂🙂🙂🙂🙂🙂🙂🙂🙂🙂🙂🙂🙂🙂🙂🙂🙂🙂🙂🙂🙂🙂🙂🙂🙂🙂🙂🙂🙂🙂🙂🙂🙂🙂🙂🙂🙂🙂🙂🙂🙂                                         ', adapter='confirm') ... FAIL
  test_raw_101_and_business_61_refused_without_partial_shipping (erp.test_shipping_reference_lengths.ShippingReferenceLengthTests.test_raw_101_and_business_61_refused_without_partial_shipping) (reference='                                         🙂🙂🙂🙂🙂🙂🙂🙂🙂🙂🙂🙂🙂🙂🙂🙂🙂🙂🙂🙂🙂🙂🙂🙂🙂🙂🙂🙂🙂🙂🙂🙂🙂🙂🙂🙂🙂🙂🙂🙂🙂🙂🙂🙂🙂🙂🙂🙂🙂🙂🙂🙂🙂🙂🙂🙂🙂🙂🙂🙂', adapter='dispatch') ... FAIL
  test_raw_101_and_business_61_refused_without_partial_shipping (erp.test_shipping_reference_lengths.ShippingReferenceLengthTests.test_raw_101_and_business_61_refused_without_partial_shipping) (reference='                                         🙂🙂🙂🙂🙂🙂🙂🙂🙂🙂🙂🙂🙂🙂🙂🙂🙂🙂🙂🙂🙂🙂🙂🙂🙂🙂🙂🙂🙂🙂🙂🙂🙂🙂🙂🙂🙂🙂🙂🙂🙂🙂🙂🙂🙂🙂🙂🙂🙂🙂🙂🙂🙂🙂🙂🙂🙂🙂🙂🙂', adapter='/api/erp/preview/') ... FAIL
  test_raw_101_and_business_61_refused_without_partial_shipping (erp.test_shipping_reference_lengths.ShippingReferenceLengthTests.test_raw_101_and_business_61_refused_without_partial_shipping) (reference='                                         🙂🙂🙂🙂🙂🙂🙂🙂🙂🙂🙂🙂🙂🙂🙂🙂🙂🙂🙂🙂🙂🙂🙂🙂🙂🙂🙂🙂🙂🙂🙂🙂🙂🙂🙂🙂🙂🙂🙂🙂🙂🙂🙂🙂🙂🙂🙂🙂🙂🙂🙂🙂🙂🙂🙂🙂🙂🙂🙂🙂', adapter='/api/operations/preview/') ... FAIL
  test_raw_101_and_business_61_refused_without_partial_shipping (erp.test_shipping_reference_lengths.ShippingReferenceLengthTests.test_raw_101_and_business_61_refused_without_partial_shipping) (reference='                                         🙂🙂🙂🙂🙂🙂🙂🙂🙂🙂🙂🙂🙂🙂🙂🙂🙂🙂🙂🙂🙂🙂🙂🙂🙂🙂🙂🙂🙂🙂🙂🙂🙂🙂🙂🙂🙂🙂🙂🙂🙂🙂🙂🙂🙂🙂🙂🙂🙂🙂🙂🙂🙂🙂🙂🙂🙂🙂🙂🙂', adapter='confirm') ... FAIL
test_valid_60_business_and_100_raw_reference_round_trip (erp.test_shipping_reference_lengths.ShippingReferenceLengthTests.test_valid_60_business_and_100_raw_reference_round_trip) ... ok

======================================================================
FAIL: test_raw_101_and_business_61_refused_without_partial_shipping (erp.test_shipping_reference_lengths.ShippingReferenceLengthTests.test_raw_101_and_business_61_refused_without_partial_shipping) (reference='AAAAAAAAAAAAAAAAAAAAAAAAAAAAAAAAAAAAAAAAAAAAAAAAAAAAAAAAAAAA                                         ', adapter='dispatch')
----------------------------------------------------------------------
Traceback (most recent call last):
  File "/workspace/scratch/4dbe5b4c73ee/execution/n1/ship-src/erp/test_shipping_reference_lengths.py", line 104, in test_raw_101_and_business_61_refused_without_partial_shipping
    self.assertEqual(after, before)
AssertionError: Tuples differ: ({'er[743 chars]'A', 3, 'approved', 2, 'EUR', '{}', 1, 1),), '[1909 chars]1}}]) != ({'er[743 chars]'A', 10, 'approved', 2, 'EUR', '{}', 1, 1),), [1297 chars]0}}])

First differing element 0:
{'erp[742 chars]'A', 3, 'approved', 2, 'EUR', '{}', 1, 1),), '[1849 chars]: ()}
{'erp[742 chars]'A', 10, 'approved', 2, 'EUR', '{}', 1, 1),), [1237 chars]: ()}

Diff is 6190 characters long. Set self.maxDiff to None to see it.

======================================================================
FAIL: test_raw_101_and_business_61_refused_without_partial_shipping (erp.test_shipping_reference_lengths.ShippingReferenceLengthTests.test_raw_101_and_business_61_refused_without_partial_shipping) (reference='AAAAAAAAAAAAAAAAAAAAAAAAAAAAAAAAAAAAAAAAAAAAAAAAAAAAAAAAAAAA                                         ', adapter='/api/erp/preview/')
----------------------------------------------------------------------
Traceback (most recent call last):
  File "/workspace/scratch/4dbe5b4c73ee/execution/n1/ship-src/erp/test_shipping_reference_lengths.py", line 104, in test_raw_101_and_business_61_refused_without_partial_shipping
    self.assertEqual(after, before)
AssertionError: Tuples differ: ({'er[1993 chars]l': (('f4ec33ab71684c44bd23486de4e0a278', '12o[492 chars]0}}]) != ({'er[1993 chars]l': (), 'finance.FinancialIntent': ()}, [{'id'[47 chars]0}}])

First differing element 0:
{'erp[1992 chars]l': (('f4ec33ab71684c44bd23486de4e0a278', '12o[432 chars]: ()}
{'erp[1992 chars]l': (), 'finance.FinancialIntent': ()}

Diff is 5365 characters long. Set self.maxDiff to None to see it.

======================================================================
FAIL: test_raw_101_and_business_61_refused_without_partial_shipping (erp.test_shipping_reference_lengths.ShippingReferenceLengthTests.test_raw_101_and_business_61_refused_without_partial_shipping) (reference='AAAAAAAAAAAAAAAAAAAAAAAAAAAAAAAAAAAAAAAAAAAAAAAAAAAAAAAAAAAA                                         ', adapter='/api/operations/preview/')
----------------------------------------------------------------------
Traceback (most recent call last):
  File "/workspace/scratch/4dbe5b4c73ee/execution/n1/ship-src/erp/test_shipping_reference_lengths.py", line 104, in test_raw_101_and_business_61_refused_without_partial_shipping
    self.assertEqual(after, before)
AssertionError: Tuples differ: ({'er[1993 chars]l': (('1e6caf965a404d6ba0fdf858a836ca59', '12o[492 chars]1}}]) != ({'er[1993 chars]l': (), 'finance.FinancialIntent': ()}, [{'id'[47 chars]0}}])

First differing element 0:
{'erp[1992 chars]l': (('1e6caf965a404d6ba0fdf858a836ca59', '12o[432 chars]: ()}
{'erp[1992 chars]l': (), 'finance.FinancialIntent': ()}

Diff is 5545 characters long. Set self.maxDiff to None to see it.

======================================================================
FAIL: test_raw_101_and_business_61_refused_without_partial_shipping (erp.test_shipping_reference_lengths.ShippingReferenceLengthTests.test_raw_101_and_business_61_refused_without_partial_shipping) (reference='AAAAAAAAAAAAAAAAAAAAAAAAAAAAAAAAAAAAAAAAAAAAAAAAAAAAAAAAAAAA                                         ', adapter='confirm')
----------------------------------------------------------------------
Traceback (most recent call last):
  File "/workspace/scratch/4dbe5b4c73ee/execution/n1/ship-src/erp/test_shipping_reference_lengths.py", line 104, in test_raw_101_and_business_61_refused_without_partial_shipping
    self.assertEqual(after, before)
AssertionError: Tuples differ: ({'er[743 chars]'A', 3, 'approved', 2, 'EUR', '{}', 1, 1),), '[5224 chars]2}}]) != ({'er[743 chars]'A', 10, 'approved', 2, 'EUR', '{}', 1, 1),), [1742 chars]0}}])

First differing element 0:
{'erp[742 chars]'A', 3, 'approved', 2, 'EUR', '{}', 1, 1),), '[5164 chars]: ()}
{'erp[742 chars]'A', 10, 'approved', 2, 'EUR', '{}', 1, 1),), [1682 chars]: ()}

Diff is 11850 characters long. Set self.maxDiff to None to see it.

======================================================================
FAIL: test_raw_101_and_business_61_refused_without_partial_shipping (erp.test_shipping_reference_lengths.ShippingReferenceLengthTests.test_raw_101_and_business_61_refused_without_partial_shipping) (reference='                                         AAAAAAAAAAAAAAAAAAAAAAAAAAAAAAAAAAAAAAAAAAAAAAAAAAAAAAAAAAAA', adapter='dispatch')
----------------------------------------------------------------------
Traceback (most recent call last):
  File "/workspace/scratch/4dbe5b4c73ee/execution/n1/ship-src/erp/test_shipping_reference_lengths.py", line 104, in test_raw_101_and_business_61_refused_without_partial_shipping
    self.assertEqual(after, before)
AssertionError: Tuples differ: ({'er[743 chars]'A', 3, 'approved', 2, 'EUR', '{}', 1, 1),), '[1909 chars]1}}]) != ({'er[743 chars]'A', 10, 'approved', 2, 'EUR', '{}', 1, 1),), [1297 chars]0}}])

First differing element 0:
{'erp[742 chars]'A', 3, 'approved', 2, 'EUR', '{}', 1, 1),), '[1849 chars]: ()}
{'erp[742 chars]'A', 10, 'approved', 2, 'EUR', '{}', 1, 1),), [1237 chars]: ()}

Diff is 6215 characters long. Set self.maxDiff to None to see it.

======================================================================
FAIL: test_raw_101_and_business_61_refused_without_partial_shipping (erp.test_shipping_reference_lengths.ShippingReferenceLengthTests.test_raw_101_and_business_61_refused_without_partial_shipping) (reference='                                         AAAAAAAAAAAAAAAAAAAAAAAAAAAAAAAAAAAAAAAAAAAAAAAAAAAAAAAAAAAA', adapter='/api/erp/preview/')
----------------------------------------------------------------------
Traceback (most recent call last):
  File "/workspace/scratch/4dbe5b4c73ee/execution/n1/ship-src/erp/test_shipping_reference_lengths.py", line 104, in test_raw_101_and_business_61_refused_without_partial_shipping
    self.assertEqual(after, before)
AssertionError: Tuples differ: ({'er[1993 chars]l': (('ea22d46621654bd1b3aeb4ef5cf0dd81', '12o[490 chars]0}}]) != ({'er[1993 chars]l': (), 'finance.FinancialIntent': ()}, [{'id'[47 chars]0}}])

First differing element 0:
{'erp[1992 chars]l': (('ea22d46621654bd1b3aeb4ef5cf0dd81', '12o[430 chars]: ()}
{'erp[1992 chars]l': (), 'finance.FinancialIntent': ()}

Diff is 5363 characters long. Set self.maxDiff to None to see it.

======================================================================
FAIL: test_raw_101_and_business_61_refused_without_partial_shipping (erp.test_shipping_reference_lengths.ShippingReferenceLengthTests.test_raw_101_and_business_61_refused_without_partial_shipping) (reference='                                         AAAAAAAAAAAAAAAAAAAAAAAAAAAAAAAAAAAAAAAAAAAAAAAAAAAAAAAAAAAA', adapter='/api/operations/preview/')
----------------------------------------------------------------------
Traceback (most recent call last):
  File "/workspace/scratch/4dbe5b4c73ee/execution/n1/ship-src/erp/test_shipping_reference_lengths.py", line 104, in test_raw_101_and_business_61_refused_without_partial_shipping
    self.assertEqual(after, before)
AssertionError: Tuples differ: ({'er[1992 chars]l': (('f4b18fe8dc26448b96202a135aa5ffb5', '12o[490 chars]1}}]) != ({'er[1992 chars]l': (), 'finance.FinancialIntent': ()}, [{'id'[47 chars]0}}])

First differing element 0:
{'erp[1991 chars]l': (('f4b18fe8dc26448b96202a135aa5ffb5', '12o[430 chars]: ()}
{'erp[1991 chars]l': (), 'finance.FinancialIntent': ()}

Diff is 5542 characters long. Set self.maxDiff to None to see it.

======================================================================
FAIL: test_raw_101_and_business_61_refused_without_partial_shipping (erp.test_shipping_reference_lengths.ShippingReferenceLengthTests.test_raw_101_and_business_61_refused_without_partial_shipping) (reference='                                         AAAAAAAAAAAAAAAAAAAAAAAAAAAAAAAAAAAAAAAAAAAAAAAAAAAAAAAAAAAA', adapter='confirm')
----------------------------------------------------------------------
Traceback (most recent call last):
  File "/workspace/scratch/4dbe5b4c73ee/execution/n1/ship-src/erp/test_shipping_reference_lengths.py", line 104, in test_raw_101_and_business_61_refused_without_partial_shipping
    self.assertEqual(after, before)
AssertionError: Tuples differ: ({'er[743 chars]'A', 3, 'approved', 2, 'EUR', '{}', 1, 1),), '[5221 chars]2}}]) != ({'er[743 chars]'A', 10, 'approved', 2, 'EUR', '{}', 1, 1),), [1739 chars]0}}])

First differing element 0:
{'erp[742 chars]'A', 3, 'approved', 2, 'EUR', '{}', 1, 1),), '[5161 chars]: ()}
{'erp[742 chars]'A', 10, 'approved', 2, 'EUR', '{}', 1, 1),), [1679 chars]: ()}

Diff is 11932 characters long. Set self.maxDiff to None to see it.

======================================================================
FAIL: test_raw_101_and_business_61_refused_without_partial_shipping (erp.test_shipping_reference_lengths.ShippingReferenceLengthTests.test_raw_101_and_business_61_refused_without_partial_shipping) (reference='ЇЇЇЇЇЇЇЇЇЇЇЇЇЇЇЇЇЇЇЇЇЇЇЇЇЇЇЇЇЇЇЇЇЇЇЇЇЇЇЇЇЇЇЇЇЇЇЇЇЇЇЇЇЇЇЇЇЇЇЇ                                         ', adapter='dispatch')
----------------------------------------------------------------------
Traceback (most recent call last):
  File "/workspace/scratch/4dbe5b4c73ee/execution/n1/ship-src/erp/test_shipping_reference_lengths.py", line 104, in test_raw_101_and_business_61_refused_without_partial_shipping
    self.assertEqual(after, before)
AssertionError: Tuples differ: ({'er[743 chars]'A', 3, 'approved', 2, 'EUR', '{}', 1, 1),), '[2629 chars]1}}]) != ({'er[743 chars]'A', 10, 'approved', 2, 'EUR', '{}', 1, 1),), [1297 chars]0}}])

First differing element 0:
{'erp[742 chars]'A', 3, 'approved', 2, 'EUR', '{}', 1, 1),), '[2569 chars]: ()}
{'erp[742 chars]'A', 10, 'approved', 2, 'EUR', '{}', 1, 1),), [1237 chars]: ()}

Diff is 6910 characters long. Set self.maxDiff to None to see it.

======================================================================
FAIL: test_raw_101_and_business_61_refused_without_partial_shipping (erp.test_shipping_reference_lengths.ShippingReferenceLengthTests.test_raw_101_and_business_61_refused_without_partial_shipping) (reference='ЇЇЇЇЇЇЇЇЇЇЇЇЇЇЇЇЇЇЇЇЇЇЇЇЇЇЇЇЇЇЇЇЇЇЇЇЇЇЇЇЇЇЇЇЇЇЇЇЇЇЇЇЇЇЇЇЇЇЇЇ                                         ', adapter='/api/erp/preview/')
----------------------------------------------------------------------
Traceback (most recent call last):
  File "/workspace/scratch/4dbe5b4c73ee/execution/n1/ship-src/erp/test_shipping_reference_lengths.py", line 104, in test_raw_101_and_business_61_refused_without_partial_shipping
    self.assertEqual(after, before)
AssertionError: Tuples differ: ({'er[1993 chars]l': (('ea42885982684d4d981444f1393ca968', '12o[852 chars]0}}]) != ({'er[1993 chars]l': (), 'finance.FinancialIntent': ()}, [{'id'[47 chars]0}}])

First differing element 0:
{'erp[1992 chars]l': (('ea42885982684d4d981444f1393ca968', '12o[792 chars]: ()}
{'erp[1992 chars]l': (), 'finance.FinancialIntent': ()}

Diff is 5725 characters long. Set self.maxDiff to None to see it.

======================================================================
FAIL: test_raw_101_and_business_61_refused_without_partial_shipping (erp.test_shipping_reference_lengths.ShippingReferenceLengthTests.test_raw_101_and_business_61_refused_without_partial_shipping) (reference='ЇЇЇЇЇЇЇЇЇЇЇЇЇЇЇЇЇЇЇЇЇЇЇЇЇЇЇЇЇЇЇЇЇЇЇЇЇЇЇЇЇЇЇЇЇЇЇЇЇЇЇЇЇЇЇЇЇЇЇЇ                                         ', adapter='/api/operations/preview/')
----------------------------------------------------------------------
Traceback (most recent call last):
  File "/workspace/scratch/4dbe5b4c73ee/execution/n1/ship-src/erp/test_shipping_reference_lengths.py", line 104, in test_raw_101_and_business_61_refused_without_partial_shipping
    self.assertEqual(after, before)
AssertionError: Tuples differ: ({'er[1993 chars]l': (('060eccb1513b4f0ba91f0ab78f51f4fa', '12o[852 chars]1}}]) != ({'er[1993 chars]l': (), 'finance.FinancialIntent': ()}, [{'id'[47 chars]0}}])

First differing element 0:
{'erp[1992 chars]l': (('060eccb1513b4f0ba91f0ab78f51f4fa', '12o[792 chars]: ()}
{'erp[1992 chars]l': (), 'finance.FinancialIntent': ()}

Diff is 5905 characters long. Set self.maxDiff to None to see it.

======================================================================
FAIL: test_raw_101_and_business_61_refused_without_partial_shipping (erp.test_shipping_reference_lengths.ShippingReferenceLengthTests.test_raw_101_and_business_61_refused_without_partial_shipping) (reference='ЇЇЇЇЇЇЇЇЇЇЇЇЇЇЇЇЇЇЇЇЇЇЇЇЇЇЇЇЇЇЇЇЇЇЇЇЇЇЇЇЇЇЇЇЇЇЇЇЇЇЇЇЇЇЇЇЇЇЇЇ                                         ', adapter='confirm')
----------------------------------------------------------------------
Traceback (most recent call last):
  File "/workspace/scratch/4dbe5b4c73ee/execution/n1/ship-src/erp/test_shipping_reference_lengths.py", line 104, in test_raw_101_and_business_61_refused_without_partial_shipping
    self.assertEqual(after, before)
AssertionError: Tuples differ: ({'er[743 chars]'A', 3, 'approved', 2, 'EUR', '{}', 1, 1),), '[6664 chars]2}}]) != ({'er[743 chars]'A', 10, 'approved', 2, 'EUR', '{}', 1, 1),), [2102 chars]0}}])

First differing element 0:
{'erp[742 chars]'A', 3, 'approved', 2, 'EUR', '{}', 1, 1),), '[6604 chars]: ()}
{'erp[742 chars]'A', 10, 'approved', 2, 'EUR', '{}', 1, 1),), [2042 chars]: ()}

Diff is 13290 characters long. Set self.maxDiff to None to see it.

======================================================================
FAIL: test_raw_101_and_business_61_refused_without_partial_shipping (erp.test_shipping_reference_lengths.ShippingReferenceLengthTests.test_raw_101_and_business_61_refused_without_partial_shipping) (reference='                                         ЇЇЇЇЇЇЇЇЇЇЇЇЇЇЇЇЇЇЇЇЇЇЇЇЇЇЇЇЇЇЇЇЇЇЇЇЇЇЇЇЇЇЇЇЇЇЇЇЇЇЇЇЇЇЇЇЇЇЇЇ', adapter='dispatch')
----------------------------------------------------------------------
Traceback (most recent call last):
  File "/workspace/scratch/4dbe5b4c73ee/execution/n1/ship-src/erp/test_shipping_reference_lengths.py", line 104, in test_raw_101_and_business_61_refused_without_partial_shipping
    self.assertEqual(after, before)
AssertionError: Tuples differ: ({'er[743 chars]'A', 3, 'approved', 2, 'EUR', '{}', 1, 1),), '[2629 chars]1}}]) != ({'er[743 chars]'A', 10, 'approved', 2, 'EUR', '{}', 1, 1),), [1297 chars]0}}])

First differing element 0:
{'erp[742 chars]'A', 3, 'approved', 2, 'EUR', '{}', 1, 1),), '[2569 chars]: ()}
{'erp[742 chars]'A', 10, 'approved', 2, 'EUR', '{}', 1, 1),), [1237 chars]: ()}

Diff is 6935 characters long. Set self.maxDiff to None to see it.

======================================================================
FAIL: test_raw_101_and_business_61_refused_without_partial_shipping (erp.test_shipping_reference_lengths.ShippingReferenceLengthTests.test_raw_101_and_business_61_refused_without_partial_shipping) (reference='                                         ЇЇЇЇЇЇЇЇЇЇЇЇЇЇЇЇЇЇЇЇЇЇЇЇЇЇЇЇЇЇЇЇЇЇЇЇЇЇЇЇЇЇЇЇЇЇЇЇЇЇЇЇЇЇЇЇЇЇЇЇ', adapter='/api/erp/preview/')
----------------------------------------------------------------------
Traceback (most recent call last):
  File "/workspace/scratch/4dbe5b4c73ee/execution/n1/ship-src/erp/test_shipping_reference_lengths.py", line 104, in test_raw_101_and_business_61_refused_without_partial_shipping
    self.assertEqual(after, before)
AssertionError: Tuples differ: ({'er[1993 chars]l': (('5fef26a405b74934b9f410bc99ba83dd', '12o[852 chars]0}}]) != ({'er[1993 chars]l': (), 'finance.FinancialIntent': ()}, [{'id'[47 chars]0}}])

First differing element 0:
{'erp[1992 chars]l': (('5fef26a405b74934b9f410bc99ba83dd', '12o[792 chars]: ()}
{'erp[1992 chars]l': (), 'finance.FinancialIntent': ()}

Diff is 5725 characters long. Set self.maxDiff to None to see it.

======================================================================
FAIL: test_raw_101_and_business_61_refused_without_partial_shipping (erp.test_shipping_reference_lengths.ShippingReferenceLengthTests.test_raw_101_and_business_61_refused_without_partial_shipping) (reference='                                         ЇЇЇЇЇЇЇЇЇЇЇЇЇЇЇЇЇЇЇЇЇЇЇЇЇЇЇЇЇЇЇЇЇЇЇЇЇЇЇЇЇЇЇЇЇЇЇЇЇЇЇЇЇЇЇЇЇЇЇЇ', adapter='/api/operations/preview/')
----------------------------------------------------------------------
Traceback (most recent call last):
  File "/workspace/scratch/4dbe5b4c73ee/execution/n1/ship-src/erp/test_shipping_reference_lengths.py", line 104, in test_raw_101_and_business_61_refused_without_partial_shipping
    self.assertEqual(after, before)
AssertionError: Tuples differ: ({'er[1993 chars]l': (('06db892015314fa5ae4438953b37d9d1', '12o[852 chars]1}}]) != ({'er[1993 chars]l': (), 'finance.FinancialIntent': ()}, [{'id'[47 chars]0}}])

First differing element 0:
{'erp[1992 chars]l': (('06db892015314fa5ae4438953b37d9d1', '12o[792 chars]: ()}
{'erp[1992 chars]l': (), 'finance.FinancialIntent': ()}

Diff is 5905 characters long. Set self.maxDiff to None to see it.

======================================================================
FAIL: test_raw_101_and_business_61_refused_without_partial_shipping (erp.test_shipping_reference_lengths.ShippingReferenceLengthTests.test_raw_101_and_business_61_refused_without_partial_shipping) (reference='                                         ЇЇЇЇЇЇЇЇЇЇЇЇЇЇЇЇЇЇЇЇЇЇЇЇЇЇЇЇЇЇЇЇЇЇЇЇЇЇЇЇЇЇЇЇЇЇЇЇЇЇЇЇЇЇЇЇЇЇЇЇ', adapter='confirm')
----------------------------------------------------------------------
Traceback (most recent call last):
  File "/workspace/scratch/4dbe5b4c73ee/execution/n1/ship-src/erp/test_shipping_reference_lengths.py", line 104, in test_raw_101_and_business_61_refused_without_partial_shipping
    self.assertEqual(after, before)
AssertionError: Tuples differ: ({'er[743 chars]'A', 3, 'approved', 2, 'EUR', '{}', 1, 1),), '[6664 chars]2}}]) != ({'er[743 chars]'A', 10, 'approved', 2, 'EUR', '{}', 1, 1),), [2102 chars]0}}])

First differing element 0:
{'erp[742 chars]'A', 3, 'approved', 2, 'EUR', '{}', 1, 1),), '[6604 chars]: ()}
{'erp[742 chars]'A', 10, 'approved', 2, 'EUR', '{}', 1, 1),), [2042 chars]: ()}

Diff is 13375 characters long. Set self.maxDiff to None to see it.

======================================================================
FAIL: test_raw_101_and_business_61_refused_without_partial_shipping (erp.test_shipping_reference_lengths.ShippingReferenceLengthTests.test_raw_101_and_business_61_refused_without_partial_shipping) (reference='🙂🙂🙂🙂🙂🙂🙂🙂🙂🙂🙂🙂🙂🙂🙂🙂🙂🙂🙂🙂🙂🙂🙂🙂🙂🙂🙂🙂🙂🙂🙂🙂🙂🙂🙂🙂🙂🙂🙂🙂🙂🙂🙂🙂🙂🙂🙂🙂🙂🙂🙂🙂🙂🙂🙂🙂🙂🙂🙂🙂                                         ', adapter='dispatch')
----------------------------------------------------------------------
Traceback (most recent call last):
  File "/workspace/scratch/4dbe5b4c73ee/execution/n1/ship-src/erp/test_shipping_reference_lengths.py", line 104, in test_raw_101_and_business_61_refused_without_partial_shipping
    self.assertEqual(after, before)
AssertionError: Tuples differ: ({'er[743 chars]'A', 3, 'approved', 2, 'EUR', '{}', 1, 1),), '[3466 chars]1}}]) != ({'er[743 chars]'A', 10, 'approved', 2, 'EUR', '{}', 1, 1),), [1296 chars]0}}])

First differing element 0:
{'erp[742 chars]'A', 3, 'approved', 2, 'EUR', '{}', 1, 1),), '[3406 chars]: ()}
{'erp[742 chars]'A', 10, 'approved', 2, 'EUR', '{}', 1, 1),), [1236 chars]: ()}

Diff is 7747 characters long. Set self.maxDiff to None to see it.

======================================================================
FAIL: test_raw_101_and_business_61_refused_without_partial_shipping (erp.test_shipping_reference_lengths.ShippingReferenceLengthTests.test_raw_101_and_business_61_refused_without_partial_shipping) (reference='🙂🙂🙂🙂🙂🙂🙂🙂🙂🙂🙂🙂🙂🙂🙂🙂🙂🙂🙂🙂🙂🙂🙂🙂🙂🙂🙂🙂🙂🙂🙂🙂🙂🙂🙂🙂🙂🙂🙂🙂🙂🙂🙂🙂🙂🙂🙂🙂🙂🙂🙂🙂🙂🙂🙂🙂🙂🙂🙂🙂                                         ', adapter='/api/erp/preview/')
----------------------------------------------------------------------
Traceback (most recent call last):
  File "/workspace/scratch/4dbe5b4c73ee/execution/n1/ship-src/erp/test_shipping_reference_lengths.py", line 104, in test_raw_101_and_business_61_refused_without_partial_shipping
    self.assertEqual(after, before)
AssertionError: Tuples differ: ({'er[1992 chars]l': (('8bceb9e4f2c449db8059efb5bdeffdd3', '12o[1272 chars]0}}]) != ({'er[1992 chars]l': (), 'finance.FinancialIntent': ()}, [{'id'[47 chars]0}}])

First differing element 0:
{'erp[1991 chars]l': (('8bceb9e4f2c449db8059efb5bdeffdd3', '12o[1212 chars]: ()}
{'erp[1991 chars]l': (), 'finance.FinancialIntent': ()}

Diff is 6144 characters long. Set self.maxDiff to None to see it.

======================================================================
FAIL: test_raw_101_and_business_61_refused_without_partial_shipping (erp.test_shipping_reference_lengths.ShippingReferenceLengthTests.test_raw_101_and_business_61_refused_without_partial_shipping) (reference='🙂🙂🙂🙂🙂🙂🙂🙂🙂🙂🙂🙂🙂🙂🙂🙂🙂🙂🙂🙂🙂🙂🙂🙂🙂🙂🙂🙂🙂🙂🙂🙂🙂🙂🙂🙂🙂🙂🙂🙂🙂🙂🙂🙂🙂🙂🙂🙂🙂🙂🙂🙂🙂🙂🙂🙂🙂🙂🙂🙂                                         ', adapter='/api/operations/preview/')
----------------------------------------------------------------------
Traceback (most recent call last):
  File "/workspace/scratch/4dbe5b4c73ee/execution/n1/ship-src/erp/test_shipping_reference_lengths.py", line 104, in test_raw_101_and_business_61_refused_without_partial_shipping
    self.assertEqual(after, before)
AssertionError: Tuples differ: ({'er[1993 chars]l': (('e9a8564d7e4348a29c23e1e669400bf9', '12o[1272 chars]1}}]) != ({'er[1993 chars]l': (), 'finance.FinancialIntent': ()}, [{'id'[47 chars]0}}])

First differing element 0:
{'erp[1992 chars]l': (('e9a8564d7e4348a29c23e1e669400bf9', '12o[1212 chars]: ()}
{'erp[1992 chars]l': (), 'finance.FinancialIntent': ()}

Diff is 6325 characters long. Set self.maxDiff to None to see it.

======================================================================
FAIL: test_raw_101_and_business_61_refused_without_partial_shipping (erp.test_shipping_reference_lengths.ShippingReferenceLengthTests.test_raw_101_and_business_61_refused_without_partial_shipping) (reference='🙂🙂🙂🙂🙂🙂🙂🙂🙂🙂🙂🙂🙂🙂🙂🙂🙂🙂🙂🙂🙂🙂🙂🙂🙂🙂🙂🙂🙂🙂🙂🙂🙂🙂🙂🙂🙂🙂🙂🙂🙂🙂🙂🙂🙂🙂🙂🙂🙂🙂🙂🙂🙂🙂🙂🙂🙂🙂🙂🙂                                         ', adapter='confirm')
----------------------------------------------------------------------
Traceback (most recent call last):
  File "/workspace/scratch/4dbe5b4c73ee/execution/n1/ship-src/erp/test_shipping_reference_lengths.py", line 104, in test_raw_101_and_business_61_refused_without_partial_shipping
    self.assertEqual(after, before)
AssertionError: Tuples differ: ({'er[743 chars]'A', 3, 'approved', 2, 'EUR', '{}', 1, 1),), '[8344 chars]2}}]) != ({'er[743 chars]'A', 10, 'approved', 2, 'EUR', '{}', 1, 1),), [2522 chars]0}}])

First differing element 0:
{'erp[742 chars]'A', 3, 'approved', 2, 'EUR', '{}', 1, 1),), '[8284 chars]: ()}
{'erp[742 chars]'A', 10, 'approved', 2, 'EUR', '{}', 1, 1),), [2462 chars]: ()}

Diff is 14970 characters long. Set self.maxDiff to None to see it.

======================================================================
FAIL: test_raw_101_and_business_61_refused_without_partial_shipping (erp.test_shipping_reference_lengths.ShippingReferenceLengthTests.test_raw_101_and_business_61_refused_without_partial_shipping) (reference='                                         🙂🙂🙂🙂🙂🙂🙂🙂🙂🙂🙂🙂🙂🙂🙂🙂🙂🙂🙂🙂🙂🙂🙂🙂🙂🙂🙂🙂🙂🙂🙂🙂🙂🙂🙂🙂🙂🙂🙂🙂🙂🙂🙂🙂🙂🙂🙂🙂🙂🙂🙂🙂🙂🙂🙂🙂🙂🙂🙂🙂', adapter='dispatch')
----------------------------------------------------------------------
Traceback (most recent call last):
  File "/workspace/scratch/4dbe5b4c73ee/execution/n1/ship-src/erp/test_shipping_reference_lengths.py", line 104, in test_raw_101_and_business_61_refused_without_partial_shipping
    self.assertEqual(after, before)
AssertionError: Tuples differ: ({'er[743 chars]'A', 3, 'approved', 2, 'EUR', '{}', 1, 1),), '[3469 chars]1}}]) != ({'er[743 chars]'A', 10, 'approved', 2, 'EUR', '{}', 1, 1),), [1297 chars]0}}])

First differing element 0:
{'erp[742 chars]'A', 3, 'approved', 2, 'EUR', '{}', 1, 1),), '[3409 chars]: ()}
{'erp[742 chars]'A', 10, 'approved', 2, 'EUR', '{}', 1, 1),), [1237 chars]: ()}

Diff is 7775 characters long. Set self.maxDiff to None to see it.

======================================================================
FAIL: test_raw_101_and_business_61_refused_without_partial_shipping (erp.test_shipping_reference_lengths.ShippingReferenceLengthTests.test_raw_101_and_business_61_refused_without_partial_shipping) (reference='                                         🙂🙂🙂🙂🙂🙂🙂🙂🙂🙂🙂🙂🙂🙂🙂🙂🙂🙂🙂🙂🙂🙂🙂🙂🙂🙂🙂🙂🙂🙂🙂🙂🙂🙂🙂🙂🙂🙂🙂🙂🙂🙂🙂🙂🙂🙂🙂🙂🙂🙂🙂🙂🙂🙂🙂🙂🙂🙂🙂🙂', adapter='/api/erp/preview/')
----------------------------------------------------------------------
Traceback (most recent call last):
  File "/workspace/scratch/4dbe5b4c73ee/execution/n1/ship-src/erp/test_shipping_reference_lengths.py", line 104, in test_raw_101_and_business_61_refused_without_partial_shipping
    self.assertEqual(after, before)
AssertionError: Tuples differ: ({'er[1993 chars]l': (('f9b4e281188c403bb4f1ac4a5aa8fdd7', '12o[1272 chars]0}}]) != ({'er[1993 chars]l': (), 'finance.FinancialIntent': ()}, [{'id'[47 chars]0}}])

First differing element 0:
{'erp[1992 chars]l': (('f9b4e281188c403bb4f1ac4a5aa8fdd7', '12o[1212 chars]: ()}
{'erp[1992 chars]l': (), 'finance.FinancialIntent': ()}

Diff is 6145 characters long. Set self.maxDiff to None to see it.

======================================================================
FAIL: test_raw_101_and_business_61_refused_without_partial_shipping (erp.test_shipping_reference_lengths.ShippingReferenceLengthTests.test_raw_101_and_business_61_refused_without_partial_shipping) (reference='                                         🙂🙂🙂🙂🙂🙂🙂🙂🙂🙂🙂🙂🙂🙂🙂🙂🙂🙂🙂🙂🙂🙂🙂🙂🙂🙂🙂🙂🙂🙂🙂🙂🙂🙂🙂🙂🙂🙂🙂🙂🙂🙂🙂🙂🙂🙂🙂🙂🙂🙂🙂🙂🙂🙂🙂🙂🙂🙂🙂🙂', adapter='/api/operations/preview/')
----------------------------------------------------------------------
Traceback (most recent call last):
  File "/workspace/scratch/4dbe5b4c73ee/execution/n1/ship-src/erp/test_shipping_reference_lengths.py", line 104, in test_raw_101_and_business_61_refused_without_partial_shipping
    self.assertEqual(after, before)
AssertionError: Tuples differ: ({'er[1993 chars]l': (('d4d40ff950f54450bad66353701d3a0e', '12o[1272 chars]1}}]) != ({'er[1993 chars]l': (), 'finance.FinancialIntent': ()}, [{'id'[47 chars]0}}])

First differing element 0:
{'erp[1992 chars]l': (('d4d40ff950f54450bad66353701d3a0e', '12o[1212 chars]: ()}
{'erp[1992 chars]l': (), 'finance.FinancialIntent': ()}

Diff is 6325 characters long. Set self.maxDiff to None to see it.

======================================================================
FAIL: test_raw_101_and_business_61_refused_without_partial_shipping (erp.test_shipping_reference_lengths.ShippingReferenceLengthTests.test_raw_101_and_business_61_refused_without_partial_shipping) (reference='                                         🙂🙂🙂🙂🙂🙂🙂🙂🙂🙂🙂🙂🙂🙂🙂🙂🙂🙂🙂🙂🙂🙂🙂🙂🙂🙂🙂🙂🙂🙂🙂🙂🙂🙂🙂🙂🙂🙂🙂🙂🙂🙂🙂🙂🙂🙂🙂🙂🙂🙂🙂🙂🙂🙂🙂🙂🙂🙂🙂🙂', adapter='confirm')
----------------------------------------------------------------------
Traceback (most recent call last):
  File "/workspace/scratch/4dbe5b4c73ee/execution/n1/ship-src/erp/test_shipping_reference_lengths.py", line 104, in test_raw_101_and_business_61_refused_without_partial_shipping
    self.assertEqual(after, before)
AssertionError: Tuples differ: ({'er[743 chars]'A', 3, 'approved', 2, 'EUR', '{}', 1, 1),), '[8344 chars]2}}]) != ({'er[743 chars]'A', 10, 'approved', 2, 'EUR', '{}', 1, 1),), [2522 chars]0}}])

First differing element 0:
{'erp[742 chars]'A', 3, 'approved', 2, 'EUR', '{}', 1, 1),), '[8284 chars]: ()}
{'erp[742 chars]'A', 10, 'approved', 2, 'EUR', '{}', 1, 1),), [2462 chars]: ()}

Diff is 15055 characters long. Set self.maxDiff to None to see it.

----------------------------------------------------------------------
Ran 2 tests in 21.644s

FAILED (failures=24)
Destroying test database for alias 'default' ('/workspace/scratch/4dbe5b4c73ee/execution/n1/check_ship_red.sqlite3_django_test')...
 OK
System check identified no issues (0 silenced).
