Found 39 test(s).
Operations to perform:
  Synchronize unmigrated apps: django_filters, messages, rest_framework, staticfiles
  Apply all migrations: admin, ai_assistant, auth, branches, contenttypes, employees, erp, finance, operations, sessions, tasks
Synchronizing apps without migrations:
  Creating tables...
    Running deferred SQL...
Running migrations:
  Applying contenttypes.0001_initial... OK
  Applying auth.0001_initial... OK
  Applying admin.0001_initial... OK
  Applying admin.0002_logentry_remove_auto_add... OK
  Applying admin.0003_logentry_add_action_flag_choices... OK
  Applying ai_assistant.0001_initial... OK
  Applying ai_assistant.0002_taskchangelog... OK
  Applying ai_assistant.0003_claudeusagelog... OK
  Applying ai_assistant.0004_employeechangelog... OK
  Applying ai_assistant.0005_chatfile... OK
  Applying ai_assistant.0006_alter_chatmessage_created_at_and_more... OK
  Applying ai_assistant.0007_employeechangelog_undone_at... OK
  Applying ai_assistant.0008_chatmessage_archived_at_chatmessage_user_and_more... OK
  Applying ai_assistant.0009_private_documents... OK
  Applying contenttypes.0002_remove_content_type_name... OK
  Applying auth.0002_alter_permission_name_max_length... OK
  Applying auth.0003_alter_user_email_max_length... OK
  Applying auth.0004_alter_user_username_opts... OK
  Applying auth.0005_alter_user_last_login_null... OK
  Applying auth.0006_require_contenttypes_0002... OK
  Applying auth.0007_alter_validators_add_error_messages... OK
  Applying auth.0008_alter_user_username_max_length... OK
  Applying auth.0009_alter_user_last_name_max_length... OK
  Applying auth.0010_alter_group_name_max_length... OK
  Applying auth.0011_update_proxy_permissions... OK
  Applying auth.0012_alter_user_first_name_max_length... OK
  Applying branches.0001_initial... OK
  Applying branches.0002_branch_short_name... OK
  Applying branches.0003_fill_short_names... OK
  Applying employees.0001_initial... OK
  Applying employees.0002_alter_employee_department... OK
  Applying employees.0003_employee_branch... OK
  Applying employees.0004_employee_archived_at... OK
  Applying employees.0005_employee_user... OK
  Applying tasks.0001_initial... OK
  Applying tasks.0002_alter_task_priority... OK
  Applying tasks.0003_alter_task_deadline_alter_task_priority_and_more... OK
  Applying tasks.0004_task_branch... OK
  Applying finance.0001_initial... OK
  Applying finance.0002_alter_salary_unique_together_alter_contract_status_and_more... OK
  Applying finance.0003_transaction_branch... OK
  Applying operations.0001_initial... OK
  Applying operations.0002_actionproposal_user... OK
  Applying operations.0003_loginattempt... OK
  Applying operations.0004_alter_document_options_document_access_level... OK
  Applying operations.0005_invoice_boundaries... OK
  Applying operations.0006_private_documents... OK
  Applying finance.0004_salary_archived_at_transaction_archived_at_and_more... OK
  Applying finance.0005_alter_transaction_branch_alter_transaction_contract_and_more... OK
  Applying finance.0006_financialintent... OK
  Applying finance.0007_money_boundaries... OK
  Applying erp.0001_initial... OK
  Applying erp.0002_row_boundaries... OK
  Applying erp.0003_purchase_source... OK
  Applying erp.0004_initial_import_ledger... OK
  Applying erp.0005_source_corrections... OK
  Applying finance.0008_statement_ledgers... OK
  Applying operations.0007_actionproposal_dependency_context... OK
  Applying sessions.0001_initial... OK
  Applying tasks.0005_controlled_tasks... OK
System check identified no issues (0 silenced).
ORDER_TRACE_ROLE_METRIC {"role": "ceo", "sql_count": 74, "elapsed_seconds": 0.038246, "backend": "sqlite", "scope": "small fixture only"}
ORDER_TRACE_ROLE_METRIC {"role": "manager", "sql_count": 124, "elapsed_seconds": 0.061069, "backend": "sqlite", "scope": "small fixture only"}
ORDER_TRACE_ROLE_METRIC {"role": "observer", "sql_count": 124, "elapsed_seconds": 0.057453, "backend": "sqlite", "scope": "small fixture only"}
ORDER_TRACE_SAMPLE {"as_of": "2026-09-20", "completeness": "complete", "limits": {"has_more": {"invoices": false, "jobs": false, "lines": false, "tasks": false}, "per_section": 100}, "lines": [{"basis": "Відвантажено — історична кількість позиції; фізичне повернення її не зменшує. Відкрито = замовлено − відвантажено − скасовано.", "cancelled": "2.000", "completeness": "complete", "has_more": {"cancellations": false, "lot_origins": false, "reservations": false, "shipments": false}, "item": {"code": "A04-ITEM", "id": 1, "name": "Виріб A04", "unit": "шт."}, "line_id": 1, "open": "6.000", "ordered": "10.000", "revision": "A", "shipped": "2.000", "source_refs": {"cancellations": [{"created_at": "2026-09-20T11:22:41.298Z", "id": 1, "quantity": "2.000"}], "line": {"id": 1, "type": "sales_line"}, "lot_origins": [{"lot_id": 1, "purchase_id": 1, "receipt_id": 2, "relation": "lot_origin"}], "reservations": [{"id": 1, "lot_id": 1, "quantity": "3.125", "usable": true}], "shipments": [{"created_at": "2026-09-20T11:22:39.444Z", "id": 1, "lot_id": 1, "quantity": "-2.000"}]}, "usable_reserved": "3.125"}], "linked_invoice_refs": [{"code": "A04-INV-EUR", "currency": "EUR", "due_date": "2026-09-17", "invoice_id": 1}, {"code": "A04-INV-USD", "currency": "USD", "due_date": "2026-09-17", "invoice_id": 2}, {"code": "A04-INV-UAH", "currency": "UAH", "due_date": "2026-09-17", "invoice_id": 3}], "linked_jobs": [{"code": "TRACE-JOB", "due_date": "2026-09-20", "id": 1, "line_id": 1, "owner": {"id": 1, "name": "Синтетичний Працівник A04", "role": "job_owner"}, "status": "planned"}], "linked_tasks": [{"assignee": {"id": 1, "name": "Синтетичний Працівник A04", "role": "task_assignee"}, "deadline": "2026-09-19", "id": 1, "status": "active", "title": "Відкрите доручення A04"}], "order": {"code": "A04-SO-OPEN", "due_date": "2026-12-19", "id": 1, "owner": {"id": 1, "name": "Синтетичний Працівник A04", "role": "order_owner"}, "status": "confirmed"}, "schema": "bos.order-trace.v1", "scope": {"message": "Призначення очікуваних закупівель цьому замовленню не зафіксовано", "order_id": 1, "purchase_allocation": "not_recorded"}, "access_revision": "60d3581bdff57fe71f8c90d1752ec20da850b1aa279cfa3a06deb3aab4d4ce16", "generated_at": "2026-09-20T11:22:41.342455+00:00"}
ORDER_TRACE_SYNTHETIC_METRIC {"sql_count": 76, "elapsed_seconds": 0.042722, "backend": "sqlite", "lines": 1, "reservations": 1, "shipments": 1, "scope": "small fixture only"}

--- STDERR ---
Creating test database for alias 'default' ('/tmp/bos-targeted-jam3t82e/check_7108dbe7400a48df93b1f2f7c5634143.sqlite3_django_test')...
Destroying old test database for alias 'default' ('/tmp/bos-targeted-jam3t82e/check_7108dbe7400a48df93b1f2f7c5634143.sqlite3_django_test')...
test_ceo_manager_observer_field_allowlists (erp.test_order_trace.OrderTraceTests.test_ceo_manager_observer_field_allowlists) ... ok
test_current_role_refresh_and_neutral_not_found (erp.test_order_trace.OrderTraceTests.test_current_role_refresh_and_neutral_not_found) ... ok
test_document_admission_change_between_reads_has_no_payload (erp.test_order_trace.OrderTraceTests.test_document_admission_change_between_reads_has_no_payload) ... ok
test_hidden_latest_document_does_not_disclose_admission (erp.test_order_trace.OrderTraceTests.test_hidden_latest_document_does_not_disclose_admission) ... ok
test_hidden_purchase_receipt_is_not_a_lot_origin (erp.test_order_trace.OrderTraceTests.test_hidden_purchase_receipt_is_not_a_lot_origin) ... ok
test_hidden_reservation_is_null_not_zero_or_visible_sum (erp.test_order_trace.OrderTraceTests.test_hidden_reservation_is_null_not_zero_or_visible_sum) ... ok
test_hidden_shipment_keeps_admitted_line_quantity_without_source_leak (erp.test_order_trace.OrderTraceTests.test_hidden_shipment_keeps_admitted_line_quantity_without_source_leak) ... ok
test_metadata_and_membership_changes_between_reads_have_no_payload (erp.test_order_trace.OrderTraceTests.test_metadata_and_membership_changes_between_reads_have_no_payload) ... ok
test_method_and_no_documents_contract (erp.test_order_trace.OrderTraceTests.test_method_and_no_documents_contract) ... ok
test_only_allowed_invoice_links_and_historical_tasks (erp.test_order_trace.OrderTraceTests.test_only_allowed_invoice_links_and_historical_tasks) ... ok
test_partial_refs_keep_full_decimal_and_old_shipments (erp.test_order_trace.OrderTraceTests.test_partial_refs_keep_full_decimal_and_old_shipments) ... ok
test_permission_change_between_reads_has_no_payload (erp.test_order_trace.OrderTraceTests.test_permission_change_between_reads_has_no_payload) ... ok
test_physical_return_movement_does_not_reduce_gross_shipped (erp.test_order_trace.OrderTraceTests.test_physical_return_movement_does_not_reduce_gross_shipped) ... ok
test_reservation_change_between_reads_has_no_payload (erp.test_order_trace.OrderTraceTests.test_reservation_change_between_reads_has_no_payload) ... ok
test_revoked_identity_between_reads_uses_identity_denial (erp.test_order_trace.OrderTraceTests.test_revoked_identity_between_reads_uses_identity_denial) ... ok
test_snapshot_and_global_fingerprint_are_not_called (erp.test_order_trace.OrderTraceTests.test_snapshot_and_global_fingerprint_are_not_called) ... ok
test_trace_decimal_sources_and_read_only (erp.test_order_trace.OrderTraceTests.test_trace_decimal_sources_and_read_only) ... ok
test_unrelated_order_purchase_not_allocated (erp.test_order_trace.OrderTraceTests.test_unrelated_order_purchase_not_allocated) ... ok
test_access_change_after_dispatch_rolls_back_before_commit (erp.test_adjustment_proposals.AdjustmentProposalTests.test_access_change_after_dispatch_rolls_back_before_commit) ... ok
test_access_change_during_preview_does_not_issue_scoped_proposal (erp.test_adjustment_proposals.AdjustmentProposalTests.test_access_change_during_preview_does_not_issue_scoped_proposal) ... ok
test_context_keeps_initial_global_fingerprint_and_not_client_fields (erp.test_adjustment_proposals.AdjustmentProposalTests.test_context_keeps_initial_global_fingerprint_and_not_client_fields) ... ok
test_document_versions_metadata_and_real_source_bytes_invalidate (erp.test_adjustment_proposals.AdjustmentProposalTests.test_document_versions_metadata_and_real_source_bytes_invalidate) ... ok
test_erp_lock_precedes_dependency_reads_and_fresh_policy_after_wait (erp.test_adjustment_proposals.AdjustmentProposalTests.test_erp_lock_precedes_dependency_reads_and_fresh_policy_after_wait) ... ok
test_expiry_other_session_role_permission_and_archive_refuse (erp.test_adjustment_proposals.AdjustmentProposalTests.test_expiry_other_session_role_permission_and_archive_refuse) ... ok
test_frozen_expected_effect_and_impact_mismatch_roll_back_all_writes (erp.test_adjustment_proposals.AdjustmentProposalTests.test_frozen_expected_effect_and_impact_mismatch_roll_back_all_writes) ... ok
test_independent_users_keep_original_effect_after_other_lot_confirmation (erp.test_adjustment_proposals.AdjustmentProposalTests.test_independent_users_keep_original_effect_after_other_lot_confirmation) ... ok
test_invalid_initial_source_remains_explicit_legacy_mode (erp.test_adjustment_proposals.AdjustmentProposalTests.test_invalid_initial_source_remains_explicit_legacy_mode) ... ok
test_legacy_generic_and_null_context_still_use_original_global_token (erp.test_adjustment_proposals.AdjustmentProposalTests.test_legacy_generic_and_null_context_still_use_original_global_token) ... ok
test_lot_only_impact_matches_complete_snapshot_for_displayed_effects (erp.test_adjustment_proposals.AdjustmentProposalTests.test_lot_only_impact_matches_complete_snapshot_for_displayed_effects) ... ok
test_malformed_future_and_wrong_action_contexts_fail_closed (erp.test_adjustment_proposals.AdjustmentProposalTests.test_malformed_future_and_wrong_action_contexts_fail_closed) ... ok
test_missing_document_becoming_present_invalidates (erp.test_adjustment_proposals.AdjustmentProposalTests.test_missing_document_becoming_present_invalidates) ... ok
test_payload_tampering_fails_closed (erp.test_adjustment_proposals.AdjustmentProposalTests.test_payload_tampering_fails_closed) ... ok
test_private_file_bytes_change_with_unchanged_document_row_refuses (erp.test_adjustment_proposals.AdjustmentProposalTests.test_private_file_bytes_change_with_unchanged_document_row_refuses) ... ok
test_replay_after_changes_keeps_one_receipt_and_current_policy (erp.test_adjustment_proposals.AdjustmentProposalTests.test_replay_after_changes_keeps_one_receipt_and_current_policy) ... ok
test_reservation_creation_edit_deletion_and_same_sum_membership_invalidate (erp.test_adjustment_proposals.AdjustmentProposalTests.test_reservation_creation_edit_deletion_and_same_sum_membership_invalidate) ... ok
test_same_lot_conflicts_without_any_second_effect (erp.test_adjustment_proposals.AdjustmentProposalTests.test_same_lot_conflicts_without_any_second_effect) ... ok
test_target_lot_item_and_location_changes_invalidate (erp.test_adjustment_proposals.AdjustmentProposalTests.test_target_lot_item_and_location_changes_invalidate) ... ok
test_target_movement_membership_invalidate_even_without_quantity_change (erp.test_adjustment_proposals.AdjustmentProposalTests.test_target_movement_membership_invalidate_even_without_quantity_change) ... ok
test_unrelated_reservation_does_not_invalidate (erp.test_adjustment_proposals.AdjustmentProposalTests.test_unrelated_reservation_does_not_invalidate) ... ok

----------------------------------------------------------------------
Ran 39 tests in 24.736s

OK
Destroying test database for alias 'default' ('/tmp/bos-targeted-jam3t82e/check_7108dbe7400a48df93b1f2f7c5634143.sqlite3_django_test')...
