Creating test database for alias 'default' ('file:memorydb_default?mode=memory&cache=shared')...
Found 12 test(s).
Operations to perform:
  Synchronize unmigrated apps: django_filters, messages, rest_framework, staticfiles
  Apply all migrations: admin, ai_assistant, auth, branches, contenttypes, employees, erp, finance, operations, sessions, tasks
Synchronizing apps without migrations:
  Creating tables...
    Running deferred SQL...
Running migrations:
  Applying contenttypes.0001_initial... OK
  Applying auth.0001_initial... OK
  Applying admin.0001_initial... OK
  Applying admin.0002_logentry_remove_auto_add... OK
  Applying admin.0003_logentry_add_action_flag_choices... OK
  Applying ai_assistant.0001_initial... OK
  Applying ai_assistant.0002_taskchangelog... OK
  Applying ai_assistant.0003_claudeusagelog... OK
  Applying ai_assistant.0004_employeechangelog... OK
  Applying ai_assistant.0005_chatfile... OK
  Applying ai_assistant.0006_alter_chatmessage_created_at_and_more... OK
  Applying ai_assistant.0007_employeechangelog_undone_at... OK
  Applying ai_assistant.0008_chatmessage_archived_at_chatmessage_user_and_more... OK
  Applying ai_assistant.0009_private_documents... OK
  Applying contenttypes.0002_remove_content_type_name... OK
  Applying auth.0002_alter_permission_name_max_length... OK
  Applying auth.0003_alter_user_email_max_length... OK
  Applying auth.0004_alter_user_username_opts... OK
  Applying auth.0005_alter_user_last_login_null... OK
  Applying auth.0006_require_contenttypes_0002... OK
  Applying auth.0007_alter_validators_add_error_messages... OK
  Applying auth.0008_alter_user_username_max_length... OK
  Applying auth.0009_alter_user_last_name_max_length... OK
  Applying auth.0010_alter_group_name_max_length... OK
  Applying auth.0011_update_proxy_permissions... OK
  Applying auth.0012_alter_user_first_name_max_length... OK
  Applying branches.0001_initial... OK
  Applying branches.0002_branch_short_name... OK
  Applying branches.0003_fill_short_names... OK
  Applying employees.0001_initial... OK
  Applying employees.0002_alter_employee_department... OK
  Applying employees.0003_employee_branch... OK
  Applying employees.0004_employee_archived_at... OK
  Applying employees.0005_employee_user... OK
  Applying tasks.0001_initial... OK
  Applying tasks.0002_alter_task_priority... OK
  Applying tasks.0003_alter_task_deadline_alter_task_priority_and_more... OK
  Applying tasks.0004_task_branch... OK
  Applying finance.0001_initial... OK
  Applying finance.0002_alter_salary_unique_together_alter_contract_status_and_more... OK
  Applying finance.0003_transaction_branch... OK
  Applying operations.0001_initial... OK
  Applying operations.0002_actionproposal_user... OK
  Applying operations.0003_loginattempt... OK
  Applying operations.0004_alter_document_options_document_access_level... OK
  Applying operations.0005_invoice_boundaries... OK
  Applying operations.0006_private_documents... OK
  Applying operations.0007_actionproposal_dependency_context... OK
  Applying operations.0008_procurement_currency_default... OK
  Applying operations.0009_request_timing... OK
  Applying finance.0004_salary_archived_at_transaction_archived_at_and_more... OK
  Applying finance.0005_alter_transaction_branch_alter_transaction_contract_and_more... OK
  Applying finance.0006_financialintent... OK
  Applying finance.0007_money_boundaries... OK
  Applying erp.0001_initial... OK
  Applying erp.0002_row_boundaries... OK
  Applying erp.0003_purchase_source... OK
  Applying erp.0004_initial_import_ledger... OK
  Applying erp.0005_source_corrections... OK
  Applying erp.0006_network_operations... OK
  Applying erp.0007_request_timing... OK
  Applying finance.0008_statement_ledgers... OK
  Applying sessions.0001_initial... OK
  Applying tasks.0005_controlled_tasks...test_compatible_job_is_selected_when_foreign_job_exists_first (erp.test_network_currency.NetworkProductionCurrencyTests.test_compatible_job_is_selected_when_foreign_job_exists_first) ... FAIL
test_compatible_partial_reservation_preserves_remaining_need (erp.test_network_currency.NetworkProductionCurrencyTests.test_compatible_partial_reservation_preserves_remaining_need) ... FAIL
test_foreign_linked_job_does_not_progress_as_uah_sales_supply (erp.test_network_currency.NetworkProductionCurrencyTests.test_foreign_linked_job_does_not_progress_as_uah_sales_supply) ... FAIL
test_foreign_positive_reservation_requires_reconciliation_without_start (erp.test_network_currency.NetworkProductionCurrencyTests.test_foreign_positive_reservation_requires_reconciliation_without_start) ... FAIL
test_foreign_purchase_alone_does_not_cover_uah_requirement (erp.test_network_currency.NetworkProductionCurrencyTests.test_foreign_purchase_alone_does_not_cover_uah_requirement) ... FAIL
test_foreign_stock_alone_does_not_cover_uah_material_requirement (erp.test_network_currency.NetworkProductionCurrencyTests.test_foreign_stock_alone_does_not_cover_uah_material_requirement) ... FAIL
test_local_compatible_reserve_start_finish_keeps_foreign_stock_unchanged (erp.test_network_currency.NetworkProductionCurrencyTests.test_local_compatible_reserve_start_finish_keeps_foreign_stock_unchanged) ... FAIL
test_quality_suggestion_ignores_foreign_pending_material (erp.test_network_currency.NetworkProductionCurrencyTests.test_quality_suggestion_ignores_foreign_pending_material) ... FAIL
test_receive_selects_compatible_purchase_and_respects_explicit_destination (erp.test_network_currency.NetworkProductionCurrencyTests.test_receive_selects_compatible_purchase_and_respects_explicit_destination) ... FAIL
test_transfer_suggestion_uses_compatible_currency_and_job_location (erp.test_network_currency.NetworkProductionCurrencyTests.test_transfer_suggestion_uses_compatible_currency_and_job_location) ... FAIL
test_wrong_location_reservation_does_not_start_production (erp.test_network_currency.NetworkProductionCurrencyTests.test_wrong_location_reservation_does_not_start_production) ... FAIL
test_zero_foreign_reservation_explains_legacy_writer_conflict_before_finish (erp.test_network_currency.NetworkProductionCurrencyTests.test_zero_foreign_reservation_explains_legacy_writer_conflict_before_finish) ... FAIL

======================================================================
FAIL: test_compatible_job_is_selected_when_foreign_job_exists_first (erp.test_network_currency.NetworkProductionCurrencyTests.test_compatible_job_is_selected_when_foreign_job_exists_first)
----------------------------------------------------------------------
Traceback (most recent call last):
  File "/workspace/scratch/4dbe5b4c73ee/execution/network-currency/source/erp/test_network_currency.py", line 160, in test_compatible_job_is_selected_when_foreign_job_exists_first
    self.assertEqual((payload['action'], payload['production_id'], payload['lot_id']),
AssertionError: Tuples differ: ('erp_reserve', 1, 1) != ('erp_reserve', 2, 1)

First differing element 1:
1
2

- ('erp_reserve', 1, 1)
?                 ^

+ ('erp_reserve', 2, 1)
?                 ^


======================================================================
FAIL: test_compatible_partial_reservation_preserves_remaining_need (erp.test_network_currency.NetworkProductionCurrencyTests.test_compatible_partial_reservation_preserves_remaining_need)
----------------------------------------------------------------------
Traceback (most recent call last):
  File "/workspace/scratch/4dbe5b4c73ee/execution/network-currency/source/erp/test_network_currency.py", line 170, in test_compatible_partial_reservation_preserves_remaining_need
    self.assertEqual((payload['lot_id'], D(payload['quantity'])), (compatible.pk, D('3')))
AssertionError: Tuples differ: (2, Decimal('3.000')) != (3, Decimal('3'))

First differing element 0:
2
3

- (2, Decimal('3.000'))
?  ^            ----

+ (3, Decimal('3'))
?  ^


======================================================================
FAIL: test_foreign_linked_job_does_not_progress_as_uah_sales_supply (erp.test_network_currency.NetworkProductionCurrencyTests.test_foreign_linked_job_does_not_progress_as_uah_sales_supply)
----------------------------------------------------------------------
Traceback (most recent call last):
  File "/workspace/scratch/4dbe5b4c73ee/execution/network-currency/source/erp/test_network_currency.py", line 149, in test_foreign_linked_job_does_not_progress_as_uah_sales_supply
    self.assertIsNone(row['payload'])
AssertionError: {'action': 'erp_reserve', 'lot_id': 1, 'production_id': 1, 'quantity': '4.000'} is not None

======================================================================
FAIL: test_foreign_positive_reservation_requires_reconciliation_without_start (erp.test_network_currency.NetworkProductionCurrencyTests.test_foreign_positive_reservation_requires_reconciliation_without_start)
----------------------------------------------------------------------
Traceback (most recent call last):
  File "/workspace/scratch/4dbe5b4c73ee/execution/network-currency/source/erp/test_network_currency.py", line 108, in test_foreign_positive_reservation_requires_reconciliation_without_start
    self.assertIsNone(row['payload'])
AssertionError: {'action': 'erp_start', 'production_id': 1} is not None

======================================================================
FAIL: test_foreign_purchase_alone_does_not_cover_uah_requirement (erp.test_network_currency.NetworkProductionCurrencyTests.test_foreign_purchase_alone_does_not_cover_uah_requirement)
----------------------------------------------------------------------
Traceback (most recent call last):
  File "/workspace/scratch/4dbe5b4c73ee/execution/network-currency/source/erp/test_network_currency.py", line 142, in test_foreign_purchase_alone_does_not_cover_uah_requirement
    self.assertIsNone(row['payload'])
AssertionError: {'action': 'erp_receive', 'purchase_id': 1, 'code': 'RCV-CUR-PO-ONLY-EUR-1', 'location_id': 1, 'quantity': '4.000', 'documents': {}} is not None

======================================================================
FAIL: test_foreign_stock_alone_does_not_cover_uah_material_requirement (erp.test_network_currency.NetworkProductionCurrencyTests.test_foreign_stock_alone_does_not_cover_uah_material_requirement)
----------------------------------------------------------------------
Traceback (most recent call last):
  File "/workspace/scratch/4dbe5b4c73ee/execution/network-currency/source/erp/test_network_currency.py", line 100, in test_foreign_stock_alone_does_not_cover_uah_material_requirement
    self.assertIsNone(row['payload'])
AssertionError: {'action': 'erp_reserve', 'lot_id': 1, 'production_id': 1, 'quantity': '4.000'} is not None

======================================================================
FAIL: test_local_compatible_reserve_start_finish_keeps_foreign_stock_unchanged (erp.test_network_currency.NetworkProductionCurrencyTests.test_local_compatible_reserve_start_finish_keeps_foreign_stock_unchanged)
----------------------------------------------------------------------
Traceback (most recent call last):
  File "/workspace/scratch/4dbe5b4c73ee/execution/network-currency/source/erp/test_network_currency.py", line 68, in test_local_compatible_reserve_start_finish_keeps_foreign_stock_unchanged
    self.assertEqual((payload['action'], payload['lot_id']), ('erp_reserve', compatible.pk))
AssertionError: Tuples differ: ('erp_reserve', 1) != ('erp_reserve', 2)

First differing element 1:
1
2

- ('erp_reserve', 1)
?                 ^

+ ('erp_reserve', 2)
?                 ^


======================================================================
FAIL: test_quality_suggestion_ignores_foreign_pending_material (erp.test_network_currency.NetworkProductionCurrencyTests.test_quality_suggestion_ignores_foreign_pending_material)
----------------------------------------------------------------------
Traceback (most recent call last):
  File "/workspace/scratch/4dbe5b4c73ee/execution/network-currency/source/erp/test_network_currency.py", line 81, in test_quality_suggestion_ignores_foreign_pending_material
    self.assertEqual((payload['action'], payload['lot_id']), ('erp_quality', compatible.pk))
AssertionError: Tuples differ: ('erp_quality', 1) != ('erp_quality', 2)

First differing element 1:
1
2

- ('erp_quality', 1)
?                 ^

+ ('erp_quality', 2)
?                 ^


======================================================================
FAIL: test_receive_selects_compatible_purchase_and_respects_explicit_destination (erp.test_network_currency.NetworkProductionCurrencyTests.test_receive_selects_compatible_purchase_and_respects_explicit_destination)
----------------------------------------------------------------------
Traceback (most recent call last):
  File "/workspace/scratch/4dbe5b4c73ee/execution/network-currency/source/erp/test_network_currency.py", line 132, in test_receive_selects_compatible_purchase_and_respects_explicit_destination
    self.assertEqual((payload['action'], payload['purchase_id'], payload['location_id']),
AssertionError: Tuples differ: ('erp_receive', 1, 1) != ('erp_receive', 2, 2)

First differing element 1:
1
2

- ('erp_receive', 1, 1)
?                 ^  ^

+ ('erp_receive', 2, 2)
?                 ^  ^


======================================================================
FAIL: test_transfer_suggestion_uses_compatible_currency_and_job_location (erp.test_network_currency.NetworkProductionCurrencyTests.test_transfer_suggestion_uses_compatible_currency_and_job_location)
----------------------------------------------------------------------
Traceback (most recent call last):
  File "/workspace/scratch/4dbe5b4c73ee/execution/network-currency/source/erp/test_network_currency.py", line 89, in test_transfer_suggestion_uses_compatible_currency_and_job_location
    self.assertEqual((payload['action'], payload['lot_id'], payload['location_id']),
AssertionError: Tuples differ: ('erp_transfer', 1, 1) != ('erp_transfer', 2, 1)

First differing element 1:
1
2

- ('erp_transfer', 1, 1)
?                  ^

+ ('erp_transfer', 2, 1)
?                  ^


======================================================================
FAIL: test_wrong_location_reservation_does_not_start_production (erp.test_network_currency.NetworkProductionCurrencyTests.test_wrong_location_reservation_does_not_start_production)
----------------------------------------------------------------------
Traceback (most recent call last):
  File "/workspace/scratch/4dbe5b4c73ee/execution/network-currency/source/erp/test_network_currency.py", line 115, in test_wrong_location_reservation_does_not_start_production
    self.assertIsNone(self.advice()['payload'])
AssertionError: {'action': 'erp_start', 'production_id': 1} is not None

======================================================================
FAIL: test_zero_foreign_reservation_explains_legacy_writer_conflict_before_finish (erp.test_network_currency.NetworkProductionCurrencyTests.test_zero_foreign_reservation_explains_legacy_writer_conflict_before_finish)
----------------------------------------------------------------------
Traceback (most recent call last):
  File "/workspace/scratch/4dbe5b4c73ee/execution/network-currency/source/erp/test_network_currency.py", line 125, in test_zero_foreign_reservation_explains_legacy_writer_conflict_before_finish
    self.assertIsNone(row['payload'])
AssertionError: {'action': 'erp_finish', 'production_id': 1, 'quantity': '2.000', 'code': 'OUT-CUR-JOB-1', 'location_id': 2, 'labor_cost': '0', 'documents': {}} is not None

----------------------------------------------------------------------
Ran 12 tests in 0.575s

FAILED (failures=12)
Destroying test database for alias 'default' ('file:memorydb_default?mode=memory&cache=shared')...
 OK
System check identified no issues (0 silenced).
