Creating test database for alias 'default' ('/workspace/scratch/4dbe5b4c73ee/execution/n1/check_request_green.sqlite3_django_test')...
Destroying old test database for alias 'default' ('/workspace/scratch/4dbe5b4c73ee/execution/n1/check_request_green.sqlite3_django_test')...
Found 5 test(s).
Operations to perform:
  Synchronize unmigrated apps: django_filters, messages, rest_framework, staticfiles
  Apply all migrations: admin, ai_assistant, auth, branches, contenttypes, employees, erp, finance, operations, sessions, tasks
Synchronizing apps without migrations:
  Creating tables...
    Running deferred SQL...
Running migrations:
  Applying contenttypes.0001_initial... OK
  Applying auth.0001_initial... OK
  Applying admin.0001_initial... OK
  Applying admin.0002_logentry_remove_auto_add... OK
  Applying admin.0003_logentry_add_action_flag_choices... OK
  Applying ai_assistant.0001_initial... OK
  Applying ai_assistant.0002_taskchangelog... OK
  Applying ai_assistant.0003_claudeusagelog... OK
  Applying ai_assistant.0004_employeechangelog... OK
  Applying ai_assistant.0005_chatfile... OK
  Applying ai_assistant.0006_alter_chatmessage_created_at_and_more... OK
  Applying ai_assistant.0007_employeechangelog_undone_at... OK
  Applying ai_assistant.0008_chatmessage_archived_at_chatmessage_user_and_more... OK
  Applying ai_assistant.0009_private_documents... OK
  Applying contenttypes.0002_remove_content_type_name... OK
  Applying auth.0002_alter_permission_name_max_length... OK
  Applying auth.0003_alter_user_email_max_length... OK
  Applying auth.0004_alter_user_username_opts... OK
  Applying auth.0005_alter_user_last_login_null... OK
  Applying auth.0006_require_contenttypes_0002... OK
  Applying auth.0007_alter_validators_add_error_messages... OK
  Applying auth.0008_alter_user_username_max_length... OK
  Applying auth.0009_alter_user_last_name_max_length... OK
  Applying auth.0010_alter_group_name_max_length... OK
  Applying auth.0011_update_proxy_permissions... OK
  Applying auth.0012_alter_user_first_name_max_length... OK
  Applying branches.0001_initial... OK
  Applying branches.0002_branch_short_name... OK
  Applying branches.0003_fill_short_names... OK
  Applying employees.0001_initial... OK
  Applying employees.0002_alter_employee_department... OK
  Applying employees.0003_employee_branch... OK
  Applying employees.0004_employee_archived_at... OK
  Applying employees.0005_employee_user... OK
  Applying tasks.0001_initial... OK
  Applying tasks.0002_alter_task_priority... OK
  Applying tasks.0003_alter_task_deadline_alter_task_priority_and_more... OK
  Applying tasks.0004_task_branch... OK
  Applying finance.0001_initial... OK
  Applying finance.0002_alter_salary_unique_together_alter_contract_status_and_more... OK
  Applying finance.0003_transaction_branch... OK
  Applying operations.0001_initial... OK
  Applying operations.0002_actionproposal_user... OK
  Applying operations.0003_loginattempt... OK
  Applying operations.0004_alter_document_options_document_access_level... OK
  Applying operations.0005_invoice_boundaries... OK
  Applying operations.0006_private_documents... OK
  Applying finance.0004_salary_archived_at_transaction_archived_at_and_more... OK
  Applying finance.0005_alter_transaction_branch_alter_transaction_contract_and_more... OK
  Applying finance.0006_financialintent... OK
  Applying finance.0007_money_boundaries... OK
  Applying erp.0001_initial... OK
  Applying erp.0002_row_boundaries... OK
  Applying erp.0003_purchase_source... OK
  Applying erp.0004_initial_import_ledger... OK
  Applying erp.0005_source_corrections... OK
  Applying finance.0008_statement_ledgers... OK
  Applying sessions.0001_initial... OK
  Applying tasks.0005_controlled_tasks...test_model_limits_accept_exact_raw_text_without_trimming (operations.test_request_lengths.ProcurementRequestLengthTests.test_model_limits_accept_exact_raw_text_without_trimming) ... ok
test_raw_overflow_refused_without_trimming_or_partial_writes (operations.test_request_lengths.ProcurementRequestLengthTests.test_raw_overflow_refused_without_trimming_or_partial_writes) ... ok
test_blind_forms_cannot_create_or_relink_hidden_sources_or_versions (operations.test_blind_paths.A04BlindPathTests.test_blind_forms_cannot_create_or_relink_hidden_sources_or_versions) ... ok
test_l01_invoice_code_30_ascii_and_unicode_round_trip (erp.test_value_boundaries.A07BoundaryTests.test_l01_invoice_code_30_ascii_and_unicode_round_trip) ... ok
test_l01_invoice_code_31_refused_without_truncation_or_trim (erp.test_value_boundaries.A07BoundaryTests.test_l01_invoice_code_31_refused_without_truncation_or_trim) ...  OK
System check identified no issues (0 silenced).
A07_OBSERVED {"boundary": "L01/code31/EUR/'AAAAAAAAAAAAAAAAAAAAAAAAAAAAAAA'", "adapter": "dispatch", "status": null, "exception": "ValueError", "changed_tables": [], "business_sql_writes": []}
A07_OBSERVED {"boundary": "L01/code31/EUR/'AAAAAAAAAAAAAAAAAAAAAAAAAAAAAAA'", "adapter": "preview", "status": 422, "exception": null, "changed_tables": [], "business_sql_writes": []}
A07_OBSERVED {"boundary": "L01/code31/EUR/'AAAAAAAAAAAAAAAAAAAAAAAAAAAAAAA'", "adapter": "confirm", "status": 422, "exception": null, "changed_tables": [], "business_sql_writes": []}
A07_OBSERVED {"boundary": "L01/code31/EUR/'\u0407\u0407\u0407\u0407\u0407\u0407\u0407\u0407\u0407\u0407\u0407\u0407\u0407\u0407\u0407\u0407\u0407\u0407\u0407\u0407\u0407\u0407\u0407\u0407\u0407\u0407\u0407\u0407\u0407\u0407\u0407'", "adapter": "dispatch", "status": null, "exception": "ValueError", "changed_tables": [], "business_sql_writes": []}
A07_OBSERVED {"boundary": "L01/code31/EUR/'\u0407\u0407\u0407\u0407\u0407\u0407\u0407\u0407\u0407\u0407\u0407\u0407\u0407\u0407\u0407\u0407\u0407\u0407\u0407\u0407\u0407\u0407\u0407\u0407\u0407\u0407\u0407\u0407\u0407\u0407\u0407'", "adapter": "preview", "status": 422, "exception": null, "changed_tables": [], "business_sql_writes": []}
A07_OBSERVED {"boundary": "L01/code31/EUR/'\u0407\u0407\u0407\u0407\u0407\u0407\u0407\u0407\u0407\u0407\u0407\u0407\u0407\u0407\u0407\u0407\u0407\u0407\u0407\u0407\u0407\u0407\u0407\u0407\u0407\u0407\u0407\u0407\u0407\u0407\u0407'", "adapter": "confirm", "status": 422, "exception": null, "changed_tables": [], "business_sql_writes": []}
A07_OBSERVED {"boundary": "L01/code31/EUR/'\ud83d\ude42\ud83d\ude42\ud83d\ude42\ud83d\ude42\ud83d\ude42\ud83d\ude42\ud83d\ude42\ud83d\ude42\ud83d\ude42\ud83d\ude42\ud83d\ude42\ud83d\ude42\ud83d\ude42\ud83d\ude42\ud83d\ude42\ud83d\ude42\ud83d\ude42\ud83d\ude42\ud83d\ude42\ud83d\ude42\ud83d\ude42\ud83d\ude42\ud83d\ude42\ud83d\ude42\ud83d\ude42\ud83d\ude42\ud83d\ude42\ud83d\ude42\ud83d\ude42\ud83d\ude42\ud83d\ude42'", "adapter": "dispatch", "status": null, "exception": "ValueError", "changed_tables": [], "business_sql_writes": []}
A07_OBSERVED {"boundary": "L01/code31/EUR/'\ud83d\ude42\ud83d\ude42\ud83d\ude42\ud83d\ude42\ud83d\ude42\ud83d\ude42\ud83d\ude42\ud83d\ude42\ud83d\ude42\ud83d\ude42\ud83d\ude42\ud83d\ude42\ud83d\ude42\ud83d\ude42\ud83d\ude42\ud83d\ude42\ud83d\ude42\ud83d\ude42\ud83d\ude42\ud83d\ude42\ud83d\ude42\ud83d\ude42\ud83d\ude42\ud83d\ude42\ud83d\ude42\ud83d\ude42\ud83d\ude42\ud83d\ude42\ud83d\ude42\ud83d\ude42\ud83d\ude42'", "adapter": "preview", "status": 422, "exception": null, "changed_tables": [], "business_sql_writes": []}
A07_OBSERVED {"boundary": "L01/code31/EUR/'\ud83d\ude42\ud83d\ude42\ud83d\ude42\ud83d\ude42\ud83d\ude42\ud83d\ude42\ud83d\ude42\ud83d\ude42\ud83d\ude42\ud83d\ude42\ud83d\ude42\ud83d\ude42\ud83d\ude42\ud83d\ude42\ud83d\ude42\ud83d\ude42\ud83d\ude42\ud83d\ude42\ud83d\ude42\ud83d\ude42\ud83d\ude42\ud83d\ude42\ud83d\ude42\ud83d\ude42\ud83d\ude42\ud83d\ude42\ud83d\ude42\ud83d\ude42\ud83d\ude42\ud83d\ude42\ud83d\ude42'", "adapter": "confirm", "status": 422, "exception": null, "changed_tables": [], "business_sql_writes": []}
A07_OBSERVED {"boundary": "L01/code31/EUR/'AAAAAAAAAAAAAAAAAAAAAAAAAAAAAA '", "adapter": "dispatch", "status": null, "exception": "ValueError", "changed_tables": [], "business_sql_writes": []}
A07_OBSERVED {"boundary": "L01/code31/EUR/'AAAAAAAAAAAAAAAAAAAAAAAAAAAAAA '", "adapter": "preview", "status": 422, "exception": null, "changed_tables": [], "business_sql_writes": []}
A07_OBSERVED {"boundary": "L01/code31/EUR/'AAAAAAAAAAAAAAAAAAAAAAAAAAAAAA '", "adapter": "confirm", "status": 422, "exception": null, "changed_tables": [], "business_sql_writes": []}
A07_OBSERVED {"boundary": "L01/code31/USD/'AAAAAAAAAAAAAAAAAAAAAAAAAAAAAAA'", "adapter": "dispatch", "status": null, "exception": "ValueError", "changed_tables": [], "business_sql_writes": []}
A07_OBSERVED {"boundary": "L01/code31/USD/'AAAAAAAAAAAAAAAAAAAAAAAAAAAAAAA'", "adapter": "preview", "status": 422, "exception": null, "changed_tables": [], "business_sql_writes": []}
A07_OBSERVED {"boundary": "L01/code31/USD/'AAAAAAAAAAAAAAAAAAAAAAAAAAAAAAA'", "adapter": "confirm", "status": 422, "exception": null, "changed_tables": [], "business_sql_writes": []}
A07_OBSERVED {"boundary": "L01/code31/USD/'\u0407\u0407\u0407\u0407\u0407\u0407\u0407\u0407\u0407\u0407\u0407\u0407\u0407\u0407\u0407\u0407\u0407\u0407\u0407\u0407\u0407\u0407\u0407\u0407\u0407\u0407\u0407\u0407\u0407\u0407\u0407'", "adapter": "dispatch", "status": null, "exception": "ValueError", "changed_tables": [], "business_sql_writes": []}
A07_OBSERVED {"boundary": "L01/code31/USD/'\u0407\u0407\u0407\u0407\u0407\u0407\u0407\u0407\u0407\u0407\u0407\u0407\u0407\u0407\u0407\u0407\u0407\u0407\u0407\u0407\u0407\u0407\u0407\u0407\u0407\u0407\u0407\u0407\u0407\u0407\u0407'", "adapter": "preview", "status": 422, "exception": null, "changed_tables": [], "business_sql_writes": []}
A07_OBSERVED {"boundary": "L01/code31/USD/'\u0407\u0407\u0407\u0407\u0407\u0407\u0407\u0407\u0407\u0407\u0407\u0407\u0407\u0407\u0407\u0407\u0407\u0407\u0407\u0407\u0407\u0407\u0407\u0407\u0407\u0407\u0407\u0407\u0407\u0407\u0407'", "adapter": "confirm", "status": 422, "exception": null, "changed_tables": [], "business_sql_writes": []}
A07_OBSERVED {"boundary": "L01/code31/USD/'\ud83d\ude42\ud83d\ude42\ud83d\ude42\ud83d\ude42\ud83d\ude42\ud83d\ude42\ud83d\ude42\ud83d\ude42\ud83d\ude42\ud83d\ude42\ud83d\ude42\ud83d\ude42\ud83d\ude42\ud83d\ude42\ud83d\ude42\ud83d\ude42\ud83d\ude42\ud83d\ude42\ud83d\ude42\ud83d\ude42\ud83d\ude42\ud83d\ude42\ud83d\ude42\ud83d\ude42\ud83d\ude42\ud83d\ude42\ud83d\ude42\ud83d\ude42\ud83d\ude42\ud83d\ude42\ud83d\ude42'", "adapter": "dispatch", "status": null, "exception": "ValueError", "changed_tables": [], "business_sql_writes": []}
A07_OBSERVED {"boundary": "L01/code31/USD/'\ud83d\ude42\ud83d\ude42\ud83d\ude42\ud83d\ude42\ud83d\ude42\ud83d\ude42\ud83d\ude42\ud83d\ude42\ud83d\ude42\ud83d\ude42\ud83d\ude42\ud83d\ude42\ud83d\ude42\ud83d\ude42\ud83d\ude42\ud83d\ude42\ud83d\ude42\ud83d\ude42\ud83d\ude42\ud83d\ude42\ud83d\ude42\ud83d\ude42\ud83d\ude42\ud83d\ude42\ud83d\ude42\ud83d\ude42\ud83d\ude42\ud83d\ude42\ud83d\ude42\ud83d\ude42\ud83d\ude42'", "adapter": "preview", "status": 422, "exception": null, "changed_tables": [], "business_sql_writes": []}
A07_OBSERVED {"boundary": "L01/code31/USD/'\ud83d\ude42\ud83d\ude42\ud83d\ude42\ud83d\ude42\ud83d\ude42\ud83d\ude42\ud83d\ude42\ud83d\ude42\ud83d\ude42\ud83d\ude42\ud83d\ude42\ud83d\ude42\ud83d\ude42\ud83d\ude42\ud83d\ude42\ud83d\ude42\ud83d\ude42\ud83d\ude42\ud83d\ude42\ud83d\ude42\ud83d\ude42\ud83d\ude42\ud83d\ude42\ud83d\ude42\ud83d\ude42\ud83d\ude42\ud83d\ude42\ud83d\ude42\ud83d\ude42\ud83d\ude42\ud83d\ude42'", "adapter": "confirm", "status": 422, "exception": null, "changed_tables": [], "business_sql_writes": []}
A07_OBSERVED {"boundary": "L01/code31/USD/'AAAAAAAAAAAAAAAAAAAAAAAAAAAAAA '", "adapter": "dispatch", "status": null, "exception": "ValueError", "changed_tables": [], "business_sql_writes": []}
A07_OBSERVED {"boundary": "L01/code31/USD/'AAAAAAAAAAAAAAAAAAAAAAAAAAAAAA '", "adapter": "preview", "status": 422, "exception": null, "changed_tables": [], "business_sql_writes": []}
A07_OBSERVED {"boundary": "L01/code31/USD/'AAAAAAAAAAAAAAAAAAAAAAAAAAAAAA '", "adapter": "confirm", "status": 422, "exception": null, "changed_tables": [], "business_sql_writes": []}
A07_OBSERVED {"boundary": "L01/code31/UAH/'AAAAAAAAAAAAAAAAAAAAAAAAAAAAAAA'", "adapter": "dispatch", "status": null, "exception": "ValueError", "changed_tables": [], "business_sql_writes": []}
A07_OBSERVED {"boundary": "L01/code31/UAH/'AAAAAAAAAAAAAAAAAAAAAAAAAAAAAAA'", "adapter": "preview", "status": 422, "exception": null, "changed_tables": [], "business_sql_writes": []}
A07_OBSERVED {"boundary": "L01/code31/UAH/'AAAAAAAAAAAAAAAAAAAAAAAAAAAAAAA'", "adapter": "confirm", "status": 422, "exception": null, "changed_tables": [], "business_sql_writes": []}
A07_OBSERVED {"boundary": "L01/code31/UAH/'\u0407\u0407\u0407\u0407\u0407\u0407\u0407\u0407\u0407\u0407\u0407\u0407\u0407\u0407\u0407\u0407\u0407\u0407\u0407\u0407\u0407\u0407\u0407\u0407\u0407\u0407\u0407\u0407\u0407\u0407\u0407'", "adapter": "dispatch", "status": null, "exception": "ValueError", "changed_tables": [], "business_sql_writes": []}ok

----------------------------------------------------------------------
Ran 5 tests in 8.492s

OK
Destroying test database for alias 'default' ('/workspace/scratch/4dbe5b4c73ee/execution/n1/check_request_green.sqlite3_django_test')...

A07_OBSERVED {"boundary": "L01/code31/UAH/'\u0407\u0407\u0407\u0407\u0407\u0407\u0407\u0407\u0407\u0407\u0407\u0407\u0407\u0407\u0407\u0407\u0407\u0407\u0407\u0407\u0407\u0407\u0407\u0407\u0407\u0407\u0407\u0407\u0407\u0407\u0407'", "adapter": "preview", "status": 422, "exception": null, "changed_tables": [], "business_sql_writes": []}
A07_OBSERVED {"boundary": "L01/code31/UAH/'\u0407\u0407\u0407\u0407\u0407\u0407\u0407\u0407\u0407\u0407\u0407\u0407\u0407\u0407\u0407\u0407\u0407\u0407\u0407\u0407\u0407\u0407\u0407\u0407\u0407\u0407\u0407\u0407\u0407\u0407\u0407'", "adapter": "confirm", "status": 422, "exception": null, "changed_tables": [], "business_sql_writes": []}
A07_OBSERVED {"boundary": "L01/code31/UAH/'\ud83d\ude42\ud83d\ude42\ud83d\ude42\ud83d\ude42\ud83d\ude42\ud83d\ude42\ud83d\ude42\ud83d\ude42\ud83d\ude42\ud83d\ude42\ud83d\ude42\ud83d\ude42\ud83d\ude42\ud83d\ude42\ud83d\ude42\ud83d\ude42\ud83d\ude42\ud83d\ude42\ud83d\ude42\ud83d\ude42\ud83d\ude42\ud83d\ude42\ud83d\ude42\ud83d\ude42\ud83d\ude42\ud83d\ude42\ud83d\ude42\ud83d\ude42\ud83d\ude42\ud83d\ude42\ud83d\ude42'", "adapter": "dispatch", "status": null, "exception": "ValueError", "changed_tables": [], "business_sql_writes": []}
A07_OBSERVED {"boundary": "L01/code31/UAH/'\ud83d\ude42\ud83d\ude42\ud83d\ude42\ud83d\ude42\ud83d\ude42\ud83d\ude42\ud83d\ude42\ud83d\ude42\ud83d\ude42\ud83d\ude42\ud83d\ude42\ud83d\ude42\ud83d\ude42\ud83d\ude42\ud83d\ude42\ud83d\ude42\ud83d\ude42\ud83d\ude42\ud83d\ude42\ud83d\ude42\ud83d\ude42\ud83d\ude42\ud83d\ude42\ud83d\ude42\ud83d\ude42\ud83d\ude42\ud83d\ude42\ud83d\ude42\ud83d\ude42\ud83d\ude42\ud83d\ude42'", "adapter": "preview", "status": 422, "exception": null, "changed_tables": [], "business_sql_writes": []}
A07_OBSERVED {"boundary": "L01/code31/UAH/'\ud83d\ude42\ud83d\ude42\ud83d\ude42\ud83d\ude42\ud83d\ude42\ud83d\ude42\ud83d\ude42\ud83d\ude42\ud83d\ude42\ud83d\ude42\ud83d\ude42\ud83d\ude42\ud83d\ude42\ud83d\ude42\ud83d\ude42\ud83d\ude42\ud83d\ude42\ud83d\ude42\ud83d\ude42\ud83d\ude42\ud83d\ude42\ud83d\ude42\ud83d\ude42\ud83d\ude42\ud83d\ude42\ud83d\ude42\ud83d\ude42\ud83d\ude42\ud83d\ude42\ud83d\ude42\ud83d\ude42'", "adapter": "confirm", "status": 422, "exception": null, "changed_tables": [], "business_sql_writes": []}
A07_OBSERVED {"boundary": "L01/code31/UAH/'AAAAAAAAAAAAAAAAAAAAAAAAAAAAAA '", "adapter": "dispatch", "status": null, "exception": "ValueError", "changed_tables": [], "business_sql_writes": []}
A07_OBSERVED {"boundary": "L01/code31/UAH/'AAAAAAAAAAAAAAAAAAAAAAAAAAAAAA '", "adapter": "preview", "status": 422, "exception": null, "changed_tables": [], "business_sql_writes": []}
A07_OBSERVED {"boundary": "L01/code31/UAH/'AAAAAAAAAAAAAAAAAAAAAAAAAAAAAA '", "adapter": "confirm", "status": 422, "exception": null, "changed_tables": [], "business_sql_writes": []}
