BOS_DATABASE {"vendor": "sqlite", "version": "3.53.1"}
{
  "passed": 32,
  "checks": [
    "/",
    "/assets/app.js",
    "/api/tasks/",
    "/api/employees/",
    "/api/branches/",
    "/api/counterparties/",
    "/api/contracts/",
    "/api/transactions/",
    "/api/salaries/",
    "/api/dashboard/summary/",
    "/api/dashboard/helicopter/",
    "/api/runtime/status/",
    "employee create",
    "quick task contract",
    "task saved",
    "task edit",
    "empty title rejected",
    "task search",
    "AI status honest",
    "AI missing key controlled",
    "asset traversal blocked",
    "local only",
    "local scripts",
    "all original sections",
    "no replacement workbench",
    "keyboard search and native dialog",
    "organizer persistence",
    "contrast main",
    "contrast muted",
    "contrast dim",
    "contrast primary",
    "contrast error"
  ],
  "additional_passed": 3,
  "additional_checks": [
    "quick task preview",
    "task edit preview",
    "raw task bypass denied"
  ],
  "palette_contrast": {
    "main": 16.07,
    "muted": 6.12,
    "dim": 7.34,
    "primary": 10.85,
    "error": 9.17
  },
  "not_tested": [
    "browser layout and keyboard end-to-end",
    "Windows execution",
    "external AI",
    "all WCAG criteria"
  ]
}
