Creating test database for alias 'default' ('/workspace/scratch/c7b51e996a9f/tmp/b01_candidate/check_compat_concurrency.sqlite3_django_test')...
Destroying old test database for alias 'default' ('/workspace/scratch/c7b51e996a9f/tmp/b01_candidate/check_compat_concurrency.sqlite3_django_test')...
Found 1 test(s).
Operations to perform:
  Synchronize unmigrated apps: django_filters, messages, rest_framework, staticfiles
  Apply all migrations: admin, ai_assistant, auth, branches, contenttypes, employees, erp, finance, operations, sessions, tasks
Synchronizing apps without migrations:
  Creating tables...
    Running deferred SQL...
Running migrations:
  Applying contenttypes.0001_initial... OK
  Applying auth.0001_initial... OK
  Applying admin.0001_initial... OK
  Applying admin.0002_logentry_remove_auto_add... OK
  Applying admin.0003_logentry_add_action_flag_choices... OK
  Applying ai_assistant.0001_initial... OK
  Applying ai_assistant.0002_taskchangelog... OK
  Applying ai_assistant.0003_claudeusagelog... OK
  Applying ai_assistant.0004_employeechangelog... OK
  Applying ai_assistant.0005_chatfile... OK
  Applying ai_assistant.0006_alter_chatmessage_created_at_and_more... OK
  Applying ai_assistant.0007_employeechangelog_undone_at... OK
  Applying ai_assistant.0008_chatmessage_archived_at_chatmessage_user_and_more... OK
  Applying ai_assistant.0009_private_documents... OK
  Applying contenttypes.0002_remove_content_type_name... OK
  Applying auth.0002_alter_permission_name_max_length... OK
  Applying auth.0003_alter_user_email_max_length... OK
  Applying auth.0004_alter_user_username_opts... OK
  Applying auth.0005_alter_user_last_login_null... OK
  Applying auth.0006_require_contenttypes_0002... OK
  Applying auth.0007_alter_validators_add_error_messages... OK
  Applying auth.0008_alter_user_username_max_length... OK
  Applying auth.0009_alter_user_last_name_max_length... OK
  Applying auth.0010_alter_group_name_max_length... OK
  Applying auth.0011_update_proxy_permissions... OK
  Applying auth.0012_alter_user_first_name_max_length... OK
  Applying branches.0001_initial... OK
  Applying branches.0002_branch_short_name... OK
  Applying branches.0003_fill_short_names... OK
  Applying employees.0001_initial... OK
  Applying employees.0002_alter_employee_department... OK
  Applying employees.0003_employee_branch... OK
  Applying employees.0004_employee_archived_at... OK
  Applying employees.0005_employee_user... OK
  Applying tasks.0001_initial... OK
  Applying tasks.0002_alter_task_priority... OK
  Applying tasks.0003_alter_task_deadline_alter_task_priority_and_more... OK
  Applying tasks.0004_task_branch... OK
  Applying finance.0001_initial... OK
  Applying finance.0002_alter_salary_unique_together_alter_contract_status_and_more... OK
  Applying finance.0003_transaction_branch... OK
  Applying operations.0001_initial... OK
  Applying operations.0002_actionproposal_user... OK
  Applying operations.0003_loginattempt... OK
  Applying operations.0004_alter_document_options_document_access_level... OK
  Applying operations.0005_invoice_boundaries... OK
  Applying operations.0006_private_documents... OK
  Applying erp.0001_initial... OK
  Applying erp.0002_row_boundaries... OK
  Applying erp.0003_purchase_source... OK
  Applying finance.0004_salary_archived_at_transaction_archived_at_and_more... OK
  Applying finance.0005_alter_transaction_branch_alter_transaction_contract_and_more... OK
  Applying finance.0006_financialintent... OK
  Applying finance.0007_money_boundaries... OK
  Applying sessions.0001_initial...test_http_pair_purchase (erp.test_concurrency.ERPProposalConcurrencyTests.test_http_pair_purchase)
Real concurrent confirmation/replay and exact poststate: ERP-purchase ... ok

----------------------------------------------------------------------
Ran 1 test in 0.801s

OK
Destroying test database for alias 'default' ('/workspace/scratch/c7b51e996a9f/tmp/b01_candidate/check_compat_concurrency.sqlite3_django_test')...
 OK
System check identified no issues (0 silenced).
A06_PAIR {"mode": "http", "action": "purchase", "currency": "EUR", "proposal_id": "b25b008b-92a8-4ebf-96ea-c39d33a50756", "workers": [{"worker": 0, "connection": 140255779594032, "started": 13158.544661389, "ended": 13158.561240699, "status": 409, "json": {"error": "Дані змінилися або дія вже виконується. Оновіть перегляд."}}, {"worker": 1, "connection": 140255779594992, "started": 13158.543494824, "ended": 13158.596508347, "status": 200, "json": {"state": "succeeded", "purchase_id": 2, "code": "A06-7fcc520c-PO2", "erp_event_id": 1, "impact": [{"kind": "purchases", "id": 2, "code": "A06-7fcc520c-PO2", "field": "quantity", "label": "Замовлено", "before": null, "after": "10.000", "currency": "EUR"}, {"kind": "purchases", "id": 2, "code": "A06-7fcc520c-PO2", "field": "price", "label": "Ціна одиниці", "before": null, "after": "2.00", "currency": "EUR"}, {"kind": "purchases", "id": 2, "code": "A06-7fcc520c-PO2", "field": "extras", "label": "Додаткові витрати", "before": null, "after": "10.00", "currency": "EUR"}, {"kind": "purchases", "id": 2, "code": "A06-7fcc520c-PO2", "field": "received", "label": "Отримано", "before": null, "after": "0.000", "currency": "EUR"}, {"kind": "purchases", "id": 2, "code": "A06-7fcc520c-PO2", "field": "status", "label": "Стан поставки", "before": null, "after": "ordered", "currency": "EUR"}, {"kind": "purchases", "id": 2, "code": "A06-7fcc520c-PO2", "field": "due_date", "label": "Очікувана дата", "before": null, "after": "2026-09-20", "currency": "EUR"}]}}]}
A06_PASS {"mode": "http", "action": "purchase", "currency": "EUR", "inventory_id": "ERP-purchase", "erp_event_id": 1, "statuses": [409, 200], "one_effect": true, "replay_unchanged": true}
A06_PAIR {"mode": "http", "action": "purchase", "currency": "USD", "proposal_id": "b4f2c085-45be-4619-9923-a1e232039ac5", "workers": [{"worker": 0, "connection": 140255758435328, "started": 13158.681371585, "ended": 13158.694360788, "status": 409, "json": {"error": "Дані змінилися або дія вже виконується. Оновіть перегляд."}}, {"worker": 1, "connection": 140255758438688, "started": 13158.680450154, "ended": 13158.738291373, "status": 200, "json": {"state": "succeeded", "purchase_id": 4, "code": "A06-ce7aa389-PO2", "erp_event_id": 2, "impact": [{"kind": "purchases", "id": 4, "code": "A06-ce7aa389-PO2", "field": "quantity", "label": "Замовлено", "before": null, "after": "10.000", "currency": "USD"}, {"kind": "purchases", "id": 4, "code": "A06-ce7aa389-PO2", "field": "price", "label": "Ціна одиниці", "before": null, "after": "2.00", "currency": "USD"}, {"kind": "purchases", "id": 4, "code": "A06-ce7aa389-PO2", "field": "extras", "label": "Додаткові витрати", "before": null, "after": "10.00", "currency": "USD"}, {"kind": "purchases", "id": 4, "code": "A06-ce7aa389-PO2", "field": "received", "label": "Отримано", "before": null, "after": "0.000", "currency": "USD"}, {"kind": "purchases", "id": 4, "code": "A06-ce7aa389-PO2", "field": "status", "label": "Стан поставки", "before": null, "after": "ordered", "currency": "USD"}, {"kind": "purchases", "id": 4, "code": "A06-ce7aa389-PO2", "field": "due_date", "label": "Очікувана дата", "before": null, "after": "2026-09-20", "currency": "USD"}]}}]}
A06_PASS {"mode": "http", "action": "purchase", "currency": "USD", "inventory_id": "ERP-purchase", "erp_event_id": 2, "statuses": [409, 200], "one_effect": true, "replay_unchanged": true}
A06_PAIR {"mode": "http", "action": "purchase", "currency": "UAH", "proposal_id": "18834fd3-2da6-4bb6-bc9b-f816339456ef", "workers": [{"worker": 0, "connection": 140255758444688, "started": 13158.830450927, "ended": 13158.846519987, "status": 409, "json": {"error": "Дані змінилися або дія вже виконується. Оновіть перегляд."}}, {"worker": 1, "connection": 140255758445648, "started": 13158.829430532, "ended": 13158.902449155, "status": 200, "json": {"state": "succeeded", "purchase_id": 6, "code": "A06-9cc08ee1-PO2", "erp_event_id": 3, "impact": [{"kind": "purchases", "id": 6, "code": "A06-9cc08ee1-PO2", "field": "quantity", "label": "Замовлено", "before": null, "after": "10.000", "currency": "UAH"}, {"kind": "purchases", "id": 6, "code": "A06-9cc08ee1-PO2", "field": "price", "label": "Ціна одиниці", "before": null, "after": "2.00", "currency": "UAH"}, {"kind": "purchases", "id": 6, "code": "A06-9cc08ee1-PO2", "field": "extras", "label": "Додаткові витрати", "before": null, "after": "10.00", "currency": "UAH"}, {"kind": "purchases", "id": 6, "code": "A06-9cc08ee1-PO2", "field": "received", "label": "Отримано", "before": null, "after": "0.000", "currency": "UAH"}, {"kind": "purchases", "id": 6, "code": "A06-9cc08ee1-PO2", "field": "status", "label": "Стан поставки", "before": null, "after": "ordered", "currency": "UAH"}, {"kind": "purchases", "id": 6, "code": "A06-9cc08ee1-PO2", "field": "due_date", "label": "Очікувана дата", "before": null, "after": "2026-09-20", "currency": "UAH"}]}}]}
A06_PASS {"mode": "http", "action": "purchase", "currency": "UAH", "inventory_id": "ERP-purchase", "erp_event_id": 3, "statuses": [409, 200], "one_effect": true, "replay_unchanged": true}
