Creating test database for alias 'default' ('/workspace/scratch/c7b51e996a9f/tmp/b01_candidate/check_b01_final.sqlite3_django_test')...
Destroying old test database for alias 'default' ('/workspace/scratch/c7b51e996a9f/tmp/b01_candidate/check_b01_final.sqlite3_django_test')...
Found 18 test(s).
Operations to perform:
  Synchronize unmigrated apps: django_filters, messages, rest_framework, staticfiles
  Apply all migrations: admin, ai_assistant, auth, branches, contenttypes, employees, erp, finance, operations, sessions, tasks
Synchronizing apps without migrations:
  Creating tables...
    Running deferred SQL...
Running migrations:
  Applying contenttypes.0001_initial... OK
  Applying auth.0001_initial... OK
  Applying admin.0001_initial... OK
  Applying admin.0002_logentry_remove_auto_add... OK
  Applying admin.0003_logentry_add_action_flag_choices... OK
  Applying ai_assistant.0001_initial... OK
  Applying ai_assistant.0002_taskchangelog... OK
  Applying ai_assistant.0003_claudeusagelog... OK
  Applying ai_assistant.0004_employeechangelog... OK
  Applying ai_assistant.0005_chatfile... OK
  Applying ai_assistant.0006_alter_chatmessage_created_at_and_more... OK
  Applying ai_assistant.0007_employeechangelog_undone_at... OK
  Applying ai_assistant.0008_chatmessage_archived_at_chatmessage_user_and_more... OK
  Applying ai_assistant.0009_private_documents... OK
  Applying contenttypes.0002_remove_content_type_name... OK
  Applying auth.0002_alter_permission_name_max_length... OK
  Applying auth.0003_alter_user_email_max_length... OK
  Applying auth.0004_alter_user_username_opts... OK
  Applying auth.0005_alter_user_last_login_null... OK
  Applying auth.0006_require_contenttypes_0002... OK
  Applying auth.0007_alter_validators_add_error_messages... OK
  Applying auth.0008_alter_user_username_max_length... OK
  Applying auth.0009_alter_user_last_name_max_length... OK
  Applying auth.0010_alter_group_name_max_length... OK
  Applying auth.0011_update_proxy_permissions... OK
  Applying auth.0012_alter_user_first_name_max_length... OK
  Applying branches.0001_initial... OK
  Applying branches.0002_branch_short_name... OK
  Applying branches.0003_fill_short_names... OK
  Applying employees.0001_initial... OK
  Applying employees.0002_alter_employee_department... OK
  Applying employees.0003_employee_branch... OK
  Applying employees.0004_employee_archived_at... OK
  Applying employees.0005_employee_user... OK
  Applying tasks.0001_initial... OK
  Applying tasks.0002_alter_task_priority... OK
  Applying tasks.0003_alter_task_deadline_alter_task_priority_and_more... OK
  Applying tasks.0004_task_branch... OK
  Applying finance.0001_initial... OK
  Applying finance.0002_alter_salary_unique_together_alter_contract_status_and_more... OK
  Applying finance.0003_transaction_branch... OK
  Applying operations.0001_initial... OK
  Applying operations.0002_actionproposal_user... OK
  Applying operations.0003_loginattempt... OK
  Applying operations.0004_alter_document_options_document_access_level... OK
  Applying operations.0005_invoice_boundaries... OK
  Applying operations.0006_private_documents... OK
  Applying erp.0001_initial... OK
  Applying erp.0002_row_boundaries... OK
  Applying erp.0003_purchase_source... OK
  Applying finance.0004_salary_archived_at_transaction_archived_at_and_more... OK
  Applying finance.0005_alter_transaction_branch_alter_transaction_contract_and_more... OK
  Applying finance.0006_financialintent... OK
  Applying finance.0007_money_boundaries... OK
  Applying sessions.0001_initial...test_bound_private_file_bytes_are_rechecked_without_fallback (erp.test_procurement_bridge.ProcurementBridgeTests.test_bound_private_file_bytes_are_rechecked_without_fallback) ... ok
test_changed_request_or_quote_invalidates_old_proposal_without_rewriting_history (erp.test_procurement_bridge.ProcurementBridgeTests.test_changed_request_or_quote_invalidates_old_proposal_without_rewriting_history) ... ok
test_creation_writers_lock_before_reading_source_rows (erp.test_procurement_bridge.ProcurementBridgeTests.test_creation_writers_lock_before_reading_source_rows) ... ok
test_direct_purchase_needs_reason_and_preserves_explicit_reason (erp.test_procurement_bridge.ProcurementBridgeTests.test_direct_purchase_needs_reason_and_preserves_explicit_reason) ... ok
test_direct_request_allocation_and_mapping_are_checked (erp.test_procurement_bridge.ProcurementBridgeTests.test_direct_request_allocation_and_mapping_are_checked) ... ok
test_event_failure_rolls_back_po_and_receipt_then_retry_succeeds (erp.test_procurement_bridge.ProcurementBridgeTests.test_event_failure_rolls_back_po_and_receipt_then_retry_succeeds) ... ok
test_existing_netto_tax_basis_is_preserved_and_unknown_tax_basis_refused (erp.test_procurement_bridge.ProcurementBridgeTests.test_existing_netto_tax_basis_is_preserved_and_unknown_tax_basis_refused) ... ok
test_fractional_allocation_and_item_planning_currency_are_not_extra_restrictions (erp.test_procurement_bridge.ProcurementBridgeTests.test_fractional_allocation_and_item_planning_currency_are_not_extra_restrictions) ... ok
test_historical_snapshot_source_hides_po_not_an_operational_lot_or_partial_aggregate (erp.test_procurement_bridge.ProcurementBridgeTests.test_historical_snapshot_source_hides_po_not_an_operational_lot_or_partial_aggregate) ... ok
test_ineligible_or_unverified_source_is_refused (erp.test_procurement_bridge.ProcurementBridgeTests.test_ineligible_or_unverified_source_is_refused) ... ok
test_original_bytes_and_latest_version_rechecked_at_confirmation (erp.test_procurement_bridge.ProcurementBridgeTests.test_original_bytes_and_latest_version_rechecked_at_confirmation) ... ok
test_quote_bound_fields_and_confirmation_are_not_client_controlled (erp.test_procurement_bridge.ProcurementBridgeTests.test_quote_bound_fields_and_confirmation_are_not_client_controlled) ... ok
test_quote_purchase_and_partial_receipts_in_three_currencies (erp.test_procurement_bridge.ProcurementBridgeTests.test_quote_purchase_and_partial_receipts_in_three_currencies) ... ok
test_source_scope_and_observer_projection_are_enforced (erp.test_procurement_bridge.ProcurementBridgeTests.test_source_scope_and_observer_projection_are_enforced) ... ok
test_split_allocation_and_compare_remainder_preserve_multiple_suppliers (erp.test_procurement_bridge.ProcurementBridgeTests.test_split_allocation_and_compare_remainder_preserve_multiple_suppliers) ... ok
test_two_confirmations_cannot_overallocate_and_successful_replay_is_identical (erp.test_procurement_bridge.ProcurementBridgeConcurrencyTests.test_two_confirmations_cannot_overallocate_and_successful_replay_is_identical) ... ok
test_historical_rows_ids_and_deleted_highwater_survive_forwards_and_backwards (erp.test_procurement_bridge.PurchaseSourceMigrationTests.test_historical_rows_ids_and_deleted_highwater_survive_forwards_and_backwards) ... ok
test_actual_approved_po_refuses_lossy_rollback_with_schema_and_rows_unchanged (erp.test_procurement_bridge.PurchaseSourceRollbackRefusalTests.test_actual_approved_po_refuses_lossy_rollback_with_schema_and_rows_unchanged) ... ok

----------------------------------------------------------------------
Ran 18 tests in 4.303s

OK
Destroying test database for alias 'default' ('/workspace/scratch/c7b51e996a9f/tmp/b01_candidate/check_b01_final.sqlite3_django_test')...
 OK
System check identified no issues (0 silenced).
B01_CONCURRENCY [{"status": 200, "json": {"state": "succeeded", "purchase_id": 1, "code": "B01-PO-4fb85dec361e", "erp_event_id": 1, "impact": [{"kind": "purchases", "id": 1, "code": "B01-PO-4fb85dec361e", "field": "quantity", "label": "Замовлено", "before": null, "after": "6.000", "currency": "EUR"}, {"kind": "purchases", "id": 1, "code": "B01-PO-4fb85dec361e", "field": "price", "label": "Ціна одиниці", "before": null, "after": "12.34", "currency": "EUR"}, {"kind": "purchases", "id": 1, "code": "B01-PO-4fb85dec361e", "field": "extras", "label": "Додаткові витрати", "before": null, "after": "5.00", "currency": "EUR"}, {"kind": "purchases", "id": 1, "code": "B01-PO-4fb85dec361e", "field": "received", "label": "Отримано", "before": null, "after": "0.000", "currency": "EUR"}, {"kind": "purchases", "id": 1, "code": "B01-PO-4fb85dec361e", "field": "status", "label": "Стан поставки", "before": null, "after": "ordered", "currency": "EUR"}, {"kind": "purchases", "id": 1, "code": "B01-PO-4fb85dec361e", "field": "due_date", "label": "Очікувана дата", "before": null, "after": "2026-10-20", "currency": "EUR"}]}, "proposal": "c6c50fee-e1f1-42ee-ab67-35ca67e30986"}, {"status": 409, "json": {"error": "Дані змінилися або дія вже виконується. Оновіть перегляд."}, "proposal": "85d83673-1250-4b26-857c-7f2c6a159063"}]
B01_SOURCE_ROLLBACK {"refused": true, "changed": [], "purchase_id": 6, "source": "actual HTTP approved quote purchase"}
