01. Міграції на порожніх SQLite і PostgreSQL
  НЕ ЗАПУЩЕНО
02. 151 функціональна + 5 launcher + решта тестів на обох СУБД
  sqlite: check_workspace.py
  sqlite: check_erp.py
  sqlite: check_operations.py
  sqlite: check_original.py
  sqlite: check_launcher.py
  postgres: check_workspace.py
  НЕ ЗАПУЩЕНО
03. П’ять інваріантів, мінімум 1000 випадкових прогонів кожний
  НЕ ЗАПУЩЕНО
04. Права всіх ролей на всіх API/admin та всіх поверхнях даних
  ПРОЙДЕНО
05. Два одночасні виклики кожної грошової та складської дії
  НЕ ЗАПУЩЕНО
06. Наскрізний процес на чистій базі, звірка до копійки
  НЕ РЕАЛІЗОВАНО
07. Backup/restore у чисту установку: кількості, суми, версії, SHA
  ПРОЙДЕНО
08. Чиста виробнича установка: TLS, cookies, proxy, health, logs
  ПОМИЛКА
09. Оновлення N → N+1 та відновлення N після rollback
  НЕ РЕАЛІЗОВАНО
10. Браузер: 390/768/1440, 200%, клавіатура, Escape, мережа
  НЕ РЕАЛІЗОВАНО
11. Чиста Windows / Python 3.12: критерії 1–3 і 6
  НЕ ЗАПУЩЕНО
НЕ ПРИЙНЯТО: /workspace/sites/bos-original-refined/evidence/B01/verify-2/report.json
