Creating test database for alias 'default' ('/workspace/scratch/c7b51e996a9f/tmp/b01_candidate/check_b01_red.sqlite3_django_test')...
Destroying old test database for alias 'default' ('/workspace/scratch/c7b51e996a9f/tmp/b01_candidate/check_b01_red.sqlite3_django_test')...
Found 11 test(s).
Operations to perform:
  Synchronize unmigrated apps: django_filters, messages, rest_framework, staticfiles
  Apply all migrations: admin, ai_assistant, auth, branches, contenttypes, employees, erp, finance, operations, sessions, tasks
Synchronizing apps without migrations:
  Creating tables...
    Running deferred SQL...
Running migrations:
  Applying contenttypes.0001_initial... OK
  Applying auth.0001_initial... OK
  Applying admin.0001_initial... OK
  Applying admin.0002_logentry_remove_auto_add... OK
  Applying admin.0003_logentry_add_action_flag_choices... OK
  Applying ai_assistant.0001_initial... OK
  Applying ai_assistant.0002_taskchangelog... OK
  Applying ai_assistant.0003_claudeusagelog... OK
  Applying ai_assistant.0004_employeechangelog... OK
  Applying ai_assistant.0005_chatfile... OK
  Applying ai_assistant.0006_alter_chatmessage_created_at_and_more... OK
  Applying ai_assistant.0007_employeechangelog_undone_at... OK
  Applying ai_assistant.0008_chatmessage_archived_at_chatmessage_user_and_more... OK
  Applying ai_assistant.0009_private_documents... OK
  Applying contenttypes.0002_remove_content_type_name... OK
  Applying auth.0002_alter_permission_name_max_length... OK
  Applying auth.0003_alter_user_email_max_length... OK
  Applying auth.0004_alter_user_username_opts... OK
  Applying auth.0005_alter_user_last_login_null... OK
  Applying auth.0006_require_contenttypes_0002... OK
  Applying auth.0007_alter_validators_add_error_messages... OK
  Applying auth.0008_alter_user_username_max_length... OK
  Applying auth.0009_alter_user_last_name_max_length... OK
  Applying auth.0010_alter_group_name_max_length... OK
  Applying auth.0011_update_proxy_permissions... OK
  Applying auth.0012_alter_user_first_name_max_length... OK
  Applying branches.0001_initial... OK
  Applying branches.0002_branch_short_name... OK
  Applying branches.0003_fill_short_names... OK
  Applying employees.0001_initial... OK
  Applying employees.0002_alter_employee_department... OK
  Applying employees.0003_employee_branch... OK
  Applying employees.0004_employee_archived_at... OK
  Applying employees.0005_employee_user... OK
  Applying tasks.0001_initial... OK
  Applying tasks.0002_alter_task_priority... OK
  Applying tasks.0003_alter_task_deadline_alter_task_priority_and_more... OK
  Applying tasks.0004_task_branch... OK
  Applying finance.0001_initial... OK
  Applying finance.0002_alter_salary_unique_together_alter_contract_status_and_more... OK
  Applying finance.0003_transaction_branch... OK
  Applying operations.0001_initial... OK
  Applying erp.0001_initial... OK
  Applying erp.0002_row_boundaries... OK
  Applying finance.0004_salary_archived_at_transaction_archived_at_and_more... OK
  Applying finance.0005_alter_transaction_branch_alter_transaction_contract_and_more... OK
  Applying finance.0006_financialintent... OK
  Applying finance.0007_money_boundaries... OK
  Applying operations.0002_actionproposal_user... OK
  Applying operations.0003_loginattempt... OK
  Applying operations.0004_alter_document_options_document_access_level... OK
  Applying operations.0005_invoice_boundaries... OK
  Applying operations.0006_private_documents... OK
  Applying sessions.0001_initial...test_changed_request_or_quote_invalidates_old_proposal_without_rewriting_history (erp.test_procurement_bridge.ProcurementBridgeTests.test_changed_request_or_quote_invalidates_old_proposal_without_rewriting_history) ... 
  test_changed_request_or_quote_invalidates_old_proposal_without_rewriting_history (erp.test_procurement_bridge.ProcurementBridgeTests.test_changed_request_or_quote_invalidates_old_proposal_without_rewriting_history) (model='operations.SupplierQuote') ... FAIL
  test_changed_request_or_quote_invalidates_old_proposal_without_rewriting_history (erp.test_procurement_bridge.ProcurementBridgeTests.test_changed_request_or_quote_invalidates_old_proposal_without_rewriting_history) (model='operations.ProcurementRequest') ... FAIL
test_changed_request_or_quote_invalidates_old_proposal_without_rewriting_history (erp.test_procurement_bridge.ProcurementBridgeTests.test_changed_request_or_quote_invalidates_old_proposal_without_rewriting_history) ... FAIL
test_creation_writers_lock_before_reading_source_rows (erp.test_procurement_bridge.ProcurementBridgeTests.test_creation_writers_lock_before_reading_source_rows) ... FAIL
test_direct_purchase_needs_reason_and_preserves_explicit_reason (erp.test_procurement_bridge.ProcurementBridgeTests.test_direct_purchase_needs_reason_and_preserves_explicit_reason) ... FAIL
test_direct_request_allocation_and_mapping_are_checked (erp.test_procurement_bridge.ProcurementBridgeTests.test_direct_request_allocation_and_mapping_are_checked) ... FAIL
test_ineligible_or_unverified_source_is_refused (erp.test_procurement_bridge.ProcurementBridgeTests.test_ineligible_or_unverified_source_is_refused) ... ok
test_original_bytes_and_latest_version_rechecked_at_confirmation (erp.test_procurement_bridge.ProcurementBridgeTests.test_original_bytes_and_latest_version_rechecked_at_confirmation) ... FAIL
test_quote_bound_fields_and_confirmation_are_not_client_controlled (erp.test_procurement_bridge.ProcurementBridgeTests.test_quote_bound_fields_and_confirmation_are_not_client_controlled) ... ok
test_quote_purchase_and_partial_receipts_in_three_currencies (erp.test_procurement_bridge.ProcurementBridgeTests.test_quote_purchase_and_partial_receipts_in_three_currencies) ... 
  test_quote_purchase_and_partial_receipts_in_three_currencies (erp.test_procurement_bridge.ProcurementBridgeTests.test_quote_purchase_and_partial_receipts_in_three_currencies) (currency='EUR') ... FAIL
  test_quote_purchase_and_partial_receipts_in_three_currencies (erp.test_procurement_bridge.ProcurementBridgeTests.test_quote_purchase_and_partial_receipts_in_three_currencies) (currency='USD') ... FAIL
  test_quote_purchase_and_partial_receipts_in_three_currencies (erp.test_procurement_bridge.ProcurementBridgeTests.test_quote_purchase_and_partial_receipts_in_three_currencies) (currency='UAH') ... FAIL
test_source_scope_and_observer_projection_are_enforced (erp.test_procurement_bridge.ProcurementBridgeTests.test_source_scope_and_observer_projection_are_enforced) ... FAIL
test_split_allocation_and_compare_remainder_preserve_multiple_suppliers (erp.test_procurement_bridge.ProcurementBridgeTests.test_split_allocation_and_compare_remainder_preserve_multiple_suppliers) ... FAIL
test_two_confirmations_cannot_overallocate_and_successful_replay_is_identical (erp.test_procurement_bridge.ProcurementBridgeConcurrencyTests.test_two_confirmations_cannot_overallocate_and_successful_replay_is_identical) ... FAIL

======================================================================
FAIL: test_changed_request_or_quote_invalidates_old_proposal_without_rewriting_history (erp.test_procurement_bridge.ProcurementBridgeTests.test_changed_request_or_quote_invalidates_old_proposal_without_rewriting_history) (model='operations.SupplierQuote')
----------------------------------------------------------------------
Traceback (most recent call last):
  File "/workspace/scratch/c7b51e996a9f/tmp/b01_candidate/source/erp/test_procurement_bridge.py", line 190, in test_changed_request_or_quote_invalidates_old_proposal_without_rewriting_history
    pid=self.preview(self.payload())
        ^^^^^^^^^^^^^^^^^^^^^^^^^^^^
  File "/workspace/scratch/c7b51e996a9f/tmp/b01_candidate/source/erp/test_procurement_bridge.py", line 80, in preview
    self.assertEqual(response.status_code, 200, response.content)
AssertionError: 422 != 200 : b'{"error": "\\u041f\\u0435\\u0440\\u0435\\u0432\\u0456\\u0440\\u0442\\u0435 \\u043e\\u0431\\u043e\\u0432\\u2019\\u044f\\u0437\\u043a\\u043e\\u0432\\u0456 \\u0442\\u0430 \\u0437\\u0430\\u0439\\u0432\\u0456 \\u043f\\u043e\\u043b\\u044f."}'

======================================================================
FAIL: test_changed_request_or_quote_invalidates_old_proposal_without_rewriting_history (erp.test_procurement_bridge.ProcurementBridgeTests.test_changed_request_or_quote_invalidates_old_proposal_without_rewriting_history) (model='operations.ProcurementRequest')
----------------------------------------------------------------------
Traceback (most recent call last):
  File "/workspace/scratch/c7b51e996a9f/tmp/b01_candidate/source/erp/test_procurement_bridge.py", line 190, in test_changed_request_or_quote_invalidates_old_proposal_without_rewriting_history
    pid=self.preview(self.payload())
        ^^^^^^^^^^^^^^^^^^^^^^^^^^^^
  File "/workspace/scratch/c7b51e996a9f/tmp/b01_candidate/source/erp/test_procurement_bridge.py", line 80, in preview
    self.assertEqual(response.status_code, 200, response.content)
AssertionError: 422 != 200 : b'{"error": "\\u041f\\u0435\\u0440\\u0435\\u0432\\u0456\\u0440\\u0442\\u0435 \\u043e\\u0431\\u043e\\u0432\\u2019\\u044f\\u0437\\u043a\\u043e\\u0432\\u0456 \\u0442\\u0430 \\u0437\\u0430\\u0439\\u0432\\u0456 \\u043f\\u043e\\u043b\\u044f."}'

======================================================================
FAIL: test_changed_request_or_quote_invalidates_old_proposal_without_rewriting_history (erp.test_procurement_bridge.ProcurementBridgeTests.test_changed_request_or_quote_invalidates_old_proposal_without_rewriting_history)
----------------------------------------------------------------------
Traceback (most recent call last):
  File "/workspace/scratch/c7b51e996a9f/tmp/b01_candidate/source/erp/test_procurement_bridge.py", line 199, in test_changed_request_or_quote_invalidates_old_proposal_without_rewriting_history
    _,_,po=self.buy(self.payload())
           ^^^^^^^^^^^^^^^^^^^^^^^^
  File "/workspace/scratch/c7b51e996a9f/tmp/b01_candidate/source/erp/test_procurement_bridge.py", line 88, in buy
    proposal = self.preview(payload, client)
               ^^^^^^^^^^^^^^^^^^^^^^^^^^^^^
  File "/workspace/scratch/c7b51e996a9f/tmp/b01_candidate/source/erp/test_procurement_bridge.py", line 80, in preview
    self.assertEqual(response.status_code, 200, response.content)
AssertionError: 422 != 200 : b'{"error": "\\u041f\\u0435\\u0440\\u0435\\u0432\\u0456\\u0440\\u0442\\u0435 \\u043e\\u0431\\u043e\\u0432\\u2019\\u044f\\u0437\\u043a\\u043e\\u0432\\u0456 \\u0442\\u0430 \\u0437\\u0430\\u0439\\u0432\\u0456 \\u043f\\u043e\\u043b\\u044f."}'

======================================================================
FAIL: test_creation_writers_lock_before_reading_source_rows (erp.test_procurement_bridge.ProcurementBridgeTests.test_creation_writers_lock_before_reading_source_rows)
----------------------------------------------------------------------
Traceback (most recent call last):
  File "/workspace/scratch/c7b51e996a9f/tmp/b01_candidate/source/erp/test_procurement_bridge.py", line 297, in test_creation_writers_lock_before_reading_source_rows
    self.assertTrue(locks,'Source writer did not acquire the canonical ERP mutex')
AssertionError: [] is not true : Source writer did not acquire the canonical ERP mutex

======================================================================
FAIL: test_direct_purchase_needs_reason_and_preserves_explicit_reason (erp.test_procurement_bridge.ProcurementBridgeTests.test_direct_purchase_needs_reason_and_preserves_explicit_reason)
----------------------------------------------------------------------
Traceback (most recent call last):
  File "/workspace/scratch/c7b51e996a9f/tmp/b01_candidate/source/erp/test_procurement_bridge.py", line 107, in test_direct_purchase_needs_reason_and_preserves_explicit_reason
    self.assertEqual(denied.status_code, 422, denied.content)
AssertionError: 200 != 422 : b'{"id": "1f01244c-5f7f-49c2-8e53-47e156aa6f6e", "payload": {"action": "erp_purchase", "code": "B01-PO-b725193126c8", "item_id": 1, "supplier_id": 1, "quantity": "10", "price": "12.34", "extras": "5.00", "currency": "EUR", "due_date": "2026-10-20", "revision": "A"}, "expires_at": "2026-09-12T11:34:23.889994+00:00", "effect": {"purchase_id": 1, "code": "B01-PO-b725193126c8"}, "impact": [{"kind": "purchases", "id": 1, "code": "B01-PO-b725193126c8", "field": "quantity", "label": "\\u0417\\u0430\\u043c\\u043e\\u0432\\u043b\\u0435\\u043d\\u043e", "before": null, "after": "10.000", "currency": "EUR"}, {"kind": "purchases", "id": 1, "code": "B01-PO-b725193126c8", "field": "price", "label": "\\u0426\\u0456\\u043d\\u0430 \\u043e\\u0434\\u0438\\u043d\\u0438\\u0446\\u0456", "before": null, "after": "12.34", "currency": "EUR"}, {"kind": "purchases", "id": 1, "code": "B01-PO-b725193126c8", "field": "extras", "label": "\\u0414\\u043e\\u0434\\u0430\\u0442\\u043a\\u043e\\u0432\\u0456 \\u0432\\u0438\\u0442\\u0440\\u0430\\u0442\\u0438", "before": null, "after": "5.00", "currency": "EUR"}, {"kind": "purchases", "id": 1, "code": "B01-PO-b725193126c8", "field": "received", "label": "\\u041e\\u0442\\u0440\\u0438\\u043c\\u0430\\u043d\\u043e", "before": null, "after": "0.000", "currency": "EUR"}, {"kind": "purchases", "id": 1, "code": "B01-PO-b725193126c8", "field": "status", "label": "\\u0421\\u0442\\u0430\\u043d \\u043f\\u043e\\u0441\\u0442\\u0430\\u0432\\u043a\\u0438", "before": null, "after": "ordered", "currency": "EUR"}, {"kind": "purchases", "id": 1, "code": "B01-PO-b725193126c8", "field": "due_date", "label": "\\u041e\\u0447\\u0456\\u043a\\u0443\\u0432\\u0430\\u043d\\u0430 \\u0434\\u0430\\u0442\\u0430", "before": null, "after": "2026-10-20", "currency": "EUR"}]}'

======================================================================
FAIL: test_direct_request_allocation_and_mapping_are_checked (erp.test_procurement_bridge.ProcurementBridgeTests.test_direct_request_allocation_and_mapping_are_checked)
----------------------------------------------------------------------
Traceback (most recent call last):
  File "/workspace/scratch/c7b51e996a9f/tmp/b01_candidate/source/erp/test_procurement_bridge.py", line 250, in test_direct_request_allocation_and_mapping_are_checked
    self.buy(payload)
  File "/workspace/scratch/c7b51e996a9f/tmp/b01_candidate/source/erp/test_procurement_bridge.py", line 88, in buy
    proposal = self.preview(payload, client)
               ^^^^^^^^^^^^^^^^^^^^^^^^^^^^^
  File "/workspace/scratch/c7b51e996a9f/tmp/b01_candidate/source/erp/test_procurement_bridge.py", line 80, in preview
    self.assertEqual(response.status_code, 200, response.content)
AssertionError: 422 != 200 : b'{"error": "\\u041f\\u0435\\u0440\\u0435\\u0432\\u0456\\u0440\\u0442\\u0435 \\u043e\\u0431\\u043e\\u0432\\u2019\\u044f\\u0437\\u043a\\u043e\\u0432\\u0456 \\u0442\\u0430 \\u0437\\u0430\\u0439\\u0432\\u0456 \\u043f\\u043e\\u043b\\u044f."}'

======================================================================
FAIL: test_original_bytes_and_latest_version_rechecked_at_confirmation (erp.test_procurement_bridge.ProcurementBridgeTests.test_original_bytes_and_latest_version_rechecked_at_confirmation)
----------------------------------------------------------------------
Traceback (most recent call last):
  File "/workspace/scratch/c7b51e996a9f/tmp/b01_candidate/source/erp/test_procurement_bridge.py", line 209, in test_original_bytes_and_latest_version_rechecked_at_confirmation
    pid=self.preview(self.payload())
        ^^^^^^^^^^^^^^^^^^^^^^^^^^^^
  File "/workspace/scratch/c7b51e996a9f/tmp/b01_candidate/source/erp/test_procurement_bridge.py", line 80, in preview
    self.assertEqual(response.status_code, 200, response.content)
AssertionError: 422 != 200 : b'{"error": "\\u041f\\u0435\\u0440\\u0435\\u0432\\u0456\\u0440\\u0442\\u0435 \\u043e\\u0431\\u043e\\u0432\\u2019\\u044f\\u0437\\u043a\\u043e\\u0432\\u0456 \\u0442\\u0430 \\u0437\\u0430\\u0439\\u0432\\u0456 \\u043f\\u043e\\u043b\\u044f."}'

======================================================================
FAIL: test_quote_purchase_and_partial_receipts_in_three_currencies (erp.test_procurement_bridge.ProcurementBridgeTests.test_quote_purchase_and_partial_receipts_in_three_currencies) (currency='EUR')
----------------------------------------------------------------------
Traceback (most recent call last):
  File "/workspace/scratch/c7b51e996a9f/tmp/b01_candidate/source/erp/test_procurement_bridge.py", line 120, in test_quote_purchase_and_partial_receipts_in_three_currencies
    proposal, receipt, po = self.buy(payload)
                            ^^^^^^^^^^^^^^^^^
  File "/workspace/scratch/c7b51e996a9f/tmp/b01_candidate/source/erp/test_procurement_bridge.py", line 88, in buy
    proposal = self.preview(payload, client)
               ^^^^^^^^^^^^^^^^^^^^^^^^^^^^^
  File "/workspace/scratch/c7b51e996a9f/tmp/b01_candidate/source/erp/test_procurement_bridge.py", line 80, in preview
    self.assertEqual(response.status_code, 200, response.content)
AssertionError: 422 != 200 : b'{"error": "\\u041f\\u0435\\u0440\\u0435\\u0432\\u0456\\u0440\\u0442\\u0435 \\u043e\\u0431\\u043e\\u0432\\u2019\\u044f\\u0437\\u043a\\u043e\\u0432\\u0456 \\u0442\\u0430 \\u0437\\u0430\\u0439\\u0432\\u0456 \\u043f\\u043e\\u043b\\u044f."}'

======================================================================
FAIL: test_quote_purchase_and_partial_receipts_in_three_currencies (erp.test_procurement_bridge.ProcurementBridgeTests.test_quote_purchase_and_partial_receipts_in_three_currencies) (currency='USD')
----------------------------------------------------------------------
Traceback (most recent call last):
  File "/workspace/scratch/c7b51e996a9f/tmp/b01_candidate/source/erp/test_procurement_bridge.py", line 120, in test_quote_purchase_and_partial_receipts_in_three_currencies
    proposal, receipt, po = self.buy(payload)
                            ^^^^^^^^^^^^^^^^^
  File "/workspace/scratch/c7b51e996a9f/tmp/b01_candidate/source/erp/test_procurement_bridge.py", line 88, in buy
    proposal = self.preview(payload, client)
               ^^^^^^^^^^^^^^^^^^^^^^^^^^^^^
  File "/workspace/scratch/c7b51e996a9f/tmp/b01_candidate/source/erp/test_procurement_bridge.py", line 80, in preview
    self.assertEqual(response.status_code, 200, response.content)
AssertionError: 422 != 200 : b'{"error": "\\u041f\\u0435\\u0440\\u0435\\u0432\\u0456\\u0440\\u0442\\u0435 \\u043e\\u0431\\u043e\\u0432\\u2019\\u044f\\u0437\\u043a\\u043e\\u0432\\u0456 \\u0442\\u0430 \\u0437\\u0430\\u0439\\u0432\\u0456 \\u043f\\u043e\\u043b\\u044f."}'

======================================================================
FAIL: test_quote_purchase_and_partial_receipts_in_three_currencies (erp.test_procurement_bridge.ProcurementBridgeTests.test_quote_purchase_and_partial_receipts_in_three_currencies) (currency='UAH')
----------------------------------------------------------------------
Traceback (most recent call last):
  File "/workspace/scratch/c7b51e996a9f/tmp/b01_candidate/source/erp/test_procurement_bridge.py", line 120, in test_quote_purchase_and_partial_receipts_in_three_currencies
    proposal, receipt, po = self.buy(payload)
                            ^^^^^^^^^^^^^^^^^
  File "/workspace/scratch/c7b51e996a9f/tmp/b01_candidate/source/erp/test_procurement_bridge.py", line 88, in buy
    proposal = self.preview(payload, client)
               ^^^^^^^^^^^^^^^^^^^^^^^^^^^^^
  File "/workspace/scratch/c7b51e996a9f/tmp/b01_candidate/source/erp/test_procurement_bridge.py", line 80, in preview
    self.assertEqual(response.status_code, 200, response.content)
AssertionError: 422 != 200 : b'{"error": "\\u041f\\u0435\\u0440\\u0435\\u0432\\u0456\\u0440\\u0442\\u0435 \\u043e\\u0431\\u043e\\u0432\\u2019\\u044f\\u0437\\u043a\\u043e\\u0432\\u0456 \\u0442\\u0430 \\u0437\\u0430\\u0439\\u0432\\u0456 \\u043f\\u043e\\u043b\\u044f."}'

======================================================================
FAIL: test_source_scope_and_observer_projection_are_enforced (erp.test_procurement_bridge.ProcurementBridgeTests.test_source_scope_and_observer_projection_are_enforced)
----------------------------------------------------------------------
Traceback (most recent call last):
  File "/workspace/scratch/c7b51e996a9f/tmp/b01_candidate/source/erp/test_procurement_bridge.py", line 261, in test_source_scope_and_observer_projection_are_enforced
    pid,_,po=self.buy(self.payload(),manager)
             ^^^^^^^^^^^^^^^^^^^^^^^^^^^^^^^^
  File "/workspace/scratch/c7b51e996a9f/tmp/b01_candidate/source/erp/test_procurement_bridge.py", line 88, in buy
    proposal = self.preview(payload, client)
               ^^^^^^^^^^^^^^^^^^^^^^^^^^^^^
  File "/workspace/scratch/c7b51e996a9f/tmp/b01_candidate/source/erp/test_procurement_bridge.py", line 80, in preview
    self.assertEqual(response.status_code, 200, response.content)
AssertionError: 422 != 200 : b'{"error": "\\u041f\\u0435\\u0440\\u0435\\u0432\\u0456\\u0440\\u0442\\u0435 \\u043e\\u0431\\u043e\\u0432\\u2019\\u044f\\u0437\\u043a\\u043e\\u0432\\u0456 \\u0442\\u0430 \\u0437\\u0430\\u0439\\u0432\\u0456 \\u043f\\u043e\\u043b\\u044f."}'

======================================================================
FAIL: test_split_allocation_and_compare_remainder_preserve_multiple_suppliers (erp.test_procurement_bridge.ProcurementBridgeTests.test_split_allocation_and_compare_remainder_preserve_multiple_suppliers)
----------------------------------------------------------------------
Traceback (most recent call last):
  File "/workspace/scratch/c7b51e996a9f/tmp/b01_candidate/source/erp/test_procurement_bridge.py", line 226, in test_split_allocation_and_compare_remainder_preserve_multiple_suppliers
    _,_,first=self.buy(self.payload(quantity='6'))
              ^^^^^^^^^^^^^^^^^^^^^^^^^^^^^^^^^^^^
  File "/workspace/scratch/c7b51e996a9f/tmp/b01_candidate/source/erp/test_procurement_bridge.py", line 88, in buy
    proposal = self.preview(payload, client)
               ^^^^^^^^^^^^^^^^^^^^^^^^^^^^^
  File "/workspace/scratch/c7b51e996a9f/tmp/b01_candidate/source/erp/test_procurement_bridge.py", line 80, in preview
    self.assertEqual(response.status_code, 200, response.content)
AssertionError: 422 != 200 : b'{"error": "\\u041f\\u0435\\u0440\\u0435\\u0432\\u0456\\u0440\\u0442\\u0435 \\u043e\\u0431\\u043e\\u0432\\u2019\\u044f\\u0437\\u043a\\u043e\\u0432\\u0456 \\u0442\\u0430 \\u0437\\u0430\\u0439\\u0432\\u0456 \\u043f\\u043e\\u043b\\u044f."}'

======================================================================
FAIL: test_two_confirmations_cannot_overallocate_and_successful_replay_is_identical (erp.test_procurement_bridge.ProcurementBridgeConcurrencyTests.test_two_confirmations_cannot_overallocate_and_successful_replay_is_identical)
----------------------------------------------------------------------
Traceback (most recent call last):
  File "/workspace/scratch/c7b51e996a9f/tmp/b01_candidate/source/erp/test_procurement_bridge.py", line 306, in test_two_confirmations_cannot_overallocate_and_successful_replay_is_identical
    proposals=[self.preview(self.payload(quantity='6')) for _ in range(2)]
               ^^^^^^^^^^^^^^^^^^^^^^^^^^^^^^^^^^^^^^^^
  File "/workspace/scratch/c7b51e996a9f/tmp/b01_candidate/source/erp/test_procurement_bridge.py", line 80, in preview
    self.assertEqual(response.status_code, 200, response.content)
AssertionError: 422 != 200 : b'{"error": "\\u041f\\u0435\\u0440\\u0435\\u0432\\u0456\\u0440\\u0442\\u0435 \\u043e\\u0431\\u043e\\u0432\\u2019\\u044f\\u0437\\u043a\\u043e\\u0432\\u0456 \\u0442\\u0430 \\u0437\\u0430\\u0439\\u0432\\u0456 \\u043f\\u043e\\u043b\\u044f."}'

----------------------------------------------------------------------
Ran 11 tests in 0.326s

FAILED (failures=13)
Destroying test database for alias 'default' ('/workspace/scratch/c7b51e996a9f/tmp/b01_candidate/check_b01_red.sqlite3_django_test')...
 OK
System check identified no issues (0 silenced).
