BOS_DATABASE {"vendor": "sqlite", "version": "3.53.1"}
Навчальну компанію BoS створено: 6 співробітників, 8 доручень, 3 заявки, 9 пропозицій, 13 документів.
Навчальна компанія вже існує. Записи збережено.
{
  "passed": 48,
  "checks": [
    "Навчальні зв’язки й обсяг",
    "Повторний імпорт без дублів",
    "Заборгованість і залишок",
    "Прострочені доручення",
    "R01: повна вартість і комплектність",
    "R01: симуляція 25 одиниць",
    "R02: жодної відповідної пропозиції",
    "R03: прострочена пропозиція виключена",
    "Некоректна кількість",
    "Попередній перегляд без виконання",
    "Відсутність підтвердження",
    "Погодження зберігає доручення і журнал",
    "Та сама модель доручень",
    "Повтор не створює дубль",
    "Чуже погодження недоступне",
    "CSRF обов’язковий",
    "Спостерігач не створює доручення",
    "Спостерігач не обходить через старий API",
    "Спостерігач може читати сценарну відповідь",
    "Погодження спливло",
    "Конфлікт версії доручення",
    "Зміна заявки скасовує погодження",
    "Нова версія скасовує погодження",
    "Нова версія позначає порівняння",
    "Пошук актуальної версії",
    "Старий текст виключений з пошуку",
    "Історія версій збережена",
    "Завантаження оригіналу",
    "Некоректний PDF повертає помилку",
    "Перевищення розміру",
    "Читання DOCX",
    "Читання XLSX",
    "PDF без тексту потребує OCR",
    "Перевірка документа людиною",
    "Оновлення статусу",
    "Невідомий відповідальний",
    "Невідомий інструмент заборонено",
    "Імпорт не дозволяє додаткових інструментів",
    "Відвертий локальний режим",
    "Зовнішня відправка відсутня",
    "RFQ є чернеткою",
    "Контекст містить умови й джерела",
    "Створення власної заявки",
    "Створення власної пропозиції",
    "Власна заявка порівнюється",
    "Валюти не змішуються",
    "Сторонній мережевий клієнт заблокований",
    "Оригінальна база незмінна"
  ],
  "original_db_sha256": "945ac82e3de4c212e2f50c8179c80f8e00c3298e74ec0999c777ee319b226b33",
  "not_tested": [
    "Браузер і мобільний вигляд",
    "Windows",
    "Зовнішня мовна модель",
    "Ізоляція клієнтів на сервері"
  ]
}

--- STDERR ---
invalid pdf header: b'bad'
EOF marker not found
EOF marker not found
