test_changed_receipt_and_torn_pointer_are_not_repaired (__main__.GenerationLedgerTests.test_changed_receipt_and_torn_pointer_are_not_repaired) ... FAIL
test_forged_candidate_hardlink_alias_and_foreign_root_refuse (__main__.GenerationLedgerTests.test_forged_candidate_hardlink_alias_and_foreign_root_refuse) ... FAIL
test_original_anchor_preserves_registry_code_config_and_state (__main__.GenerationLedgerTests.test_original_anchor_preserves_registry_code_config_and_state) ... FAIL
test_same_operation_replay_payload_parent_conflict (__main__.GenerationLedgerTests.test_same_operation_replay_payload_parent_conflict) ... FAIL
test_seal_exact_manifest_replay_and_changed_candidate_refusal (__main__.GenerationLedgerTests.test_seal_exact_manifest_replay_and_changed_candidate_refusal) ... FAIL
test_wrong_config_and_code_refuse_without_descriptor (__main__.GenerationLedgerTests.test_wrong_config_and_code_refuse_without_descriptor) ... FAIL

======================================================================
FAIL: test_changed_receipt_and_torn_pointer_are_not_repaired (__main__.GenerationLedgerTests.test_changed_receipt_and_torn_pointer_are_not_repaired)
----------------------------------------------------------------------
Traceback (most recent call last):
  File "/workspace/scratch/c7b51e996a9f/tmp/a10_generation_ledger_tests.py", line 72, in setUp
    self.assertTrue(MODULE.is_file(), 'A10 generation ledger is not implemented')
AssertionError: False is not true : A10 generation ledger is not implemented

======================================================================
FAIL: test_forged_candidate_hardlink_alias_and_foreign_root_refuse (__main__.GenerationLedgerTests.test_forged_candidate_hardlink_alias_and_foreign_root_refuse)
----------------------------------------------------------------------
Traceback (most recent call last):
  File "/workspace/scratch/c7b51e996a9f/tmp/a10_generation_ledger_tests.py", line 72, in setUp
    self.assertTrue(MODULE.is_file(), 'A10 generation ledger is not implemented')
AssertionError: False is not true : A10 generation ledger is not implemented

======================================================================
FAIL: test_original_anchor_preserves_registry_code_config_and_state (__main__.GenerationLedgerTests.test_original_anchor_preserves_registry_code_config_and_state)
----------------------------------------------------------------------
Traceback (most recent call last):
  File "/workspace/scratch/c7b51e996a9f/tmp/a10_generation_ledger_tests.py", line 72, in setUp
    self.assertTrue(MODULE.is_file(), 'A10 generation ledger is not implemented')
AssertionError: False is not true : A10 generation ledger is not implemented

======================================================================
FAIL: test_same_operation_replay_payload_parent_conflict (__main__.GenerationLedgerTests.test_same_operation_replay_payload_parent_conflict)
----------------------------------------------------------------------
Traceback (most recent call last):
  File "/workspace/scratch/c7b51e996a9f/tmp/a10_generation_ledger_tests.py", line 72, in setUp
    self.assertTrue(MODULE.is_file(), 'A10 generation ledger is not implemented')
AssertionError: False is not true : A10 generation ledger is not implemented

======================================================================
FAIL: test_seal_exact_manifest_replay_and_changed_candidate_refusal (__main__.GenerationLedgerTests.test_seal_exact_manifest_replay_and_changed_candidate_refusal)
----------------------------------------------------------------------
Traceback (most recent call last):
  File "/workspace/scratch/c7b51e996a9f/tmp/a10_generation_ledger_tests.py", line 72, in setUp
    self.assertTrue(MODULE.is_file(), 'A10 generation ledger is not implemented')
AssertionError: False is not true : A10 generation ledger is not implemented

======================================================================
FAIL: test_wrong_config_and_code_refuse_without_descriptor (__main__.GenerationLedgerTests.test_wrong_config_and_code_refuse_without_descriptor)
----------------------------------------------------------------------
Traceback (most recent call last):
  File "/workspace/scratch/c7b51e996a9f/tmp/a10_generation_ledger_tests.py", line 72, in setUp
    self.assertTrue(MODULE.is_file(), 'A10 generation ledger is not implemented')
AssertionError: False is not true : A10 generation ledger is not implemented

----------------------------------------------------------------------
Ran 6 tests in 0.037s

FAILED (failures=6)
