BOS_DATABASE {"vendor": "sqlite", "version": "3.53.1"}
Навчальну компанію BoS створено: 6 співробітників, 8 доручень, 3 заявки, 9 пропозицій, 13 документів.
ERP-демо створено: замовлення, матеріали, резерви, підрядник, закупівлі та зміна версії.
ERP-демо вже існує. Записи збережено.
{
  "passed": 49,
  "checks": [
    "Повторне наповнення зберігає записи",
    "План: 50 виробів, резерв 10, виготовити 40",
    "Матеріальна потреба 32 кг / 80 кріплень; надходження закривають дефіцит",
    "ERP API та експорт читаються",
    "Немає подвійного резервування",
    "Карантин не відвантажується",
    "Не можна передати чужий резерв",
    "Виробництво не стартує без матеріалів",
    "Від’ємна кількість заборонена",
    "Надмірна точність заборонена",
    "Невідомі поля відхилено",
    "Перегляд не змінює бізнес-дані",
    "Повтор погодження не дублює операцію",
    "Застаріле погодження відхиляється",
    "Спостерігач читає ERP",
    "Спостерігач не змінює ERP",
    "Зміну версії затверджує лише керівник",
    "Зміна ставить роботу на перегляд, зберігає версію продажу",
    "Зміна версії блокує старт до рішення",
    "Окреме рішення зберігає стару специфікацію",
    "Немає надлишкового приймання PO-MAT",
    "Надходження починається з перевірки PO-MAT",
    "Немає надлишкового приймання PO-FAST",
    "Надходження починається з перевірки PO-FAST",
    "Порядок виробничих операцій перевіряється",
    "Випуск без завершених операцій заборонений",
    "Останній дефект скасовує попереднє завершення операції",
    "Дрібний випуск не губить частки матеріалу",
    "Різні валюти не змішуються в собівартості",
    "Випуск 40: матеріали 544 + роботи 1000 = 1544 EUR",
    "Матеріали у підрядника списані рівно за специфікацією",
    "Без сертифіката якість не погоджується",
    "Часткова поставка зберігає залишок 20",
    "Відвантаження без власного резерву відхиляється",
    "Рахунок лише за відвантажені 30 одиниць",
    "Повторного рахунку на те саме відвантаження немає",
    "Часткова оплата залишає 2400 EUR",
    "Повторний номер оплати відхиляється",
    "Переплата відхиляється",
    "Повернення потрапляє до карантину",
    "Повернення не перевищує факт поставки",
    "Кожний залишок дорівнює сумі рухів; резерви не перевищені",
    "Собівартість відвантажень 1172, управлінська різниця 2428",
    "Постачальники мають реальну історію приймань",
    "Асистент читає поточний залишок замовлення",
    "Асистент називає партії та місця",
    "Сценарний асистент не виконує дію з тексту",
    "Спільний контекст містить ERP та дозволені інструменти",
    "Оригінальна база незмінна"
  ],
  "original_db_sha256": "945ac82e3de4c212e2f50c8179c80f8e00c3298e74ec0999c777ee319b226b33",
  "not_tested": [
    "Візуальна перевірка браузера",
    "Запуск у Windows",
    "Виробниче навантаження і багатокористувацький сервер"
  ]
}

--- STDERR ---
