BOUNDED ARTIFACT FIXTURE TESTS ONLY: no business E2E, Django, DB, browser, or CI workflow.
Command: /workspace/scratch/4dbe5b4c73ee/execution/venv/bin/python -B -m unittest scripts.test_verify_evidence -v
test_exit_zero_cannot_admit_missing_or_inconsistent_evidence (scripts.test_verify_evidence.VerifyE2EEvidenceTests.test_exit_zero_cannot_admit_missing_or_inconsistent_evidence) ... 06. Наскрізний процес на чистій базі, звірка до копійки
  ПРОЙДЕНО
НЕ ПРИЙНЯТО: /tmp/bos-evidence-unit-dunrxcm3/artifact-missing/report.json
06. Наскрізний процес на чистій базі, звірка до копійки
  ПРОЙДЕНО
НЕ ПРИЙНЯТО: /tmp/bos-evidence-unit-dunrxcm3/artifact-wrong_digest/report.json
06. Наскрізний процес на чистій базі, звірка до копійки
  ПРОЙДЕНО
НЕ ПРИЙНЯТО: /tmp/bos-evidence-unit-dunrxcm3/artifact-wrong_path/report.json
06. Наскрізний процес на чистій базі, звірка до копійки
  ПРОЙДЕНО
НЕ ПРИЙНЯТО: /tmp/bos-evidence-unit-dunrxcm3/artifact-invalid_json/report.json
06. Наскрізний процес на чистій базі, звірка до копійки
  ПРОЙДЕНО
НЕ ПРИЙНЯТО: /tmp/bos-evidence-unit-dunrxcm3/artifact-no_summary/report.json
06. Наскрізний процес на чистій базі, звірка до копійки
  ПРОЙДЕНО
НЕ ПРИЙНЯТО: /tmp/bos-evidence-unit-dunrxcm3/artifact-wrong_vendor/report.json
06. Наскрізний процес на чистій базі, звірка до копійки
  ПРОЙДЕНО
НЕ ПРИЙНЯТО: /tmp/bos-evidence-unit-dunrxcm3/artifact-inconsistent_complete/report.json
06. Наскрізний процес на чистій базі, звірка до копійки
  ПРОЙДЕНО
НЕ ПРИЙНЯТО: /tmp/bos-evidence-unit-dunrxcm3/artifact-incomplete_exit_zero/report.json
ok
test_failed_fixture_preserves_its_detailed_evidence (scripts.test_verify_evidence.VerifyE2EEvidenceTests.test_failed_fixture_preserves_its_detailed_evidence) ... 06. Наскрізний процес на чистій базі, звірка до копійки
  ПОМИЛКА
НЕ ПРИЙНЯТО: /tmp/bos-evidence-unit-lrdx66ij/artifact/report.json
ok
test_other_extensions_keep_their_existing_command (scripts.test_verify_evidence.VerifyE2EEvidenceTests.test_other_extensions_keep_their_existing_command) ... ok
test_routes_both_backend_files_inside_artifact_with_matching_hashes (scripts.test_verify_evidence.VerifyE2EEvidenceTests.test_routes_both_backend_files_inside_artifact_with_matching_hashes) ... ok
test_successful_fixture_with_complete_artifacts_is_accepted (scripts.test_verify_evidence.VerifyE2EEvidenceTests.test_successful_fixture_with_complete_artifacts_is_accepted) ... 06. Наскрізний процес на чистій базі, звірка до копійки
  ПРОЙДЕНО
ПРОЙДЕНО: /tmp/bos-evidence-unit-yoip4uly/artifact/report.json
ok

----------------------------------------------------------------------
Ran 5 tests in 1.256s

OK
EXIT_CODE=0
